 gdi+

 Timestamp is 59750a47 (Sun Jul 23 23:42:47 2017)

 Preferred load address is 10000000

 Start         Length     Name                   Class
 0001:00000000 0000b798H .text$mn                CODE
 0001:0000b798 00000000H .text$x                 CODE
 0002:00000000 00000180H .idata$5                DATA
 0002:00000180 00000004H .00cfg                  DATA
 0002:00000184 00000004H .CRT$XCA                DATA
 0002:00000188 00000004H .CRT$XCZ                DATA
 0002:0000018c 00000004H .CRT$XIA                DATA
 0002:00000190 0000000cH .CRT$XIC                DATA
 0002:0000019c 00000004H .CRT$XIZ                DATA
 0002:000001a0 00000004H .CRT$XPA                DATA
 0002:000001a4 00000008H .CRT$XPX                DATA
 0002:000001ac 00000004H .CRT$XPXA               DATA
 0002:000001b0 00000004H .CRT$XPZ                DATA
 0002:000001b4 00000004H .CRT$XTA                DATA
 0002:000001b8 00000008H .CRT$XTZ                DATA
 0002:000001bc 00000000H .gfids$x                DATA
 0002:000001bc 00000000H .gfids$y                DATA
 0002:000001c0 00004bc0H .rdata                  DATA
 0002:00004d80 00000000H .rdata$r                DATA
 0002:00004d80 0000000cH .rdata$sxdata           DATA
 0002:00004d8c 000002d8H .rdata$zzzdbg           DATA
 0002:00005064 00000004H .rtc$IAA                DATA
 0002:00005068 00000004H .rtc$IZZ                DATA
 0002:0000506c 00000004H .rtc$TAA                DATA
 0002:00005070 00000008H .rtc$TZZ                DATA
 0002:00005078 000003b8H .xdata$x                DATA
 0002:00005430 00000094H .edata                  DATA
 0002:000054c4 00000050H .idata$2                DATA
 0002:00005514 00000014H .idata$3                DATA
 0002:00005528 00000180H .idata$4                DATA
 0002:000056a8 00000682H .idata$6                DATA
 0003:00000000 00000770H .data                   DATA
 0003:00000770 00000000H .data$r                 DATA
 0003:00000770 00008250H .bss                    DATA
 0004:00000000 000000a0H .rsrc$01                DATA
 0004:000000a0 00000488H .rsrc$02                DATA

  Address         Publics by Value              Rva+Base       Lib:Object

 0000:00000000       ___guard_fids_count        00000000     <absolute>
 0000:00000000       ___guard_longjmp_count     00000000     <absolute>
 0000:00000000       ___guard_longjmp_table     00000000     <absolute>
 0000:00000000       __except_list              00000000     <absolute>
 0000:00000000       ___guard_iat_table         00000000     <absolute>
 0000:00000000       ___guard_iat_count         00000000     <absolute>
 0000:00000000       ___guard_fids_table        00000000     <absolute>
 0000:00000000       ___dynamic_value_reloc_table 00000000     <absolute>
 0000:00000003       ___safe_se_handler_count   00000003     <absolute>
 0000:00000100       ___guard_flags             00000100     <absolute>
 0000:00000000       ___ImageBase               10000000     <linker-defined>
 0001:00000000       ?xf_set_tag@@YAXPAXPBDH_N@Z 10001000 f   Memory.obj
 0001:0000005f       ?xf_malloc@@YAPAXIPBDH@Z   1000105f f   Memory.obj
 0001:000000ad       ?xf_free@@YAXPAXPBDH@Z     100010ad f   Memory.obj
 0001:000000db       ??3@YAXPAX@Z               100010db f   Memory.obj
 0001:000000e7       ?apiThreadHelper@@YGKPAX@Z 100010e7 f   WThreads.obj
 0001:00000273       ?apiCreateThread@@YAPAXP6GKPAX@Z0PAKPBDH@Z 10001273 f   WThreads.obj
 0001:00000372       ?apiTerminateThreadEx@@YAHPAXKPBDH@Z 10001372 f   WThreads.obj
 0001:00000423       ?SetThreadName@@YAXKPAD@Z  10001423 f   WThreads.obj
 0001:0000046c       ?Init@GDIPlusDecoder@@QAE_NPAUCET_Init@@@Z 1000146c f i gdip.obj
 0001:0000067d       ?FreeThreadProc@GDIPlusDecoder@@SGKPAX@Z 1000167d f i gdip.obj
 0001:0000069c       ?Close@GDIPlusDecoder@@QAEXXZ 1000169c f i gdip.obj
 0001:0000072d       ?Close@GDIPlusData@@QAEXXZ 1000172d f i gdip.obj
 0001:0000076c       ?Open@GDIPlusImage@@QAE_N_NPB_WPBE_JU_COORD@@@Z 1000176c f i gdip.obj
 0001:00000ab4       ?SelectPage@GDIPlusImage@@QAE_NI@Z 10001ab4 f i gdip.obj
 0001:00000b4a       ?Close@GDIPlusImage@@QAEXXZ 10001b4a f i gdip.obj
 0001:00000ba6       ?DrawImageAbortCallback@GDIPlusImage@@SGHPAUGDIPlusDecoder@@@Z 10001ba6 f i gdip.obj
 0001:00000bbb       ?GetExifTagValueAsInt@GDIPlusImage@@QAE_NKAAH@Z 10001bbb f i gdip.obj
 0001:00000c69       ?CalculateShowSize@GDIPlusImage@@QAEXAAH0000@Z 10001c69 f i gdip.obj
 0001:00000e40       ?GetPageBits@GDIPlusImage@@QAE_NPAUCET_LoadInfo@@@Z 10001e40 f i gdip.obj
 0001:00001239       ?CET_Init@@YGHPAU0@@Z      10002239 f   gdip.obj
 0001:000012ba       ?CET_Done@@YGXPAUCET_Init@@@Z 100022ba f   gdip.obj
 0001:000012f3       ?CET_Load@@YGHPAUCET_LoadInfo@@@Z 100022f3 f   gdip.obj
 0001:00001586       ?CET_Free@@YGXPAUCET_LoadInfo@@@Z 10002586 f   gdip.obj
 0001:000015e2       ?CET_Cancel@@YGXPAX@Z      100025e2 f   gdip.obj
 0001:000015ff       @__security_check_cookie@4 100025ff f   LIBCMT:_secchk_.obj
 0001:00001610       ___raise_securityfailure   10002610 f   LIBCMT:gs_report.obj
 0001:00001638       ___report_gsfailure        10002638 f   LIBCMT:gs_report.obj
 0001:00001733       ___report_rangecheckfailure 10002733 f   LIBCMT:gs_report.obj
 0001:0000173f       ___report_securityfailure  1000273f f   LIBCMT:gs_report.obj
 0001:0000180f       ??3@YAXPAXI@Z              1000280f f   LIBCMT:delete_scalar_size.obj
 0001:00001b17       __DllMainCRTStartup@12     10002b17 f   LIBCMT:dll_dllmain.obj
 0001:00001b3a       ___security_init_cookie    10002b3a f   LIBCMT:gs_support.obj
 0001:00001bd6       _DllMain@12                10002bd6 f   LIBCMT:dll_dllmain_stub.obj
 0001:00001bdc       ?__scrt_initialize_type_info@@YAXXZ 10002bdc f   LIBCMT:tncleanup.obj
 0001:00001be8       ?__scrt_uninitialize_type_info@@YAXXZ 10002be8 f   LIBCMT:tncleanup.obj
 0001:00001bf4       ___local_stdio_printf_options 10002bf4 f i LIBCMT:default_local_stdio_options.obj
 0001:00001bfa       ___local_stdio_scanf_options 10002bfa f i LIBCMT:default_local_stdio_options.obj
 0001:00001c00       ___scrt_initialize_default_local_stdio_options 10002c00 f   LIBCMT:default_local_stdio_options.obj
 0001:00001c61       ___scrt_acquire_startup_lock 10002c61 f   LIBCMT:utility.obj
 0001:00001c96       ___scrt_dllmain_after_initialize_c 10002c96 f   LIBCMT:utility.obj
 0001:00001cc1       ___scrt_dllmain_before_initialize_c 10002cc1 f   LIBCMT:utility.obj
 0001:00001ccf       ___scrt_dllmain_crt_thread_attach 10002ccf f   LIBCMT:utility.obj
 0001:00001cee       ___scrt_dllmain_crt_thread_detach 10002cee f   LIBCMT:utility.obj
 0001:00001cfb       ___scrt_dllmain_exception_filter 10002cfb f   LIBCMT:utility.obj
 0001:00001d2e       ___scrt_dllmain_uninitialize_c 10002d2e f   LIBCMT:utility.obj
 0001:00001d51       ___scrt_dllmain_uninitialize_critical 10002d51 f   LIBCMT:utility.obj
 0001:00001d5e       ___scrt_initialize_crt     10002d5e f   LIBCMT:utility.obj
 0001:00001d97       ___scrt_initialize_onexit_tables 10002d97 f   LIBCMT:utility.obj
 0001:00001e41       ___scrt_is_nonwritable_in_current_image 10002e41 f   LIBCMT:utility.obj
 0001:00001ecb       ___scrt_release_startup_lock 10002ecb f   LIBCMT:utility.obj
 0001:00001ee8       ___scrt_uninitialize_crt   10002ee8 f   LIBCMT:utility.obj
 0001:00001f10       ___scrt_get_dyn_tls_init_callback 10002f10 f   LIBCMT:dyn_tls_init.obj
 0001:00001f16       ___scrt_fastfail           10002f16 f   LIBCMT:utility_desktop.obj
 0001:00002031       __crt_debugger_hook        10003031 f   LIBCMT:utility_desktop.obj
 0001:00002039       __RTC_Initialize           10003039 f   LIBCMT:_initsect_.obj
 0001:00002064       __RTC_Terminate            10003064 f   LIBCMT:_initsect_.obj
 0001:0000208f       @_guard_check_icall@4      1000308f f i LIBCMT:checkcfg.obj
 0001:000020a0       __SEH_prolog4              100030a0 f   LIBCMT:_sehprolg4_.obj
 0001:000020e6       __SEH_epilog4              100030e6 f   LIBCMT:_sehprolg4_.obj
 0001:000020fb       ___isa_available_init      100030fb f   LIBCMT:_cpu_disp_.obj
 0001:0000229a       __get_startup_argv_mode    1000329a f   LIBCMT:argv_mode.obj
 0001:0000229e       ___scrt_is_ucrt_dll_in_use 1000329e f   LIBCMT:ucrt_detection.obj
 0001:000022aa       @_guard_check_icall_nop@4  100032aa f i LIBCMT:guard_support.obj
 0001:000022ab       ___DestructExceptionObject 100032ab f   libvcruntime:frame.obj
 0001:0000233f       ?_CallMemberFunction0@@YGXQAX0@Z 1000333f f i libvcruntime:frame.obj
 0001:00002350       _strrchr                   10003350 f   libvcruntime:strrchr.obj
 0001:00002490       _memmove                   10003490 f   libvcruntime:memmove.obj
 0001:00002a50       __except_handler4          10003a50 f   libvcruntime:_chandler4_.obj
 0001:00002bc0       _strchr                    10003bc0 f   libvcruntime:strchr.obj
 0001:00002c2e       ___from_strstr_to_strchr   10003c2e     libvcruntime:strchr.obj
 0001:00002ceb       _wcsrchr                   10003ceb f   libvcruntime:wcsrchr.obj
 0001:00002d8c       ___std_type_info_destroy_list 10003d8c f   libvcruntime:std_type_info.obj
 0001:00002daf       ___vcrt_initialize         10003daf f   libvcruntime:initialization.obj
 0001:00002dd8       ___vcrt_thread_attach      10003dd8 f   libvcruntime:initialization.obj
 0001:00002de3       ___vcrt_thread_detach      10003de3 f   libvcruntime:initialization.obj
 0001:00002dee       ___vcrt_uninitialize       10003dee f   libvcruntime:initialization.obj
 0001:00002e0d       ___vcrt_uninitialize_critical 10003e0d f   libvcruntime:initialization.obj
 0001:00002e20       _memset                    10003e20 f   libvcruntime:memset.obj
 0001:00002f7a       ___vcrt_freefls@4          10003f7a f   libvcruntime:per_thread_data.obj
 0001:00002f96       ___vcrt_freeptd            10003f96 f   libvcruntime:per_thread_data.obj
 0001:00002fcf       ___vcrt_getptd_noexit      10003fcf f   libvcruntime:per_thread_data.obj
 0001:00003061       ___vcrt_initialize_ptd     10004061 f   libvcruntime:per_thread_data.obj
 0001:00003094       ___vcrt_uninitialize_ptd   10004094 f   libvcruntime:per_thread_data.obj
 0001:000030b0       __CallSettingFrame@12      100040b0 f   libvcruntime:lowhelpr.obj
 0001:000030d7       __NLG_Return               100040d7     libvcruntime:lowhelpr.obj
 0001:000030fc       ___except_validate_context_record 100040fc f   libvcruntime:jbcxrval.obj
 0001:0000312c       ___except_validate_jump_buffer 1000412c f   libvcruntime:jbcxrval.obj
 0001:00003160       __local_unwind4            10004160 f   libvcruntime:_exsup4_.obj
 0001:00003236       __seh_longjmp_unwind4@4    10004236 f   libvcruntime:_exsup4_.obj
 0001:0000325e       @_EH4_CallFilterFunc@8     1000425e f   libvcruntime:_exsup4_.obj
 0001:00003275       @_EH4_TransferToHandler@8  10004275 f   libvcruntime:_exsup4_.obj
 0001:0000328e       @_EH4_GlobalUnwind2@8      1000428e f   libvcruntime:_exsup4_.obj
 0001:000032a7       @_EH4_LocalUnwind@16       100042a7 f   libvcruntime:_exsup4_.obj
 0001:000032be       ___vcrt_initialize_locks   100042be f   libvcruntime:locks.obj
 0001:000032fa       ___vcrt_uninitialize_locks 100042fa f   libvcruntime:locks.obj
 0001:00003329       ??$__crt_fast_encode_pointer@PAX@@YAPAXQAX@Z 10004329 f i libvcruntime:winapi_downlevel.obj
 0001:0000348c       ___vcrt_FlsAlloc           1000448c f   libvcruntime:winapi_downlevel.obj
 0001:000034c6       ___vcrt_FlsFree            100044c6 f   libvcruntime:winapi_downlevel.obj
 0001:00003500       ___vcrt_FlsGetValue        10004500 f   libvcruntime:winapi_downlevel.obj
 0001:0000353a       ___vcrt_FlsSetValue        1000453a f   libvcruntime:winapi_downlevel.obj
 0001:00003577       ___vcrt_InitializeCriticalSectionEx 10004577 f   libvcruntime:winapi_downlevel.obj
 0001:000035bd       ___vcrt_initialize_winapi_thunks 100045bd f   libvcruntime:winapi_downlevel.obj
 0001:000035f7       ___vcrt_uninitialize_winapi_thunks 100045f7 f   libvcruntime:winapi_downlevel.obj
 0001:00003629       ___vcrt_initialize_pure_virtual_call_handler 10004629 f   libvcruntime:purevirt_data.obj
 0001:00003650       __global_unwind2           10004650 f   libvcruntime:_exsup_.obj
 0001:000036b5       __local_unwind2            100046b5 f   libvcruntime:_exsup_.obj
 0001:00003739       __abnormal_termination     10004739 f   libvcruntime:_exsup_.obj
 0001:0000375c       __NLG_Notify1              1000475c f   libvcruntime:_exsup_.obj
 0001:00003765       __NLG_Notify               10004765 f   libvcruntime:_exsup_.obj
 0001:0000377c       __NLG_Dispatch             1000477c     libvcruntime:_exsup_.obj
 0001:0000377c       __NLG_Dispatch2            1000477c     libvcruntime:_exsup_.obj
 0001:00003784       __NLG_Call                 10004784 f   libvcruntime:_exsup_.obj
 0001:00003786       __NLG_Return2              10004786     libvcruntime:_exsup_.obj
 0001:00003787       _wcsncmp                   10004787 f   libucrt:wcsncmp.obj
 0001:000037c1       __initterm                 100047c1 f   libucrt:initterm.obj
 0001:0000381d       __initterm_e               1000481d f   libucrt:initterm.obj
 0001:00003862       __seh_filter_dll           10004862 f   libucrt:exception_filter.obj
 0001:00003882       __seh_filter_exe           10004882 f   libucrt:exception_filter.obj
 0001:00003c10       ___acrt_initialize_thread_local_exit_callback 10004c10 f   libucrt:exit.obj
 0001:00003c1f       __cexit                    10004c1f f   libucrt:exit.obj
 0001:00003c2e       __exit                     10004c2e f   libucrt:exit.obj
 0001:00003c44       __is_c_termination_complete 10004c44 f   libucrt:exit.obj
 0001:00003ee3       ___acrt_allocate_buffer_for_argv 10004ee3 f   libucrt:argv_parsing.obj
 0001:00003f38       __configure_narrow_argv    10004f38 f   libucrt:argv_parsing.obj
 0001:0000409c       ??$uninitialize@A6AXAAPAPAD@Z@?$dual_state_global@PAPAD@__crt_state_management@@QAEXA6AXAAPAPAD@Z@Z 1000509c f i libucrt:environment_initialization.obj
 0001:0000409c       ??$uninitialize@A6AXAAPAPA_W@Z@?$dual_state_global@PAPA_W@__crt_state_management@@QAEXA6AXAAPAPA_W@Z@Z 1000509c f i libucrt:environment_initialization.obj
 0001:00004112       ?initialize@?$dual_state_global@P6AHPAU_exception@@@Z@__crt_state_management@@QAEXQ6AHPAU_exception@@@Z@Z 10005112 f i libucrt:matherr.obj
 0001:00004112       ?initialize@?$dual_state_global@P6AXH@Z@__crt_state_management@@QAEXQ6AXH@Z@Z 10005112 f i libucrt:signal.obj
 0001:00004112       ?initialize@?$dual_state_global@PAU__crt_locale_data@@@__crt_state_management@@QAEXQAU__crt_locale_data@@@Z 10005112 f i libucrt:initialization.obj
 0001:00004112       ?initialize@?$dual_state_global@P6AHI@Z@__crt_state_management@@QAEXQ6AHI@Z@Z 10005112 f i libucrt:new_handler.obj
 0001:00004112       ?initialize@?$dual_state_global@P6AXPB_W00II@Z@__crt_state_management@@QAEXQ6AXPB_W00II@Z@Z 10005112 f i libucrt:invalid_parameter.obj
 0001:00004112       ?initialize@?$dual_state_global@PAPAD@__crt_state_management@@QAEXQAPAD@Z 10005112 f i libucrt:environment_initialization.obj
 0001:00004143       ___dcrt_uninitialize_environments_nolock 10005143 f   libucrt:environment_initialization.obj
 0001:0000417a       __initialize_narrow_environment 1000517a f   libucrt:environment_initialization.obj
 0001:0000417f       ??$?RV<lambda_995298e7d72eb4c2aab26c0585b3abe5>@@AAV<lambda_275893d493268fdec8709772e3fcec0e>@@V<lambda_293819299cbf9a7022e18b56a874bb5c>@@@?$__crt_seh_guarded_call@H@@QAEH$$QAV<lambda_995298e7d72eb4c2aab26c0585b3abe5>@@AAV<lambda_275893d493268fdec8709772e3fcec0e>@@$$QAV<lambda_293819299cbf9a7022e18b56a874bb5c>@@@Z 1000517f f i libucrt:onexit.obj
 0001:000041d0       ??$__acrt_lock_and_call@V<lambda_275893d493268fdec8709772e3fcec0e>@@@@YAHW4__acrt_lock_id@@$$QAV<lambda_275893d493268fdec8709772e3fcec0e>@@@Z 100051d0 f i libucrt:onexit.obj
 0001:00004318       __execute_onexit_table     10005318 f   libucrt:onexit.obj
 0001:00004335       __initialize_onexit_table  10005335 f   libucrt:onexit.obj
 0001:00004463       ___acrt_uninitialize_command_line 10005463 f   libucrt:argv_data.obj
 0001:00004466       ___acrt_initialize         10005466 f   libucrt:initialization.obj
 0001:00004478       ___acrt_thread_attach      10005478 f   libucrt:initialization.obj
 0001:00004483       ___acrt_thread_detach      10005483 f   libucrt:initialization.obj
 0001:0000448b       ___acrt_uninitialize       1000548b f   libucrt:initialization.obj
 0001:0000449d       ___acrt_uninitialize_critical 1000549d f   libucrt:initialization.obj
 0001:000044af       _terminate                 100054af f   libucrt:terminate.obj
 0001:000044eb       __free_base                100054eb f   libucrt:free_base.obj
 0001:00004525       __malloc_base              10005525 f   libucrt:malloc_base.obj
 0001:00004573       _strcpy_s                  10005573 f   libucrt:strcpy_s.obj
 0001:000045cd       _abort                     100055cd f   libucrt:abort.obj
 0001:00004610       __calloc_base              10005610 f   libucrt:calloc_base.obj
 0001:0000466d       ??0_LocaleUpdate@@QAE@QAU__crt_locale_pointers@@@Z 1000566d f i libucrt:output.obj
 0001:000046f0       ??$?RV<lambda_3518db117f0e7cdb002338c5d3c47b6c>@@AAV<lambda_b2ea41f6bbb362cd97d94c6828d90b61>@@V<lambda_abdedf541bb04549bc734292b4a045d4>@@@?$__crt_seh_guarded_call@X@@QAEX$$QAV<lambda_3518db117f0e7cdb002338c5d3c47b6c>@@AAV<lambda_b2ea41f6bbb362cd97d94c6828d90b61>@@$$QAV<lambda_abdedf541bb04549bc734292b4a045d4>@@@Z 100056f0 f i libucrt:per_thread_data.obj
 0001:00004740       ??$?RV<lambda_51b6e8b1eb166f2a3faf91f424b38130>@@AAV<lambda_6250bd4b2a391816dd638c3bf72b0bcb>@@V<lambda_0b5a4a3e68152e1d9b943535f5f47bed>@@@?$__crt_seh_guarded_call@X@@QAEX$$QAV<lambda_51b6e8b1eb166f2a3faf91f424b38130>@@AAV<lambda_6250bd4b2a391816dd638c3bf72b0bcb>@@$$QAV<lambda_0b5a4a3e68152e1d9b943535f5f47bed>@@@Z 10005740 f i libucrt:per_thread_data.obj
 0001:000047a1       ??$?RV<lambda_5b71d36f03204c0beab531769a5b5694>@@AAV<lambda_be2b3da3f62db62e9dad5dc70221a656>@@V<lambda_8f9ce462984622f9bf76b59e2aaaf805>@@@?$__crt_seh_guarded_call@X@@QAEX$$QAV<lambda_5b71d36f03204c0beab531769a5b5694>@@AAV<lambda_be2b3da3f62db62e9dad5dc70221a656>@@$$QAV<lambda_8f9ce462984622f9bf76b59e2aaaf805>@@@Z 100057a1 f i libucrt:per_thread_data.obj
 0001:000047ec       ??$?RV<lambda_9df27f884b057bc3edfc946cb5b7cf47>@@AAV<lambda_e69574bed617af4e071282c136b37893>@@V<lambda_cc0d902bcbbeb830f749456577db4721>@@@?$__crt_seh_guarded_call@X@@QAEX$$QAV<lambda_9df27f884b057bc3edfc946cb5b7cf47>@@AAV<lambda_e69574bed617af4e071282c136b37893>@@$$QAV<lambda_cc0d902bcbbeb830f749456577db4721>@@@Z 100057ec f i libucrt:per_thread_data.obj
 0001:00004834       ??$__acrt_lock_and_call@V<lambda_6250bd4b2a391816dd638c3bf72b0bcb>@@@@YAXW4__acrt_lock_id@@$$QAV<lambda_6250bd4b2a391816dd638c3bf72b0bcb>@@@Z 10005834 f i libucrt:per_thread_data.obj
 0001:0000485c       ??$__acrt_lock_and_call@V<lambda_b2ea41f6bbb362cd97d94c6828d90b61>@@@@YAXW4__acrt_lock_id@@$$QAV<lambda_b2ea41f6bbb362cd97d94c6828d90b61>@@@Z 1000585c f i libucrt:per_thread_data.obj
 0001:00004884       ??$__acrt_lock_and_call@V<lambda_be2b3da3f62db62e9dad5dc70221a656>@@@@YAXW4__acrt_lock_id@@$$QAV<lambda_be2b3da3f62db62e9dad5dc70221a656>@@@Z 10005884 f i libucrt:per_thread_data.obj
 0001:000048ac       ??$__acrt_lock_and_call@V<lambda_e69574bed617af4e071282c136b37893>@@@@YAXW4__acrt_lock_id@@$$QAV<lambda_e69574bed617af4e071282c136b37893>@@@Z 100058ac f i libucrt:per_thread_data.obj
 0001:00004a62       ___acrt_freeptd            10005a62 f   libucrt:per_thread_data.obj
 0001:00004a8e       ___acrt_getptd             10005a8e f   libucrt:per_thread_data.obj
 0001:00004b12       ___acrt_getptd_noexit      10005b12 f   libucrt:per_thread_data.obj
 0001:00004b97       ___acrt_initialize_ptd     10005b97 f   libucrt:per_thread_data.obj
 0001:00004bc3       ___acrt_uninitialize_ptd   10005bc3 f   libucrt:per_thread_data.obj
 0001:00004bdd       ___acrt_initialize_locks   10005bdd f   libucrt:locks.obj
 0001:00004c1e       ___acrt_lock               10005c1e f   libucrt:locks.obj
 0001:00004c35       ___acrt_uninitialize_locks 10005c35 f   libucrt:locks.obj
 0001:00004c66       ___acrt_unlock             10005c66 f   libucrt:locks.obj
 0001:00004d94       ___acrt_FlsAlloc@4         10005d94 f   libucrt:winapi_thunks.obj
 0001:00004dea       ___acrt_FlsFree@4          10005dea f   libucrt:winapi_thunks.obj
 0001:00004e40       ___acrt_FlsGetValue@4      10005e40 f   libucrt:winapi_thunks.obj
 0001:00004e96       ___acrt_FlsSetValue@8      10005e96 f   libucrt:winapi_thunks.obj
 0001:00004eef       ___acrt_InitializeCriticalSectionEx@12 10005eef f   libucrt:winapi_thunks.obj
 0001:00004f51       ___acrt_LCMapStringEx@36   10005f51 f   libucrt:winapi_thunks.obj
 0001:00004fd9       ___acrt_LocaleNameToLCID@8 10005fd9 f   libucrt:winapi_thunks.obj
 0001:00005035       ___acrt_initialize_winapi_thunks 10006035 f   libucrt:winapi_thunks.obj
 0001:0000505b       ___acrt_is_packaged_app    1000605b f   libucrt:winapi_thunks.obj
 0001:000050e2       ___acrt_uninitialize_winapi_thunks 100060e2 f   libucrt:winapi_thunks.obj
 0001:00005118       ___acrt_call_reportfault   10006118 f   libucrt:invalid_parameter.obj
 0001:00005253       ___acrt_initialize_invalid_parameter_handler 10006253 f   libucrt:invalid_parameter.obj
 0001:00005267       __invalid_parameter        10006267 f   libucrt:invalid_parameter.obj
 0001:000052e2       __invalid_parameter_noinfo 100062e2 f   libucrt:invalid_parameter.obj
 0001:000052f2       __invoke_watson            100062f2 f   libucrt:invalid_parameter.obj
 0001:00005325       ___acrt_errno_from_os_error 10006325 f   libucrt:errno.obj
 0001:00005368       ___acrt_errno_map_os_error 10006368 f   libucrt:errno.obj
 0001:0000538b       ___doserrno                1000638b f   libucrt:errno.obj
 0001:0000539e       __errno                    1000639e f   libucrt:errno.obj
 0001:00005773       ??1?$argument_list@D@?A0xb0e4b824@@QAE@XZ 10006773 f i libucrt:argv_wildcards.obj
 0001:00005798       ?append@?$argument_list@D@?A0xb0e4b824@@QAEHQAD@Z 10006798 f i libucrt:argv_wildcards.obj
 0001:000057cd       ?expand_if_necessary@?$argument_list@D@?A0xb0e4b824@@AAEHXZ 100067cd f i libucrt:argv_wildcards.obj
 0001:00005854       ___acrt_expand_narrow_argv_wildcards 10006854 f   libucrt:argv_wildcards.obj
 0001:0000585f       ??$?RV<lambda_978dc153c237d78434369da87b74ff60>@@AAV<lambda_ad1ced32f4ac17aa236e5ef05d6b3b7c>@@V<lambda_4a8533e2866a575feecb8298ce776b0d>@@@?$__crt_seh_guarded_call@X@@QAEX$$QAV<lambda_978dc153c237d78434369da87b74ff60>@@AAV<lambda_ad1ced32f4ac17aa236e5ef05d6b3b7c>@@$$QAV<lambda_4a8533e2866a575feecb8298ce776b0d>@@@Z 1000685f f i libucrt:mbctype.obj
 0001:000058a2       ??$__acrt_lock_and_call@V<lambda_ad1ced32f4ac17aa236e5ef05d6b3b7c>@@@@YAXW4__acrt_lock_id@@$$QAV<lambda_ad1ced32f4ac17aa236e5ef05d6b3b7c>@@@Z 100068a2 f i libucrt:mbctype.obj
 0001:00005d39       ___acrt_initialize_multibyte 10006d39 f   libucrt:mbctype.obj
 0001:00005d57       ___acrt_update_thread_multibyte_data 10006d57 f   libucrt:mbctype.obj
 0001:00005df9       __setmbcp_nolock           10006df9 f   libucrt:mbctype.obj
 0001:000060c4       __ismbblead                100070c4 f   libucrt:ismbbyte.obj
 0001:000060dc       ___acrt_initialize_command_line 100070dc f   libucrt:argv_data.obj
 0001:0000612c       ___dcrt_get_narrow_environment_from_os 1000712c f   libucrt:get_environment_from_os.obj
 0001:000061af       __recalloc                 100071af f   libucrt:recalloc.obj
 0001:000061ba       __recalloc_base            100071ba f   libucrt:recalloc.obj
 0001:00006227       ___acrt_initialize_heap    10007227 f   libucrt:heap_handle.obj
 0001:00006238       ___acrt_uninitialize_heap  10007238 f   libucrt:heap_handle.obj
 0001:000063ae       ___acrt_initialize_lowio   100073ae f   libucrt:ioinit.obj
 0001:00006404       ___acrt_uninitialize_lowio 10007404 f   libucrt:ioinit.obj
 0001:00006430       ___acrt_execute_initializers 10007430 f   libucrt:shared_initialization.obj
 0001:000064b3       ___acrt_execute_uninitializers 100074b3 f   libucrt:shared_initialization.obj
 0001:00006500       ___acrt_initialize_new_handler 10007500 f   libucrt:new_handler.obj
 0001:00006514       __callnewh                 10007514 f   libucrt:new_handler.obj
 0001:00006558       __query_new_handler        10007558 f   libucrt:new_handler.obj
 0001:000065aa       ??$?RV<lambda_a048d3beccc847880fc8490e18b82769>@@AAV<lambda_ec61778202f4f5fc7e7711acc23c3bca>@@V<lambda_f7496a158712204296dd6628a163878e>@@@?$__crt_seh_guarded_call@P6AXH@Z@@QAEP6AXH@Z$$QAV<lambda_a048d3beccc847880fc8490e18b82769>@@AAV<lambda_ec61778202f4f5fc7e7711acc23c3bca>@@$$QAV<lambda_f7496a158712204296dd6628a163878e>@@@Z 100075aa f i libucrt:signal.obj
 0001:00006604       ??$__acrt_lock_and_call@V<lambda_ec61778202f4f5fc7e7711acc23c3bca>@@@@YAP6AXH@ZW4__acrt_lock_id@@$$QAV<lambda_ec61778202f4f5fc7e7711acc23c3bca>@@@Z 10007604 f i libucrt:signal.obj
 0001:00006696       ___acrt_get_sigabrt_handler 10007696 f   libucrt:signal.obj
 0001:000066ad       ___acrt_initialize_signal_handlers 100076ad f   libucrt:signal.obj
 0001:000066e8       ___fpecode                 100076e8 f   libucrt:signal.obj
 0001:000066f1       _raise                     100076f1 f   libucrt:signal.obj
 0001:000068f9       ___acrt_has_user_matherr   100078f9 f   libucrt:matherr.obj
 0001:00006912       ___acrt_initialize_user_matherr 10007912 f   libucrt:matherr.obj
 0001:00006926       ___acrt_invoke_user_matherr 10007926 f   libucrt:matherr.obj
 0001:0000696f       __query_new_mode           1000796f f   libucrt:new_mode.obj
 0001:00006975       __mbtowc_l                 10007975 f   libucrt:mbtowc.obj
 0001:00006a6f       _mbtowc                    10007a6f f   libucrt:mbtowc.obj
 0001:00006a89       ___acrt_update_locale_info 10007a89 f   libucrt:locale_update.obj
 0001:00006ab6       ___acrt_update_multibyte_info 10007ab6 f   libucrt:locale_update.obj
 0001:00006ae3       __fileno                   10007ae3 f   libucrt:fileno.obj
 0001:00006b09       ___acrt_initialize_stdio   10007b09 f   libucrt:_file.obj
 0001:00006bd1       ___acrt_uninitialize_stdio 10007bd1 f   libucrt:_file.obj
 0001:00006c1d       __lock_file                10007c1d f   libucrt:_file.obj
 0001:00006c31       __unlock_file              10007c31 f   libucrt:_file.obj
 0001:00006c45       ___acrt_set_locale_changed 10007c45 f   libucrt:wsetlocale.obj
 0001:00006c50       ___acrt_uninitialize_locale 10007c50 f   libucrt:wsetlocale.obj
 0001:00006ca2       ___pctype_func             10007ca2 f   libucrt:ctype.obj
 0001:00006cc8       ___acrt_add_locale_ref     10007cc8 f   libucrt:locale_refcounting.obj
 0001:00006d45       ___acrt_free_locale        10007d45 f   libucrt:locale_refcounting.obj
 0001:00006e8f       ___acrt_locale_add_lc_time_reference 10007e8f f   libucrt:locale_refcounting.obj
 0001:00006eb8       ___acrt_locale_free_lc_time_if_unreferenced 10007eb8 f   libucrt:locale_refcounting.obj
 0001:00006ee8       ___acrt_locale_release_lc_time_reference 10007ee8 f   libucrt:locale_refcounting.obj
 0001:00006f11       ___acrt_release_locale_ref 10007f11 f   libucrt:locale_refcounting.obj
 0001:00006f92       ___acrt_update_thread_locale_data 10007f92 f   libucrt:locale_refcounting.obj
 0001:00007009       __updatetlocinfoEx_nolock  10008009 f   libucrt:locale_refcounting.obj
 0001:00007115       ___acrt_DownlevelLocaleNameToLCID 10008115 f   libucrt:lcidtoname_downlevel.obj
 0001:00007230       _qsort                     10008230 f   libucrt:qsort.obj
 0001:0000767b       _strncpy_s                 1000867b f   libucrt:strncpy_s.obj
 0001:00007690       _strpbrk                   10008690 f   libucrt:strpbrk.obj
 0001:000076d0       __mbsdec                   100086d0 f   libucrt:mbsdec.obj
 0001:000076e7       __mbsdec_l                 100086e7 f   libucrt:mbsdec.obj
 0001:00007783       ___acrt_GetStringTypeA     10008783 f   libucrt:getstringtypea.obj
 0001:000078a0       __freea_crt                100088a0 f i libucrt:getstringtypea.obj
 0001:00007add       ___acrt_LCMapStringA       10008add f   libucrt:lcmapstringa.obj
 0001:00007b28       __msize                    10008b28 f   libucrt:msize.obj
 0001:00007b5b       __realloc_base             10008b5b f   libucrt:realloc_base.obj
 0001:00007bc4       ___acrt_lowio_create_handle_array 10008bc4 f   libucrt:osfinfo.obj
 0001:00007c3e       ___acrt_lowio_destroy_handle_array 10008c3e f   libucrt:osfinfo.obj
 0001:00007c73       ___acrt_lowio_ensure_fh_exists 10008c73 f   libucrt:osfinfo.obj
 0001:00007d0b       ___acrt_lowio_lock_fh      10008d0b f   libucrt:osfinfo.obj
 0001:00007d2e       ___acrt_lowio_unlock_fh    10008d2e f   libucrt:osfinfo.obj
 0001:00007d51       __free_osfhnd              10008d51 f   libucrt:osfinfo.obj
 0001:00007de2       __get_osfhandle            10008de2 f   libucrt:osfinfo.obj
 0001:00007e4c       __isatty                   10008e4c f   libucrt:isatty.obj
 0001:00007ea2       ___acrt_stdio_flush_nolock 10008ea2 f   libucrt:fflush.obj
 0001:00007f08       __fflush_nolock            10008f08 f   libucrt:fflush.obj
 0001:00007f4f       __flushall                 10008f4f f   libucrt:fflush.obj
 0001:00008030       __isleadbyte_l             10009030 f i libucrt:_wctype.obj
 0001:00008069       __fcloseall                10009069 f   libucrt:closeall.obj
 0001:00008109       ___acrt_stdio_free_buffer_nolock 10009109 f   libucrt:_freebuf.obj
 0001:00008147       ___acrt_locale_free_monetary 10009147 f   libucrt:initmon.obj
 0001:00008245       ___acrt_locale_free_numeric 10009245 f   libucrt:initnum.obj
 0001:000082ea       ___acrt_locale_free_time   100092ea f   libucrt:inittime.obj
 0001:000083ce       ___strncnt                 100093ce f   libucrt:strncnt.obj
 0001:000083ea       __query_app_type           100093ea f   libucrt:report_runtime_error.obj
 0001:000083f0       ??$?RV<lambda_61cee617f5178ae960314fd4d05640a0>@@AAV<lambda_6978c1fb23f02e42e1d9e99668cc68aa>@@V<lambda_9cd88cf8ad10232537feb2133f08c833>@@@?$__crt_seh_guarded_call@H@@QAEH$$QAV<lambda_61cee617f5178ae960314fd4d05640a0>@@AAV<lambda_6978c1fb23f02e42e1d9e99668cc68aa>@@$$QAV<lambda_9cd88cf8ad10232537feb2133f08c833>@@@Z 100093f0 f i libucrt:commit.obj
 0001:00008488       ??$__acrt_lowio_lock_fh_and_call@V<lambda_6978c1fb23f02e42e1d9e99668cc68aa>@@@@YAHH$$QAV<lambda_6978c1fb23f02e42e1d9e99668cc68aa>@@@Z 10009488 f i libucrt:commit.obj
 0001:000084b0       __commit                   100094b0 f   libucrt:commit.obj
 0001:00008aaf       __write                    10009aaf f   libucrt:write.obj
 0001:00008b9a       __write_nolock             10009b9a f   libucrt:write.obj
 0001:00008db0       _log10                     10009db0 f   libucrt:log10.obj
 0001:00008df0       __CIlog10                  10009df0 f   libucrt:log10.obj
 0001:00008e2b       __CIlog10_default          10009e2b f   libucrt:log10.obj
 0001:00008e3f       __log10_default            10009e3f     libucrt:log10.obj
 0001:00008f00       _ceil                      10009f00 f   libucrt:ceil_pentium4.obj
 0001:00008f40       __ceil_pentium4            10009f40 f   libucrt:ceil_pentium4.obj
 0001:0000909b       __lseeki64_nolock          1000a09b f   libucrt:lseek.obj
 0001:000090b6       __fclose_nolock            1000a0b6 f   libucrt:fclose.obj
 0001:0000912c       _fclose                    1000a12c f   libucrt:fclose.obj
 0001:000091b0       ___ascii_strnicmp          1000a1b0 f   libucrt:_strnicm.obj
 0001:00009211       __putwch_nolock            1000a211 f   libucrt:putwch.obj
 0001:00009256       ___acrt_initialize_sse2    1000a256 f   libucrt:mathfcns.obj
 0001:00009270       __CIlog10_pentium4         1000a270 f   libucrt:log10_pentium4.obj
 0001:00009288       __log10_pentium4           1000a288     libucrt:log10_pentium4.obj
 0001:00009511       __fFEXP                    1000a511     libucrt:87tran.obj
 0001:00009568       __rtinfpopse               1000a568     libucrt:87tran.obj
 0001:0000956a       __rtinfnpopse              1000a56a     libucrt:87tran.obj
 0001:0000957a       __fFLN                     1000a57a     libucrt:87tran.obj
 0001:0000962f       __rtinfpop                 1000a62f     libucrt:87tran.obj
 0001:00009631       __rtinfnpop                1000a631     libucrt:87tran.obj
 0001:0000964e       __ffexpm1                  1000a64e     libucrt:87tran.obj
 0001:00009700       __trandisp1                1000a700 f   libucrt:87disp.obj
 0001:00009767       __trandisp2                1000a767 f   libucrt:87disp.obj
 0001:000097f3       __rttospopde               1000a7f3     libucrt:87disp.obj
 0001:000097f8       __rttospop                 1000a7f8     libucrt:87disp.obj
 0001:000097fa       __rtnospop                 1000a7fa     libucrt:87disp.obj
 0001:000097fc       __rttosnpop                1000a7fc     libucrt:87disp.obj
 0001:000097fd       __rtnospopde               1000a7fd     libucrt:87disp.obj
 0001:00009804       __rtzeropop                1000a804     libucrt:87disp.obj
 0001:00009806       __rtzeronpop               1000a806     libucrt:87disp.obj
 0001:0000980b       __rtzerospop               1000a80b     libucrt:87disp.obj
 0001:00009818       __rtonepop                 1000a818     libucrt:87disp.obj
 0001:0000981a       __rtonenpop                1000a81a     libucrt:87disp.obj
 0001:0000981f       __tosnan1                  1000a81f     libucrt:87disp.obj
 0001:0000984a       __nosnan2                  1000a84a     libucrt:87disp.obj
 0001:0000984c       __tosnan2                  1000a84c     libucrt:87disp.obj
 0001:00009874       __nan2                     1000a874     libucrt:87disp.obj
 0001:000098b3       __rtindfpop                1000a8b3     libucrt:87disp.obj
 0001:000098b5       __rtindfnpop               1000a8b5     libucrt:87disp.obj
 0001:000098c6       __rttosnpopde              1000a8c6     libucrt:87disp.obj
 0001:000098d0       __rtatan2inf               1000a8d0     libucrt:87disp.obj
 0001:000098ed       __rtchsifneg               1000a8ed     libucrt:87disp.obj
 0001:00009900       __twoToTOS                 1000a900 f   libucrt:common.obj
 0001:00009915       __load_CW                  1000a915 f   libucrt:common.obj
 0001:0000992c       __convertTOStoQNaN         1000a92c f   libucrt:common.obj
 0001:00009945       __fload_withFB             1000a945 f   libucrt:common.obj
 0001:00009988       __checkTOS_withFB          1000a988 f   libucrt:common.obj
 0001:0000999e       __fast_exit                1000a99e f   libucrt:common.obj
 0001:000099ab       __math_exit                1000a9ab f   libucrt:common.obj
 0001:000099d5       __check_overflow_exit      1000a9d5 f   libucrt:common.obj
 0001:000099e9       __check_range_exit         1000a9e9 f   libucrt:common.obj
 0001:00009a90       __startTwoArgErrorHandling 1000aa90 f   libucrt:genexcep.obj
 0001:00009aa7       __startOneArgErrorHandling 1000aaa7 f   libucrt:genexcep.obj
 0001:00009ae3       ___libm_error_support      1000aae3 f   libucrt:libm_error.obj
 0001:00009cfb       __ceil_default             1000acfb f   libucrt:ceil.obj
 0001:00009db4       ??$?RV<lambda_123407a5e2ac06da108355a851863b7a>@@AAV<lambda_2fe9b910cf3cbf4a0ab98a02ba45b3ec>@@V<lambda_ae55bdf541ad94d75914d381c370e64d>@@@?$__crt_seh_guarded_call@H@@QAEH$$QAV<lambda_123407a5e2ac06da108355a851863b7a>@@AAV<lambda_2fe9b910cf3cbf4a0ab98a02ba45b3ec>@@$$QAV<lambda_ae55bdf541ad94d75914d381c370e64d>@@@Z 1000adb4 f i libucrt:close.obj
 0001:00009e36       ??$__acrt_lowio_lock_fh_and_call@V<lambda_2fe9b910cf3cbf4a0ab98a02ba45b3ec>@@@@YAHH$$QAV<lambda_2fe9b910cf3cbf4a0ab98a02ba45b3ec>@@@Z 1000ae36 f i libucrt:close.obj
 0001:00009e5e       __close                    1000ae5e f   libucrt:close.obj
 0001:00009edd       __close_nolock             1000aedd f   libucrt:close.obj
 0001:00009f79       ?__acrt_stdio_free_stream@@YAXV__crt_stdio_stream@@@Z 1000af79 f   libucrt:stream.obj
 0001:00009fb4       ___dcrt_lowio_initialize_console_output 1000afb4 f   libucrt:initcon.obj
 0001:00009fd3       ___dcrt_terminate_console_output 1000afd3 f   libucrt:initcon.obj
 0001:00009fea       __clrfp                    1000afea f   libucrt:fpctrl.obj
 0001:00009ffd       __ctrlfp                   1000affd f   libucrt:fpctrl.obj
 0001:0000a029       __set_statfp               1000b029 f   libucrt:fpctrl.obj
 0001:0000a084       __statfp                   1000b084 f   libucrt:fpctrl.obj
 0001:0000a096       __d_inttype                1000b096 f   libucrt:powhlp.obj
 0001:0000a100       __powhlp                   1000b100 f   libucrt:powhlp.obj
 0001:0000a22b       __87except                 1000b22b f   libucrt:87except.obj
 0001:0000a336       __frnd                     1000b336 f   libucrt:frnd.obj
 0001:0000a34c       __errcode                  1000b34c f   libucrt:fpexcept.obj
 0001:0000a380       __except1                  1000b380 f   libucrt:fpexcept.obj
 0001:0000a44e       __handle_exc               1000b44e f   libucrt:fpexcept.obj
 0001:0000a62e       __raise_exc                1000b62e f   libucrt:fpexcept.obj
 0001:0000a651       __raise_exc_ex             1000b651 f   libucrt:fpexcept.obj
 0001:0000a942       __set_errno_from_matherr   1000b942 f   libucrt:fpexcept.obj
 0001:0000a971       __umatherr                 1000b971 f   libucrt:fpexcept.obj
 0001:0000aa13       __decomp                   1000ba13 f   libucrt:util.obj
 0001:0000aae7       __set_exp                  1000bae7 f   libucrt:util.obj
 0001:0000ab16       __sptype                   1000bb16 f   libucrt:util.obj
 0001:0000ab74       __fpclass                  1000bb74 f   libucrt:ieeemisc.obj
 0001:0000ac18       _IsProcessorFeaturePresent@4 1000bc18 f   kernel32:KERNEL32.dll
 0001:0000ac1e       _RtlUnwind@16              1000bc1e f   kernel32:KERNEL32.dll
 0001:0000ac30       __FindPESection            1000bc30 f   LIBCMT:pesect.obj
 0001:0000ac80       __IsNonwritableInCurrentImage 1000bc80 f   LIBCMT:pesect.obj
 0001:0000ad40       __ValidateImageBase        1000bd40 f   LIBCMT:pesect.obj
 0001:0000ad80       __aulldvrm                 1000bd80 f   LIBCMT:ulldvrm.obj
 0001:0000ae20       __SEH_prolog4_GS           1000be20 f   LIBCMT:_sehprolg4gs_.obj
 0001:0000ae69       __SEH_epilog4_GS           1000be69 f   LIBCMT:_sehprolg4gs_.obj
 0001:0000ae80       __allmul                   1000be80 f   LIBCMT:llmul.obj
 0001:0000aec0       __alldvrm                  1000bec0 f   LIBCMT:lldvrm.obj
 0001:0000afa0       __aullshr                  1000bfa0 f   LIBCMT:ullshr.obj
 0001:0000afc0       __alloca_probe_16          1000bfc0 f   LIBCMT:alloca16.obj
 0001:0000afd6       __alloca_probe_8           1000bfd6     LIBCMT:alloca16.obj
 0001:0000aff0       __allshl                   1000bff0 f   LIBCMT:llshl.obj
 0001:0000b010       __ftol2_sse                1000c010 f   LIBCMT:_ftol2_.obj
 0001:0000b019       __ftol2_pentium4           1000c019 f   LIBCMT:_ftol2_.obj
 0001:0000b02c       __ftol2_sse_excpt          1000c02c f   LIBCMT:_ftol2_.obj
 0001:0000b050       __ftol2                    1000c050 f   LIBCMT:_ftol2_.obj
 0001:0000b0d0       __alloca_probe             1000c0d0 f   LIBCMT:chkstk.obj
 0001:0000b0d0       __chkstk                   1000c0d0 f   LIBCMT:chkstk.obj
 0001:0000b100       _memcpy                    1000c100 f   libvcruntime:memcpy.obj
 0001:0000b680       __alldiv                   1000c680 f   LIBCMT:lldiv.obj
 0001:0000b730       __aulldiv                  1000c730 f   LIBCMT:ulldiv.obj
 0002:00000000       __imp__CreateDIBSection@24 1000d000     gdi32:GDI32.dll
 0002:00000004       __imp__CreateCompatibleDC@4 1000d004     gdi32:GDI32.dll
 0002:00000008       __imp__DeleteDC@4          1000d008     gdi32:GDI32.dll
 0002:0000000c       __imp__DeleteObject@4      1000d00c     gdi32:GDI32.dll
 0002:00000010       __imp__CreateSolidBrush@4  1000d010     gdi32:GDI32.dll
 0002:00000014       __imp__SelectObject@8      1000d014     gdi32:GDI32.dll
 0002:00000018       \177GDI32_NULL_THUNK_DATA  1000d018     gdi32:GDI32.dll
 0002:0000001c       __imp__lstrcpynA@12        1000d01c     kernel32:KERNEL32.dll
 0002:00000020       __imp__GetTickCount@0      1000d020     kernel32:KERNEL32.dll
 0002:00000024       __imp__lstrlenW@4          1000d024     kernel32:KERNEL32.dll
 0002:00000028       __imp__lstrcpynW@12        1000d028     kernel32:KERNEL32.dll
 0002:0000002c       __imp__SetLastError@4      1000d02c     kernel32:KERNEL32.dll
 0002:00000030       __imp__ResumeThread@4      1000d030     kernel32:KERNEL32.dll
 0002:00000034       __imp__GetLastError@0      1000d034     kernel32:KERNEL32.dll
 0002:00000038       __imp__TerminateThread@8   1000d038     kernel32:KERNEL32.dll
 0002:0000003c       __imp__RaiseException@16   1000d03c     kernel32:KERNEL32.dll
 0002:00000040       __imp__CreateThread@24     1000d040     kernel32:KERNEL32.dll
 0002:00000044       __imp__IsDebuggerPresent@0 1000d044     kernel32:KERNEL32.dll
 0002:00000048       __imp__WriteFile@20        1000d048     kernel32:KERNEL32.dll
 0002:0000004c       __imp__GetTempPathW@8      1000d04c     kernel32:KERNEL32.dll
 0002:00000050       __imp__HeapDestroy@4       1000d050     kernel32:KERNEL32.dll
 0002:00000054       __imp__CreateFileW@28      1000d054     kernel32:KERNEL32.dll
 0002:00000058       __imp__lstrcatW@8          1000d058     kernel32:KERNEL32.dll
 0002:0000005c       __imp__DeleteFileW@4       1000d05c     kernel32:KERNEL32.dll
 0002:00000060       __imp__CloseHandle@4       1000d060     kernel32:KERNEL32.dll
 0002:00000064       __imp__LoadLibraryW@4      1000d064     kernel32:KERNEL32.dll
 0002:00000068       __imp__GetProcAddress@8    1000d068     kernel32:KERNEL32.dll
 0002:0000006c       __imp__GetProcessHeap@0    1000d06c     kernel32:KERNEL32.dll
 0002:00000070       __imp__FreeLibrary@4       1000d070     kernel32:KERNEL32.dll
 0002:00000074       __imp__lstrcpyW@8          1000d074     kernel32:KERNEL32.dll
 0002:00000078       __imp__GetTempFileNameW@16 1000d078     kernel32:KERNEL32.dll
 0002:0000007c       __imp__WriteConsoleW@20    1000d07c     kernel32:KERNEL32.dll
 0002:00000080       __imp__SetFilePointerEx@20 1000d080     kernel32:KERNEL32.dll
 0002:00000084       __imp__HeapAlloc@12        1000d084     kernel32:KERNEL32.dll
 0002:00000088       __imp__HeapReAlloc@16      1000d088     kernel32:KERNEL32.dll
 0002:0000008c       __imp__HeapSize@12         1000d08c     kernel32:KERNEL32.dll
 0002:00000090       __imp__GetCurrentThreadId@0 1000d090     kernel32:KERNEL32.dll
 0002:00000094       __imp__HeapFree@12         1000d094     kernel32:KERNEL32.dll
 0002:00000098       __imp__WaitForSingleObject@8 1000d098     kernel32:KERNEL32.dll
 0002:0000009c       __imp__HeapCreate@12       1000d09c     kernel32:KERNEL32.dll
 0002:000000a0       __imp__GetConsoleMode@8    1000d0a0     kernel32:KERNEL32.dll
 0002:000000a4       __imp__GetConsoleCP@0      1000d0a4     kernel32:KERNEL32.dll
 0002:000000a8       __imp__FlushFileBuffers@4  1000d0a8     kernel32:KERNEL32.dll
 0002:000000ac       __imp__UnhandledExceptionFilter@4 1000d0ac     kernel32:KERNEL32.dll
 0002:000000b0       __imp__SetUnhandledExceptionFilter@4 1000d0b0     kernel32:KERNEL32.dll
 0002:000000b4       __imp__GetCurrentProcess@0 1000d0b4     kernel32:KERNEL32.dll
 0002:000000b8       __imp__TerminateProcess@8  1000d0b8     kernel32:KERNEL32.dll
 0002:000000bc       __imp__IsProcessorFeaturePresent@4 1000d0bc     kernel32:KERNEL32.dll
 0002:000000c0       __imp__QueryPerformanceCounter@4 1000d0c0     kernel32:KERNEL32.dll
 0002:000000c4       __imp__GetCurrentProcessId@0 1000d0c4     kernel32:KERNEL32.dll
 0002:000000c8       __imp__GetSystemTimeAsFileTime@4 1000d0c8     kernel32:KERNEL32.dll
 0002:000000cc       __imp__InitializeSListHead@4 1000d0cc     kernel32:KERNEL32.dll
 0002:000000d0       __imp__GetStartupInfoW@4   1000d0d0     kernel32:KERNEL32.dll
 0002:000000d4       __imp__GetModuleHandleW@4  1000d0d4     kernel32:KERNEL32.dll
 0002:000000d8       __imp__RtlUnwind@16        1000d0d8     kernel32:KERNEL32.dll
 0002:000000dc       __imp__InterlockedFlushSList@4 1000d0dc     kernel32:KERNEL32.dll
 0002:000000e0       __imp__EnterCriticalSection@4 1000d0e0     kernel32:KERNEL32.dll
 0002:000000e4       __imp__LeaveCriticalSection@4 1000d0e4     kernel32:KERNEL32.dll
 0002:000000e8       __imp__DeleteCriticalSection@4 1000d0e8     kernel32:KERNEL32.dll
 0002:000000ec       __imp__InitializeCriticalSectionAndSpinCount@8 1000d0ec     kernel32:KERNEL32.dll
 0002:000000f0       __imp__TlsAlloc@0          1000d0f0     kernel32:KERNEL32.dll
 0002:000000f4       __imp__TlsGetValue@4       1000d0f4     kernel32:KERNEL32.dll
 0002:000000f8       __imp__TlsSetValue@8       1000d0f8     kernel32:KERNEL32.dll
 0002:000000fc       __imp__TlsFree@4           1000d0fc     kernel32:KERNEL32.dll
 0002:00000100       __imp__LoadLibraryExW@12   1000d100     kernel32:KERNEL32.dll
 0002:00000104       __imp__ExitProcess@4       1000d104     kernel32:KERNEL32.dll
 0002:00000108       __imp__GetModuleHandleExW@12 1000d108     kernel32:KERNEL32.dll
 0002:0000010c       __imp__GetModuleFileNameA@12 1000d10c     kernel32:KERNEL32.dll
 0002:00000110       __imp__MultiByteToWideChar@24 1000d110     kernel32:KERNEL32.dll
 0002:00000114       __imp__WideCharToMultiByte@32 1000d114     kernel32:KERNEL32.dll
 0002:00000118       __imp__LCMapStringW@24     1000d118     kernel32:KERNEL32.dll
 0002:0000011c       __imp__FindClose@4         1000d11c     kernel32:KERNEL32.dll
 0002:00000120       __imp__FindFirstFileExA@24 1000d120     kernel32:KERNEL32.dll
 0002:00000124       __imp__FindNextFileA@8     1000d124     kernel32:KERNEL32.dll
 0002:00000128       __imp__IsValidCodePage@4   1000d128     kernel32:KERNEL32.dll
 0002:0000012c       __imp__GetACP@0            1000d12c     kernel32:KERNEL32.dll
 0002:00000130       __imp__GetOEMCP@0          1000d130     kernel32:KERNEL32.dll
 0002:00000134       __imp__GetCPInfo@8         1000d134     kernel32:KERNEL32.dll
 0002:00000138       __imp__GetCommandLineA@0   1000d138     kernel32:KERNEL32.dll
 0002:0000013c       __imp__GetCommandLineW@0   1000d13c     kernel32:KERNEL32.dll
 0002:00000140       __imp__GetEnvironmentStringsW@0 1000d140     kernel32:KERNEL32.dll
 0002:00000144       __imp__FreeEnvironmentStringsW@4 1000d144     kernel32:KERNEL32.dll
 0002:00000148       __imp__GetStdHandle@4      1000d148     kernel32:KERNEL32.dll
 0002:0000014c       __imp__GetFileType@4       1000d14c     kernel32:KERNEL32.dll
 0002:00000150       __imp__GetStringTypeW@16   1000d150     kernel32:KERNEL32.dll
 0002:00000154       __imp__SetStdHandle@8      1000d154     kernel32:KERNEL32.dll
 0002:00000158       __imp__DecodePointer@4     1000d158     kernel32:KERNEL32.dll
 0002:0000015c       \177KERNEL32_NULL_THUNK_DATA 1000d15c     kernel32:KERNEL32.dll
 0002:00000160       __imp__wsprintfA           1000d160     user32:USER32.dll
 0002:00000164       __imp__CharLowerBuffW@8    1000d164     user32:USER32.dll
 0002:00000168       __imp__FillRect@12         1000d168     user32:USER32.dll
 0002:0000016c       __imp__wsprintfW           1000d16c     user32:USER32.dll
 0002:00000170       \177USER32_NULL_THUNK_DATA 1000d170     user32:USER32.dll
 0002:00000174       __imp__CoUninitialize@0    1000d174     ole32:ole32.dll
 0002:00000178       __imp__CoInitialize@4      1000d178     ole32:ole32.dll
 0002:0000017c       \177ole32_NULL_THUNK_DATA  1000d17c     ole32:ole32.dll
 0002:00000180       ___guard_check_icall_fptr  1000d180     LIBCMT:guard_support.obj
 0002:00000184       ___xc_a                    1000d184     LIBCMT:initializers.obj
 0002:00000188       ___xc_z                    1000d188     LIBCMT:initializers.obj
 0002:0000018c       ___xi_a                    1000d18c     LIBCMT:initializers.obj
 0002:00000190       ___acrt_multibyte_initializer 1000d190     libucrt:multibyte_initializer.obj
 0002:00000194       ___acrt_stdio_initializer  1000d194     libucrt:stdio_initializer.obj
 0002:00000198       ___acrt_tran_sse2_initializer 1000d198     libucrt:sse2_initializer.obj
 0002:0000019c       ___xi_z                    1000d19c     LIBCMT:initializers.obj
 0002:000001a0       ___xp_a                    1000d1a0     LIBCMT:initializers.obj
 0002:000001a4       ___acrt_locale_terminator  1000d1a4     libucrt:locale_initializer.obj
 0002:000001a8       ___dcrt_console_output_terminator 1000d1a8     libucrt:console_output_initializer.obj
 0002:000001ac       ___acrt_stdio_terminator   1000d1ac     libucrt:stdio_initializer.obj
 0002:000001b0       ___xp_z                    1000d1b0     LIBCMT:initializers.obj
 0002:000001b4       ___xt_a                    1000d1b4     LIBCMT:initializers.obj
 0002:000001b8       ___xt_z                    1000d1b8     LIBCMT:initializers.obj
 0002:000001c8       __pDefaultRawDllMain       1000d1c8     LIBCMT:dll_dllmain.obj
 0002:000001c8       __pRawDllMain              1000d1c8     LIBCMT:dll_dllmain.obj
 0002:000001cc       __pDestructExceptionObject 1000d1cc     libvcruntime:frame.obj
 0002:00000364       ??_C@_08EHJDFFNH@__based?$CI?$AA@ 1000d364     libvcruntime:undname.obj
 0002:00000370       ??_C@_07KOLFKCDI@__cdecl?$AA@ 1000d370     libvcruntime:undname.obj
 0002:00000378       ??_C@_08GHMPAG@__pascal?$AA@ 1000d378     libvcruntime:undname.obj
 0002:00000384       ??_C@_09IFJBGAPI@__stdcall?$AA@ 1000d384     libvcruntime:undname.obj
 0002:00000390       ??_C@_0L@NPHFGOKO@__thiscall?$AA@ 1000d390     libvcruntime:undname.obj
 0002:0000039c       ??_C@_0L@JMKHOMEK@__fastcall?$AA@ 1000d39c     libvcruntime:undname.obj
 0002:000003a8       ??_C@_0N@BCKKPABJ@__vectorcall?$AA@ 1000d3a8     libvcruntime:undname.obj
 0002:000003b8       ??_C@_09HIJEGCPM@__clrcall?$AA@ 1000d3b8     libvcruntime:undname.obj
 0002:000003c4       ??_C@_06GHPCKEAG@__eabi?$AA@ 1000d3c4     libvcruntime:undname.obj
 0002:000003cc       ??_C@_07JOMMBBKO@__ptr64?$AA@ 1000d3cc     libvcruntime:undname.obj
 0002:000003d4       ??_C@_0L@PILCLIHE@__restrict?$AA@ 1000d3d4     libvcruntime:undname.obj
 0002:000003e0       ??_C@_0M@GFIIJFMG@__unaligned?$AA@ 1000d3e0     libvcruntime:undname.obj
 0002:000003ec       ??_C@_09DHDLOLLB@restrict?$CI?$AA@ 1000d3ec     libvcruntime:undname.obj
 0002:000003f6       ??_C@_00CNPNBAHC@?$AA@     1000d3f6     libvcruntime:undname.obj
 0002:000003f8       ??_C@_04NIHEBCM@?5new?$AA@ 1000d3f8     libvcruntime:undname.obj
 0002:00000400       ??_C@_07FPCDHGMM@?5delete?$AA@ 1000d400     libvcruntime:undname.obj
 0002:00000408       ??_C@_01NEMOKFLO@?$DN?$AA@ 1000d408     libvcruntime:undname.obj
 0002:0000040c       ??_C@_02GPIOPFAK@?$DO?$DO?$AA@ 1000d40c     libvcruntime:undname.obj
 0002:00000410       ??_C@_02FODMEDOG@?$DM?$DM?$AA@ 1000d410     libvcruntime:undname.obj
 0002:00000414       ??_C@_01DCLJPIOD@?$CB?$AA@ 1000d414     libvcruntime:undname.obj
 0002:00000418       ??_C@_02EGOFBIJA@?$DN?$DN?$AA@ 1000d418     libvcruntime:undname.obj
 0002:0000041c       ??_C@_02FDNJECIE@?$CB?$DN?$AA@ 1000d41c     libvcruntime:undname.obj
 0002:00000420       ??_C@_02GPECMEKF@?$FL?$FN?$AA@ 1000d420     libvcruntime:undname.obj
 0002:00000424       ??_C@_08LHJFAFGD@operator?$AA@ 1000d424     libvcruntime:undname.obj
 0002:00000430       ??_C@_02HBOOOICD@?9?$DO?$AA@ 1000d430     libvcruntime:undname.obj
 0002:00000434       ??_C@_01NBENCBCI@?$CK?$AA@ 1000d434     libvcruntime:undname.obj
 0002:00000438       ??_C@_02ECNGHCIF@?$CL?$CL?$AA@ 1000d438     libvcruntime:undname.obj
 0002:0000043c       ??_C@_02BAABKJLB@?9?9?$AA@ 1000d43c     libvcruntime:undname.obj
 0002:00000440       ??_C@_01JOAMLHOP@?9?$AA@   1000d440     libvcruntime:undname.obj
 0002:00000444       ??_C@_01MIFGBAGJ@?$CL?$AA@ 1000d444     libvcruntime:undname.obj
 0002:00000448       ??_C@_01HNPIGOCE@?$CG?$AA@ 1000d448     libvcruntime:undname.obj
 0002:0000044c       ??_C@_03MNHNFDLC@?9?$DO?$CK?$AA@ 1000d44c     libvcruntime:undname.obj
 0002:00000450       ??_C@_01KMDKNFGN@?1?$AA@   1000d450     libvcruntime:undname.obj
 0002:00000454       ??_C@_01FGNFDNOH@?$CF?$AA@ 1000d454     libvcruntime:undname.obj
 0002:00000458       ??_C@_01MNNFJEPP@?$DM?$AA@ 1000d458     libvcruntime:undname.obj
 0002:0000045c       ??_C@_02EHCHHCKH@?$DM?$DN?$AA@ 1000d45c     libvcruntime:undname.obj
 0002:00000460       ??_C@_01PPODPGHN@?$DO?$AA@ 1000d460     libvcruntime:undname.obj
 0002:00000464       ??_C@_02EEKDKGMJ@?$DO?$DN?$AA@ 1000d464     libvcruntime:undname.obj
 0002:00000468       ??_C@_01IHBHIGKO@?0?$AA@   1000d468     libvcruntime:undname.obj
 0002:0000046c       ??_C@_02HCKGKOFO@?$CI?$CJ?$AA@ 1000d46c     libvcruntime:undname.obj
 0002:00000470       ??_C@_01PJKLJHI@?$HO?$AA@  1000d470     libvcruntime:undname.obj
 0002:00000474       ??_C@_01JKBOJNNK@?$FO?$AA@ 1000d474     libvcruntime:undname.obj
 0002:00000478       ??_C@_01DNKMNLPK@?$HM?$AA@ 1000d478     libvcruntime:undname.obj
 0002:0000047c       ??_C@_02PPKAJPJL@?$CG?$CG?$AA@ 1000d47c     libvcruntime:undname.obj
 0002:00000480       ??_C@_02NONPIBCD@?$HM?$HM?$AA@ 1000d480     libvcruntime:undname.obj
 0002:00000484       ??_C@_02FPIMKNGF@?$CK?$DN?$AA@ 1000d484     libvcruntime:undname.obj
 0002:00000488       ??_C@_02FOEOMHFC@?$CL?$DN?$AA@ 1000d488     libvcruntime:undname.obj
 0002:0000048c       ??_C@_02FKMDLLOA@?9?$DN?$AA@ 1000d48c     libvcruntime:undname.obj
 0002:00000490       ??_C@_02FJEHGPIO@?1?$DN?$AA@ 1000d490     libvcruntime:undname.obj
 0002:00000494       ??_C@_02FENAOKFI@?$CF?$DN?$AA@ 1000d494     libvcruntime:undname.obj
 0002:00000498       ??_C@_03IKFCCPFF@?$DO?$DO?$DN?$AA@ 1000d498     libvcruntime:undname.obj
 0002:0000049c       ??_C@_03CDNPDDLA@?$DM?$DM?$DN?$AA@ 1000d49c     libvcruntime:undname.obj
 0002:000004a0       ??_C@_02FGJGFEAB@?$CG?$DN?$AA@ 1000d4a0     libvcruntime:undname.obj
 0002:000004a4       ??_C@_02DHLNPPGH@?$HM?$DN?$AA@ 1000d4a4     libvcruntime:undname.obj
 0002:000004a8       ??_C@_02MHEGNOJ@?$FO?$DN?$AA@ 1000d4a8     libvcruntime:undname.obj
 0002:000004ac       ??_C@_09IFPLHPGF@?$GAvftable?8?$AA@ 1000d4ac     libvcruntime:undname.obj
 0002:000004b8       ??_C@_09BLBHBJP@?$GAvbtable?8?$AA@ 1000d4b8     libvcruntime:undname.obj
 0002:000004c4       ??_C@_07FEEIOKP@?$GAvcall?8?$AA@ 1000d4c4     libvcruntime:undname.obj
 0002:000004cc       ??_C@_08LLFFHHDJ@?$GAtypeof?8?$AA@ 1000d4cc     libvcruntime:undname.obj
 0002:000004d8       ??_C@_0BF@KDPPACIK@?$GAlocal?5static?5guard?8?$AA@ 1000d4d8     libvcruntime:undname.obj
 0002:000004f0       ??_C@_08OBABFOLI@?$GAstring?8?$AA@ 1000d4f0     libvcruntime:undname.obj
 0002:000004fc       ??_C@_0BD@JDLKDPAB@?$GAvbase?5destructor?8?$AA@ 1000d4fc     libvcruntime:undname.obj
 0002:00000510       ??_C@_0BN@DEGPLNFK@?$GAvector?5deleting?5destructor?8?$AA@ 1000d510     libvcruntime:undname.obj
 0002:00000530       ??_C@_0BO@OBMKPJIG@?$GAdefault?5constructor?5closure?8?$AA@ 1000d530     libvcruntime:undname.obj
 0002:00000550       ??_C@_0BN@IMDCHIKM@?$GAscalar?5deleting?5destructor?8?$AA@ 1000d550     libvcruntime:undname.obj
 0002:00000570       ??_C@_0BO@PFGOCPJJ@?$GAvector?5constructor?5iterator?8?$AA@ 1000d570     libvcruntime:undname.obj
 0002:00000590       ??_C@_0BN@LFPFMEDL@?$GAvector?5destructor?5iterator?8?$AA@ 1000d590     libvcruntime:undname.obj
 0002:000005b0       ??_C@_0CE@IKBNEHA@?$GAvector?5vbase?5constructor?5iterat@ 1000d5b0     libvcruntime:undname.obj
 0002:000005d4       ??_C@_0BL@NILFHHPC@?$GAvirtual?5displacement?5map?8?$AA@ 1000d5d4     libvcruntime:undname.obj
 0002:000005f0       ??_C@_0CB@JONCMFFK@?$GAeh?5vector?5constructor?5iterator?8@ 1000d5f0     libvcruntime:undname.obj
 0002:00000614       ??_C@_0CA@GCEOPDGL@?$GAeh?5vector?5destructor?5iterator?8?$AA@ 1000d614     libvcruntime:undname.obj
 0002:00000634       ??_C@_0CH@OOJPLCPH@?$GAeh?5vector?5vbase?5constructor?5ite@ 1000d634     libvcruntime:undname.obj
 0002:0000065c       ??_C@_0BL@LLKPOHJI@?$GAcopy?5constructor?5closure?8?$AA@ 1000d65c     libvcruntime:undname.obj
 0002:00000678       ??_C@_0BA@KBCDOMBN@?$GAudt?5returning?8?$AA@ 1000d678     libvcruntime:undname.obj
 0002:00000688       ??_C@_03KLGMFNMG@?$GAEH?$AA@ 1000d688     libvcruntime:undname.obj
 0002:0000068c       ??_C@_05KHLCHHI@?$GARTTI?$AA@ 1000d68c     libvcruntime:undname.obj
 0002:00000694       ??_C@_0BA@KKLDJDLB@?$GAlocal?5vftable?8?$AA@ 1000d694     libvcruntime:undname.obj
 0002:000006a4       ??_C@_0CE@IIHCMGGL@?$GAlocal?5vftable?5constructor?5closu@ 1000d6a4     libvcruntime:undname.obj
 0002:000006c8       ??_C@_06FHBGPFGH@?5new?$FL?$FN?$AA@ 1000d6c8     libvcruntime:undname.obj
 0002:000006d0       ??_C@_09LBNFPBCA@?5delete?$FL?$FN?$AA@ 1000d6d0     libvcruntime:undname.obj
 0002:000006dc       ??_C@_0P@HJKNJFNN@?$GAomni?5callsig?8?$AA@ 1000d6dc     libvcruntime:undname.obj
 0002:000006ec       ??_C@_0BL@CNOONJFP@?$GAplacement?5delete?5closure?8?$AA@ 1000d6ec     libvcruntime:undname.obj
 0002:00000708       ??_C@_0BN@CKNJLHMB@?$GAplacement?5delete?$FL?$FN?5closure?8?$AA@ 1000d708     libvcruntime:undname.obj
 0002:00000728       ??_C@_0CG@CFDHKGGD@?$GAmanaged?5vector?5constructor?5iter@ 1000d728     libvcruntime:undname.obj
 0002:00000750       ??_C@_0CF@IMGKMJNO@?$GAmanaged?5vector?5destructor?5itera@ 1000d750     libvcruntime:undname.obj
 0002:00000778       ??_C@_0CG@HLDDJMAG@?$GAeh?5vector?5copy?5constructor?5iter@ 1000d778     libvcruntime:undname.obj
 0002:000007a0       ??_C@_0CM@FCBBDIGB@?$GAeh?5vector?5vbase?5copy?5constructo@ 1000d7a0     libvcruntime:undname.obj
 0002:000007cc       ??_C@_0BL@CLIPGLGB@?$GAdynamic?5initializer?5for?5?8?$AA@ 1000d7cc     libvcruntime:undname.obj
 0002:000007e8       ??_C@_0CB@PDBIFEP@?$GAdynamic?5atexit?5destructor?5for?5?8@ 1000d7e8     libvcruntime:undname.obj
 0002:0000080c       ??_C@_0CD@CGAJBKEJ@?$GAvector?5copy?5constructor?5iterato@ 1000d80c     libvcruntime:undname.obj
 0002:00000830       ??_C@_0CJ@GJELGAMM@?$GAvector?5vbase?5copy?5constructor?5i@ 1000d830     libvcruntime:undname.obj
 0002:0000085c       ??_C@_0CL@FGIJHLCE@?$GAmanaged?5vector?5copy?5constructor@ 1000d85c     libvcruntime:undname.obj
 0002:00000888       ??_C@_0BM@PMGGMLDN@?$GAlocal?5static?5thread?5guard?8?$AA@ 1000d888     libvcruntime:undname.obj
 0002:000008a4       ??_C@_0N@BDNMDMOL@operator?5?$CC?$CC?5?$AA@ 1000d8a4     libvcruntime:undname.obj
 0002:000008b4       ??_C@_0BC@GGEBGALA@operator?5co_await?$AA@ 1000d8b4     libvcruntime:undname.obj
 0002:000008c8       ??_C@_0BC@DAFEJGAK@?5Type?5Descriptor?8?$AA@ 1000d8c8     libvcruntime:undname.obj
 0002:000008dc       ??_C@_0BM@LDKODKLH@?5Base?5Class?5Descriptor?5at?5?$CI?$AA@ 1000d8dc     libvcruntime:undname.obj
 0002:000008f8       ??_C@_0BD@LGICGFMM@?5Base?5Class?5Array?8?$AA@ 1000d8f8     libvcruntime:undname.obj
 0002:0000090c       ??_C@_0BN@MECKDCOJ@?5Class?5Hierarchy?5Descriptor?8?$AA@ 1000d90c     libvcruntime:undname.obj
 0002:0000092c       ??_C@_0BK@CFCOFLF@?5Complete?5Object?5Locator?8?$AA@ 1000d92c     libvcruntime:undname.obj
 0002:00000954       ??_C@_1DM@KHCHBNEB@?$AAa?$AAp?$AAi?$AA?9?$AAm?$AAs?$AA?9?$AAw?$AAi?$AAn?$AA?9?$AAc?$AAo?$AAr?$AAe?$AA?9?$AAf?$AAi?$AAb?$AAe?$AAr?$AAs?$AA?9?$AAl?$AA1?$AA?9?$AA1?$AA?9?$AA1?$AA?$AA@ 1000d954     libvcruntime:winapi_downlevel.obj
 0002:00000990       ??_C@_1DK@LPPGFMPP@?$AAa?$AAp?$AAi?$AA?9?$AAm?$AAs?$AA?9?$AAw?$AAi?$AAn?$AA?9?$AAc?$AAo?$AAr?$AAe?$AA?9?$AAs?$AAy?$AAn?$AAc?$AAh?$AA?9?$AAl?$AA1?$AA?9?$AA2?$AA?9?$AA0?$AA?$AA@ 1000d990     libvcruntime:winapi_downlevel.obj
 0002:000009cc       ??_C@_1BC@GDMECMAK@?$AAk?$AAe?$AAr?$AAn?$AAe?$AAl?$AA3?$AA2?$AA?$AA@ 1000d9cc     libvcruntime:winapi_downlevel.obj
 0002:000009e0       ??_C@_1BA@PFFKHIOG@?$AAa?$AAp?$AAi?$AA?9?$AAm?$AAs?$AA?9?$AA?$AA@ 1000d9e0     libvcruntime:winapi_downlevel.obj
 0002:000009f0       ??_C@_1BA@IAIFMGEF@?$AAe?$AAx?$AAt?$AA?9?$AAm?$AAs?$AA?9?$AA?$AA@ 1000d9f0     libvcruntime:winapi_downlevel.obj
 0002:00000a08       ??_C@_08KNHFBNJ@FlsAlloc?$AA@ 1000da08     libvcruntime:winapi_downlevel.obj
 0002:00000a1c       ??_C@_07PEJMOBNF@FlsFree?$AA@ 1000da1c     libvcruntime:winapi_downlevel.obj
 0002:00000a2c       ??_C@_0M@GDNOONDI@FlsGetValue?$AA@ 1000da2c     libvcruntime:winapi_downlevel.obj
 0002:00000a40       ??_C@_0M@JCPCPOEF@FlsSetValue?$AA@ 1000da40     libvcruntime:winapi_downlevel.obj
 0002:00000a54       ??_C@_0BM@HCFOFFN@InitializeCriticalSectionEx?$AA@ 1000da54     libvcruntime:winapi_downlevel.obj
 0002:00000a70       ___acrt_exception_action_table 1000da70     libucrt:exception_filter.obj
 0002:00000b00       ___acrt_signal_action_table_count 1000db00     libucrt:exception_filter.obj
 0002:00000b04       ___acrt_signal_action_first_fpe_index 1000db04     libucrt:exception_filter.obj
 0002:00000b08       ___acrt_signal_action_fpe_count 1000db08     libucrt:exception_filter.obj
 0002:00000b0c       ??_C@_1BI@BGOHAHKC@?$AAm?$AAs?$AAc?$AAo?$AAr?$AAe?$AAe?$AA?4?$AAd?$AAl?$AAl?$AA?$AA@ 1000db0c     libucrt:exit.obj
 0002:00000b24       ??_C@_0P@MIGLKIOC@CorExitProcess?$AA@ 1000db24     libucrt:exit.obj
 0002:00000c00       ??_C@_1EG@CNNIPFIM@?$AAa?$AAp?$AAi?$AA?9?$AAm?$AAs?$AA?9?$AAw?$AAi?$AAn?$AA?9?$AAa?$AAp?$AAp?$AAm?$AAo?$AAd?$AAe?$AAl?$AA?9?$AAr?$AAu?$AAn?$AAt?$AAi?$AAm?$AAe?$AA?9?$AAl?$AA1?$AA?9?$AA1@ 1000dc00     libucrt:winapi_thunks.obj
 0002:00000c48       ??_C@_1EA@JGEFHKEI@?$AAa?$AAp?$AAi?$AA?9?$AAm?$AAs?$AA?9?$AAw?$AAi?$AAn?$AA?9?$AAc?$AAo?$AAr?$AAe?$AA?9?$AAd?$AAa?$AAt?$AAe?$AAt?$AAi?$AAm?$AAe?$AA?9?$AAl?$AA1?$AA?9?$AA1?$AA?9?$AA1?$AA?$AA@ 1000dc48     libucrt:winapi_thunks.obj
 0002:00000c88       ??_C@_1DI@GCIAAENM@?$AAa?$AAp?$AAi?$AA?9?$AAm?$AAs?$AA?9?$AAw?$AAi?$AAn?$AA?9?$AAc?$AAo?$AAr?$AAe?$AA?9?$AAf?$AAi?$AAl?$AAe?$AA?9?$AAl?$AA2?$AA?9?$AA1?$AA?9?$AA1?$AA?$AA@ 1000dc88     libucrt:winapi_thunks.obj
 0002:00000cc0       ??_C@_1EI@MPIAOHOC@?$AAa?$AAp?$AAi?$AA?9?$AAm?$AAs?$AA?9?$AAw?$AAi?$AAn?$AA?9?$AAc?$AAo?$AAr?$AAe?$AA?9?$AAl?$AAo?$AAc?$AAa?$AAl?$AAi?$AAz?$AAa?$AAt?$AAi?$AAo?$AAn?$AA?9?$AAl?$AA1?$AA?9@ 1000dcc0     libucrt:winapi_thunks.obj
 0002:00000d08       ??_C@_1FK@FPHCKFIE@?$AAa?$AAp?$AAi?$AA?9?$AAm?$AAs?$AA?9?$AAw?$AAi?$AAn?$AA?9?$AAc?$AAo?$AAr?$AAe?$AA?9?$AAl?$AAo?$AAc?$AAa?$AAl?$AAi?$AAz?$AAa?$AAt?$AAi?$AAo?$AAn?$AA?9?$AAo?$AAb?$AAs@ 1000dd08     libucrt:winapi_thunks.obj
 0002:00000d68       ??_C@_1EM@DILCGIIO@?$AAa?$AAp?$AAi?$AA?9?$AAm?$AAs?$AA?9?$AAw?$AAi?$AAn?$AA?9?$AAc?$AAo?$AAr?$AAe?$AA?9?$AAp?$AAr?$AAo?$AAc?$AAe?$AAs?$AAs?$AAt?$AAh?$AAr?$AAe?$AAa?$AAd?$AAs?$AA?9?$AAl@ 1000dd68     libucrt:winapi_thunks.obj
 0002:00000db4       ??_C@_1DM@LNCGDDPN@?$AAa?$AAp?$AAi?$AA?9?$AAm?$AAs?$AA?9?$AAw?$AAi?$AAn?$AA?9?$AAc?$AAo?$AAr?$AAe?$AA?9?$AAs?$AAt?$AAr?$AAi?$AAn?$AAg?$AA?9?$AAl?$AA1?$AA?9?$AA1?$AA?9?$AA0?$AA?$AA@ 1000ddb4     libucrt:winapi_thunks.obj
 0002:00000df0       ??_C@_1DO@FPAPJEMD@?$AAa?$AAp?$AAi?$AA?9?$AAm?$AAs?$AA?9?$AAw?$AAi?$AAn?$AA?9?$AAc?$AAo?$AAr?$AAe?$AA?9?$AAs?$AAy?$AAs?$AAi?$AAn?$AAf?$AAo?$AA?9?$AAl?$AA1?$AA?9?$AA2?$AA?9?$AA1?$AA?$AA@ 1000ddf0     libucrt:winapi_thunks.obj
 0002:00000e30       ??_C@_1DK@NDHNAHIO@?$AAa?$AAp?$AAi?$AA?9?$AAm?$AAs?$AA?9?$AAw?$AAi?$AAn?$AA?9?$AAc?$AAo?$AAr?$AAe?$AA?9?$AAw?$AAi?$AAn?$AAr?$AAt?$AA?9?$AAl?$AA1?$AA?9?$AA1?$AA?9?$AA0?$AA?$AA@ 1000de30     libucrt:winapi_thunks.obj
 0002:00000e6c       ??_C@_1DM@KGHDGBCM@?$AAa?$AAp?$AAi?$AA?9?$AAm?$AAs?$AA?9?$AAw?$AAi?$AAn?$AA?9?$AAc?$AAo?$AAr?$AAe?$AA?9?$AAx?$AAs?$AAt?$AAa?$AAt?$AAe?$AA?9?$AAl?$AA2?$AA?9?$AA1?$AA?9?$AA0?$AA?$AA@ 1000de6c     libucrt:winapi_thunks.obj
 0002:00000ea8       ??_C@_1EO@IJIOEFOH@?$AAa?$AAp?$AAi?$AA?9?$AAm?$AAs?$AA?9?$AAw?$AAi?$AAn?$AA?9?$AAr?$AAt?$AAc?$AAo?$AAr?$AAe?$AA?9?$AAn?$AAt?$AAu?$AAs?$AAe?$AAr?$AA?9?$AAw?$AAi?$AAn?$AAd?$AAo?$AAw?$AA?9@ 1000dea8     libucrt:winapi_thunks.obj
 0002:00000ef8       ??_C@_1FG@HHGEKANL@?$AAa?$AAp?$AAi?$AA?9?$AAm?$AAs?$AA?9?$AAw?$AAi?$AAn?$AA?9?$AAs?$AAe?$AAc?$AAu?$AAr?$AAi?$AAt?$AAy?$AA?9?$AAs?$AAy?$AAs?$AAt?$AAe?$AAm?$AAf?$AAu?$AAn?$AAc?$AAt?$AAi@ 1000def8     libucrt:winapi_thunks.obj
 0002:00000f50       ??_C@_1FG@NCKKOLKO@?$AAe?$AAx?$AAt?$AA?9?$AAm?$AAs?$AA?9?$AAw?$AAi?$AAn?$AA?9?$AAk?$AAe?$AAr?$AAn?$AAe?$AAl?$AA3?$AA2?$AA?9?$AAp?$AAa?$AAc?$AAk?$AAa?$AAg?$AAe?$AA?9?$AAc?$AAu?$AAr?$AAr@ 1000df50     libucrt:winapi_thunks.obj
 0002:00000fa8       ??_C@_1EG@DBIOJECG@?$AAe?$AAx?$AAt?$AA?9?$AAm?$AAs?$AA?9?$AAw?$AAi?$AAn?$AA?9?$AAn?$AAt?$AAu?$AAs?$AAe?$AAr?$AA?9?$AAd?$AAi?$AAa?$AAl?$AAo?$AAg?$AAb?$AAo?$AAx?$AA?9?$AAl?$AA1?$AA?9?$AA1@ 1000dfa8     libucrt:winapi_thunks.obj
 0002:00000ff0       ??_C@_1EO@FIHMJCLF@?$AAe?$AAx?$AAt?$AA?9?$AAm?$AAs?$AA?9?$AAw?$AAi?$AAn?$AA?9?$AAn?$AAt?$AAu?$AAs?$AAe?$AAr?$AA?9?$AAw?$AAi?$AAn?$AAd?$AAo?$AAw?$AAs?$AAt?$AAa?$AAt?$AAi?$AAo?$AAn?$AA?9@ 1000dff0     libucrt:winapi_thunks.obj
 0002:00001040       ??_C@_1BC@DNHGCMLG@?$AAa?$AAd?$AAv?$AAa?$AAp?$AAi?$AA3?$AA2?$AA?$AA@ 1000e040     libucrt:winapi_thunks.obj
 0002:00001054       ??_C@_1O@BCCLBEOE@?$AAu?$AAs?$AAe?$AAr?$AA3?$AA2?$AA?$AA@ 1000e054     libucrt:winapi_thunks.obj
 0002:0000108c       ??_C@_0BE@JOGNEJCI@GetCurrentPackageId?$AA@ 1000e08c     libucrt:winapi_thunks.obj
 0002:000010b0       ??_C@_0O@KKBNKAPF@LCMapStringEx?$AA@ 1000e0b0     libucrt:winapi_thunks.obj
 0002:000010c8       ??_C@_0BB@HBDEELFH@LocaleNameToLCID?$AA@ 1000e0c8     libucrt:winapi_thunks.obj
 0002:00001258       ??_C@_1M@HPNHIDJI@?$AAj?$AAa?$AA?9?$AAJ?$AAP?$AA?$AA@ 1000e258     libucrt:mbctype.obj
 0002:00001264       ??_C@_1M@BIBDDEMK@?$AAz?$AAh?$AA?9?$AAC?$AAN?$AA?$AA@ 1000e264     libucrt:mbctype.obj
 0002:00001270       ??_C@_1M@JLOOOEGK@?$AAk?$AAo?$AA?9?$AAK?$AAR?$AA?$AA@ 1000e270     libucrt:mbctype.obj
 0002:0000127c       ??_C@_1M@CLNBBOPM@?$AAz?$AAh?$AA?9?$AAT?$AAW?$AA?$AA@ 1000e27c     libucrt:mbctype.obj
 0002:00001288       ??_C@_03KOEHGMDN@Sun?$AA@  1000e288     libucrt:nlsdata.obj
 0002:0000128c       ??_C@_03PDAGKDH@Mon?$AA@   1000e28c     libucrt:nlsdata.obj
 0002:00001290       ??_C@_03NAGEINEP@Tue?$AA@  1000e290     libucrt:nlsdata.obj
 0002:00001294       ??_C@_03MHOMLAJA@Wed?$AA@  1000e294     libucrt:nlsdata.obj
 0002:00001298       ??_C@_03IOFIKPDN@Thu?$AA@  1000e298     libucrt:nlsdata.obj
 0002:0000129c       ??_C@_03IDIOELNC@Fri?$AA@  1000e29c     libucrt:nlsdata.obj
 0002:000012a0       ??_C@_03FEFJNEK@Sat?$AA@   1000e2a0     libucrt:nlsdata.obj
 0002:000012a4       ??_C@_06OOPIFAJ@Sunday?$AA@ 1000e2a4     libucrt:nlsdata.obj
 0002:000012ac       ??_C@_06JLEDEDGH@Monday?$AA@ 1000e2ac     libucrt:nlsdata.obj
 0002:000012b4       ??_C@_07BAAGCFCM@Tuesday?$AA@ 1000e2b4     libucrt:nlsdata.obj
 0002:000012bc       ??_C@_09DLIGFAKA@Wednesday?$AA@ 1000e2bc     libucrt:nlsdata.obj
 0002:000012c8       ??_C@_08HACCIKIA@Thursday?$AA@ 1000e2c8     libucrt:nlsdata.obj
 0002:000012d4       ??_C@_06JECMNKMI@Friday?$AA@ 1000e2d4     libucrt:nlsdata.obj
 0002:000012dc       ??_C@_08INBOOONO@Saturday?$AA@ 1000e2dc     libucrt:nlsdata.obj
 0002:000012e8       ??_C@_03JIHJHPIE@Jan?$AA@  1000e2e8     libucrt:nlsdata.obj
 0002:000012ec       ??_C@_03HJBDCHOM@Feb?$AA@  1000e2ec     libucrt:nlsdata.obj
 0002:000012f0       ??_C@_03ODNJBKGA@Mar?$AA@  1000e2f0     libucrt:nlsdata.obj
 0002:000012f4       ??_C@_03LEOLGMJP@Apr?$AA@  1000e2f4     libucrt:nlsdata.obj
 0002:000012f8       ??_C@_03CNMDKL@May?$AA@    1000e2f8     libucrt:nlsdata.obj
 0002:000012fc       ??_C@_03IDFGHECI@Jun?$AA@  1000e2fc     libucrt:nlsdata.obj
 0002:00001300       ??_C@_03LBGABGKK@Jul?$AA@  1000e300     libucrt:nlsdata.obj
 0002:00001304       ??_C@_03IFJFEIGA@Aug?$AA@  1000e304     libucrt:nlsdata.obj
 0002:00001308       ??_C@_03GGCAPAJC@Sep?$AA@  1000e308     libucrt:nlsdata.obj
 0002:0000130c       ??_C@_03BMAOKBAD@Oct?$AA@  1000e30c     libucrt:nlsdata.obj
 0002:00001310       ??_C@_03JPJOFNIA@Nov?$AA@  1000e310     libucrt:nlsdata.obj
 0002:00001314       ??_C@_03MKABNOCG@Dec?$AA@  1000e314     libucrt:nlsdata.obj
 0002:00001318       ??_C@_07CGJPFGJA@January?$AA@ 1000e318     libucrt:nlsdata.obj
 0002:00001320       ??_C@_08GNJGEPFN@February?$AA@ 1000e320     libucrt:nlsdata.obj
 0002:0000132c       ??_C@_05HPCKOFNC@March?$AA@ 1000e32c     libucrt:nlsdata.obj
 0002:00001334       ??_C@_05DMJDNLEJ@April?$AA@ 1000e334     libucrt:nlsdata.obj
 0002:0000133c       ??_C@_04CNLMGBGM@June?$AA@ 1000e33c     libucrt:nlsdata.obj
 0002:00001344       ??_C@_04MIEPOIFP@July?$AA@ 1000e344     libucrt:nlsdata.obj
 0002:0000134c       ??_C@_06LBBHFDDG@August?$AA@ 1000e34c     libucrt:nlsdata.obj
 0002:00001354       ??_C@_09BHHEALKD@September?$AA@ 1000e354     libucrt:nlsdata.obj
 0002:00001360       ??_C@_07JJNFCEND@October?$AA@ 1000e360     libucrt:nlsdata.obj
 0002:00001368       ??_C@_08HCHEGEOA@November?$AA@ 1000e368     libucrt:nlsdata.obj
 0002:00001374       ??_C@_08EDHMEBNP@December?$AA@ 1000e374     libucrt:nlsdata.obj
 0002:00001380       ??_C@_02DEDBPAFC@AM?$AA@   1000e380     libucrt:nlsdata.obj
 0002:00001384       ??_C@_02CJNFDJBF@PM?$AA@   1000e384     libucrt:nlsdata.obj
 0002:00001388       ??_C@_08BPBNCDIB@MM?1dd?1yy?$AA@ 1000e388     libucrt:nlsdata.obj
 0002:00001394       ??_C@_0BE@CKGJFCPC@dddd?0?5MMMM?5dd?0?5yyyy?$AA@ 1000e394     libucrt:nlsdata.obj
 0002:000013a8       ??_C@_08JCCMCCIL@HH?3mm?3ss?$AA@ 1000e3a8     libucrt:nlsdata.obj
 0002:000013b4       ??_C@_17MBGCMIPB@?$AAS?$AAu?$AAn?$AA?$AA@ 1000e3b4     libucrt:nlsdata.obj
 0002:000013bc       ??_C@_17KBOMKBF@?$AAM?$AAo?$AAn?$AA?$AA@ 1000e3bc     libucrt:nlsdata.obj
 0002:000013c4       ??_C@_17BMKGEGOJ@?$AAT?$AAu?$AAe?$AA?$AA@ 1000e3c4     libucrt:nlsdata.obj
 0002:000013cc       ??_C@_17CJEDCEPE@?$AAW?$AAe?$AAd?$AA?$AA@ 1000e3cc     libucrt:nlsdata.obj
 0002:000013d4       ??_C@_17PDPHAADD@?$AAT?$AAh?$AAu?$AA?$AA@ 1000e3d4     libucrt:nlsdata.obj
 0002:000013dc       ??_C@_17HFOLPPLP@?$AAF?$AAr?$AAi?$AA?$AA@ 1000e3dc     libucrt:nlsdata.obj
 0002:000013e4       ??_C@_17GGIBDPIH@?$AAS?$AAa?$AAt?$AA?$AA@ 1000e3e4     libucrt:nlsdata.obj
 0002:000013ec       ??_C@_1O@IHNHDHPB@?$AAS?$AAu?$AAn?$AAd?$AAa?$AAy?$AA?$AA@ 1000e3ec     libucrt:nlsdata.obj
 0002:000013fc       ??_C@_1O@MMNBFLIA@?$AAM?$AAo?$AAn?$AAd?$AAa?$AAy?$AA?$AA@ 1000e3fc     libucrt:nlsdata.obj
 0002:0000140c       ??_C@_1BA@ENFBFFEK@?$AAT?$AAu?$AAe?$AAs?$AAd?$AAa?$AAy?$AA?$AA@ 1000e40c     libucrt:nlsdata.obj
 0002:0000141c       ??_C@_1BE@EBOGMDOH@?$AAW?$AAe?$AAd?$AAn?$AAe?$AAs?$AAd?$AAa?$AAy?$AA?$AA@ 1000e41c     libucrt:nlsdata.obj
 0002:00001430       ??_C@_1BC@HHMNLIHE@?$AAT?$AAh?$AAu?$AAr?$AAs?$AAd?$AAa?$AAy?$AA?$AA@ 1000e430     libucrt:nlsdata.obj
 0002:00001444       ??_C@_1O@PDICJHAG@?$AAF?$AAr?$AAi?$AAd?$AAa?$AAy?$AA?$AA@ 1000e444     libucrt:nlsdata.obj
 0002:00001454       ??_C@_1BC@ENMNNPAJ@?$AAS?$AAa?$AAt?$AAu?$AAr?$AAd?$AAa?$AAy?$AA?$AA@ 1000e454     libucrt:nlsdata.obj
 0002:00001468       ??_C@_17DKNBKCHM@?$AAJ?$AAa?$AAn?$AA?$AA@ 1000e468     libucrt:nlsdata.obj
 0002:00001470       ??_C@_17LMDJEKJN@?$AAF?$AAe?$AAb?$AA?$AA@ 1000e470     libucrt:nlsdata.obj
 0002:00001478       ??_C@_17CKNLEDEC@?$AAM?$AAa?$AAr?$AA?$AA@ 1000e478     libucrt:nlsdata.obj
 0002:00001480       ??_C@_17LFPOIHDD@?$AAA?$AAp?$AAr?$AA?$AA@ 1000e480     libucrt:nlsdata.obj
 0002:00001488       ??_C@_17PNNKMEED@?$AAM?$AAa?$AAy?$AA?$AA@ 1000e488     libucrt:nlsdata.obj
 0002:00001490       ??_C@_17KCJGOCPB@?$AAJ?$AAu?$AAn?$AA?$AA@ 1000e490     libucrt:nlsdata.obj
 0002:00001498       ??_C@_17IJPCKHK@?$AAJ?$AAu?$AAl?$AA?$AA@ 1000e498     libucrt:nlsdata.obj
 0002:000014a0       ??_C@_17ICPELBCN@?$AAA?$AAu?$AAg?$AA?$AA@ 1000e4a0     libucrt:nlsdata.obj
 0002:000014a8       ??_C@_17HCHCOKMG@?$AAS?$AAe?$AAp?$AA?$AA@ 1000e4a8     libucrt:nlsdata.obj
 0002:000014b0       ??_C@_17FNLKOI@?$AAO?$AAc?$AAt?$AA?$AA@ 1000e4b0     libucrt:nlsdata.obj
 0002:000014b8       ??_C@_17BBDMLCIG@?$AAN?$AAo?$AAv?$AA?$AA@ 1000e4b8     libucrt:nlsdata.obj
 0002:000014c0       ??_C@_17EGKACKIF@?$AAD?$AAe?$AAc?$AA?$AA@ 1000e4c0     libucrt:nlsdata.obj
 0002:000014c8       ??_C@_1BA@EFMEIEBA@?$AAJ?$AAa?$AAn?$AAu?$AAa?$AAr?$AAy?$AA?$AA@ 1000e4c8     libucrt:nlsdata.obj
 0002:000014d8       ??_C@_1BC@JGDDFFAM@?$AAF?$AAe?$AAb?$AAr?$AAu?$AAa?$AAr?$AAy?$AA?$AA@ 1000e4d8     libucrt:nlsdata.obj
 0002:000014ec       ??_C@_1M@IKEENEDF@?$AAM?$AAa?$AAr?$AAc?$AAh?$AA?$AA@ 1000e4ec     libucrt:nlsdata.obj
 0002:000014f8       ??_C@_1M@GJNLMHFD@?$AAA?$AAp?$AAr?$AAi?$AAl?$AA?$AA@ 1000e4f8     libucrt:nlsdata.obj
 0002:00001504       ??_C@_19EPFLPGAP@?$AAJ?$AAu?$AAn?$AAe?$AA?$AA@ 1000e504     libucrt:nlsdata.obj
 0002:00001510       ??_C@_19BIFMLPCD@?$AAJ?$AAu?$AAl?$AAy?$AA?$AA@ 1000e510     libucrt:nlsdata.obj
 0002:0000151c       ??_C@_1O@PAHLKOAC@?$AAA?$AAu?$AAg?$AAu?$AAs?$AAt?$AA?$AA@ 1000e51c     libucrt:nlsdata.obj
 0002:0000152c       ??_C@_1BE@DKAAMBJL@?$AAS?$AAe?$AAp?$AAt?$AAe?$AAm?$AAb?$AAe?$AAr?$AA?$AA@ 1000e52c     libucrt:nlsdata.obj
 0002:00001540       ??_C@_1BA@EPANDLNG@?$AAO?$AAc?$AAt?$AAo?$AAb?$AAe?$AAr?$AA?$AA@ 1000e540     libucrt:nlsdata.obj
 0002:00001550       ??_C@_1BC@BGLIFPF@?$AAN?$AAo?$AAv?$AAe?$AAm?$AAb?$AAe?$AAr?$AA?$AA@ 1000e550     libucrt:nlsdata.obj
 0002:00001564       ??_C@_1BC@FEMKIFH@?$AAD?$AAe?$AAc?$AAe?$AAm?$AAb?$AAe?$AAr?$AA?$AA@ 1000e564     libucrt:nlsdata.obj
 0002:00001578       ??_C@_15ODEHAHHF@?$AAA?$AAM?$AA?$AA@ 1000e578     libucrt:nlsdata.obj
 0002:00001580       ??_C@_15CLMNNGEL@?$AAP?$AAM?$AA?$AA@ 1000e580     libucrt:nlsdata.obj
 0002:00001588       ??_C@_1BC@IEBCMHCM@?$AAM?$AAM?$AA?1?$AAd?$AAd?$AA?1?$AAy?$AAy?$AA?$AA@ 1000e588     libucrt:nlsdata.obj
 0002:0000159c       ??_C@_1CI@KNAKOEBC@?$AAd?$AAd?$AAd?$AAd?$AA?0?$AA?5?$AAM?$AAM?$AAM?$AAM?$AA?5?$AAd?$AAd?$AA?0?$AA?5?$AAy?$AAy?$AAy?$AAy?$AA?$AA@ 1000e59c     libucrt:nlsdata.obj
 0002:000015c4       ??_C@_1BC@GDGBMEMK@?$AAH?$AAH?$AA?3?$AAm?$AAm?$AA?3?$AAs?$AAs?$AA?$AA@ 1000e5c4     libucrt:nlsdata.obj
 0002:000015d8       ??_C@_1M@BMHNFIME@?$AAe?$AAn?$AA?9?$AAU?$AAS?$AA?$AA@ 1000e5d8     libucrt:nlsdata.obj
 0002:000015e8       ___lc_time_c               1000e5e8     libucrt:nlsdata.obj
 0002:00001750       ___newctype                1000e750     libucrt:ctype.obj
 0002:00001a50       ___newclmap                1000ea50     libucrt:ctype.obj
 0002:00001bd0       ___newcumap                1000ebd0     libucrt:ctype.obj
 0002:00002470       ??_C@_15EMKDOKLE@?$AAa?$AAr?$AA?$AA@ 1000f470     libucrt:lcidtoname_downlevel.obj
 0002:00002478       ??_C@_15KNPADPLH@?$AAb?$AAg?$AA?$AA@ 1000f478     libucrt:lcidtoname_downlevel.obj
 0002:00002480       ??_C@_15EDMHLDMO@?$AAc?$AAa?$AA?$AA@ 1000f480     libucrt:lcidtoname_downlevel.obj
 0002:00002488       ??_C@_1O@BPEAJADD@?$AAz?$AAh?$AA?9?$AAC?$AAH?$AAS?$AA?$AA@ 1000f488     libucrt:lcidtoname_downlevel.obj
 0002:00002498       ??_C@_15LJNHCMNK@?$AAc?$AAs?$AA?$AA@ 1000f498     libucrt:lcidtoname_downlevel.obj
 0002:000024a0       ??_C@_15FOMCIDHG@?$AAd?$AAa?$AA?$AA@ 1000f4a0     libucrt:lcidtoname_downlevel.obj
 0002:000024a8       ??_C@_15NBKABECB@?$AAd?$AAe?$AA?$AA@ 1000f4a8     libucrt:lcidtoname_downlevel.obj
 0002:000024b0       ??_C@_15GHPEIIAO@?$AAe?$AAl?$AA?$AA@ 1000f4b0     libucrt:lcidtoname_downlevel.obj
 0002:000024b8       ??_C@_15MNPNEAIF@?$AAe?$AAn?$AA?$AA@ 1000f4b8     libucrt:lcidtoname_downlevel.obj
 0002:000024c0       ??_C@_15GPIOMPMH@?$AAe?$AAs?$AA?$AA@ 1000f4c0     libucrt:lcidtoname_downlevel.obj
 0002:000024c8       ??_C@_15NGLOAKJC@?$AAf?$AAi?$AA?$AA@ 1000f4c8     libucrt:lcidtoname_downlevel.obj
 0002:000024d0       ??_C@_15FBKGNKAM@?$AAf?$AAr?$AA?$AA@ 1000f4d0     libucrt:lcidtoname_downlevel.obj
 0002:000024d8       ??_C@_15KGGCNEFK@?$AAh?$AAe?$AA?$AA@ 1000f4d8     libucrt:lcidtoname_downlevel.obj
 0002:000024e0       ??_C@_15PGHLIDMF@?$AAh?$AAu?$AA?$AA@ 1000f4e0     libucrt:lcidtoname_downlevel.obj
 0002:000024e8       ??_C@_15BIEMAPLM@?$AAi?$AAs?$AA?$AA@ 1000f4e8     libucrt:lcidtoname_downlevel.obj
 0002:000024f0       ??_C@_15IFJLDHAF@?$AAi?$AAt?$AA?$AA@ 1000f4f0     libucrt:lcidtoname_downlevel.obj
 0002:000024f8       ??_C@_15GEMIOCAG@?$AAj?$AAa?$AA?$AA@ 1000f4f8     libucrt:lcidtoname_downlevel.obj
 0002:00002500       ??_C@_15EPELEGJA@?$AAk?$AAo?$AA?$AA@ 1000f500     libucrt:lcidtoname_downlevel.obj
 0002:00002508       ??_C@_15NDDHIMN@?$AAn?$AAl?$AA?$AA@ 1000f508     libucrt:lcidtoname_downlevel.obj
 0002:00002510       ??_C@_15BPIGNHCD@?$AAn?$AAo?$AA?$AA@ 1000f510     libucrt:lcidtoname_downlevel.obj
 0002:00002518       ??_C@_15DEOPBLCG@?$AAp?$AAl?$AA?$AA@ 1000f518     libucrt:lcidtoname_downlevel.obj
 0002:00002520       ??_C@_15KBECGEFG@?$AAp?$AAt?$AA?$AA@ 1000f520     libucrt:lcidtoname_downlevel.obj
 0002:00002528       ??_C@_15GLJCBFMD@?$AAr?$AAo?$AA?$AA@ 1000f528     libucrt:lcidtoname_downlevel.obj
 0002:00002530       ??_C@_15FEDGKCDI@?$AAr?$AAu?$AA?$AA@ 1000f530     libucrt:lcidtoname_downlevel.obj
 0002:00002538       ??_C@_15GLKMLLHM@?$AAh?$AAr?$AA?$AA@ 1000f538     libucrt:lcidtoname_downlevel.obj
 0002:00002540       ??_C@_15CPKMFBDB@?$AAs?$AAk?$AA?$AA@ 1000f540     libucrt:lcidtoname_downlevel.obj
 0002:00002548       ??_C@_15BAAIOGMK@?$AAs?$AAq?$AA?$AA@ 1000f548     libucrt:lcidtoname_downlevel.obj
 0002:00002550       ??_C@_15INNPNOHD@?$AAs?$AAv?$AA?$AA@ 1000f550     libucrt:lcidtoname_downlevel.obj
 0002:00002558       ??_C@_15CABMMOGH@?$AAt?$AAh?$AA?$AA@ 1000f558     libucrt:lcidtoname_downlevel.obj
 0002:00002560       ??_C@_15BPLIHJJM@?$AAt?$AAr?$AA?$AA@ 1000f560     libucrt:lcidtoname_downlevel.obj
 0002:00002568       ??_C@_15NEOEKKDJ@?$AAu?$AAr?$AA?$AA@ 1000f568     libucrt:lcidtoname_downlevel.obj
 0002:00002570       ??_C@_15NFICGAJK@?$AAi?$AAd?$AA?$AA@ 1000f570     libucrt:lcidtoname_downlevel.obj
 0002:00002578       ??_C@_15PJPFLCCM@?$AAu?$AAk?$AA?$AA@ 1000f578     libucrt:lcidtoname_downlevel.obj
 0002:00002580       ??_C@_15HPJPHDM@?$AAb?$AAe?$AA?$AA@ 1000f580     libucrt:lcidtoname_downlevel.obj
 0002:00002588       ??_C@_15LCHLGJII@?$AAs?$AAl?$AA?$AA@ 1000f588     libucrt:lcidtoname_downlevel.obj
 0002:00002590       ??_C@_15PCFJPHHO@?$AAe?$AAt?$AA?$AA@ 1000f590     libucrt:lcidtoname_downlevel.obj
 0002:00002598       ??_C@_15HPFPGODN@?$AAl?$AAv?$AA?$AA@ 1000f598     libucrt:lcidtoname_downlevel.obj
 0002:000025a0       ??_C@_15NFFGKGLG@?$AAl?$AAt?$AA?$AA@ 1000f5a0     libucrt:lcidtoname_downlevel.obj
 0002:000025a8       ??_C@_15BDAKCCHN@?$AAf?$AAa?$AA?$AA@ 1000f5a8     libucrt:lcidtoname_downlevel.obj
 0002:000025b0       ??_C@_15NFGIAIAJ@?$AAv?$AAi?$AA?$AA@ 1000f5b0     libucrt:lcidtoname_downlevel.obj
 0002:000025b8       ??_C@_15LMKNDMHN@?$AAh?$AAy?$AA?$AA@ 1000f5b8     libucrt:lcidtoname_downlevel.obj
 0002:000025c0       ??_C@_15IJBHMCFL@?$AAa?$AAz?$AA?$AA@ 1000f5c0     libucrt:lcidtoname_downlevel.obj
 0002:000025c8       ??_C@_15EKOFJABL@?$AAe?$AAu?$AA?$AA@ 1000f5c8     libucrt:lcidtoname_downlevel.obj
 0002:000025d0       ??_C@_15BGHADCNK@?$AAm?$AAk?$AA?$AA@ 1000f5d0     libucrt:lcidtoname_downlevel.obj
 0002:000025d8       ??_C@_15JDNICKHM@?$AAa?$AAf?$AA?$AA@ 1000f5d8     libucrt:lcidtoname_downlevel.obj
 0002:000025e0       ??_C@_15KPJEDBKD@?$AAk?$AAa?$AA?$AA@ 1000f5e0     libucrt:lcidtoname_downlevel.obj
 0002:000025e8       ??_C@_15PDNFFFEO@?$AAf?$AAo?$AA?$AA@ 1000f5e8     libucrt:lcidtoname_downlevel.obj
 0002:000025f0       ??_C@_15OMLEGLOC@?$AAh?$AAi?$AA?$AA@ 1000f5f0     libucrt:lcidtoname_downlevel.obj
 0002:000025f8       ??_C@_15IDNNENKK@?$AAm?$AAs?$AA?$AA@ 1000f5f8     libucrt:lcidtoname_downlevel.obj
 0002:00002600       ??_C@_15MACJNBMH@?$AAk?$AAk?$AA?$AA@ 1000f600     libucrt:lcidtoname_downlevel.obj
 0002:00002608       ??_C@_15DKDJEOND@?$AAk?$AAy?$AA?$AA@ 1000f608     libucrt:lcidtoname_downlevel.obj
 0002:00002610       ??_C@_15DFGDLJBG@?$AAs?$AAw?$AA?$AA@ 1000f610     libucrt:lcidtoname_downlevel.obj
 0002:00002618       ??_C@_15BBFAICNG@?$AAu?$AAz?$AA?$AA@ 1000f618     libucrt:lcidtoname_downlevel.obj
 0002:00002620       ??_C@_15DKNDCGEA@?$AAt?$AAt?$AA?$AA@ 1000f620     libucrt:lcidtoname_downlevel.obj
 0002:00002628       ??_C@_15MGIFMDPL@?$AAp?$AAa?$AA?$AA@ 1000f628     libucrt:lcidtoname_downlevel.obj
 0002:00002630       ??_C@_15HCNDBBA@?$AAg?$AAu?$AA?$AA@ 1000f630     libucrt:lcidtoname_downlevel.obj
 0002:00002638       ??_C@_15FNBEIBON@?$AAt?$AAa?$AA?$AA@ 1000f638     libucrt:lcidtoname_downlevel.obj
[...]
 0001:000071f0       ?swap@@YAXPAD0I@Z          100081f0 f   libucrt:qsort.obj
 0001:000075ca       ??$common_tcsncpy_s@D@@YAHQADIQBDI@Z 100085ca f   libucrt:strncpy_s.obj
 0001:00007690       $$000000                   10008690     libucrt:strpbrk.obj
 0001:00007774       ?initialize_multibyte@@YAHXZ 10008774 f   libucrt:multibyte_initializer.obj
 0001:000078c0       ?__acrt_LCMapStringA_stat@@YAHPAU__crt_locale_pointers@@PB_WKPBDHPADHHH@Z 100088c0 f   libucrt:lcmapstringa.obj
 0001:00007f58       _common_flush_all          10008f58 f   libucrt:fflush.obj
 0001:000082ae       ?free_crt_array_internal@@YAXQAPBXI@Z 100092ae f   libucrt:inittime.obj
 0001:0000851f       ?write_double_translated_ansi_nolock@@YA?AUwrite_result@?A0x47fa6670@@HQBDI@Z 1000951f f   libucrt:write.obj
 0001:000086d2       ?write_double_translated_unicode_nolock@@YA?AUwrite_result@?A0x47fa6670@@QBDI@Z 100096d2 f   libucrt:write.obj
 0001:0000873f       ?write_requires_double_translation_nolock@@YA_NH@Z 1000973f f   libucrt:write.obj
 0001:000087b5       ?write_text_ansi_nolock@@YA?AUwrite_result@?A0x47fa6670@@HQBDI@Z 100097b5 f   libucrt:write.obj
 0001:00008894       ?write_text_utf16le_nolock@@YA?AUwrite_result@?A0x47fa6670@@HQBDI@Z 10009894 f   libucrt:write.obj
 0001:00008982       ?write_text_utf8_nolock@@YA?AUwrite_result@?A0x47fa6670@@HQBDI@Z 10009982 f   libucrt:write.obj
 0001:00008db0       $$000000                   10009db0     libucrt:log10.obj
 0001:00008f00       $$000000                   10009f00     libucrt:ceil_pentium4.obj
 0001:0000901d       ??$common_lseek_nolock@_J@@YA_JH_JH@Z 1000a01d f   libucrt:lseek.obj
 0001:000091b0       $$000000                   1000a1b0     libucrt:_strnicm.obj
 0001:00009270       $$000000                   1000a270     libucrt:log10_pentium4.obj
 0001:00009500       $$000000                   1000a500     libucrt:87tran.obj
 0001:00009700       $$000000                   1000a700     libucrt:87disp.obj
 0001:00009900       $$000000                   1000a900     libucrt:common.obj
 0001:00009a90       $$000000                   1000aa90     libucrt:genexcep.obj
 0001:0000ad80       $$000000                   1000bd80     LIBCMT:ulldvrm.obj
 0001:0000ae20       $$000000                   1000be20     LIBCMT:_sehprolg4gs_.obj
 0001:0000ae80       $$000000                   1000be80     LIBCMT:llmul.obj
 0001:0000aec0       $$000000                   1000bec0     LIBCMT:lldvrm.obj
 0001:0000afa0       $$000000                   1000bfa0     LIBCMT:ullshr.obj
 0001:0000afc0       $$000000                   1000bfc0     LIBCMT:alloca16.obj
 0001:0000aff0       $$000000                   1000bff0     LIBCMT:llshl.obj
 0001:0000b010       $$000000                   1000c010     LIBCMT:_ftol2_.obj
 0001:0000b0d0       $$000000                   1000c0d0     LIBCMT:chkstk.obj
 0001:0000b100       $$000000                   1000c100     libvcruntime:memcpy.obj
 0001:0000b364       TrailingUpVec              1000c364     libvcruntime:memcpy.obj
 0001:0000b410       TrailingDownVec            1000c410     libvcruntime:memcpy.obj
 0001:0000b680       $$000000                   1000c680     LIBCMT:lldiv.obj
 0001:0000b730       $$000000                   1000c730     LIBCMT:ulldiv.obj
 0002:000001c0       _GS_ExceptionPointers      1000d1c0     LIBCMT:gs_report.obj
 0002:000001d0       ?tokenTable@@3QBQBDB       1000d1d0     libvcruntime:undname.obj
 0002:00000208       ?nameTable@@3QBQBDB        1000d208     libvcruntime:undname.obj
 0002:00000350       ?rttiTable@@3QBQBDB        1000d350     libvcruntime:undname.obj
 0002:00000948       ?module_names@?A0x58e6d967@@3QBQB_WB 1000d948     libvcruntime:winapi_downlevel.obj
 0002:00000a00       ?candidate_modules@?1??try_get_FlsAlloc@@YAP6GKP6GXPAX@Z@ZXZ@4QBW4module_id@?A0x58e6d967@@B 1000da00     libvcruntime:winapi_downlevel.obj
 0002:00000a14       ?candidate_modules@?1??try_get_FlsFree@@YAP6GHK@ZXZ@4QBW4module_id@?A0x58e6d967@@B 1000da14     libvcruntime:winapi_downlevel.obj
 0002:00000a24       ?candidate_modules@?1??try_get_FlsGetValue@@YAP6GPAXK@ZXZ@4QBW4module_id@?A0x58e6d967@@B 1000da24     libvcruntime:winapi_downlevel.obj
 0002:00000a38       ?candidate_modules@?1??try_get_FlsSetValue@@YAP6GHKPAX@ZXZ@4QBW4module_id@?A0x58e6d967@@B 1000da38     libvcruntime:winapi_downlevel.obj
 0002:00000a4c       ?candidate_modules@?1??try_get_InitializeCriticalSectionEx@@YAP6GHPAU_RTL_CRITICAL_SECTION@@KK@ZXZ@4QBW4module_id@?A0x58e6d967@@B 1000da4c     libvcruntime:winapi_downlevel.obj
 0002:00000b38       ___acrt_initializers       1000db38     libucrt:initialization.obj
 0002:00000bb0       _module_names              1000dbb0     libucrt:winapi_thunks.obj
 0002:00001064       ?candidate_modules@?1??try_get_FlsAlloc@@YAP6GKP6GXPAX@Z@ZXZ@4QBW4module_id@?A0x352e5c4b@@B 1000e064     libucrt:winapi_thunks.obj
 0002:0000106c       ?candidate_modules@?1??try_get_FlsFree@@YAP6GHK@ZXZ@4QBW4module_id@?A0x352e5c4b@@B 1000e06c     libucrt:winapi_thunks.obj
 0002:00001074       ?candidate_modules@?1??try_get_FlsGetValue@@YAP6GPAXK@ZXZ@4QBW4module_id@?A0x352e5c4b@@B 1000e074     libucrt:winapi_thunks.obj
 0002:0000107c       ?candidate_modules@?1??try_get_FlsSetValue@@YAP6GHKPAX@ZXZ@4QBW4module_id@?A0x352e5c4b@@B 1000e07c     libucrt:winapi_thunks.obj
 0002:00001084       ?candidate_modules@?1??try_get_GetCurrentPackageId@@YAP6GJPAIPAE@ZXZ@4QBW4module_id@?A0x352e5c4b@@B 1000e084     libucrt:winapi_thunks.obj
 0002:000010a0       ?candidate_modules@?1??try_get_InitializeCriticalSectionEx@@YAP6GHPAU_RTL_CRITICAL_SECTION@@KK@ZXZ@4QBW4module_id@?A0x352e5c4b@@B 1000e0a0     libucrt:winapi_thunks.obj
 0002:000010a8       ?candidate_modules@?1??try_get_LCMapStringEx@@YAP6GHPB_WK0HPA_WHPAU_nlsversioninfo@@PAXJ@ZXZ@4QBW4module_id@?A0x352e5c4b@@B 1000e0a8     libucrt:winapi_thunks.obj
 0002:000010c0       ?candidate_modules@?1??try_get_LocaleNameToLCID@@YAP6GKPB_WK@ZXZ@4QBW4module_id@?A0x352e5c4b@@B 1000e0c0     libucrt:winapi_thunks.obj
 0002:000010e0       _errtable                  1000e0e0     libucrt:errno.obj
 0002:00001248       __mb_locale_names          1000e248     libucrt:mbctype.obj
 0002:00001d50       _LcidToLocaleNameTable     1000ed50     libucrt:lcidtoname_downlevel.obj
 0002:00002e78       _LocaleNameToIndexTable    1000fe78     libucrt:lcidtoname_downlevel.obj
 0002:00003dd0       LOG_name                   10010dd0     libucrt:log10.obj
 0002:00003de0       _One                       10010de0     libucrt:ceil_pentium4.obj
 0002:00003df0       _Bns                       10010df0     libucrt:ceil_pentium4.obj
 0002:00003e00       _Zero                      10010e00     libucrt:ceil_pentium4.obj
 0002:00003e10       _S                         10010e10     libucrt:ceil_pentium4.obj
 0002:00003e20       _NegZero                   10010e20     libucrt:ceil_pentium4.obj
 0002:00003e30       emask                      10010e30     libucrt:log10_pentium4.obj
 0002:00003e40       CC                         10010e40     libucrt:log10_pentium4.obj
 0002:00003e50       Magic                      10010e50     libucrt:log10_pentium4.obj
 0002:00003e60       hi_mask                    10010e60     libucrt:log10_pentium4.obj
 0002:00003e70       LOG10_2                    10010e70     libucrt:log10_pentium4.obj
 0002:00003e80       place_L                    10010e80     libucrt:log10_pentium4.obj
 0002:00003ea0       One                        10010ea0     libucrt:log10_pentium4.obj
 0002:00003eb0       Zero                       10010eb0     libucrt:log10_pentium4.obj
 0002:00003ec0       Two52                      10010ec0     libucrt:log10_pentium4.obj
 0002:00003ed0       Infs                       10010ed0     libucrt:log10_pentium4.obj
 0002:00003ee0       NaN                        10010ee0     libucrt:log10_pentium4.obj
 0002:00003ef0       coeff                      10010ef0     libucrt:log10_pentium4.obj
 0002:00003f4e       _log2max                   10010f4e     libucrt:87tran.obj
 0002:00003f58       _smallarg                  10010f58     libucrt:87tran.obj
 0002:00003f62       _half                      10010f62     libucrt:87tran.obj
 0002:00003fae       One                        10010fae     libucrt:87disp.obj
 0002:00003fb6       Three                      10010fb6     libucrt:87disp.obj
 0002:00003fbe       XAMtoTagTab                10010fbe     libucrt:87disp.obj
 0002:00003fd0       One                        10010fd0     libucrt:common.obj
 0002:00003fe4       DblMax                     10010fe4     libucrt:common.obj
 0002:00003fec       DblMin                     10010fec     libucrt:common.obj
 0002:00003ff4       IeeeAdjO                   10010ff4     libucrt:common.obj
 0002:00003ffc       IeeeAdjU                   10010ffc     libucrt:common.obj
 0002:00004004       _infinity                  10011004     libucrt:common.obj
 0002:0000400c       _zero                      1001100c     libucrt:common.obj
 0002:00004058       _over                      10011058     libucrt:fpctrl.obj
 0002:00004064       _under                     10011064     libucrt:fpctrl.obj
 0002:00004928       ?_names@?1??_get_fname@@9@9 10011928     libucrt:fpexcept.obj
 0002:00005078       __sehtable$?SetThreadName@@YAXKPAD@Z 10012078     WThreads.obj
 0002:00005098       __sehtable$?dllmain_crt_process_attach@@YAHQAUHINSTANCE__@@QAX@Z 10012098     LIBCMT:dll_dllmain.obj
 0002:000050b8       __sehtable$?dllmain_crt_process_detach@@YAH_N@Z 100120b8     LIBCMT:dll_dllmain.obj
 0002:000050d8       __sehtable$?dllmain_dispatch@@YAHQAUHINSTANCE__@@KQAX@Z 100120d8     LIBCMT:dll_dllmain.obj
 0002:000050f8       __sehtable$___scrt_is_nonwritable_in_current_image 100120f8     LIBCMT:utility.obj
 0002:00005118       __sehtable$___DestructExceptionObject 10012118     libvcruntime:frame.obj
 0002:00005138       __sehtable$?common_exit@@YAXHW4_crt_exit_cleanup_mode@@W4_crt_exit_return_mode@@@Z 10012138     libucrt:exit.obj
 0002:00005160       __sehtable$??$?RV<lambda_995298e7d72eb4c2aab26c0585b3abe5>@@AAV<lambda_275893d493268fdec8709772e3fcec0e>@@V<lambda_293819299cbf9a7022e18b56a874bb5c>@@@?$__crt_seh_guarded_call@H@@QAEH$$QAV<lambda_995298e7d72eb4c2aab26c0585b3abe5>@@AAV<lambda_275893d493268fdec8709772e3fcec0e>@@$$QAV<lambda_293819299cbf9a7022e18b56a874bb5c>@@@Z 10012160     libucrt:onexit.obj
 0002:00005180       __sehtable$_terminate      10012180     libucrt:terminate.obj
 0002:000051a0       __sehtable$??$?RV<lambda_9df27f884b057bc3edfc946cb5b7cf47>@@AAV<lambda_e69574bed617af4e071282c136b37893>@@V<lambda_cc0d902bcbbeb830f749456577db4721>@@@?$__crt_seh_guarded_call@X@@QAEX$$QAV<lambda_9df27f884b057bc3edfc946cb5b7cf47>@@AAV<lambda_e69574bed617af4e071282c136b37893>@@$$QAV<lambda_cc0d902bcbbeb830f749456577db4721>@@@Z 100121a0     libucrt:per_thread_data.obj
 0002:000051c0       __sehtable$??$?RV<lambda_3518db117f0e7cdb002338c5d3c47b6c>@@AAV<lambda_b2ea41f6bbb362cd97d94c6828d90b61>@@V<lambda_abdedf541bb04549bc734292b4a045d4>@@@?$__crt_seh_guarded_call@X@@QAEX$$QAV<lambda_3518db117f0e7cdb002338c5d3c47b6c>@@AAV<lambda_b2ea41f6bbb362cd97d94c6828d90b61>@@$$QAV<lambda_abdedf541bb04549bc734292b4a045d4>@@@Z 100121c0     libucrt:per_thread_data.obj
 0002:000051e0       __sehtable$??$?RV<lambda_51b6e8b1eb166f2a3faf91f424b38130>@@AAV<lambda_6250bd4b2a391816dd638c3bf72b0bcb>@@V<lambda_0b5a4a3e68152e1d9b943535f5f47bed>@@@?$__crt_seh_guarded_call@X@@QAEX$$QAV<lambda_51b6e8b1eb166f2a3faf91f424b38130>@@AAV<lambda_6250bd4b2a391816dd638c3bf72b0bcb>@@$$QAV<lambda_0b5a4a3e68152e1d9b943535f5f47bed>@@@Z 100121e0     libucrt:per_thread_data.obj
 0002:00005200       __sehtable$??$?RV<lambda_5b71d36f03204c0beab531769a5b5694>@@AAV<lambda_be2b3da3f62db62e9dad5dc70221a656>@@V<lambda_8f9ce462984622f9bf76b59e2aaaf805>@@@?$__crt_seh_guarded_call@X@@QAEX$$QAV<lambda_5b71d36f03204c0beab531769a5b5694>@@AAV<lambda_be2b3da3f62db62e9dad5dc70221a656>@@$$QAV<lambda_8f9ce462984622f9bf76b59e2aaaf805>@@@Z 10012200     libucrt:per_thread_data.obj
 0002:00005220       __sehtable$___acrt_update_thread_multibyte_data 10012220     libucrt:mbctype.obj
 0002:00005240       __sehtable$??$?RV<lambda_978dc153c237d78434369da87b74ff60>@@AAV<lambda_ad1ced32f4ac17aa236e5ef05d6b3b7c>@@V<lambda_4a8533e2866a575feecb8298ce776b0d>@@@?$__crt_seh_guarded_call@X@@QAEX$$QAV<lambda_978dc153c237d78434369da87b74ff60>@@AAV<lambda_ad1ced32f4ac17aa236e5ef05d6b3b7c>@@$$QAV<lambda_4a8533e2866a575feecb8298ce776b0d>@@@Z 10012240     libucrt:mbctype.obj
 0002:00005260       __sehtable$___acrt_initialize_lowio 10012260     libucrt:ioinit.obj
 0002:00005280       __sehtable$__query_new_handler 10012280     libucrt:new_handler.obj
 0002:000052a0       __sehtable$_raise          100122a0     libucrt:signal.obj
 0002:000052c0       __sehtable$??$?RV<lambda_a048d3beccc847880fc8490e18b82769>@@AAV<lambda_ec61778202f4f5fc7e7711acc23c3bca>@@V<lambda_f7496a158712204296dd6628a163878e>@@@?$__crt_seh_guarded_call@P6AXH@Z@@QAEP6AXH@Z$$QAV<lambda_a048d3beccc847880fc8490e18b82769>@@AAV<lambda_ec61778202f4f5fc7e7711acc23c3bca>@@$$QAV<lambda_f7496a158712204296dd6628a163878e>@@@Z 100122c0     libucrt:signal.obj
 0002:000052e0       __sehtable$___acrt_uninitialize_locale 100122e0     libucrt:wsetlocale.obj
 0002:00005300       __sehtable$___acrt_update_thread_locale_data 10012300     libucrt:locale_refcounting.obj
 0002:00005320       __sehtable$___acrt_lowio_ensure_fh_exists 10012320     libucrt:osfinfo.obj
 0002:00005340       __sehtable$_common_flush_all 10012340     libucrt:fflush.obj
 0002:00005368       __sehtable$__fcloseall     10012368     libucrt:closeall.obj
 0002:00005388       __sehtable$??$?RV<lambda_61cee617f5178ae960314fd4d05640a0>@@AAV<lambda_6978c1fb23f02e42e1d9e99668cc68aa>@@V<lambda_9cd88cf8ad10232537feb2133f08c833>@@@?$__crt_seh_guarded_call@H@@QAEH$$QAV<lambda_61cee617f5178ae960314fd4d05640a0>@@AAV<lambda_6978c1fb23f02e42e1d9e99668cc68aa>@@$$QAV<lambda_9cd88cf8ad10232537feb2133f08c833>@@@Z 10012388     libucrt:commit.obj
 0002:000053a8       __sehtable$__write         100123a8     libucrt:write.obj
 0002:000053c8       __sehtable$_fclose         100123c8     libucrt:fclose.obj
 0002:000053e8       __sehtable$??$?RV<lambda_123407a5e2ac06da108355a851863b7a>@@AAV<lambda_2fe9b910cf3cbf4a0ab98a02ba45b3ec>@@V<lambda_ae55bdf541ad94d75914d381c370e64d>@@@?$__crt_seh_guarded_call@H@@QAEH$$QAV<lambda_123407a5e2ac06da108355a851863b7a>@@AAV<lambda_2fe9b910cf3cbf4a0ab98a02ba45b3ec>@@$$QAV<lambda_ae55bdf541ad94d75914d381c370e64d>@@@Z 100123e8     libucrt:close.obj
 0002:00005408       __sehtable$__IsNonwritableInCurrentImage 10012408     LIBCMT:pesect.obj
 0002:00005430       .edata                     10012430     gdi+.t32.exp
 0002:00005458       rgpv                       10012458     gdi+.t32.exp
 0002:0000546c       rgszName                   1001246c     gdi+.t32.exp
 0002:00005480       rgwOrd                     10012480     gdi+.t32.exp
 0002:0000548a       szName                     1001248a     gdi+.t32.exp
 0002:00005493       $N00001                    10012493     gdi+.t32.exp
 0002:0000549e       $N00002                    1001249e     gdi+.t32.exp
 0002:000054a7       $N00003                    100124a7     gdi+.t32.exp
 0002:000054b0       $N00004                    100124b0     gdi+.t32.exp
 0002:000054b9       $N00005                    100124b9     gdi+.t32.exp
 0002:00005882       .idata$6                   10012882     kernel32:KERNEL32.dll
 0002:000058c6       .idata$6                   100128c6     user32:USER32.dll
 0002:0000593c       .idata$6                   1001293c     gdi32:GDI32.dll
 0002:00005968       .idata$6                   10012968     ole32:ole32.dll
 0003:00000020       ?__vcrt_flsindex@@3KA      10013020     libvcruntime:per_thread_data.obj
 0003:00000044       ___acrt_flsindex           10013044     libucrt:per_thread_data.obj
 0003:00000048       _errno_no_memory           10013048     libucrt:errno.obj
 0003:0000004c       _doserrno_no_memory        1001304c     libucrt:errno.obj
 0003:00000050       ___rgctypeflag             10013050     libucrt:mbctype.obj
 0003:00000058       ___rgcode_page_info        10013058     libucrt:mbctype.obj
 0003:00000770       _GS_ExceptionRecord        10013770     LIBCMT:gs_report.obj
 0003:000007c0       _GS_ContextRecord          100137c0     LIBCMT:gs_report.obj
 0003:00000a8c       ?__proc_attached@@3HA      10013a8c     LIBCMT:dll_dllmain.obj
 0003:00000ab0       ?module_local_atexit_table@@3U_onexit_table_t@@A 10013ab0     LIBCMT:utility.obj
 0003:00000abc       ?module_local_at_quick_exit_table@@3U_onexit_table_t@@A 10013abc     LIBCMT:utility.obj
 0003:00000ac8       ?module_local_atexit_table_initialized@@3_NA 10013ac8     LIBCMT:utility.obj
 0003:00000ac9       ?is_initialized_as_dll@@3_NA 10013ac9     LIBCMT:utility.obj
 0003:00000adc       ?__vcrt_startup_thread_ptd@@3U__vcrt_ptd@@A 10013adc     libvcruntime:per_thread_data.obj
 0003:00000b2c       ?heap@@3V_HeapManager@@A   10013b2c     libvcruntime:undname.obj
 0003:00000b40       ___vcrt_lock_table         10013b40     libvcruntime:locks.obj
 0003:00000b58       ___vcrt_locks_initialized  10013b58     libvcruntime:locks.obj
 0003:00000b5c       ?module_handles@@3PAPAUHINSTANCE__@@A 10013b5c     libvcruntime:winapi_downlevel.obj
 0003:00000b68       ?encoded_function_pointers@@3PAPAXA 10013b68     libvcruntime:winapi_downlevel.obj
 0003:00000b80       _c_termination_complete    10013b80     libucrt:exit.obj
 0003:00000b84       _thread_local_exit_callback_func 10013b84     libucrt:exit.obj
 0003:00000b88       ?c_exit_complete@?5??common_exit@@YAXHW4_crt_exit_cleanup_mode@@W4_crt_exit_return_mode@@@Z@4_NA 10013b88     libucrt:exit.obj
 0003:00000b90       ?program_name@?5???$common_configure_argv@D@@YAHW4_crt_argv_mode@@@Z@4PADA 10013b90     libucrt:argv_parsing.obj
 0003:00000cc0       ___acrt_lock_table         10013cc0     libucrt:locks.obj
 0003:00000df8       ___acrt_locks_initialized  10013df8     libucrt:locks.obj
 0003:00000e00       _module_handles            10013e00     libucrt:winapi_thunks.obj
 0003:00000e50       _encoded_function_pointers 10013e50     libucrt:winapi_thunks.obj
 0003:00000ed0       ?state_cache@?1??__acrt_is_packaged_app@@9@4JA 10013ed0     libucrt:winapi_thunks.obj
 0003:00000ed4       ___acrt_invalid_parameter_handler 10013ed4     libucrt:invalid_parameter.obj
 0003:00000ef0       _fSystemSet                10013ef0     libucrt:mbctype.obj
 0003:00000ef4       ?initialized@?1??__acrt_initialize_multibyte@@9@4_NA 10013ef4     libucrt:mbctype.obj
 0003:0000111c       ___acrt_new_handler        1001411c     libucrt:new_handler.obj
 0003:00001120       _ctrlc_action              10014120     libucrt:signal.obj
 0003:00001124       _ctrlbreak_action          10014124     libucrt:signal.obj
 0003:00001128       _abort_action              10014128     libucrt:signal.obj
 0003:0000112c       _term_action               1001412c     libucrt:signal.obj
 0003:00001130       _user_matherr              10014130     libucrt:matherr.obj
 0003:00001140       ___acrt_global_new_mode    10014140     libucrt:new_mode.obj
 0003:00001158       ___acrt_app_type           10014158     libucrt:report_runtime_error.obj
 0003:00001160       __pmatherr_set             10014160     libucrt:libm_error.obj
 0003:0000117c       ?GenericMonospaceFontFamilyBuffer@Gdiplus@@3PAEA 1001417c     gdip.obj
 0003:00001184       ?GenericTypographicStringFormatBuffer@Gdiplus@@3PAEA 10014184     gdip.obj
 0003:0000118c       ?GenericSansSerifFontFamilyBuffer@Gdiplus@@3PAEA 1001418c     gdip.obj
 0003:00001194       ?GenericDefaultStringFormatBuffer@Gdiplus@@3PAEA 10014194     gdip.obj
 0003:0000119c       ?GenericSerifFontFamilyBuffer@Gdiplus@@3PAEA 1001419c     gdip.obj
 0003:000011b0       ?g_Threads@@3PAUConEmuThreadInfo@@A 100141b0     WThreads.obj
 0004:000000a0       $R000000                   1001c0a0     gdip.res
 0004:000003a8       $R000308                   1001c3a8     gdip.res
