 pe

 Timestamp is 59750a4f (Sun Jul 23 23:42:55 2017)

 Preferred load address is 10000000

 Start         Length     Name                   Class
 0001:00000000 0000b614H .text$mn                CODE
 0001:0000b614 00000000H .text$x                 CODE
 0002:00000000 00000134H .idata$5                DATA
 0002:00000134 00000004H .00cfg                  DATA
 0002:00000138 00000004H .CRT$XCA                DATA
 0002:0000013c 00000004H .CRT$XCZ                DATA
 0002:00000140 00000004H .CRT$XIA                DATA
 0002:00000144 0000000cH .CRT$XIC                DATA
 0002:00000150 00000004H .CRT$XIZ                DATA
 0002:00000154 00000004H .CRT$XPA                DATA
 0002:00000158 00000008H .CRT$XPX                DATA
 0002:00000160 00000004H .CRT$XPXA               DATA
 0002:00000164 00000004H .CRT$XPZ                DATA
 0002:00000168 00000004H .CRT$XTA                DATA
 0002:0000016c 00000004H .CRT$XTZ                DATA
 0002:00000170 00000000H .gfids$x                DATA
 0002:00000170 00000000H .gfids$y                DATA
 0002:00000170 00004af0H .rdata                  DATA
 0002:00004c60 00000000H .rdata$r                DATA
 0002:00004c60 0000000cH .rdata$sxdata           DATA
 0002:00004c6c 000002d8H .rdata$zzzdbg           DATA
 0002:00004f44 00000004H .rtc$IAA                DATA
 0002:00004f48 00000004H .rtc$IZZ                DATA
 0002:00004f4c 00000004H .rtc$TAA                DATA
 0002:00004f50 00000008H .rtc$TZZ                DATA
 0002:00004f58 00000398H .xdata$x                DATA
 0002:000052f0 00000090H .edata                  DATA
 0002:00005380 00000028H .idata$2                DATA
 0002:000053a8 00000014H .idata$3                DATA
 0002:000053bc 00000134H .idata$4                DATA
 0002:000054f0 00000542H .idata$6                DATA
 0003:00000000 00000770H .data                   DATA
 0003:00000770 00000000H .data$r                 DATA
 0003:00000770 00000a0cH .bss                    DATA
 0004:00000000 000000a0H .rsrc$01                DATA
 0004:000000a0 00000488H .rsrc$02                DATA

  Address         Publics by Value              Rva+Base       Lib:Object

 0000:00000000       ___guard_fids_count        00000000     <absolute>
 0000:00000000       ___guard_longjmp_count     00000000     <absolute>
 0000:00000000       ___guard_longjmp_table     00000000     <absolute>
 0000:00000000       __except_list              00000000     <absolute>
 0000:00000000       ___guard_iat_table         00000000     <absolute>
 0000:00000000       ___guard_iat_count         00000000     <absolute>
 0000:00000000       ___guard_fids_table        00000000     <absolute>
 0000:00000000       ___dynamic_value_reloc_table 00000000     <absolute>
 0000:00000003       ___safe_se_handler_count   00000003     <absolute>
 0000:00000100       ___guard_flags             00000100     <absolute>
 0000:00000000       ___ImageBase               10000000     <linker-defined>
 0001:00000000       ?ValidateMemory@@YA_NPAUPEData@@PBXI@Z 10001000 f   pe.obj
 0001:00000049       ?DumpNEResourceTable@@YAXPAUPEData@@PAU_IMAGE_DOS_HEADER@@PAE@Z 10001049 f   pe.obj
 0001:0000010a       ?DumpExeFileNE@@YA_NPAUPEData@@PAU_IMAGE_DOS_HEADER@@PAU_IMAGE_OS2_HEADER@@@Z 1000110a f   pe.obj
 0001:0000013d       ?ParseVersionInfoFixed@@YAXPAUPEData@@PAUtagVS_FIXEDFILEINFO@@@Z 1000113d f   pe.obj
 0001:000002cc       ?ParseVersionInfoVariableString@@YAXPAUPEData@@PAXAAKPAG@Z 100012cc f   pe.obj
 0001:0000043e       ?ParseVersionInfoVariableStringA@@YAXPAUPEData@@PAXAAKPAD@Z 1000143e f   pe.obj
 0001:00000633       ?ParseVersionInfoVariableVar@@YAXPAUPEData@@PAXAAKPAG@Z 10001633 f   pe.obj
 0001:000006cd       ?ParseVersionInfoVariable@@YAXPAUPEData@@PAXAAKPAG@Z 100016cd f   pe.obj
 0001:00000741       ?ParseVersionInfo@@YAXPAUPEData@@AAPAXAAK@Z 10001741 f   pe.obj
 0001:00000829       ?ParseVersionInfoA@@YAXPAUPEData@@AAPAXAAK@Z 10001829 f   pe.obj
 0001:0000093f       ?CreateResource@@YAXPAUPEData@@KPAXKKK@Z 1000193f f   pe.obj
 0001:000009f0       ?DumpResourceEntry@@YAXPAUPEData@@KPAU_IMAGE_RESOURCE_DIRECTORY_ENTRY@@PAEKKK@Z 100019f0 f   pe.obj
 0001:00000a8f       ?DumpResourceDirectory@@YAXPAUPEData@@PAU_IMAGE_RESOURCE_DIRECTORY@@PAEKKKK@Z 10001a8f f   pe.obj
 0001:00000b79       ?DumpResources@@YAXPAUPEData@@PAEPAU_IMAGE_NT_HEADERS@@@Z 10001b79 f   pe.obj
 0001:00000bfa       ?DumpExeFile@@YA_NPAUPEData@@PAU_IMAGE_DOS_HEADER@@@Z 10001bfa f   pe.obj
 0001:00000c49       ?DumpExeFilePE@@YA_NPAUPEData@@PAU_IMAGE_DOS_HEADER@@PAU_IMAGE_NT_HEADERS@@@Z 10001c49 f   pe.obj
 0001:00000d33       ?CET_Init@@YGHPAU0@@Z      10001d33 f   pe.obj
 0001:00000d72       ?CET_Done@@YGXPAUCET_Init@@@Z 10001d72 f   pe.obj
 0001:00000d8c       ?CET_Load@@YGHPAUCET_LoadInfo@@@Z 10001d8c f   pe.obj
 0001:00001078       ?CET_Free@@YGXPAUCET_LoadInfo@@@Z 10002078 f   pe.obj
 0001:000010bc       ?CET_Cancel@@YGXPAX@Z      100020bc f   pe.obj
 0001:000010bf       ??$GetPtrFromRVA@U_IMAGE_NT_HEADERS@@@@YAPAXKPAU_IMAGE_NT_HEADERS@@PAE@Z 100020bf f i pe.obj
 0001:000010bf       ??$GetPtrFromRVA@U_IMAGE_NT_HEADERS64@@@@YAPAXKPAU_IMAGE_NT_HEADERS64@@PAE@Z 100020bf f i pe.obj
 0001:000010ec       ??$DumpExportsSection@U_IMAGE_NT_HEADERS64@@@@YAXPAUPEData@@PAEPAU_IMAGE_NT_HEADERS64@@@Z 100020ec f i pe.obj
 0001:000012da       ??$DumpExportsSection@U_IMAGE_NT_HEADERS@@@@YAXPAUPEData@@PAEPAU_IMAGE_NT_HEADERS@@@Z 100022da f i pe.obj
 0001:000014c5       ??$GetEnclosingSectionHeader@U_IMAGE_NT_HEADERS@@@@YAPAU_IMAGE_SECTION_HEADER@@KPAU_IMAGE_NT_HEADERS@@@Z 100024c5 f i pe.obj
 0001:000014c5       ??$GetEnclosingSectionHeader@U_IMAGE_NT_HEADERS64@@@@YAPAU_IMAGE_SECTION_HEADER@@KPAU_IMAGE_NT_HEADERS64@@@Z 100024c5 f i pe.obj
 0001:00001506       @__security_check_cookie@4 10002506 f   LIBCMT:_secchk_.obj
 0001:00001517       ___raise_securityfailure   10002517 f   LIBCMT:gs_report.obj
 0001:0000153f       ___report_gsfailure        1000253f f   LIBCMT:gs_report.obj
 0001:0000163a       ___report_rangecheckfailure 1000263a f   LIBCMT:gs_report.obj
 0001:00001646       ___report_securityfailure  10002646 f   LIBCMT:gs_report.obj
 0001:00001a10       __DllMainCRTStartup@12     10002a10 f   LIBCMT:dll_dllmain.obj
 0001:00001a33       ___security_init_cookie    10002a33 f   LIBCMT:gs_support.obj
 0001:00001acf       _DllMain@12                10002acf f   LIBCMT:dll_dllmain_stub.obj
 0001:00001ad5       ?__scrt_initialize_type_info@@YAXXZ 10002ad5 f   LIBCMT:tncleanup.obj
 0001:00001ae1       ?__scrt_uninitialize_type_info@@YAXXZ 10002ae1 f   LIBCMT:tncleanup.obj
 0001:00001aed       ___local_stdio_printf_options 10002aed f i LIBCMT:default_local_stdio_options.obj
 0001:00001af3       ___local_stdio_scanf_options 10002af3 f i LIBCMT:default_local_stdio_options.obj
 0001:00001af9       ___scrt_initialize_default_local_stdio_options 10002af9 f   LIBCMT:default_local_stdio_options.obj
 0001:00001b5a       ___scrt_acquire_startup_lock 10002b5a f   LIBCMT:utility.obj
 0001:00001b8f       ___scrt_dllmain_after_initialize_c 10002b8f f   LIBCMT:utility.obj
 0001:00001bba       ___scrt_dllmain_before_initialize_c 10002bba f   LIBCMT:utility.obj
 0001:00001bc8       ___scrt_dllmain_crt_thread_attach 10002bc8 f   LIBCMT:utility.obj
 0001:00001be7       ___scrt_dllmain_crt_thread_detach 10002be7 f   LIBCMT:utility.obj
 0001:00001bf4       ___scrt_dllmain_exception_filter 10002bf4 f   LIBCMT:utility.obj
 0001:00001c27       ___scrt_dllmain_uninitialize_c 10002c27 f   LIBCMT:utility.obj
 0001:00001c4a       ___scrt_dllmain_uninitialize_critical 10002c4a f   LIBCMT:utility.obj
 0001:00001c57       ___scrt_initialize_crt     10002c57 f   LIBCMT:utility.obj
 0001:00001c90       ___scrt_initialize_onexit_tables 10002c90 f   LIBCMT:utility.obj
 0001:00001d3a       ___scrt_is_nonwritable_in_current_image 10002d3a f   LIBCMT:utility.obj
 0001:00001dc4       ___scrt_release_startup_lock 10002dc4 f   LIBCMT:utility.obj
 0001:00001de1       ___scrt_uninitialize_crt   10002de1 f   LIBCMT:utility.obj
 0001:00001e09       ___scrt_get_dyn_tls_init_callback 10002e09 f   LIBCMT:dyn_tls_init.obj
 0001:00001e0f       ___scrt_fastfail           10002e0f f   LIBCMT:utility_desktop.obj
 0001:00001f2a       __crt_debugger_hook        10002f2a f   LIBCMT:utility_desktop.obj
 0001:00001f32       __RTC_Initialize           10002f32 f   LIBCMT:_initsect_.obj
 0001:00001f5d       __RTC_Terminate            10002f5d f   LIBCMT:_initsect_.obj
 0001:00001f88       @_guard_check_icall@4      10002f88 f i LIBCMT:checkcfg.obj
 0001:00001f90       __SEH_prolog4              10002f90 f   LIBCMT:_sehprolg4_.obj
 0001:00001fd6       __SEH_epilog4              10002fd6 f   LIBCMT:_sehprolg4_.obj
 0001:00001fed       ___isa_available_init      10002fed f   LIBCMT:_cpu_disp_.obj
 0001:0000218c       __get_startup_argv_mode    1000318c f   LIBCMT:argv_mode.obj
 0001:00002190       ___scrt_is_ucrt_dll_in_use 10003190 f   LIBCMT:ucrt_detection.obj
 0001:0000219c       @_guard_check_icall_nop@4  1000319c f i LIBCMT:guard_support.obj
 0001:0000219d       _wcschr                    1000319d f   libvcruntime:wcschr.obj
 0001:0000224b       ___DestructExceptionObject 1000324b f   libvcruntime:frame.obj
 0001:000022df       ?_CallMemberFunction0@@YGXQAX0@Z 100032df f i libvcruntime:frame.obj
 0001:000022f0       _strrchr                   100032f0 f   libvcruntime:strrchr.obj
 0001:00002430       _memmove                   10003430 f   libvcruntime:memmove.obj
 0001:000029f0       __except_handler4          100039f0 f   libvcruntime:_chandler4_.obj
 0001:00002b60       _strchr                    10003b60 f   libvcruntime:strchr.obj
 0001:00002bce       ___from_strstr_to_strchr   10003bce     libvcruntime:strchr.obj
 0001:00002c8b       _wcsrchr                   10003c8b f   libvcruntime:wcsrchr.obj
 0001:00002d2c       ___std_type_info_destroy_list 10003d2c f   libvcruntime:std_type_info.obj
 0001:00002d4f       ___vcrt_initialize         10003d4f f   libvcruntime:initialization.obj
 0001:00002d78       ___vcrt_thread_attach      10003d78 f   libvcruntime:initialization.obj
 0001:00002d83       ___vcrt_thread_detach      10003d83 f   libvcruntime:initialization.obj
 0001:00002d8e       ___vcrt_uninitialize       10003d8e f   libvcruntime:initialization.obj
 0001:00002dad       ___vcrt_uninitialize_critical 10003dad f   libvcruntime:initialization.obj
 0001:00002dc0       _memset                    10003dc0 f   libvcruntime:memset.obj
 0001:00002f1a       ___vcrt_freefls@4          10003f1a f   libvcruntime:per_thread_data.obj
 0001:00002f36       ___vcrt_freeptd            10003f36 f   libvcruntime:per_thread_data.obj
 0001:00002f6c       ___vcrt_getptd_noexit      10003f6c f   libvcruntime:per_thread_data.obj
 0001:00002fff       ___vcrt_initialize_ptd     10003fff f   libvcruntime:per_thread_data.obj
 0001:00003032       ___vcrt_uninitialize_ptd   10004032 f   libvcruntime:per_thread_data.obj
 0001:00003050       __CallSettingFrame@12      10004050 f   libvcruntime:lowhelpr.obj
 0001:00003077       __NLG_Return               10004077     libvcruntime:lowhelpr.obj
 0001:0000309c       ___except_validate_context_record 1000409c f   libvcruntime:jbcxrval.obj
 0001:000030cc       ___except_validate_jump_buffer 100040cc f   libvcruntime:jbcxrval.obj
 0001:00003100       __local_unwind4            10004100 f   libvcruntime:_exsup4_.obj
 0001:000031d6       __seh_longjmp_unwind4@4    100041d6 f   libvcruntime:_exsup4_.obj
 0001:000031fe       @_EH4_CallFilterFunc@8     100041fe f   libvcruntime:_exsup4_.obj
 0001:00003215       @_EH4_TransferToHandler@8  10004215 f   libvcruntime:_exsup4_.obj
 0001:0000322e       @_EH4_GlobalUnwind2@8      1000422e f   libvcruntime:_exsup4_.obj
 0001:00003247       @_EH4_LocalUnwind@16       10004247 f   libvcruntime:_exsup4_.obj
 0001:0000325e       ___vcrt_initialize_locks   1000425e f   libvcruntime:locks.obj
 0001:0000329a       ___vcrt_uninitialize_locks 1000429a f   libvcruntime:locks.obj
 0001:000032c9       ??$__crt_fast_encode_pointer@PAX@@YAPAXQAX@Z 100042c9 f i libvcruntime:winapi_downlevel.obj
 0001:0000342c       ___vcrt_FlsAlloc           1000442c f   libvcruntime:winapi_downlevel.obj
 0001:00003466       ___vcrt_FlsFree            10004466 f   libvcruntime:winapi_downlevel.obj
 0001:000034a0       ___vcrt_FlsGetValue        100044a0 f   libvcruntime:winapi_downlevel.obj
 0001:000034da       ___vcrt_FlsSetValue        100044da f   libvcruntime:winapi_downlevel.obj
 0001:00003517       ___vcrt_InitializeCriticalSectionEx 10004517 f   libvcruntime:winapi_downlevel.obj
 0001:0000355d       ___vcrt_initialize_winapi_thunks 1000455d f   libvcruntime:winapi_downlevel.obj
 0001:00003597       ___vcrt_uninitialize_winapi_thunks 10004597 f   libvcruntime:winapi_downlevel.obj
 0001:000035c9       ___vcrt_initialize_pure_virtual_call_handler 100045c9 f   libvcruntime:purevirt_data.obj
 0001:000035f0       __global_unwind2           100045f0 f   libvcruntime:_exsup_.obj
 0001:00003655       __local_unwind2            10004655 f   libvcruntime:_exsup_.obj
 0001:000036d9       __abnormal_termination     100046d9 f   libvcruntime:_exsup_.obj
 0001:000036fc       __NLG_Notify1              100046fc f   libvcruntime:_exsup_.obj
 0001:00003705       __NLG_Notify               10004705 f   libvcruntime:_exsup_.obj
 0001:0000371c       __NLG_Dispatch             1000471c     libvcruntime:_exsup_.obj
 0001:0000371c       __NLG_Dispatch2            1000471c     libvcruntime:_exsup_.obj
 0001:00003724       __NLG_Call                 10004724 f   libvcruntime:_exsup_.obj
 0001:00003726       __NLG_Return2              10004726     libvcruntime:_exsup_.obj
 0001:00003727       _wcsncmp                   10004727 f   libucrt:wcsncmp.obj
 0001:00003761       __initterm                 10004761 f   libucrt:initterm.obj
 0001:000037bd       __initterm_e               100047bd f   libucrt:initterm.obj
 0001:00003802       __seh_filter_dll           10004802 f   libucrt:exception_filter.obj
 0001:00003822       __seh_filter_exe           10004822 f   libucrt:exception_filter.obj
 0001:00003bb0       ___acrt_initialize_thread_local_exit_callback 10004bb0 f   libucrt:exit.obj
 0001:00003bbf       __cexit                    10004bbf f   libucrt:exit.obj
 0001:00003bce       __exit                     10004bce f   libucrt:exit.obj
 0001:00003be4       __is_c_termination_complete 10004be4 f   libucrt:exit.obj
 0001:00003e83       ___acrt_allocate_buffer_for_argv 10004e83 f   libucrt:argv_parsing.obj
 0001:00003ed8       __configure_narrow_argv    10004ed8 f   libucrt:argv_parsing.obj
 0001:0000403c       ??$uninitialize@A6AXAAPAPA_W@Z@?$dual_state_global@PAPA_W@__crt_state_management@@QAEXA6AXAAPAPA_W@Z@Z 1000503c f i libucrt:environment_initialization.obj
 0001:0000403c       ??$uninitialize@A6AXAAPAPAD@Z@?$dual_state_global@PAPAD@__crt_state_management@@QAEXA6AXAAPAPAD@Z@Z 1000503c f i libucrt:environment_initialization.obj
 0001:000040b2       ___dcrt_uninitialize_environments_nolock 100050b2 f   libucrt:environment_initialization.obj
 0001:000040e9       __initialize_narrow_environment 100050e9 f   libucrt:environment_initialization.obj
 0001:000040ee       ??$?RV<lambda_995298e7d72eb4c2aab26c0585b3abe5>@@AAV<lambda_275893d493268fdec8709772e3fcec0e>@@V<lambda_293819299cbf9a7022e18b56a874bb5c>@@@?$__crt_seh_guarded_call@H@@QAEH$$QAV<lambda_995298e7d72eb4c2aab26c0585b3abe5>@@AAV<lambda_275893d493268fdec8709772e3fcec0e>@@$$QAV<lambda_293819299cbf9a7022e18b56a874bb5c>@@@Z 100050ee f i libucrt:onexit.obj
 0001:0000413f       ??$__acrt_lock_and_call@V<lambda_275893d493268fdec8709772e3fcec0e>@@@@YAHW4__acrt_lock_id@@$$QAV<lambda_275893d493268fdec8709772e3fcec0e>@@@Z 1000513f f i libucrt:onexit.obj
 0001:00004287       __execute_onexit_table     10005287 f   libucrt:onexit.obj
 0001:000042a4       __initialize_onexit_table  100052a4 f   libucrt:onexit.obj
 0001:0000430d       ___acrt_uninitialize_command_line 1000530d f   libucrt:argv_data.obj
 0001:000043d5       ?initialize@?$dual_state_global@P6AHPAU_exception@@@Z@__crt_state_management@@QAEXQ6AHPAU_exception@@@Z@Z 100053d5 f i libucrt:matherr.obj
 0001:000043d5       ?initialize@?$dual_state_global@PAU__crt_locale_data@@@__crt_state_management@@QAEXQAU__crt_locale_data@@@Z 100053d5 f i libucrt:initialization.obj
 0001:000043d5       ?initialize@?$dual_state_global@P6AHI@Z@__crt_state_management@@QAEXQ6AHI@Z@Z 100053d5 f i libucrt:new_handler.obj
 0001:000043d5       ?initialize@?$dual_state_global@PAPAD@__crt_state_management@@QAEXQAPAD@Z 100053d5 f i libucrt:environment_initialization.obj
 0001:000043d5       ?initialize@?$dual_state_global@P6AXH@Z@__crt_state_management@@QAEXQ6AXH@Z@Z 100053d5 f i libucrt:signal.obj
 0001:000043d5       ?initialize@?$dual_state_global@P6AXPB_W00II@Z@__crt_state_management@@QAEXQ6AXPB_W00II@Z@Z 100053d5 f i libucrt:invalid_parameter.obj
 0001:00004406       ___acrt_initialize         10005406 f   libucrt:initialization.obj
 0001:00004418       ___acrt_thread_attach      10005418 f   libucrt:initialization.obj
 0001:00004423       ___acrt_thread_detach      10005423 f   libucrt:initialization.obj
 0001:0000442b       ___acrt_uninitialize       1000542b f   libucrt:initialization.obj
 0001:0000443d       ___acrt_uninitialize_critical 1000543d f   libucrt:initialization.obj
 0001:0000444f       _terminate                 1000544f f   libucrt:terminate.obj
 0001:0000448b       __free_base                1000548b f   libucrt:free_base.obj
 0001:000044c5       __malloc_base              100054c5 f   libucrt:malloc_base.obj
 0001:00004513       _strcpy_s                  10005513 f   libucrt:strcpy_s.obj
 0001:0000456d       _abort                     1000556d f   libucrt:abort.obj
 0001:000045b0       __calloc_base              100055b0 f   libucrt:calloc_base.obj
 0001:0000460d       ??0_LocaleUpdate@@QAE@QAU__crt_locale_pointers@@@Z 1000560d f i libucrt:output.obj
 0001:00004690       ??$?RV<lambda_3518db117f0e7cdb002338c5d3c47b6c>@@AAV<lambda_b2ea41f6bbb362cd97d94c6828d90b61>@@V<lambda_abdedf541bb04549bc734292b4a045d4>@@@?$__crt_seh_guarded_call@X@@QAEX$$QAV<lambda_3518db117f0e7cdb002338c5d3c47b6c>@@AAV<lambda_b2ea41f6bbb362cd97d94c6828d90b61>@@$$QAV<lambda_abdedf541bb04549bc734292b4a045d4>@@@Z 10005690 f i libucrt:per_thread_data.obj
 0001:000046e0       ??$?RV<lambda_51b6e8b1eb166f2a3faf91f424b38130>@@AAV<lambda_6250bd4b2a391816dd638c3bf72b0bcb>@@V<lambda_0b5a4a3e68152e1d9b943535f5f47bed>@@@?$__crt_seh_guarded_call@X@@QAEX$$QAV<lambda_51b6e8b1eb166f2a3faf91f424b38130>@@AAV<lambda_6250bd4b2a391816dd638c3bf72b0bcb>@@$$QAV<lambda_0b5a4a3e68152e1d9b943535f5f47bed>@@@Z 100056e0 f i libucrt:per_thread_data.obj
 0001:00004741       ??$?RV<lambda_5b71d36f03204c0beab531769a5b5694>@@AAV<lambda_be2b3da3f62db62e9dad5dc70221a656>@@V<lambda_8f9ce462984622f9bf76b59e2aaaf805>@@@?$__crt_seh_guarded_call@X@@QAEX$$QAV<lambda_5b71d36f03204c0beab531769a5b5694>@@AAV<lambda_be2b3da3f62db62e9dad5dc70221a656>@@$$QAV<lambda_8f9ce462984622f9bf76b59e2aaaf805>@@@Z 10005741 f i libucrt:per_thread_data.obj
 0001:0000478c       ??$?RV<lambda_9df27f884b057bc3edfc946cb5b7cf47>@@AAV<lambda_e69574bed617af4e071282c136b37893>@@V<lambda_cc0d902bcbbeb830f749456577db4721>@@@?$__crt_seh_guarded_call@X@@QAEX$$QAV<lambda_9df27f884b057bc3edfc946cb5b7cf47>@@AAV<lambda_e69574bed617af4e071282c136b37893>@@$$QAV<lambda_cc0d902bcbbeb830f749456577db4721>@@@Z 1000578c f i libucrt:per_thread_data.obj
 0001:000047d4       ??$__acrt_lock_and_call@V<lambda_6250bd4b2a391816dd638c3bf72b0bcb>@@@@YAXW4__acrt_lock_id@@$$QAV<lambda_6250bd4b2a391816dd638c3bf72b0bcb>@@@Z 100057d4 f i libucrt:per_thread_data.obj
 0001:000047fc       ??$__acrt_lock_and_call@V<lambda_b2ea41f6bbb362cd97d94c6828d90b61>@@@@YAXW4__acrt_lock_id@@$$QAV<lambda_b2ea41f6bbb362cd97d94c6828d90b61>@@@Z 100057fc f i libucrt:per_thread_data.obj
 0001:00004824       ??$__acrt_lock_and_call@V<lambda_be2b3da3f62db62e9dad5dc70221a656>@@@@YAXW4__acrt_lock_id@@$$QAV<lambda_be2b3da3f62db62e9dad5dc70221a656>@@@Z 10005824 f i libucrt:per_thread_data.obj
 0001:0000484c       ??$__acrt_lock_and_call@V<lambda_e69574bed617af4e071282c136b37893>@@@@YAXW4__acrt_lock_id@@$$QAV<lambda_e69574bed617af4e071282c136b37893>@@@Z 1000584c f i libucrt:per_thread_data.obj
 0001:00004a02       ___acrt_freeptd            10005a02 f   libucrt:per_thread_data.obj
 0001:00004a2e       ___acrt_getptd             10005a2e f   libucrt:per_thread_data.obj
 0001:00004ab2       ___acrt_getptd_noexit      10005ab2 f   libucrt:per_thread_data.obj
 0001:00004b37       ___acrt_initialize_ptd     10005b37 f   libucrt:per_thread_data.obj
 0001:00004b63       ___acrt_uninitialize_ptd   10005b63 f   libucrt:per_thread_data.obj
 0001:00004b7d       ___acrt_initialize_locks   10005b7d f   libucrt:locks.obj
 0001:00004bbe       ___acrt_lock               10005bbe f   libucrt:locks.obj
 0001:00004bd5       ___acrt_uninitialize_locks 10005bd5 f   libucrt:locks.obj
 0001:00004c06       ___acrt_unlock             10005c06 f   libucrt:locks.obj
 0001:00004d34       ___acrt_FlsAlloc@4         10005d34 f   libucrt:winapi_thunks.obj
 0001:00004d8a       ___acrt_FlsFree@4          10005d8a f   libucrt:winapi_thunks.obj
 0001:00004de0       ___acrt_FlsGetValue@4      10005de0 f   libucrt:winapi_thunks.obj
 0001:00004e36       ___acrt_FlsSetValue@8      10005e36 f   libucrt:winapi_thunks.obj
 0001:00004e8f       ___acrt_InitializeCriticalSectionEx@12 10005e8f f   libucrt:winapi_thunks.obj
 0001:00004ef1       ___acrt_LCMapStringEx@36   10005ef1 f   libucrt:winapi_thunks.obj
 0001:00004f79       ___acrt_LocaleNameToLCID@8 10005f79 f   libucrt:winapi_thunks.obj
 0001:00004fd5       ___acrt_initialize_winapi_thunks 10005fd5 f   libucrt:winapi_thunks.obj
 0001:00004ffb       ___acrt_is_packaged_app    10005ffb f   libucrt:winapi_thunks.obj
 0001:00005082       ___acrt_uninitialize_winapi_thunks 10006082 f   libucrt:winapi_thunks.obj
 0001:000050b8       ___acrt_call_reportfault   100060b8 f   libucrt:invalid_parameter.obj
 0001:000051f3       ___acrt_initialize_invalid_parameter_handler 100061f3 f   libucrt:invalid_parameter.obj
 0001:00005207       __invalid_parameter        10006207 f   libucrt:invalid_parameter.obj
 0001:00005282       __invalid_parameter_noinfo 10006282 f   libucrt:invalid_parameter.obj
 0001:00005292       __invoke_watson            10006292 f   libucrt:invalid_parameter.obj
 0001:000052c5       ___acrt_errno_from_os_error 100062c5 f   libucrt:errno.obj
 0001:00005308       ___acrt_errno_map_os_error 10006308 f   libucrt:errno.obj
 0001:0000532b       ___doserrno                1000632b f   libucrt:errno.obj
 0001:0000533e       __errno                    1000633e f   libucrt:errno.obj
 0001:00005713       ??1?$argument_list@D@?A0xb0e4b824@@QAE@XZ 10006713 f i libucrt:argv_wildcards.obj
 0001:00005738       ?append@?$argument_list@D@?A0xb0e4b824@@QAEHQAD@Z 10006738 f i libucrt:argv_wildcards.obj
 0001:0000576d       ?expand_if_necessary@?$argument_list@D@?A0xb0e4b824@@AAEHXZ 1000676d f i libucrt:argv_wildcards.obj
 0001:000057f4       ___acrt_expand_narrow_argv_wildcards 100067f4 f   libucrt:argv_wildcards.obj
 0001:000057ff       ??$?RV<lambda_978dc153c237d78434369da87b74ff60>@@AAV<lambda_ad1ced32f4ac17aa236e5ef05d6b3b7c>@@V<lambda_4a8533e2866a575feecb8298ce776b0d>@@@?$__crt_seh_guarded_call@X@@QAEX$$QAV<lambda_978dc153c237d78434369da87b74ff60>@@AAV<lambda_ad1ced32f4ac17aa236e5ef05d6b3b7c>@@$$QAV<lambda_4a8533e2866a575feecb8298ce776b0d>@@@Z 100067ff f i libucrt:mbctype.obj
 0001:00005842       ??$__acrt_lock_and_call@V<lambda_ad1ced32f4ac17aa236e5ef05d6b3b7c>@@@@YAXW4__acrt_lock_id@@$$QAV<lambda_ad1ced32f4ac17aa236e5ef05d6b3b7c>@@@Z 10006842 f i libucrt:mbctype.obj
 0001:00005cd9       ___acrt_initialize_multibyte 10006cd9 f   libucrt:mbctype.obj
 0001:00005cf7       ___acrt_update_thread_multibyte_data 10006cf7 f   libucrt:mbctype.obj
 0001:00005d99       __setmbcp_nolock           10006d99 f   libucrt:mbctype.obj
 0001:00006064       __ismbblead                10007064 f   libucrt:ismbbyte.obj
 0001:0000607c       ___acrt_initialize_command_line 1000707c f   libucrt:argv_data.obj
 0001:000060cc       ___dcrt_get_narrow_environment_from_os 100070cc f   libucrt:get_environment_from_os.obj
 0001:0000614f       __recalloc                 1000714f f   libucrt:recalloc.obj
 0001:0000615a       __recalloc_base            1000715a f   libucrt:recalloc.obj
 0001:000061c7       ___acrt_initialize_heap    100071c7 f   libucrt:heap_handle.obj
 0001:000061d8       ___acrt_uninitialize_heap  100071d8 f   libucrt:heap_handle.obj
 0001:0000634e       ___acrt_initialize_lowio   1000734e f   libucrt:ioinit.obj
 0001:000063a4       ___acrt_uninitialize_lowio 100073a4 f   libucrt:ioinit.obj
 0001:000063d0       ___acrt_execute_initializers 100073d0 f   libucrt:shared_initialization.obj
 0001:00006453       ___acrt_execute_uninitializers 10007453 f   libucrt:shared_initialization.obj
 0001:000064a0       ___acrt_initialize_new_handler 100074a0 f   libucrt:new_handler.obj
 0001:000064b4       __callnewh                 100074b4 f   libucrt:new_handler.obj
 0001:000064f8       __query_new_handler        100074f8 f   libucrt:new_handler.obj
 0001:0000654a       ??$?RV<lambda_a048d3beccc847880fc8490e18b82769>@@AAV<lambda_ec61778202f4f5fc7e7711acc23c3bca>@@V<lambda_f7496a158712204296dd6628a163878e>@@@?$__crt_seh_guarded_call@P6AXH@Z@@QAEP6AXH@Z$$QAV<lambda_a048d3beccc847880fc8490e18b82769>@@AAV<lambda_ec61778202f4f5fc7e7711acc23c3bca>@@$$QAV<lambda_f7496a158712204296dd6628a163878e>@@@Z 1000754a f i libucrt:signal.obj
 0001:000065a4       ??$__acrt_lock_and_call@V<lambda_ec61778202f4f5fc7e7711acc23c3bca>@@@@YAP6AXH@ZW4__acrt_lock_id@@$$QAV<lambda_ec61778202f4f5fc7e7711acc23c3bca>@@@Z 100075a4 f i libucrt:signal.obj
 0001:00006636       ___acrt_get_sigabrt_handler 10007636 f   libucrt:signal.obj
 0001:0000664d       ___acrt_initialize_signal_handlers 1000764d f   libucrt:signal.obj
 0001:00006688       ___fpecode                 10007688 f   libucrt:signal.obj
 0001:00006691       _raise                     10007691 f   libucrt:signal.obj
 0001:00006899       ___acrt_has_user_matherr   10007899 f   libucrt:matherr.obj
 0001:000068b2       ___acrt_initialize_user_matherr 100078b2 f   libucrt:matherr.obj
 0001:000068c6       ___acrt_invoke_user_matherr 100078c6 f   libucrt:matherr.obj
 0001:0000690f       __query_new_mode           1000790f f   libucrt:new_mode.obj
 0001:00006915       __mbtowc_l                 10007915 f   libucrt:mbtowc.obj
 0001:00006a0f       _mbtowc                    10007a0f f   libucrt:mbtowc.obj
 0001:00006a29       ___acrt_update_locale_info 10007a29 f   libucrt:locale_update.obj
 0001:00006a56       ___acrt_update_multibyte_info 10007a56 f   libucrt:locale_update.obj
 0001:00006a83       __fileno                   10007a83 f   libucrt:fileno.obj
 0001:00006aa9       ___acrt_initialize_stdio   10007aa9 f   libucrt:_file.obj
 0001:00006b71       ___acrt_uninitialize_stdio 10007b71 f   libucrt:_file.obj
 0001:00006bbd       __lock_file                10007bbd f   libucrt:_file.obj
 0001:00006bd1       __unlock_file              10007bd1 f   libucrt:_file.obj
 0001:00006be5       ___acrt_set_locale_changed 10007be5 f   libucrt:wsetlocale.obj
 0001:00006bf0       ___acrt_uninitialize_locale 10007bf0 f   libucrt:wsetlocale.obj
 0001:00006c42       ___pctype_func             10007c42 f   libucrt:ctype.obj
 0001:00006c68       ___acrt_add_locale_ref     10007c68 f   libucrt:locale_refcounting.obj
 0001:00006ce5       ___acrt_free_locale        10007ce5 f   libucrt:locale_refcounting.obj
 0001:00006e2f       ___acrt_locale_add_lc_time_reference 10007e2f f   libucrt:locale_refcounting.obj
 0001:00006e58       ___acrt_locale_free_lc_time_if_unreferenced 10007e58 f   libucrt:locale_refcounting.obj
 0001:00006e88       ___acrt_locale_release_lc_time_reference 10007e88 f   libucrt:locale_refcounting.obj
 0001:00006eb1       ___acrt_release_locale_ref 10007eb1 f   libucrt:locale_refcounting.obj
 0001:00006f32       ___acrt_update_thread_locale_data 10007f32 f   libucrt:locale_refcounting.obj
 0001:00006fa9       __updatetlocinfoEx_nolock  10007fa9 f   libucrt:locale_refcounting.obj
 0001:000070b5       ___acrt_DownlevelLocaleNameToLCID 100080b5 f   libucrt:lcidtoname_downlevel.obj
 0001:000071d0       _qsort                     100081d0 f   libucrt:qsort.obj
 0001:0000761b       _strncpy_s                 1000861b f   libucrt:strncpy_s.obj
 0001:00007630       _strpbrk                   10008630 f   libucrt:strpbrk.obj
 0001:00007670       __mbsdec                   10008670 f   libucrt:mbsdec.obj
 0001:00007687       __mbsdec_l                 10008687 f   libucrt:mbsdec.obj
 0001:00007723       ___acrt_GetStringTypeA     10008723 f   libucrt:getstringtypea.obj
 0001:00007840       __freea_crt                10008840 f i libucrt:getstringtypea.obj
 0001:00007a7d       ___acrt_LCMapStringA       10008a7d f   libucrt:lcmapstringa.obj
 0001:00007ac8       __msize                    10008ac8 f   libucrt:msize.obj
 0001:00007afb       __realloc_base             10008afb f   libucrt:realloc_base.obj
 0001:00007b64       ___acrt_lowio_create_handle_array 10008b64 f   libucrt:osfinfo.obj
 0001:00007bde       ___acrt_lowio_destroy_handle_array 10008bde f   libucrt:osfinfo.obj
 0001:00007c13       ___acrt_lowio_ensure_fh_exists 10008c13 f   libucrt:osfinfo.obj
 0001:00007cab       ___acrt_lowio_lock_fh      10008cab f   libucrt:osfinfo.obj
 0001:00007cce       ___acrt_lowio_unlock_fh    10008cce f   libucrt:osfinfo.obj
 0001:00007cf1       __free_osfhnd              10008cf1 f   libucrt:osfinfo.obj
 0001:00007d82       __get_osfhandle            10008d82 f   libucrt:osfinfo.obj
 0001:00007dec       __isatty                   10008dec f   libucrt:isatty.obj
 0001:00007e42       ___acrt_stdio_flush_nolock 10008e42 f   libucrt:fflush.obj
 0001:00007ea8       __fflush_nolock            10008ea8 f   libucrt:fflush.obj
 0001:00007eef       __flushall                 10008eef f   libucrt:fflush.obj
 0001:00007fd0       __isleadbyte_l             10008fd0 f i libucrt:_wctype.obj
 0001:00008009       __fcloseall                10009009 f   libucrt:closeall.obj
 0001:000080a9       ___acrt_stdio_free_buffer_nolock 100090a9 f   libucrt:_freebuf.obj
 0001:000080e7       ___acrt_locale_free_monetary 100090e7 f   libucrt:initmon.obj
 0001:000081e5       ___acrt_locale_free_numeric 100091e5 f   libucrt:initnum.obj
 0001:0000828a       ___acrt_locale_free_time   1000928a f   libucrt:inittime.obj
 0001:0000836e       ___strncnt                 1000936e f   libucrt:strncnt.obj
 0001:0000838a       __query_app_type           1000938a f   libucrt:report_runtime_error.obj
 0001:00008390       ??$?RV<lambda_61cee617f5178ae960314fd4d05640a0>@@AAV<lambda_6978c1fb23f02e42e1d9e99668cc68aa>@@V<lambda_9cd88cf8ad10232537feb2133f08c833>@@@?$__crt_seh_guarded_call@H@@QAEH$$QAV<lambda_61cee617f5178ae960314fd4d05640a0>@@AAV<lambda_6978c1fb23f02e42e1d9e99668cc68aa>@@$$QAV<lambda_9cd88cf8ad10232537feb2133f08c833>@@@Z 10009390 f i libucrt:commit.obj
 0001:00008428       ??$__acrt_lowio_lock_fh_and_call@V<lambda_6978c1fb23f02e42e1d9e99668cc68aa>@@@@YAHH$$QAV<lambda_6978c1fb23f02e42e1d9e99668cc68aa>@@@Z 10009428 f i libucrt:commit.obj
 0001:00008450       __commit                   10009450 f   libucrt:commit.obj
 0001:00008a4f       __write                    10009a4f f   libucrt:write.obj
 0001:00008b3a       __write_nolock             10009b3a f   libucrt:write.obj
 0001:00008d50       _log10                     10009d50 f   libucrt:log10.obj
 0001:00008d90       __CIlog10                  10009d90 f   libucrt:log10.obj
 0001:00008dcb       __CIlog10_default          10009dcb f   libucrt:log10.obj
 0001:00008ddf       __log10_default            10009ddf     libucrt:log10.obj
 0001:00008ea0       _ceil                      10009ea0 f   libucrt:ceil_pentium4.obj
 0001:00008ee0       __ceil_pentium4            10009ee0 f   libucrt:ceil_pentium4.obj
 0001:0000903b       __lseeki64_nolock          1000a03b f   libucrt:lseek.obj
 0001:00009056       __fclose_nolock            1000a056 f   libucrt:fclose.obj
 0001:000090cc       _fclose                    1000a0cc f   libucrt:fclose.obj
 0001:00009150       ___ascii_strnicmp          1000a150 f   libucrt:_strnicm.obj
 0001:000091b1       __putwch_nolock            1000a1b1 f   libucrt:putwch.obj
 0001:000091f6       ___acrt_initialize_sse2    1000a1f6 f   libucrt:mathfcns.obj
 0001:00009210       __CIlog10_pentium4         1000a210 f   libucrt:log10_pentium4.obj
 0001:00009228       __log10_pentium4           1000a228     libucrt:log10_pentium4.obj
 0001:000094b1       __fFEXP                    1000a4b1     libucrt:87tran.obj
 0001:00009508       __rtinfpopse               1000a508     libucrt:87tran.obj
 0001:0000950a       __rtinfnpopse              1000a50a     libucrt:87tran.obj
 0001:0000951a       __fFLN                     1000a51a     libucrt:87tran.obj
 0001:000095cf       __rtinfpop                 1000a5cf     libucrt:87tran.obj
 0001:000095d1       __rtinfnpop                1000a5d1     libucrt:87tran.obj
 0001:000095ee       __ffexpm1                  1000a5ee     libucrt:87tran.obj
 0001:000096a0       __trandisp1                1000a6a0 f   libucrt:87disp.obj
 0001:00009707       __trandisp2                1000a707 f   libucrt:87disp.obj
 0001:00009793       __rttospopde               1000a793     libucrt:87disp.obj
 0001:00009798       __rttospop                 1000a798     libucrt:87disp.obj
 0001:0000979a       __rtnospop                 1000a79a     libucrt:87disp.obj
 0001:0000979c       __rttosnpop                1000a79c     libucrt:87disp.obj
 0001:0000979d       __rtnospopde               1000a79d     libucrt:87disp.obj
 0001:000097a4       __rtzeropop                1000a7a4     libucrt:87disp.obj
 0001:000097a6       __rtzeronpop               1000a7a6     libucrt:87disp.obj
 0001:000097ab       __rtzerospop               1000a7ab     libucrt:87disp.obj
 0001:000097b8       __rtonepop                 1000a7b8     libucrt:87disp.obj
 0001:000097ba       __rtonenpop                1000a7ba     libucrt:87disp.obj
 0001:000097bf       __tosnan1                  1000a7bf     libucrt:87disp.obj
 0001:000097ea       __nosnan2                  1000a7ea     libucrt:87disp.obj
 0001:000097ec       __tosnan2                  1000a7ec     libucrt:87disp.obj
 0001:00009814       __nan2                     1000a814     libucrt:87disp.obj
 0001:00009853       __rtindfpop                1000a853     libucrt:87disp.obj
 0001:00009855       __rtindfnpop               1000a855     libucrt:87disp.obj
 0001:00009866       __rttosnpopde              1000a866     libucrt:87disp.obj
 0001:00009870       __rtatan2inf               1000a870     libucrt:87disp.obj
 0001:0000988d       __rtchsifneg               1000a88d     libucrt:87disp.obj
 0001:000098a0       __twoToTOS                 1000a8a0 f   libucrt:common.obj
 0001:000098b5       __load_CW                  1000a8b5 f   libucrt:common.obj
 0001:000098cc       __convertTOStoQNaN         1000a8cc f   libucrt:common.obj
 0001:000098e5       __fload_withFB             1000a8e5 f   libucrt:common.obj
 0001:00009928       __checkTOS_withFB          1000a928 f   libucrt:common.obj
 0001:0000993e       __fast_exit                1000a93e f   libucrt:common.obj
 0001:0000994b       __math_exit                1000a94b f   libucrt:common.obj
 0001:00009975       __check_overflow_exit      1000a975 f   libucrt:common.obj
 0001:00009989       __check_range_exit         1000a989 f   libucrt:common.obj
 0001:00009a30       __startTwoArgErrorHandling 1000aa30 f   libucrt:genexcep.obj
 0001:00009a47       __startOneArgErrorHandling 1000aa47 f   libucrt:genexcep.obj
 0001:00009a83       ___libm_error_support      1000aa83 f   libucrt:libm_error.obj
 0001:00009c9b       __ceil_default             1000ac9b f   libucrt:ceil.obj
 0001:00009d54       ??$?RV<lambda_123407a5e2ac06da108355a851863b7a>@@AAV<lambda_2fe9b910cf3cbf4a0ab98a02ba45b3ec>@@V<lambda_ae55bdf541ad94d75914d381c370e64d>@@@?$__crt_seh_guarded_call@H@@QAEH$$QAV<lambda_123407a5e2ac06da108355a851863b7a>@@AAV<lambda_2fe9b910cf3cbf4a0ab98a02ba45b3ec>@@$$QAV<lambda_ae55bdf541ad94d75914d381c370e64d>@@@Z 1000ad54 f i libucrt:close.obj
 0001:00009dd6       ??$__acrt_lowio_lock_fh_and_call@V<lambda_2fe9b910cf3cbf4a0ab98a02ba45b3ec>@@@@YAHH$$QAV<lambda_2fe9b910cf3cbf4a0ab98a02ba45b3ec>@@@Z 1000add6 f i libucrt:close.obj
 0001:00009dfe       __close                    1000adfe f   libucrt:close.obj
 0001:00009e7d       __close_nolock             1000ae7d f   libucrt:close.obj
 0001:00009f19       ?__acrt_stdio_free_stream@@YAXV__crt_stdio_stream@@@Z 1000af19 f   libucrt:stream.obj
 0001:00009f54       ___dcrt_lowio_initialize_console_output 1000af54 f   libucrt:initcon.obj
 0001:00009f73       ___dcrt_terminate_console_output 1000af73 f   libucrt:initcon.obj
 0001:00009f8a       __clrfp                    1000af8a f   libucrt:fpctrl.obj
 0001:00009f9d       __ctrlfp                   1000af9d f   libucrt:fpctrl.obj
 0001:00009fca       __set_statfp               1000afca f   libucrt:fpctrl.obj
 0001:0000a025       __statfp                   1000b025 f   libucrt:fpctrl.obj
 0001:0000a037       __d_inttype                1000b037 f   libucrt:powhlp.obj
 0001:0000a0a1       __powhlp                   1000b0a1 f   libucrt:powhlp.obj
 0001:0000a1cc       __87except                 1000b1cc f   libucrt:87except.obj
 0001:0000a2d7       __frnd                     1000b2d7 f   libucrt:frnd.obj
 0001:0000a2ed       __errcode                  1000b2ed f   libucrt:fpexcept.obj
 0001:0000a321       __except1                  1000b321 f   libucrt:fpexcept.obj
 0001:0000a3ef       __handle_exc               1000b3ef f   libucrt:fpexcept.obj
 0001:0000a5cf       __raise_exc                1000b5cf f   libucrt:fpexcept.obj
 0001:0000a5f2       __raise_exc_ex             1000b5f2 f   libucrt:fpexcept.obj
 0001:0000a8e3       __set_errno_from_matherr   1000b8e3 f   libucrt:fpexcept.obj
 0001:0000a912       __umatherr                 1000b912 f   libucrt:fpexcept.obj
 0001:0000a9b4       __decomp                   1000b9b4 f   libucrt:util.obj
 0001:0000aa88       __set_exp                  1000ba88 f   libucrt:util.obj
 0001:0000aab7       __sptype                   1000bab7 f   libucrt:util.obj
 0001:0000ab15       __fpclass                  1000bb15 f   libucrt:ieeemisc.obj
 0001:0000abba       _IsProcessorFeaturePresent@4 1000bbba f   kernel32:KERNEL32.dll
 0001:0000abc0       _RtlUnwind@16              1000bbc0 f   kernel32:KERNEL32.dll
 0001:0000abd0       __FindPESection            1000bbd0 f   LIBCMT:pesect.obj
 0001:0000ac20       __IsNonwritableInCurrentImage 1000bc20 f   LIBCMT:pesect.obj
 0001:0000ace0       __ValidateImageBase        1000bce0 f   LIBCMT:pesect.obj
 0001:0000ad20       __aulldvrm                 1000bd20 f   LIBCMT:ulldvrm.obj
 0001:0000adc0       __SEH_prolog4_GS           1000bdc0 f   LIBCMT:_sehprolg4gs_.obj
 0001:0000ae09       __SEH_epilog4_GS           1000be09 f   LIBCMT:_sehprolg4gs_.obj
 0001:0000ae20       __allmul                   1000be20 f   LIBCMT:llmul.obj
 0001:0000ae60       __alldvrm                  1000be60 f   LIBCMT:lldvrm.obj
 0001:0000af40       __aullshr                  1000bf40 f   LIBCMT:ullshr.obj
 0001:0000af60       __alloca_probe_16          1000bf60 f   LIBCMT:alloca16.obj
 0001:0000af76       __alloca_probe_8           1000bf76     LIBCMT:alloca16.obj
 0001:0000af90       __allshl                   1000bf90 f   LIBCMT:llshl.obj
 0001:0000afb0       __ftol2_sse                1000bfb0 f   LIBCMT:_ftol2_.obj
 0001:0000afb9       __ftol2_pentium4           1000bfb9 f   LIBCMT:_ftol2_.obj
 0001:0000afcc       __ftol2_sse_excpt          1000bfcc f   LIBCMT:_ftol2_.obj
 0001:0000aff0       __ftol2                    1000bff0 f   LIBCMT:_ftol2_.obj
 0001:0000b070       __chkstk                   1000c070 f   LIBCMT:chkstk.obj
 0001:0000b070       __alloca_probe             1000c070 f   LIBCMT:chkstk.obj
 0001:0000b0a0       _memcpy                    1000c0a0 f   libvcruntime:memcpy.obj
 0002:00000000       __imp__HeapCreate@12       1000d000     kernel32:KERNEL32.dll
 0002:00000004       __imp__HeapFree@12         1000d004     kernel32:KERNEL32.dll
 0002:00000008       __imp__GetCurrentThreadId@0 1000d008     kernel32:KERNEL32.dll
 0002:0000000c       __imp__HeapSize@12         1000d00c     kernel32:KERNEL32.dll
 0002:00000010       __imp__HeapReAlloc@16      1000d010     kernel32:KERNEL32.dll
 0002:00000014       __imp__HeapAlloc@12        1000d014     kernel32:KERNEL32.dll
 0002:00000018       __imp__HeapDestroy@4       1000d018     kernel32:KERNEL32.dll
 0002:0000001c       __imp__lstrlenW@4          1000d01c     kernel32:KERNEL32.dll
 0002:00000020       __imp__lstrcpynW@12        1000d020     kernel32:KERNEL32.dll
 0002:00000024       __imp__lstrcmpiA@8         1000d024     kernel32:KERNEL32.dll
 0002:00000028       __imp__lstrcmpiW@8         1000d028     kernel32:KERNEL32.dll
 0002:0000002c       __imp__SetLastError@4      1000d02c     kernel32:KERNEL32.dll
 0002:00000030       __imp__GetLastError@0      1000d030     kernel32:KERNEL32.dll
 0002:00000034       __imp__RaiseException@16   1000d034     kernel32:KERNEL32.dll
 0002:00000038       __imp__IsDebuggerPresent@0 1000d038     kernel32:KERNEL32.dll
 0002:0000003c       __imp__lstrcmpA@8          1000d03c     kernel32:KERNEL32.dll
 0002:00000040       __imp__MultiByteToWideChar@24 1000d040     kernel32:KERNEL32.dll
 0002:00000044       __imp__lstrcatW@8          1000d044     kernel32:KERNEL32.dll
 0002:00000048       __imp__GetProcessHeap@0    1000d048     kernel32:KERNEL32.dll
 0002:0000004c       __imp__lstrcpyW@8          1000d04c     kernel32:KERNEL32.dll
 0002:00000050       __imp__lstrcmpW@8          1000d050     kernel32:KERNEL32.dll
 0002:00000054       __imp__DecodePointer@4     1000d054     kernel32:KERNEL32.dll
 0002:00000058       __imp__WriteConsoleW@20    1000d058     kernel32:KERNEL32.dll
 0002:0000005c       __imp__UnhandledExceptionFilter@4 1000d05c     kernel32:KERNEL32.dll
 0002:00000060       __imp__SetUnhandledExceptionFilter@4 1000d060     kernel32:KERNEL32.dll
 0002:00000064       __imp__GetCurrentProcess@0 1000d064     kernel32:KERNEL32.dll
 0002:00000068       __imp__TerminateProcess@8  1000d068     kernel32:KERNEL32.dll
 0002:0000006c       __imp__IsProcessorFeaturePresent@4 1000d06c     kernel32:KERNEL32.dll
 0002:00000070       __imp__QueryPerformanceCounter@4 1000d070     kernel32:KERNEL32.dll
 0002:00000074       __imp__GetCurrentProcessId@0 1000d074     kernel32:KERNEL32.dll
 0002:00000078       __imp__GetSystemTimeAsFileTime@4 1000d078     kernel32:KERNEL32.dll
 0002:0000007c       __imp__InitializeSListHead@4 1000d07c     kernel32:KERNEL32.dll
 0002:00000080       __imp__GetStartupInfoW@4   1000d080     kernel32:KERNEL32.dll
 0002:00000084       __imp__GetModuleHandleW@4  1000d084     kernel32:KERNEL32.dll
 0002:00000088       __imp__RtlUnwind@16        1000d088     kernel32:KERNEL32.dll
 0002:0000008c       __imp__InterlockedFlushSList@4 1000d08c     kernel32:KERNEL32.dll
 0002:00000090       __imp__EnterCriticalSection@4 1000d090     kernel32:KERNEL32.dll
 0002:00000094       __imp__LeaveCriticalSection@4 1000d094     kernel32:KERNEL32.dll
 0002:00000098       __imp__DeleteCriticalSection@4 1000d098     kernel32:KERNEL32.dll
 0002:0000009c       __imp__InitializeCriticalSectionAndSpinCount@8 1000d09c     kernel32:KERNEL32.dll
 0002:000000a0       __imp__TlsAlloc@0          1000d0a0     kernel32:KERNEL32.dll
 0002:000000a4       __imp__TlsGetValue@4       1000d0a4     kernel32:KERNEL32.dll
 0002:000000a8       __imp__TlsSetValue@8       1000d0a8     kernel32:KERNEL32.dll
 0002:000000ac       __imp__TlsFree@4           1000d0ac     kernel32:KERNEL32.dll
 0002:000000b0       __imp__FreeLibrary@4       1000d0b0     kernel32:KERNEL32.dll
 0002:000000b4       __imp__GetProcAddress@8    1000d0b4     kernel32:KERNEL32.dll
 0002:000000b8       __imp__LoadLibraryExW@12   1000d0b8     kernel32:KERNEL32.dll
 0002:000000bc       __imp__ExitProcess@4       1000d0bc     kernel32:KERNEL32.dll
 0002:000000c0       __imp__GetModuleHandleExW@12 1000d0c0     kernel32:KERNEL32.dll
 0002:000000c4       __imp__GetModuleFileNameA@12 1000d0c4     kernel32:KERNEL32.dll
 0002:000000c8       __imp__WideCharToMultiByte@32 1000d0c8     kernel32:KERNEL32.dll
 0002:000000cc       __imp__LCMapStringW@24     1000d0cc     kernel32:KERNEL32.dll
 0002:000000d0       __imp__FindClose@4         1000d0d0     kernel32:KERNEL32.dll
 0002:000000d4       __imp__FindFirstFileExA@24 1000d0d4     kernel32:KERNEL32.dll
 0002:000000d8       __imp__FindNextFileA@8     1000d0d8     kernel32:KERNEL32.dll
 0002:000000dc       __imp__IsValidCodePage@4   1000d0dc     kernel32:KERNEL32.dll
 0002:000000e0       __imp__GetACP@0            1000d0e0     kernel32:KERNEL32.dll
 0002:000000e4       __imp__GetOEMCP@0          1000d0e4     kernel32:KERNEL32.dll
 0002:000000e8       __imp__GetCPInfo@8         1000d0e8     kernel32:KERNEL32.dll
 0002:000000ec       __imp__GetCommandLineA@0   1000d0ec     kernel32:KERNEL32.dll
 0002:000000f0       __imp__GetCommandLineW@0   1000d0f0     kernel32:KERNEL32.dll
 0002:000000f4       __imp__GetEnvironmentStringsW@0 1000d0f4     kernel32:KERNEL32.dll
 0002:000000f8       __imp__FreeEnvironmentStringsW@4 1000d0f8     kernel32:KERNEL32.dll
 0002:000000fc       __imp__GetStdHandle@4      1000d0fc     kernel32:KERNEL32.dll
 0002:00000100       __imp__GetFileType@4       1000d100     kernel32:KERNEL32.dll
 0002:00000104       __imp__GetStringTypeW@16   1000d104     kernel32:KERNEL32.dll
 0002:00000108       __imp__SetStdHandle@8      1000d108     kernel32:KERNEL32.dll
 0002:0000010c       __imp__WriteFile@20        1000d10c     kernel32:KERNEL32.dll
 0002:00000110       __imp__FlushFileBuffers@4  1000d110     kernel32:KERNEL32.dll
 0002:00000114       __imp__GetConsoleCP@0      1000d114     kernel32:KERNEL32.dll
 0002:00000118       __imp__GetConsoleMode@8    1000d118     kernel32:KERNEL32.dll
 0002:0000011c       __imp__SetFilePointerEx@20 1000d11c     kernel32:KERNEL32.dll
 0002:00000120       __imp__CloseHandle@4       1000d120     kernel32:KERNEL32.dll
 0002:00000124       __imp__CreateFileW@28      1000d124     kernel32:KERNEL32.dll
 0002:00000128       \177KERNEL32_NULL_THUNK_DATA 1000d128     kernel32:KERNEL32.dll
 0002:0000012c       __imp__wsprintfW           1000d12c     user32:USER32.dll
 0002:00000130       \177USER32_NULL_THUNK_DATA 1000d130     user32:USER32.dll
 0002:00000134       ___guard_check_icall_fptr  1000d134     LIBCMT:guard_support.obj
 0002:00000138       ___xc_a                    1000d138     LIBCMT:initializers.obj
 0002:0000013c       ___xc_z                    1000d13c     LIBCMT:initializers.obj
 0002:00000140       ___xi_a                    1000d140     LIBCMT:initializers.obj
 0002:00000144       ___acrt_multibyte_initializer 1000d144     libucrt:multibyte_initializer.obj
 0002:00000148       ___acrt_stdio_initializer  1000d148     libucrt:stdio_initializer.obj
 0002:0000014c       ___acrt_tran_sse2_initializer 1000d14c     libucrt:sse2_initializer.obj
 0002:00000150       ___xi_z                    1000d150     LIBCMT:initializers.obj
 0002:00000154       ___xp_a                    1000d154     LIBCMT:initializers.obj
 0002:00000158       ___acrt_locale_terminator  1000d158     libucrt:locale_initializer.obj
 0002:0000015c       ___dcrt_console_output_terminator 1000d15c     libucrt:console_output_initializer.obj
 0002:00000160       ___acrt_stdio_terminator   1000d160     libucrt:stdio_initializer.obj
 0002:00000164       ___xp_z                    1000d164     LIBCMT:initializers.obj
 0002:00000168       ___xt_a                    1000d168     LIBCMT:initializers.obj
 0002:0000016c       ___xt_z                    1000d16c     LIBCMT:initializers.obj
 0002:00000178       __pRawDllMain              1000d178     LIBCMT:dll_dllmain.obj
 0002:00000178       __pDefaultRawDllMain       1000d178     LIBCMT:dll_dllmain.obj
 0002:0000017c       __pDestructExceptionObject 1000d17c     libvcruntime:frame.obj
 0002:00000314       ??_C@_08EHJDFFNH@__based?$CI?$AA@ 1000d314     libvcruntime:undname.obj
 0002:00000320       ??_C@_07KOLFKCDI@__cdecl?$AA@ 1000d320     libvcruntime:undname.obj
 0002:00000328       ??_C@_08GHMPAG@__pascal?$AA@ 1000d328     libvcruntime:undname.obj
 0002:00000334       ??_C@_09IFJBGAPI@__stdcall?$AA@ 1000d334     libvcruntime:undname.obj
 0002:00000340       ??_C@_0L@NPHFGOKO@__thiscall?$AA@ 1000d340     libvcruntime:undname.obj
 0002:0000034c       ??_C@_0L@JMKHOMEK@__fastcall?$AA@ 1000d34c     libvcruntime:undname.obj
 0002:00000358       ??_C@_0N@BCKKPABJ@__vectorcall?$AA@ 1000d358     libvcruntime:undname.obj
 0002:00000368       ??_C@_09HIJEGCPM@__clrcall?$AA@ 1000d368     libvcruntime:undname.obj
 0002:00000374       ??_C@_06GHPCKEAG@__eabi?$AA@ 1000d374     libvcruntime:undname.obj
 0002:0000037c       ??_C@_07JOMMBBKO@__ptr64?$AA@ 1000d37c     libvcruntime:undname.obj
 0002:00000384       ??_C@_0L@PILCLIHE@__restrict?$AA@ 1000d384     libvcruntime:undname.obj
 0002:00000390       ??_C@_0M@GFIIJFMG@__unaligned?$AA@ 1000d390     libvcruntime:undname.obj
 0002:0000039c       ??_C@_09DHDLOLLB@restrict?$CI?$AA@ 1000d39c     libvcruntime:undname.obj
 0002:000003a6       ??_C@_00CNPNBAHC@?$AA@     1000d3a6     libvcruntime:undname.obj
 0002:000003a8       ??_C@_04NIHEBCM@?5new?$AA@ 1000d3a8     libvcruntime:undname.obj
 0002:000003b0       ??_C@_07FPCDHGMM@?5delete?$AA@ 1000d3b0     libvcruntime:undname.obj
 0002:000003b8       ??_C@_01NEMOKFLO@?$DN?$AA@ 1000d3b8     libvcruntime:undname.obj
 0002:000003bc       ??_C@_02GPIOPFAK@?$DO?$DO?$AA@ 1000d3bc     libvcruntime:undname.obj
 0002:000003c0       ??_C@_02FODMEDOG@?$DM?$DM?$AA@ 1000d3c0     libvcruntime:undname.obj
 0002:000003c4       ??_C@_01DCLJPIOD@?$CB?$AA@ 1000d3c4     libvcruntime:undname.obj
 0002:000003c8       ??_C@_02EGOFBIJA@?$DN?$DN?$AA@ 1000d3c8     libvcruntime:undname.obj
 0002:000003cc       ??_C@_02FDNJECIE@?$CB?$DN?$AA@ 1000d3cc     libvcruntime:undname.obj
 0002:000003d0       ??_C@_02GPECMEKF@?$FL?$FN?$AA@ 1000d3d0     libvcruntime:undname.obj
 0002:000003d4       ??_C@_08LHJFAFGD@operator?$AA@ 1000d3d4     libvcruntime:undname.obj
 0002:000003e0       ??_C@_02HBOOOICD@?9?$DO?$AA@ 1000d3e0     libvcruntime:undname.obj
 0002:000003e4       ??_C@_01NBENCBCI@?$CK?$AA@ 1000d3e4     libvcruntime:undname.obj
 0002:000003e8       ??_C@_02ECNGHCIF@?$CL?$CL?$AA@ 1000d3e8     libvcruntime:undname.obj
 0002:000003ec       ??_C@_02BAABKJLB@?9?9?$AA@ 1000d3ec     libvcruntime:undname.obj
 0002:000003f0       ??_C@_01JOAMLHOP@?9?$AA@   1000d3f0     libvcruntime:undname.obj
 0002:000003f4       ??_C@_01MIFGBAGJ@?$CL?$AA@ 1000d3f4     libvcruntime:undname.obj
 0002:000003f8       ??_C@_01HNPIGOCE@?$CG?$AA@ 1000d3f8     libvcruntime:undname.obj
 0002:000003fc       ??_C@_03MNHNFDLC@?9?$DO?$CK?$AA@ 1000d3fc     libvcruntime:undname.obj
 0002:00000400       ??_C@_01KMDKNFGN@?1?$AA@   1000d400     libvcruntime:undname.obj
 0002:00000404       ??_C@_01FGNFDNOH@?$CF?$AA@ 1000d404     libvcruntime:undname.obj
 0002:00000408       ??_C@_01MNNFJEPP@?$DM?$AA@ 1000d408     libvcruntime:undname.obj
 0002:0000040c       ??_C@_02EHCHHCKH@?$DM?$DN?$AA@ 1000d40c     libvcruntime:undname.obj
 0002:00000410       ??_C@_01PPODPGHN@?$DO?$AA@ 1000d410     libvcruntime:undname.obj
 0002:00000414       ??_C@_02EEKDKGMJ@?$DO?$DN?$AA@ 1000d414     libvcruntime:undname.obj
 0002:00000418       ??_C@_01IHBHIGKO@?0?$AA@   1000d418     libvcruntime:undname.obj
 0002:0000041c       ??_C@_02HCKGKOFO@?$CI?$CJ?$AA@ 1000d41c     libvcruntime:undname.obj
 0002:00000420       ??_C@_01PJKLJHI@?$HO?$AA@  1000d420     libvcruntime:undname.obj
 0002:00000424       ??_C@_01JKBOJNNK@?$FO?$AA@ 1000d424     libvcruntime:undname.obj
 0002:00000428       ??_C@_01DNKMNLPK@?$HM?$AA@ 1000d428     libvcruntime:undname.obj
 0002:0000042c       ??_C@_02PPKAJPJL@?$CG?$CG?$AA@ 1000d42c     libvcruntime:undname.obj
 0002:00000430       ??_C@_02NONPIBCD@?$HM?$HM?$AA@ 1000d430     libvcruntime:undname.obj
 0002:00000434       ??_C@_02FPIMKNGF@?$CK?$DN?$AA@ 1000d434     libvcruntime:undname.obj
 0002:00000438       ??_C@_02FOEOMHFC@?$CL?$DN?$AA@ 1000d438     libvcruntime:undname.obj
 0002:0000043c       ??_C@_02FKMDLLOA@?9?$DN?$AA@ 1000d43c     libvcruntime:undname.obj
 0002:00000440       ??_C@_02FJEHGPIO@?1?$DN?$AA@ 1000d440     libvcruntime:undname.obj
 0002:00000444       ??_C@_02FENAOKFI@?$CF?$DN?$AA@ 1000d444     libvcruntime:undname.obj
 0002:00000448       ??_C@_03IKFCCPFF@?$DO?$DO?$DN?$AA@ 1000d448     libvcruntime:undname.obj
 0002:0000044c       ??_C@_03CDNPDDLA@?$DM?$DM?$DN?$AA@ 1000d44c     libvcruntime:undname.obj
 0002:00000450       ??_C@_02FGJGFEAB@?$CG?$DN?$AA@ 1000d450     libvcruntime:undname.obj
 0002:00000454       ??_C@_02DHLNPPGH@?$HM?$DN?$AA@ 1000d454     libvcruntime:undname.obj
 0002:00000458       ??_C@_02MHEGNOJ@?$FO?$DN?$AA@ 1000d458     libvcruntime:undname.obj
 0002:0000045c       ??_C@_09IFPLHPGF@?$GAvftable?8?$AA@ 1000d45c     libvcruntime:undname.obj
 0002:00000468       ??_C@_09BLBHBJP@?$GAvbtable?8?$AA@ 1000d468     libvcruntime:undname.obj
 0002:00000474       ??_C@_07FEEIOKP@?$GAvcall?8?$AA@ 1000d474     libvcruntime:undname.obj
 0002:0000047c       ??_C@_08LLFFHHDJ@?$GAtypeof?8?$AA@ 1000d47c     libvcruntime:undname.obj
 0002:00000488       ??_C@_0BF@KDPPACIK@?$GAlocal?5static?5guard?8?$AA@ 1000d488     libvcruntime:undname.obj
 0002:000004a0       ??_C@_08OBABFOLI@?$GAstring?8?$AA@ 1000d4a0     libvcruntime:undname.obj
 0002:000004ac       ??_C@_0BD@JDLKDPAB@?$GAvbase?5destructor?8?$AA@ 1000d4ac     libvcruntime:undname.obj
 0002:000004c0       ??_C@_0BN@DEGPLNFK@?$GAvector?5deleting?5destructor?8?$AA@ 1000d4c0     libvcruntime:undname.obj
 0002:000004e0       ??_C@_0BO@OBMKPJIG@?$GAdefault?5constructor?5closure?8?$AA@ 1000d4e0     libvcruntime:undname.obj
 0002:00000500       ??_C@_0BN@IMDCHIKM@?$GAscalar?5deleting?5destructor?8?$AA@ 1000d500     libvcruntime:undname.obj
 0002:00000520       ??_C@_0BO@PFGOCPJJ@?$GAvector?5constructor?5iterator?8?$AA@ 1000d520     libvcruntime:undname.obj
 0002:00000540       ??_C@_0BN@LFPFMEDL@?$GAvector?5destructor?5iterator?8?$AA@ 1000d540     libvcruntime:undname.obj
 0002:00000560       ??_C@_0CE@IKBNEHA@?$GAvector?5vbase?5constructor?5iterat@ 1000d560     libvcruntime:undname.obj
 0002:00000584       ??_C@_0BL@NILFHHPC@?$GAvirtual?5displacement?5map?8?$AA@ 1000d584     libvcruntime:undname.obj
 0002:000005a0       ??_C@_0CB@JONCMFFK@?$GAeh?5vector?5constructor?5iterator?8@ 1000d5a0     libvcruntime:undname.obj
 0002:000005c4       ??_C@_0CA@GCEOPDGL@?$GAeh?5vector?5destructor?5iterator?8?$AA@ 1000d5c4     libvcruntime:undname.obj
 0002:000005e4       ??_C@_0CH@OOJPLCPH@?$GAeh?5vector?5vbase?5constructor?5ite@ 1000d5e4     libvcruntime:undname.obj
 0002:0000060c       ??_C@_0BL@LLKPOHJI@?$GAcopy?5constructor?5closure?8?$AA@ 1000d60c     libvcruntime:undname.obj
 0002:00000628       ??_C@_0BA@KBCDOMBN@?$GAudt?5returning?8?$AA@ 1000d628     libvcruntime:undname.obj
 0002:00000638       ??_C@_03KLGMFNMG@?$GAEH?$AA@ 1000d638     libvcruntime:undname.obj
 0002:0000063c       ??_C@_05KHLCHHI@?$GARTTI?$AA@ 1000d63c     libvcruntime:undname.obj
 0002:00000644       ??_C@_0BA@KKLDJDLB@?$GAlocal?5vftable?8?$AA@ 1000d644     libvcruntime:undname.obj
 0002:00000654       ??_C@_0CE@IIHCMGGL@?$GAlocal?5vftable?5constructor?5closu@ 1000d654     libvcruntime:undname.obj
 0002:00000678       ??_C@_06FHBGPFGH@?5new?$FL?$FN?$AA@ 1000d678     libvcruntime:undname.obj
 0002:00000680       ??_C@_09LBNFPBCA@?5delete?$FL?$FN?$AA@ 1000d680     libvcruntime:undname.obj
 0002:0000068c       ??_C@_0P@HJKNJFNN@?$GAomni?5callsig?8?$AA@ 1000d68c     libvcruntime:undname.obj
 0002:0000069c       ??_C@_0BL@CNOONJFP@?$GAplacement?5delete?5closure?8?$AA@ 1000d69c     libvcruntime:undname.obj
 0002:000006b8       ??_C@_0BN@CKNJLHMB@?$GAplacement?5delete?$FL?$FN?5closure?8?$AA@ 1000d6b8     libvcruntime:undname.obj
 0002:000006d8       ??_C@_0CG@CFDHKGGD@?$GAmanaged?5vector?5constructor?5iter@ 1000d6d8     libvcruntime:undname.obj
 0002:00000700       ??_C@_0CF@IMGKMJNO@?$GAmanaged?5vector?5destructor?5itera@ 1000d700     libvcruntime:undname.obj
 0002:00000728       ??_C@_0CG@HLDDJMAG@?$GAeh?5vector?5copy?5constructor?5iter@ 1000d728     libvcruntime:undname.obj
 0002:00000750       ??_C@_0CM@FCBBDIGB@?$GAeh?5vector?5vbase?5copy?5constructo@ 1000d750     libvcruntime:undname.obj
 0002:0000077c       ??_C@_0BL@CLIPGLGB@?$GAdynamic?5initializer?5for?5?8?$AA@ 1000d77c     libvcruntime:undname.obj
 0002:00000798       ??_C@_0CB@PDBIFEP@?$GAdynamic?5atexit?5destructor?5for?5?8@ 1000d798     libvcruntime:undname.obj
 0002:000007bc       ??_C@_0CD@CGAJBKEJ@?$GAvector?5copy?5constructor?5iterato@ 1000d7bc     libvcruntime:undname.obj
 0002:000007e0       ??_C@_0CJ@GJELGAMM@?$GAvector?5vbase?5copy?5constructor?5i@ 1000d7e0     libvcruntime:undname.obj
 0002:0000080c       ??_C@_0CL@FGIJHLCE@?$GAmanaged?5vector?5copy?5constructor@ 1000d80c     libvcruntime:undname.obj
 0002:00000838       ??_C@_0BM@PMGGMLDN@?$GAlocal?5static?5thread?5guard?8?$AA@ 1000d838     libvcruntime:undname.obj
 0002:00000854       ??_C@_0N@BDNMDMOL@operator?5?$CC?$CC?5?$AA@ 1000d854     libvcruntime:undname.obj
 0002:00000864       ??_C@_0BC@GGEBGALA@operator?5co_await?$AA@ 1000d864     libvcruntime:undname.obj
 0002:00000878       ??_C@_0BC@DAFEJGAK@?5Type?5Descriptor?8?$AA@ 1000d878     libvcruntime:undname.obj
 0002:0000088c       ??_C@_0BM@LDKODKLH@?5Base?5Class?5Descriptor?5at?5?$CI?$AA@ 1000d88c     libvcruntime:undname.obj
 0002:000008a8       ??_C@_0BD@LGICGFMM@?5Base?5Class?5Array?8?$AA@ 1000d8a8     libvcruntime:undname.obj
 0002:000008bc       ??_C@_0BN@MECKDCOJ@?5Class?5Hierarchy?5Descriptor?8?$AA@ 1000d8bc     libvcruntime:undname.obj
 0002:000008dc       ??_C@_0BK@CFCOFLF@?5Complete?5Object?5Locator?8?$AA@ 1000d8dc     libvcruntime:undname.obj
 0002:00000904       ??_C@_1DM@KHCHBNEB@?$AAa?$AAp?$AAi?$AA?9?$AAm?$AAs?$AA?9?$AAw?$AAi?$AAn?$AA?9?$AAc?$AAo?$AAr?$AAe?$AA?9?$AAf?$AAi?$AAb?$AAe?$AAr?$AAs?$AA?9?$AAl?$AA1?$AA?9?$AA1?$AA?9?$AA1?$AA?$AA@ 1000d904     libvcruntime:winapi_downlevel.obj
 0002:00000940       ??_C@_1DK@LPPGFMPP@?$AAa?$AAp?$AAi?$AA?9?$AAm?$AAs?$AA?9?$AAw?$AAi?$AAn?$AA?9?$AAc?$AAo?$AAr?$AAe?$AA?9?$AAs?$AAy?$AAn?$AAc?$AAh?$AA?9?$AAl?$AA1?$AA?9?$AA2?$AA?9?$AA0?$AA?$AA@ 1000d940     libvcruntime:winapi_downlevel.obj
 0002:0000097c       ??_C@_1BC@GDMECMAK@?$AAk?$AAe?$AAr?$AAn?$AAe?$AAl?$AA3?$AA2?$AA?$AA@ 1000d97c     libvcruntime:winapi_downlevel.obj
 0002:00000990       ??_C@_1BA@PFFKHIOG@?$AAa?$AAp?$AAi?$AA?9?$AAm?$AAs?$AA?9?$AA?$AA@ 1000d990     libvcruntime:winapi_downlevel.obj
 0002:000009a0       ??_C@_1BA@IAIFMGEF@?$AAe?$AAx?$AAt?$AA?9?$AAm?$AAs?$AA?9?$AA?$AA@ 1000d9a0     libvcruntime:winapi_downlevel.obj
 0002:000009b8       ??_C@_08KNHFBNJ@FlsAlloc?$AA@ 1000d9b8     libvcruntime:winapi_downlevel.obj
 0002:000009cc       ??_C@_07PEJMOBNF@FlsFree?$AA@ 1000d9cc     libvcruntime:winapi_downlevel.obj
 0002:000009dc       ??_C@_0M@GDNOONDI@FlsGetValue?$AA@ 1000d9dc     libvcruntime:winapi_downlevel.obj
 0002:000009f0       ??_C@_0M@JCPCPOEF@FlsSetValue?$AA@ 1000d9f0     libvcruntime:winapi_downlevel.obj
 0002:00000a04       ??_C@_0BM@HCFOFFN@InitializeCriticalSectionEx?$AA@ 1000da04     libvcruntime:winapi_downlevel.obj
 0002:00000a20       ___acrt_exception_action_table 1000da20     libucrt:exception_filter.obj
 0002:00000ab0       ___acrt_signal_action_table_count 1000dab0     libucrt:exception_filter.obj
 0002:00000ab4       ___acrt_signal_action_first_fpe_index 1000dab4     libucrt:exception_filter.obj
 0002:00000ab8       ___acrt_signal_action_fpe_count 1000dab8     libucrt:exception_filter.obj
 0002:00000abc       ??_C@_1BI@BGOHAHKC@?$AAm?$AAs?$AAc?$AAo?$AAr?$AAe?$AAe?$AA?4?$AAd?$AAl?$AAl?$AA?$AA@ 1000dabc     libucrt:exit.obj
 0002:00000ad4       ??_C@_0P@MIGLKIOC@CorExitProcess?$AA@ 1000dad4     libucrt:exit.obj
 0002:00000bb0       ??_C@_1EG@CNNIPFIM@?$AAa?$AAp?$AAi?$AA?9?$AAm?$AAs?$AA?9?$AAw?$AAi?$AAn?$AA?9?$AAa?$AAp?$AAp?$AAm?$AAo?$AAd?$AAe?$AAl?$AA?9?$AAr?$AAu?$AAn?$AAt?$AAi?$AAm?$AAe?$AA?9?$AAl?$AA1?$AA?9?$AA1@ 1000dbb0     libucrt:winapi_thunks.obj
 0002:00000bf8       ??_C@_1EA@JGEFHKEI@?$AAa?$AAp?$AAi?$AA?9?$AAm?$AAs?$AA?9?$AAw?$AAi?$AAn?$AA?9?$AAc?$AAo?$AAr?$AAe?$AA?9?$AAd?$AAa?$AAt?$AAe?$AAt?$AAi?$AAm?$AAe?$AA?9?$AAl?$AA1?$AA?9?$AA1?$AA?9?$AA1?$AA?$AA@ 1000dbf8     libucrt:winapi_thunks.obj
 0002:00000c38       ??_C@_1DI@GCIAAENM@?$AAa?$AAp?$AAi?$AA?9?$AAm?$AAs?$AA?9?$AAw?$AAi?$AAn?$AA?9?$AAc?$AAo?$AAr?$AAe?$AA?9?$AAf?$AAi?$AAl?$AAe?$AA?9?$AAl?$AA2?$AA?9?$AA1?$AA?9?$AA1?$AA?$AA@ 1000dc38     libucrt:winapi_thunks.obj
 0002:00000c70       ??_C@_1EI@MPIAOHOC@?$AAa?$AAp?$AAi?$AA?9?$AAm?$AAs?$AA?9?$AAw?$AAi?$AAn?$AA?9?$AAc?$AAo?$AAr?$AAe?$AA?9?$AAl?$AAo?$AAc?$AAa?$AAl?$AAi?$AAz?$AAa?$AAt?$AAi?$AAo?$AAn?$AA?9?$AAl?$AA1?$AA?9@ 1000dc70     libucrt:winapi_thunks.obj
 0002:00000cb8       ??_C@_1FK@FPHCKFIE@?$AAa?$AAp?$AAi?$AA?9?$AAm?$AAs?$AA?9?$AAw?$AAi?$AAn?$AA?9?$AAc?$AAo?$AAr?$AAe?$AA?9?$AAl?$AAo?$AAc?$AAa?$AAl?$AAi?$AAz?$AAa?$AAt?$AAi?$AAo?$AAn?$AA?9?$AAo?$AAb?$AAs@ 1000dcb8     libucrt:winapi_thunks.obj
 0002:00000d18       ??_C@_1EM@DILCGIIO@?$AAa?$AAp?$AAi?$AA?9?$AAm?$AAs?$AA?9?$AAw?$AAi?$AAn?$AA?9?$AAc?$AAo?$AAr?$AAe?$AA?9?$AAp?$AAr?$AAo?$AAc?$AAe?$AAs?$AAs?$AAt?$AAh?$AAr?$AAe?$AAa?$AAd?$AAs?$AA?9?$AAl@ 1000dd18     libucrt:winapi_thunks.obj
 0002:00000d64       ??_C@_1DM@LNCGDDPN@?$AAa?$AAp?$AAi?$AA?9?$AAm?$AAs?$AA?9?$AAw?$AAi?$AAn?$AA?9?$AAc?$AAo?$AAr?$AAe?$AA?9?$AAs?$AAt?$AAr?$AAi?$AAn?$AAg?$AA?9?$AAl?$AA1?$AA?9?$AA1?$AA?9?$AA0?$AA?$AA@ 1000dd64     libucrt:winapi_thunks.obj
 0002:00000da0       ??_C@_1DO@FPAPJEMD@?$AAa?$AAp?$AAi?$AA?9?$AAm?$AAs?$AA?9?$AAw?$AAi?$AAn?$AA?9?$AAc?$AAo?$AAr?$AAe?$AA?9?$AAs?$AAy?$AAs?$AAi?$AAn?$AAf?$AAo?$AA?9?$AAl?$AA1?$AA?9?$AA2?$AA?9?$AA1?$AA?$AA@ 1000dda0     libucrt:winapi_thunks.obj
 0002:00000de0       ??_C@_1DK@NDHNAHIO@?$AAa?$AAp?$AAi?$AA?9?$AAm?$AAs?$AA?9?$AAw?$AAi?$AAn?$AA?9?$AAc?$AAo?$AAr?$AAe?$AA?9?$AAw?$AAi?$AAn?$AAr?$AAt?$AA?9?$AAl?$AA1?$AA?9?$AA1?$AA?9?$AA0?$AA?$AA@ 1000dde0     libucrt:winapi_thunks.obj
 0002:00000e1c       ??_C@_1DM@KGHDGBCM@?$AAa?$AAp?$AAi?$AA?9?$AAm?$AAs?$AA?9?$AAw?$AAi?$AAn?$AA?9?$AAc?$AAo?$AAr?$AAe?$AA?9?$AAx?$AAs?$AAt?$AAa?$AAt?$AAe?$AA?9?$AAl?$AA2?$AA?9?$AA1?$AA?9?$AA0?$AA?$AA@ 1000de1c     libucrt:winapi_thunks.obj
 0002:00000e58       ??_C@_1EO@IJIOEFOH@?$AAa?$AAp?$AAi?$AA?9?$AAm?$AAs?$AA?9?$AAw?$AAi?$AAn?$AA?9?$AAr?$AAt?$AAc?$AAo?$AAr?$AAe?$AA?9?$AAn?$AAt?$AAu?$AAs?$AAe?$AAr?$AA?9?$AAw?$AAi?$AAn?$AAd?$AAo?$AAw?$AA?9@ 1000de58     libucrt:winapi_thunks.obj
 0002:00000ea8       ??_C@_1FG@HHGEKANL@?$AAa?$AAp?$AAi?$AA?9?$AAm?$AAs?$AA?9?$AAw?$AAi?$AAn?$AA?9?$AAs?$AAe?$AAc?$AAu?$AAr?$AAi?$AAt?$AAy?$AA?9?$AAs?$AAy?$AAs?$AAt?$AAe?$AAm?$AAf?$AAu?$AAn?$AAc?$AAt?$AAi@ 1000dea8     libucrt:winapi_thunks.obj
 0002:00000f00       ??_C@_1FG@NCKKOLKO@?$AAe?$AAx?$AAt?$AA?9?$AAm?$AAs?$AA?9?$AAw?$AAi?$AAn?$AA?9?$AAk?$AAe?$AAr?$AAn?$AAe?$AAl?$AA3?$AA2?$AA?9?$AAp?$AAa?$AAc?$AAk?$AAa?$AAg?$AAe?$AA?9?$AAc?$AAu?$AAr?$AAr@ 1000df00     libucrt:winapi_thunks.obj
 0002:00000f58       ??_C@_1EG@DBIOJECG@?$AAe?$AAx?$AAt?$AA?9?$AAm?$AAs?$AA?9?$AAw?$AAi?$AAn?$AA?9?$AAn?$AAt?$AAu?$AAs?$AAe?$AAr?$AA?9?$AAd?$AAi?$AAa?$AAl?$AAo?$AAg?$AAb?$AAo?$AAx?$AA?9?$AAl?$AA1?$AA?9?$AA1@ 1000df58     libucrt:winapi_thunks.obj
 0002:00000fa0       ??_C@_1EO@FIHMJCLF@?$AAe?$AAx?$AAt?$AA?9?$AAm?$AAs?$AA?9?$AAw?$AAi?$AAn?$AA?9?$AAn?$AAt?$AAu?$AAs?$AAe?$AAr?$AA?9?$AAw?$AAi?$AAn?$AAd?$AAo?$AAw?$AAs?$AAt?$AAa?$AAt?$AAi?$AAo?$AAn?$AA?9@ 1000dfa0     libucrt:winapi_thunks.obj
 0002:00000ff0       ??_C@_1BC@DNHGCMLG@?$AAa?$AAd?$AAv?$AAa?$AAp?$AAi?$AA3?$AA2?$AA?$AA@ 1000dff0     libucrt:winapi_thunks.obj
 0002:00001004       ??_C@_1O@BCCLBEOE@?$AAu?$AAs?$AAe?$AAr?$AA3?$AA2?$AA?$AA@ 1000e004     libucrt:winapi_thunks.obj
 0002:0000103c       ??_C@_0BE@JOGNEJCI@GetCurrentPackageId?$AA@ 1000e03c     libucrt:winapi_thunks.obj
 0002:00001060       ??_C@_0O@KKBNKAPF@LCMapStringEx?$AA@ 1000e060     libucrt:winapi_thunks.obj
 0002:00001078       ??_C@_0BB@HBDEELFH@LocaleNameToLCID?$AA@ 1000e078     libucrt:winapi_thunks.obj
 0002:00001208       ??_C@_1M@HPNHIDJI@?$AAj?$AAa?$AA?9?$AAJ?$AAP?$AA?$AA@ 1000e208     libucrt:mbctype.obj
 0002:00001214       ??_C@_1M@BIBDDEMK@?$AAz?$AAh?$AA?9?$AAC?$AAN?$AA?$AA@ 1000e214     libucrt:mbctype.obj
 0002:00001220       ??_C@_1M@JLOOOEGK@?$AAk?$AAo?$AA?9?$AAK?$AAR?$AA?$AA@ 1000e220     libucrt:mbctype.obj
 0002:0000122c       ??_C@_1M@CLNBBOPM@?$AAz?$AAh?$AA?9?$AAT?$AAW?$AA?$AA@ 1000e22c     libucrt:mbctype.obj
 0002:00001238       ??_C@_03KOEHGMDN@Sun?$AA@  1000e238     libucrt:nlsdata.obj
 0002:0000123c       ??_C@_03PDAGKDH@Mon?$AA@   1000e23c     libucrt:nlsdata.obj
 0002:00001240       ??_C@_03NAGEINEP@Tue?$AA@  1000e240     libucrt:nlsdata.obj
 0002:00001244       ??_C@_03MHOMLAJA@Wed?$AA@  1000e244     libucrt:nlsdata.obj
 0002:00001248       ??_C@_03IOFIKPDN@Thu?$AA@  1000e248     libucrt:nlsdata.obj
 0002:0000124c       ??_C@_03IDIOELNC@Fri?$AA@  1000e24c     libucrt:nlsdata.obj
 0002:00001250       ??_C@_03FEFJNEK@Sat?$AA@   1000e250     libucrt:nlsdata.obj
 0002:00001254       ??_C@_06OOPIFAJ@Sunday?$AA@ 1000e254     libucrt:nlsdata.obj
 0002:0000125c       ??_C@_06JLEDEDGH@Monday?$AA@ 1000e25c     libucrt:nlsdata.obj
 0002:00001264       ??_C@_07BAAGCFCM@Tuesday?$AA@ 1000e264     libucrt:nlsdata.obj
 0002:0000126c       ??_C@_09DLIGFAKA@Wednesday?$AA@ 1000e26c     libucrt:nlsdata.obj
 0002:00001278       ??_C@_08HACCIKIA@Thursday?$AA@ 1000e278     libucrt:nlsdata.obj
 0002:00001284       ??_C@_06JECMNKMI@Friday?$AA@ 1000e284     libucrt:nlsdata.obj
 0002:0000128c       ??_C@_08INBOOONO@Saturday?$AA@ 1000e28c     libucrt:nlsdata.obj
 0002:00001298       ??_C@_03JIHJHPIE@Jan?$AA@  1000e298     libucrt:nlsdata.obj
 0002:0000129c       ??_C@_03HJBDCHOM@Feb?$AA@  1000e29c     libucrt:nlsdata.obj
 0002:000012a0       ??_C@_03ODNJBKGA@Mar?$AA@  1000e2a0     libucrt:nlsdata.obj
 0002:000012a4       ??_C@_03LEOLGMJP@Apr?$AA@  1000e2a4     libucrt:nlsdata.obj
 0002:000012a8       ??_C@_03CNMDKL@May?$AA@    1000e2a8     libucrt:nlsdata.obj
 0002:000012ac       ??_C@_03IDFGHECI@Jun?$AA@  1000e2ac     libucrt:nlsdata.obj
 0002:000012b0       ??_C@_03LBGABGKK@Jul?$AA@  1000e2b0     libucrt:nlsdata.obj
 0002:000012b4       ??_C@_03IFJFEIGA@Aug?$AA@  1000e2b4     libucrt:nlsdata.obj
 0002:000012b8       ??_C@_03GGCAPAJC@Sep?$AA@  1000e2b8     libucrt:nlsdata.obj
 0002:000012bc       ??_C@_03BMAOKBAD@Oct?$AA@  1000e2bc     libucrt:nlsdata.obj
 0002:000012c0       ??_C@_03JPJOFNIA@Nov?$AA@  1000e2c0     libucrt:nlsdata.obj
 0002:000012c4       ??_C@_03MKABNOCG@Dec?$AA@  1000e2c4     libucrt:nlsdata.obj
 0002:000012c8       ??_C@_07CGJPFGJA@January?$AA@ 1000e2c8     libucrt:nlsdata.obj
 0002:000012d0       ??_C@_08GNJGEPFN@February?$AA@ 1000e2d0     libucrt:nlsdata.obj
 0002:000012dc       ??_C@_05HPCKOFNC@March?$AA@ 1000e2dc     libucrt:nlsdata.obj
 0002:000012e4       ??_C@_05DMJDNLEJ@April?$AA@ 1000e2e4     libucrt:nlsdata.obj
 0002:000012ec       ??_C@_04CNLMGBGM@June?$AA@ 1000e2ec     libucrt:nlsdata.obj
 0002:000012f4       ??_C@_04MIEPOIFP@July?$AA@ 1000e2f4     libucrt:nlsdata.obj
 0002:000012fc       ??_C@_06LBBHFDDG@August?$AA@ 1000e2fc     libucrt:nlsdata.obj
 0002:00001304       ??_C@_09BHHEALKD@September?$AA@ 1000e304     libucrt:nlsdata.obj
 0002:00001310       ??_C@_07JJNFCEND@October?$AA@ 1000e310     libucrt:nlsdata.obj
 0002:00001318       ??_C@_08HCHEGEOA@November?$AA@ 1000e318     libucrt:nlsdata.obj
 0002:00001324       ??_C@_08EDHMEBNP@December?$AA@ 1000e324     libucrt:nlsdata.obj
 0002:00001330       ??_C@_02DEDBPAFC@AM?$AA@   1000e330     libucrt:nlsdata.obj
 0002:00001334       ??_C@_02CJNFDJBF@PM?$AA@   1000e334     libucrt:nlsdata.obj
 0002:00001338       ??_C@_08BPBNCDIB@MM?1dd?1yy?$AA@ 1000e338     libucrt:nlsdata.obj
 0002:00001344       ??_C@_0BE@CKGJFCPC@dddd?0?5MMMM?5dd?0?5yyyy?$AA@ 1000e344     libucrt:nlsdata.obj
 0002:00001358       ??_C@_08JCCMCCIL@HH?3mm?3ss?$AA@ 1000e358     libucrt:nlsdata.obj
 0002:00001364       ??_C@_17MBGCMIPB@?$AAS?$AAu?$AAn?$AA?$AA@ 1000e364     libucrt:nlsdata.obj
 0002:0000136c       ??_C@_17KBOMKBF@?$AAM?$AAo?$AAn?$AA?$AA@ 1000e36c     libucrt:nlsdata.obj
 0002:00001374       ??_C@_17BMKGEGOJ@?$AAT?$AAu?$AAe?$AA?$AA@ 1000e374     libucrt:nlsdata.obj
 0002:0000137c       ??_C@_17CJEDCEPE@?$AAW?$AAe?$AAd?$AA?$AA@ 1000e37c     libucrt:nlsdata.obj
 0002:00001384       ??_C@_17PDPHAADD@?$AAT?$AAh?$AAu?$AA?$AA@ 1000e384     libucrt:nlsdata.obj
 0002:0000138c       ??_C@_17HFOLPPLP@?$AAF?$AAr?$AAi?$AA?$AA@ 1000e38c     libucrt:nlsdata.obj
 0002:00001394       ??_C@_17GGIBDPIH@?$AAS?$AAa?$AAt?$AA?$AA@ 1000e394     libucrt:nlsdata.obj
 0002:0000139c       ??_C@_1O@IHNHDHPB@?$AAS?$AAu?$AAn?$AAd?$AAa?$AAy?$AA?$AA@ 1000e39c     libucrt:nlsdata.obj
 0002:000013ac       ??_C@_1O@MMNBFLIA@?$AAM?$AAo?$AAn?$AAd?$AAa?$AAy?$AA?$AA@ 1000e3ac     libucrt:nlsdata.obj
 0002:000013bc       ??_C@_1BA@ENFBFFEK@?$AAT?$AAu?$AAe?$AAs?$AAd?$AAa?$AAy?$AA?$AA@ 1000e3bc     libucrt:nlsdata.obj
 0002:000013cc       ??_C@_1BE@EBOGMDOH@?$AAW?$AAe?$AAd?$AAn?$AAe?$AAs?$AAd?$AAa?$AAy?$AA?$AA@ 1000e3cc     libucrt:nlsdata.obj
 0002:000013e0       ??_C@_1BC@HHMNLIHE@?$AAT?$AAh?$AAu?$AAr?$AAs?$AAd?$AAa?$AAy?$AA?$AA@ 1000e3e0     libucrt:nlsdata.obj
 0002:000013f4       ??_C@_1O@PDICJHAG@?$AAF?$AAr?$AAi?$AAd?$AAa?$AAy?$AA?$AA@ 1000e3f4     libucrt:nlsdata.obj
 0002:00001404       ??_C@_1BC@ENMNNPAJ@?$AAS?$AAa?$AAt?$AAu?$AAr?$AAd?$AAa?$AAy?$AA?$AA@ 1000e404     libucrt:nlsdata.obj
 0002:00001418       ??_C@_17DKNBKCHM@?$AAJ?$AAa?$AAn?$AA?$AA@ 1000e418     libucrt:nlsdata.obj
 0002:00001420       ??_C@_17LMDJEKJN@?$AAF?$AAe?$AAb?$AA?$AA@ 1000e420     libucrt:nlsdata.obj
 0002:00001428       ??_C@_17CKNLEDEC@?$AAM?$AAa?$AAr?$AA?$AA@ 1000e428     libucrt:nlsdata.obj
 0002:00001430       ??_C@_17LFPOIHDD@?$AAA?$AAp?$AAr?$AA?$AA@ 1000e430     libucrt:nlsdata.obj
 0002:00001438       ??_C@_17PNNKMEED@?$AAM?$AAa?$AAy?$AA?$AA@ 1000e438     libucrt:nlsdata.obj
 0002:00001440       ??_C@_17KCJGOCPB@?$AAJ?$AAu?$AAn?$AA?$AA@ 1000e440     libucrt:nlsdata.obj
 0002:00001448       ??_C@_17IJPCKHK@?$AAJ?$AAu?$AAl?$AA?$AA@ 1000e448     libucrt:nlsdata.obj
 0002:00001450       ??_C@_17ICPELBCN@?$AAA?$AAu?$AAg?$AA?$AA@ 1000e450     libucrt:nlsdata.obj
 0002:00001458       ??_C@_17HCHCOKMG@?$AAS?$AAe?$AAp?$AA?$AA@ 1000e458     libucrt:nlsdata.obj
 0002:00001460       ??_C@_17FNLKOI@?$AAO?$AAc?$AAt?$AA?$AA@ 1000e460     libucrt:nlsdata.obj
 0002:00001468       ??_C@_17BBDMLCIG@?$AAN?$AAo?$AAv?$AA?$AA@ 1000e468     libucrt:nlsdata.obj
 0002:00001470       ??_C@_17EGKACKIF@?$AAD?$AAe?$AAc?$AA?$AA@ 1000e470     libucrt:nlsdata.obj
 0002:00001478       ??_C@_1BA@EFMEIEBA@?$AAJ?$AAa?$AAn?$AAu?$AAa?$AAr?$AAy?$AA?$AA@ 1000e478     libucrt:nlsdata.obj
 0002:00001488       ??_C@_1BC@JGDDFFAM@?$AAF?$AAe?$AAb?$AAr?$AAu?$AAa?$AAr?$AAy?$AA?$AA@ 1000e488     libucrt:nlsdata.obj
 0002:0000149c       ??_C@_1M@IKEENEDF@?$AAM?$AAa?$AAr?$AAc?$AAh?$AA?$AA@ 1000e49c     libucrt:nlsdata.obj
 0002:000014a8       ??_C@_1M@GJNLMHFD@?$AAA?$AAp?$AAr?$AAi?$AAl?$AA?$AA@ 1000e4a8     libucrt:nlsdata.obj
 0002:000014b4       ??_C@_19EPFLPGAP@?$AAJ?$AAu?$AAn?$AAe?$AA?$AA@ 1000e4b4     libucrt:nlsdata.obj
 0002:000014c0       ??_C@_19BIFMLPCD@?$AAJ?$AAu?$AAl?$AAy?$AA?$AA@ 1000e4c0     libucrt:nlsdata.obj
 0002:000014cc       ??_C@_1O@PAHLKOAC@?$AAA?$AAu?$AAg?$AAu?$AAs?$AAt?$AA?$AA@ 1000e4cc     libucrt:nlsdata.obj
 0002:000014dc       ??_C@_1BE@DKAAMBJL@?$AAS?$AAe?$AAp?$AAt?$AAe?$AAm?$AAb?$AAe?$AAr?$AA?$AA@ 1000e4dc     libucrt:nlsdata.obj
 0002:000014f0       ??_C@_1BA@EPANDLNG@?$AAO?$AAc?$AAt?$AAo?$AAb?$AAe?$AAr?$AA?$AA@ 1000e4f0     libucrt:nlsdata.obj
 0002:00001500       ??_C@_1BC@BGLIFPF@?$AAN?$AAo?$AAv?$AAe?$AAm?$AAb?$AAe?$AAr?$AA?$AA@ 1000e500     libucrt:nlsdata.obj
 0002:00001514       ??_C@_1BC@FEMKIFH@?$AAD?$AAe?$AAc?$AAe?$AAm?$AAb?$AAe?$AAr?$AA?$AA@ 1000e514     libucrt:nlsdata.obj
 0002:00001528       ??_C@_15ODEHAHHF@?$AAA?$AAM?$AA?$AA@ 1000e528     libucrt:nlsdata.obj
 0002:00001530       ??_C@_15CLMNNGEL@?$AAP?$AAM?$AA?$AA@ 1000e530     libucrt:nlsdata.obj
 0002:00001538       ??_C@_1BC@IEBCMHCM@?$AAM?$AAM?$AA?1?$AAd?$AAd?$AA?1?$AAy?$AAy?$AA?$AA@ 1000e538     libucrt:nlsdata.obj
 0002:0000154c       ??_C@_1CI@KNAKOEBC@?$AAd?$AAd?$AAd?$AAd?$AA?0?$AA?5?$AAM?$AAM?$AAM?$AAM?$AA?5?$AAd?$AAd?$AA?0?$AA?5?$AAy?$AAy?$AAy?$AAy?$AA?$AA@ 1000e54c     libucrt:nlsdata.obj
 0002:00001574       ??_C@_1BC@GDGBMEMK@?$AAH?$AAH?$AA?3?$AAm?$AAm?$AA?3?$AAs?$AAs?$AA?$AA@ 1000e574     libucrt:nlsdata.obj
 0002:00001588       ??_C@_1M@BMHNFIME@?$AAe?$AAn?$AA?9?$AAU?$AAS?$AA?$AA@ 1000e588     libucrt:nlsdata.obj
 0002:00001598       ___lc_time_c               1000e598     libucrt:nlsdata.obj
 0002:00001700       ___newctype                1000e700     libucrt:ctype.obj
 0002:00001a00       ___newclmap                1000ea00     libucrt:ctype.obj
 0002:00001b80       ___newcumap                1000eb80     libucrt:ctype.obj
 0002:00002420       ??_C@_15EMKDOKLE@?$AAa?$AAr?$AA?$AA@ 1000f420     libucrt:lcidtoname_downlevel.obj
 0002:00002428       ??_C@_15KNPADPLH@?$AAb?$AAg?$AA?$AA@ 1000f428     libucrt:lcidtoname_downlevel.obj
 0002:00002430       ??_C@_15EDMHLDMO@?$AAc?$AAa?$AA?$AA@ 1000f430     libucrt:lcidtoname_downlevel.obj
 0002:00002438       ??_C@_1O@BPEAJADD@?$AAz?$AAh?$AA?9?$AAC?$AAH?$AAS?$AA?$AA@ 1000f438     libucrt:lcidtoname_downlevel.obj
 0002:00002448       ??_C@_15LJNHCMNK@?$AAc?$AAs?$AA?$AA@ 1000f448     libucrt:lcidtoname_downlevel.obj
 0002:00002450       ??_C@_15FOMCIDHG@?$AAd?$AAa?$AA?$AA@ 1000f450     libucrt:lcidtoname_downlevel.obj
 0002:00002458       ??_C@_15NBKABECB@?$AAd?$AAe?$AA?$AA@ 1000f458     libucrt:lcidtoname_downlevel.obj
 0002:00002460       ??_C@_15GHPEIIAO@?$AAe?$AAl?$AA?$AA@ 1000f460     libucrt:lcidtoname_downlevel.obj
 0002:00002468       ??_C@_15MNPNEAIF@?$AAe?$AAn?$AA?$AA@ 1000f468     libucrt:lcidtoname_downlevel.obj
 0002:00002470       ??_C@_15GPIOMPMH@?$AAe?$AAs?$AA?$AA@ 1000f470     libucrt:lcidtoname_downlevel.obj
 0002:00002478       ??_C@_15NGLOAKJC@?$AAf?$AAi?$AA?$AA@ 1000f478     libucrt:lcidtoname_downlevel.obj
 0002:00002480       ??_C@_15FBKGNKAM@?$AAf?$AAr?$AA?$AA@ 1000f480     libucrt:lcidtoname_downlevel.obj
 0002:00002488       ??_C@_15KGGCNEFK@?$AAh?$AAe?$AA?$AA@ 1000f488     libucrt:lcidtoname_downlevel.obj
 0002:00002490       ??_C@_15PGHLIDMF@?$AAh?$AAu?$AA?$AA@ 1000f490     libucrt:lcidtoname_downlevel.obj
 0002:00002498       ??_C@_15BIEMAPLM@?$AAi?$AAs?$AA?$AA@ 1000f498     libucrt:lcidtoname_downlevel.obj
 0002:000024a0       ??_C@_15IFJLDHAF@?$AAi?$AAt?$AA?$AA@ 1000f4a0     libucrt:lcidtoname_downlevel.obj
 0002:000024a8       ??_C@_15GEMIOCAG@?$AAj?$AAa?$AA?$AA@ 1000f4a8     libucrt:lcidtoname_downlevel.obj
 0002:000024b0       ??_C@_15EPELEGJA@?$AAk?$AAo?$AA?$AA@ 1000f4b0     libucrt:lcidtoname_downlevel.obj
 0002:000024b8       ??_C@_15NDDHIMN@?$AAn?$AAl?$AA?$AA@ 1000f4b8     libucrt:lcidtoname_downlevel.obj
 0002:000024c0       ??_C@_15BPIGNHCD@?$AAn?$AAo?$AA?$AA@ 1000f4c0     libucrt:lcidtoname_downlevel.obj
 0002:000024c8       ??_C@_15DEOPBLCG@?$AAp?$AAl?$AA?$AA@ 1000f4c8     libucrt:lcidtoname_downlevel.obj
 0002:000024d0       ??_C@_15KBECGEFG@?$AAp?$AAt?$AA?$AA@ 1000f4d0     libucrt:lcidtoname_downlevel.obj
 0002:000024d8       ??_C@_15GLJCBFMD@?$AAr?$AAo?$AA?$AA@ 1000f4d8     libucrt:lcidtoname_downlevel.obj
 0002:000024e0       ??_C@_15FEDGKCDI@?$AAr?$AAu?$AA?$AA@ 1000f4e0     libucrt:lcidtoname_downlevel.obj
 0002:000024e8       ??_C@_15GLKMLLHM@?$AAh?$AAr?$AA?$AA@ 1000f4e8     libucrt:lcidtoname_downlevel.obj
 0002:000024f0       ??_C@_15CPKMFBDB@?$AAs?$AAk?$AA?$AA@ 1000f4f0     libucrt:lcidtoname_downlevel.obj
 0002:000024f8       ??_C@_15BAAIOGMK@?$AAs?$AAq?$AA?$AA@ 1000f4f8     libucrt:lcidtoname_downlevel.obj
 0002:00002500       ??_C@_15INNPNOHD@?$AAs?$AAv?$AA?$AA@ 1000f500     libucrt:lcidtoname_downlevel.obj
 0002:00002508       ??_C@_15CABMMOGH@?$AAt?$AAh?$AA?$AA@ 1000f508     libucrt:lcidtoname_downlevel.obj
 0002:00002510       ??_C@_15BPLIHJJM@?$AAt?$AAr?$AA?$AA@ 1000f510     libucrt:lcidtoname_downlevel.obj
 0002:00002518       ??_C@_15NEOEKKDJ@?$AAu?$AAr?$AA?$AA@ 1000f518     libucrt:lcidtoname_downlevel.obj
 0002:00002520       ??_C@_15NFICGAJK@?$AAi?$AAd?$AA?$AA@ 1000f520     libucrt:lcidtoname_downlevel.obj
 0002:00002528       ??_C@_15PJPFLCCM@?$AAu?$AAk?$AA?$AA@ 1000f528     libucrt:lcidtoname_downlevel.obj
 0002:00002530       ??_C@_15HPJPHDM@?$AAb?$AAe?$AA?$AA@ 1000f530     libucrt:lcidtoname_downlevel.obj
 0002:00002538       ??_C@_15LCHLGJII@?$AAs?$AAl?$AA?$AA@ 1000f538     libucrt:lcidtoname_downlevel.obj
 0002:00002540       ??_C@_15PCFJPHHO@?$AAe?$AAt?$AA?$AA@ 1000f540     libucrt:lcidtoname_downlevel.obj
 0002:00002548       ??_C@_15HPFPGODN@?$AAl?$AAv?$AA?$AA@ 1000f548     libucrt:lcidtoname_downlevel.obj
 0002:00002550       ??_C@_15NFFGKGLG@?$AAl?$AAt?$AA?$AA@ 1000f550     libucrt:lcidtoname_downlevel.obj
 0002:00002558       ??_C@_15BDAKCCHN@?$AAf?$AAa?$AA?$AA@ 1000f558     libucrt:lcidtoname_downlevel.obj
 0002:00002560       ??_C@_15NFGIAIAJ@?$AAv?$AAi?$AA?$AA@ 1000f560     libucrt:lcidtoname_downlevel.obj
 0002:00002568       ??_C@_15LMKNDMHN@?$AAh?$AAy?$AA?$AA@ 1000f568     libucrt:lcidtoname_downlevel.obj
 0002:00002570       ??_C@_15IJBHMCFL@?$AAa?$AAz?$AA?$AA@ 1000f570     libucrt:lcidtoname_downlevel.obj
 0002:00002578       ??_C@_15EKOFJABL@?$AAe?$AAu?$AA?$AA@ 1000f578     libucrt:lcidtoname_downlevel.obj
 0002:00002580       ??_C@_15BGHADCNK@?$AAm?$AAk?$AA?$AA@ 1000f580     libucrt:lcidtoname_downlevel.obj
 0002:00002588       ??_C@_15JDNICKHM@?$AAa?$AAf?$AA?$AA@ 1000f588     libucrt:lcidtoname_downlevel.obj
 0002:00002590       ??_C@_15KPJEDBKD@?$AAk?$AAa?$AA?$AA@ 1000f590     libucrt:lcidtoname_downlevel.obj
 0002:00002598       ??_C@_15PDNFFFEO@?$AAf?$AAo?$AA?$AA@ 1000f598     libucrt:lcidtoname_downlevel.obj
 0002:000025a0       ??_C@_15OMLEGLOC@?$AAh?$AAi?$AA?$AA@ 1000f5a0     libucrt:lcidtoname_downlevel.obj
 0002:000025a8       ??_C@_15IDNNENKK@?$AAm?$AAs?$AA?$AA@ 1000f5a8     libucrt:lcidtoname_downlevel.obj
 0002:000025b0       ??_C@_15MACJNBMH@?$AAk?$AAk?$AA?$AA@ 1000f5b0     libucrt:lcidtoname_downlevel.obj
 0002:000025b8       ??_C@_15DKDJEOND@?$AAk?$AAy?$AA?$AA@ 1000f5b8     libucrt:lcidtoname_downlevel.obj
 0002:000025c0       ??_C@_15DFGDLJBG@?$AAs?$AAw?$AA?$AA@ 1000f5c0     libucrt:lcidtoname_downlevel.obj
 0002:000025c8       ??_C@_15BBFAICNG@?$AAu?$AAz?$AA?$AA@ 1000f5c8     libucrt:lcidtoname_downlevel.obj
 0002:000025d0       ??_C@_15DKNDCGEA@?$AAt?$AAt?$AA?$AA@ 1000f5d0     libucrt:lcidtoname_downlevel.obj
 0002:000025d8       ??_C@_15MGIFMDPL@?$AAp?$AAa?$AA?$AA@ 1000f5d8     libucrt:lcidtoname_downlevel.obj
 0002:000025e0       ??_C@_15HCNDBBA@?$AAg?$AAu?$AA?$AA@ 1000f5e0     libucrt:lcidtoname_downlevel.obj
 0002:000025e8       ??_C@_15FNBEIBON@?$AAt?$AAa?$AA?$AA@ 1000f5e8     libucrt:lcidtoname_downlevel.obj
 0002:000025f0       ??_C@_15NCHGBGLK@?$AAt?$AAe?$AA?$AA@ 1000f5f0     libucrt:lcidtoname_downlevel.obj
 0002:000025f8       ??_C@_15PHPHCBPF@?$AAk?$AAn?$AA?$AA@ 1000f5f8     libucrt:lcidtoname_downlevel.obj
 0002:00002600       ??_C@_15DLGBCKMP@?$AAm?$AAr?$AA?$AA@ 1000f600     libucrt:lcidtoname_downlevel.obj
 0002:00002608       ??_C@_15EABBLBFF@?$AAs?$AAa?$AA?$AA@ 1000f608     libucrt:lcidtoname_downlevel.obj
 0002:00002610       ??_C@_15CBKOMCOI@?$AAm?$AAn?$AA?$AA@ 1000f610     libucrt:lcidtoname_downlevel.obj
 0002:00002618       ??_C@_15CKDMCJAF@?$AAg?$AAl?$AA?$AA@ 1000f618     libucrt:lcidtoname_downlevel.obj
 0002:00002620       ??_C@_17CNJFBPG@?$AAk?$AAo?$AAk?$AA?$AA@ 1000f620     libucrt:lcidtoname_downlevel.obj
[...]
 0001:00005bd8       ?setmbcp_internal@@YAHH_N@Z 10006bd8 f   libucrt:mbctype.obj
 0001:00005f8a       _memcpy_s                  10006f8a f   libucrt:mbctype.obj
 0001:0000600b       ?x_ismbbtype_l@@YAHPAU__crt_locale_pointers@@IHH@Z 1000700b f   libucrt:ismbbyte.obj
 0001:00006095       ?find_end_of_double_null_terminated_sequence@@YAPB_WQB_W@Z 10007095 f   libucrt:get_environment_from_os.obj
 0001:000061e2       ?initialize_inherited_file_handles_nolock@@YAXXZ 100071e2 f   libucrt:ioinit.obj
 0001:00006298       ?initialize_stdio_handles_nolock@@YAXXZ 10007298 f   libucrt:ioinit.obj
 0001:000065cc       ?get_global_action_nolock@@YAPAP6AXH@ZH@Z 100075cc f   libucrt:signal.obj
 0001:0000660e       ?siglookup@@YAPAU__crt_signal_action_t@@HQAU1@@Z 1000760e f   libucrt:signal.obj
 0001:00006ff9       ?GetTableIndexFromLocaleName@@YAHPB_W@Z 10007ff9 f   libucrt:lcidtoname_downlevel.obj
 0001:000070f0       ?shortsort@@YAXPAD0IP6AHPBX1@Z@Z 100080f0 f   libucrt:qsort.obj
 0001:00007190       ?swap@@YAXPAD0I@Z          10008190 f   libucrt:qsort.obj
 0001:0000756a       ??$common_tcsncpy_s@D@@YAHQADIQBDI@Z 1000856a f   libucrt:strncpy_s.obj
 0001:00007630       $$000000                   10008630     libucrt:strpbrk.obj
 0001:00007714       ?initialize_multibyte@@YAHXZ 10008714 f   libucrt:multibyte_initializer.obj
 0001:00007860       ?__acrt_LCMapStringA_stat@@YAHPAU__crt_locale_pointers@@PB_WKPBDHPADHHH@Z 10008860 f   libucrt:lcmapstringa.obj
 0001:00007ef8       _common_flush_all          10008ef8 f   libucrt:fflush.obj
 0001:0000824e       ?free_crt_array_internal@@YAXQAPBXI@Z 1000924e f   libucrt:inittime.obj
 0001:000084bf       ?write_double_translated_ansi_nolock@@YA?AUwrite_result@?A0x47fa6670@@HQBDI@Z 100094bf f   libucrt:write.obj
 0001:00008672       ?write_double_translated_unicode_nolock@@YA?AUwrite_result@?A0x47fa6670@@QBDI@Z 10009672 f   libucrt:write.obj
 0001:000086df       ?write_requires_double_translation_nolock@@YA_NH@Z 100096df f   libucrt:write.obj
 0001:00008755       ?write_text_ansi_nolock@@YA?AUwrite_result@?A0x47fa6670@@HQBDI@Z 10009755 f   libucrt:write.obj
 0001:00008834       ?write_text_utf16le_nolock@@YA?AUwrite_result@?A0x47fa6670@@HQBDI@Z 10009834 f   libucrt:write.obj
 0001:00008922       ?write_text_utf8_nolock@@YA?AUwrite_result@?A0x47fa6670@@HQBDI@Z 10009922 f   libucrt:write.obj
 0001:00008d50       $$000000                   10009d50     libucrt:log10.obj
 0001:00008ea0       $$000000                   10009ea0     libucrt:ceil_pentium4.obj
 0001:00008fbd       ??$common_lseek_nolock@_J@@YA_JH_JH@Z 10009fbd f   libucrt:lseek.obj
 0001:00009150       $$000000                   1000a150     libucrt:_strnicm.obj
 0001:00009210       $$000000                   1000a210     libucrt:log10_pentium4.obj
 0001:000094a0       $$000000                   1000a4a0     libucrt:87tran.obj
 0001:000096a0       $$000000                   1000a6a0     libucrt:87disp.obj
 0001:000098a0       $$000000                   1000a8a0     libucrt:common.obj
 0001:00009a30       $$000000                   1000aa30     libucrt:genexcep.obj
 0001:0000ad20       $$000000                   1000bd20     LIBCMT:ulldvrm.obj
 0001:0000adc0       $$000000                   1000bdc0     LIBCMT:_sehprolg4gs_.obj
 0001:0000ae20       $$000000                   1000be20     LIBCMT:llmul.obj
 0001:0000ae60       $$000000                   1000be60     LIBCMT:lldvrm.obj
 0001:0000af40       $$000000                   1000bf40     LIBCMT:ullshr.obj
 0001:0000af60       $$000000                   1000bf60     LIBCMT:alloca16.obj
 0001:0000af90       $$000000                   1000bf90     LIBCMT:llshl.obj
 0001:0000afb0       $$000000                   1000bfb0     LIBCMT:_ftol2_.obj
 0001:0000b070       $$000000                   1000c070     LIBCMT:chkstk.obj
 0001:0000b0a0       $$000000                   1000c0a0     libvcruntime:memcpy.obj
 0001:0000b304       TrailingUpVec              1000c304     libvcruntime:memcpy.obj
 0001:0000b3b0       TrailingDownVec            1000c3b0     libvcruntime:memcpy.obj
 0002:00000170       _GS_ExceptionPointers      1000d170     LIBCMT:gs_report.obj
 0002:00000180       ?tokenTable@@3QBQBDB       1000d180     libvcruntime:undname.obj
 0002:000001b8       ?nameTable@@3QBQBDB        1000d1b8     libvcruntime:undname.obj
 0002:00000300       ?rttiTable@@3QBQBDB        1000d300     libvcruntime:undname.obj
 0002:000008f8       ?module_names@?A0x58e6d967@@3QBQB_WB 1000d8f8     libvcruntime:winapi_downlevel.obj
 0002:000009b0       ?candidate_modules@?1??try_get_FlsAlloc@@YAP6GKP6GXPAX@Z@ZXZ@4QBW4module_id@?A0x58e6d967@@B 1000d9b0     libvcruntime:winapi_downlevel.obj
 0002:000009c4       ?candidate_modules@?1??try_get_FlsFree@@YAP6GHK@ZXZ@4QBW4module_id@?A0x58e6d967@@B 1000d9c4     libvcruntime:winapi_downlevel.obj
 0002:000009d4       ?candidate_modules@?1??try_get_FlsGetValue@@YAP6GPAXK@ZXZ@4QBW4module_id@?A0x58e6d967@@B 1000d9d4     libvcruntime:winapi_downlevel.obj
 0002:000009e8       ?candidate_modules@?1??try_get_FlsSetValue@@YAP6GHKPAX@ZXZ@4QBW4module_id@?A0x58e6d967@@B 1000d9e8     libvcruntime:winapi_downlevel.obj
 0002:000009fc       ?candidate_modules@?1??try_get_InitializeCriticalSectionEx@@YAP6GHPAU_RTL_CRITICAL_SECTION@@KK@ZXZ@4QBW4module_id@?A0x58e6d967@@B 1000d9fc     libvcruntime:winapi_downlevel.obj
 0002:00000ae8       ___acrt_initializers       1000dae8     libucrt:initialization.obj
 0002:00000b60       _module_names              1000db60     libucrt:winapi_thunks.obj
 0002:00001014       ?candidate_modules@?1??try_get_FlsAlloc@@YAP6GKP6GXPAX@Z@ZXZ@4QBW4module_id@?A0x352e5c4b@@B 1000e014     libucrt:winapi_thunks.obj
 0002:0000101c       ?candidate_modules@?1??try_get_FlsFree@@YAP6GHK@ZXZ@4QBW4module_id@?A0x352e5c4b@@B 1000e01c     libucrt:winapi_thunks.obj
 0002:00001024       ?candidate_modules@?1??try_get_FlsGetValue@@YAP6GPAXK@ZXZ@4QBW4module_id@?A0x352e5c4b@@B 1000e024     libucrt:winapi_thunks.obj
 0002:0000102c       ?candidate_modules@?1??try_get_FlsSetValue@@YAP6GHKPAX@ZXZ@4QBW4module_id@?A0x352e5c4b@@B 1000e02c     libucrt:winapi_thunks.obj
 0002:00001034       ?candidate_modules@?1??try_get_GetCurrentPackageId@@YAP6GJPAIPAE@ZXZ@4QBW4module_id@?A0x352e5c4b@@B 1000e034     libucrt:winapi_thunks.obj
 0002:00001050       ?candidate_modules@?1??try_get_InitializeCriticalSectionEx@@YAP6GHPAU_RTL_CRITICAL_SECTION@@KK@ZXZ@4QBW4module_id@?A0x352e5c4b@@B 1000e050     libucrt:winapi_thunks.obj
 0002:00001058       ?candidate_modules@?1??try_get_LCMapStringEx@@YAP6GHPB_WK0HPA_WHPAU_nlsversioninfo@@PAXJ@ZXZ@4QBW4module_id@?A0x352e5c4b@@B 1000e058     libucrt:winapi_thunks.obj
 0002:00001070       ?candidate_modules@?1??try_get_LocaleNameToLCID@@YAP6GKPB_WK@ZXZ@4QBW4module_id@?A0x352e5c4b@@B 1000e070     libucrt:winapi_thunks.obj
 0002:00001090       _errtable                  1000e090     libucrt:errno.obj
 0002:000011f8       __mb_locale_names          1000e1f8     libucrt:mbctype.obj
 0002:00001d00       _LcidToLocaleNameTable     1000ed00     libucrt:lcidtoname_downlevel.obj
 0002:00002e28       _LocaleNameToIndexTable    1000fe28     libucrt:lcidtoname_downlevel.obj
 0002:00003d80       LOG_name                   10010d80     libucrt:log10.obj
 0002:00003d90       _One                       10010d90     libucrt:ceil_pentium4.obj
 0002:00003da0       _Bns                       10010da0     libucrt:ceil_pentium4.obj
 0002:00003db0       _Zero                      10010db0     libucrt:ceil_pentium4.obj
 0002:00003dc0       _S                         10010dc0     libucrt:ceil_pentium4.obj
 0002:00003dd0       _NegZero                   10010dd0     libucrt:ceil_pentium4.obj
 0002:00003de0       emask                      10010de0     libucrt:log10_pentium4.obj
 0002:00003df0       CC                         10010df0     libucrt:log10_pentium4.obj
 0002:00003e00       Magic                      10010e00     libucrt:log10_pentium4.obj
 0002:00003e10       hi_mask                    10010e10     libucrt:log10_pentium4.obj
 0002:00003e20       LOG10_2                    10010e20     libucrt:log10_pentium4.obj
 0002:00003e30       place_L                    10010e30     libucrt:log10_pentium4.obj
 0002:00003e50       One                        10010e50     libucrt:log10_pentium4.obj
 0002:00003e60       Zero                       10010e60     libucrt:log10_pentium4.obj
 0002:00003e70       Two52                      10010e70     libucrt:log10_pentium4.obj
 0002:00003e80       Infs                       10010e80     libucrt:log10_pentium4.obj
 0002:00003e90       NaN                        10010e90     libucrt:log10_pentium4.obj
 0002:00003ea0       coeff                      10010ea0     libucrt:log10_pentium4.obj
 0002:00003efe       _log2max                   10010efe     libucrt:87tran.obj
 0002:00003f08       _smallarg                  10010f08     libucrt:87tran.obj
 0002:00003f12       _half                      10010f12     libucrt:87tran.obj
 0002:00003f5e       One                        10010f5e     libucrt:87disp.obj
 0002:00003f66       Three                      10010f66     libucrt:87disp.obj
 0002:00003f6e       XAMtoTagTab                10010f6e     libucrt:87disp.obj
 0002:00003f80       One                        10010f80     libucrt:common.obj
 0002:00003f94       DblMax                     10010f94     libucrt:common.obj
 0002:00003f9c       DblMin                     10010f9c     libucrt:common.obj
 0002:00003fa4       IeeeAdjO                   10010fa4     libucrt:common.obj
 0002:00003fac       IeeeAdjU                   10010fac     libucrt:common.obj
 0002:00003fb4       _infinity                  10010fb4     libucrt:common.obj
 0002:00003fbc       _zero                      10010fbc     libucrt:common.obj
 0002:00004008       _over                      10011008     libucrt:fpctrl.obj
 0002:00004014       _under                     10011014     libucrt:fpctrl.obj
 0002:000048d8       ?_names@?1??_get_fname@@9@9 100118d8     libucrt:fpexcept.obj
 0002:00004f58       __sehtable$?dllmain_crt_process_attach@@YAHQAUHINSTANCE__@@QAX@Z 10011f58     LIBCMT:dll_dllmain.obj
 0002:00004f78       __sehtable$?dllmain_crt_process_detach@@YAH_N@Z 10011f78     LIBCMT:dll_dllmain.obj
 0002:00004f98       __sehtable$?dllmain_dispatch@@YAHQAUHINSTANCE__@@KQAX@Z 10011f98     LIBCMT:dll_dllmain.obj
 0002:00004fb8       __sehtable$___scrt_is_nonwritable_in_current_image 10011fb8     LIBCMT:utility.obj
 0002:00004fd8       __sehtable$___DestructExceptionObject 10011fd8     libvcruntime:frame.obj
 0002:00004ff8       __sehtable$?common_exit@@YAXHW4_crt_exit_cleanup_mode@@W4_crt_exit_return_mode@@@Z 10011ff8     libucrt:exit.obj
 0002:00005020       __sehtable$??$?RV<lambda_995298e7d72eb4c2aab26c0585b3abe5>@@AAV<lambda_275893d493268fdec8709772e3fcec0e>@@V<lambda_293819299cbf9a7022e18b56a874bb5c>@@@?$__crt_seh_guarded_call@H@@QAEH$$QAV<lambda_995298e7d72eb4c2aab26c0585b3abe5>@@AAV<lambda_275893d493268fdec8709772e3fcec0e>@@$$QAV<lambda_293819299cbf9a7022e18b56a874bb5c>@@@Z 10012020     libucrt:onexit.obj
 0002:00005040       __sehtable$_terminate      10012040     libucrt:terminate.obj
 0002:00005060       __sehtable$??$?RV<lambda_9df27f884b057bc3edfc946cb5b7cf47>@@AAV<lambda_e69574bed617af4e071282c136b37893>@@V<lambda_cc0d902bcbbeb830f749456577db4721>@@@?$__crt_seh_guarded_call@X@@QAEX$$QAV<lambda_9df27f884b057bc3edfc946cb5b7cf47>@@AAV<lambda_e69574bed617af4e071282c136b37893>@@$$QAV<lambda_cc0d902bcbbeb830f749456577db4721>@@@Z 10012060     libucrt:per_thread_data.obj
 0002:00005080       __sehtable$??$?RV<lambda_3518db117f0e7cdb002338c5d3c47b6c>@@AAV<lambda_b2ea41f6bbb362cd97d94c6828d90b61>@@V<lambda_abdedf541bb04549bc734292b4a045d4>@@@?$__crt_seh_guarded_call@X@@QAEX$$QAV<lambda_3518db117f0e7cdb002338c5d3c47b6c>@@AAV<lambda_b2ea41f6bbb362cd97d94c6828d90b61>@@$$QAV<lambda_abdedf541bb04549bc734292b4a045d4>@@@Z 10012080     libucrt:per_thread_data.obj
 0002:000050a0       __sehtable$??$?RV<lambda_51b6e8b1eb166f2a3faf91f424b38130>@@AAV<lambda_6250bd4b2a391816dd638c3bf72b0bcb>@@V<lambda_0b5a4a3e68152e1d9b943535f5f47bed>@@@?$__crt_seh_guarded_call@X@@QAEX$$QAV<lambda_51b6e8b1eb166f2a3faf91f424b38130>@@AAV<lambda_6250bd4b2a391816dd638c3bf72b0bcb>@@$$QAV<lambda_0b5a4a3e68152e1d9b943535f5f47bed>@@@Z 100120a0     libucrt:per_thread_data.obj
 0002:000050c0       __sehtable$??$?RV<lambda_5b71d36f03204c0beab531769a5b5694>@@AAV<lambda_be2b3da3f62db62e9dad5dc70221a656>@@V<lambda_8f9ce462984622f9bf76b59e2aaaf805>@@@?$__crt_seh_guarded_call@X@@QAEX$$QAV<lambda_5b71d36f03204c0beab531769a5b5694>@@AAV<lambda_be2b3da3f62db62e9dad5dc70221a656>@@$$QAV<lambda_8f9ce462984622f9bf76b59e2aaaf805>@@@Z 100120c0     libucrt:per_thread_data.obj
 0002:000050e0       __sehtable$___acrt_update_thread_multibyte_data 100120e0     libucrt:mbctype.obj
 0002:00005100       __sehtable$??$?RV<lambda_978dc153c237d78434369da87b74ff60>@@AAV<lambda_ad1ced32f4ac17aa236e5ef05d6b3b7c>@@V<lambda_4a8533e2866a575feecb8298ce776b0d>@@@?$__crt_seh_guarded_call@X@@QAEX$$QAV<lambda_978dc153c237d78434369da87b74ff60>@@AAV<lambda_ad1ced32f4ac17aa236e5ef05d6b3b7c>@@$$QAV<lambda_4a8533e2866a575feecb8298ce776b0d>@@@Z 10012100     libucrt:mbctype.obj
 0002:00005120       __sehtable$___acrt_initialize_lowio 10012120     libucrt:ioinit.obj
 0002:00005140       __sehtable$__query_new_handler 10012140     libucrt:new_handler.obj
 0002:00005160       __sehtable$_raise          10012160     libucrt:signal.obj
 0002:00005180       __sehtable$??$?RV<lambda_a048d3beccc847880fc8490e18b82769>@@AAV<lambda_ec61778202f4f5fc7e7711acc23c3bca>@@V<lambda_f7496a158712204296dd6628a163878e>@@@?$__crt_seh_guarded_call@P6AXH@Z@@QAEP6AXH@Z$$QAV<lambda_a048d3beccc847880fc8490e18b82769>@@AAV<lambda_ec61778202f4f5fc7e7711acc23c3bca>@@$$QAV<lambda_f7496a158712204296dd6628a163878e>@@@Z 10012180     libucrt:signal.obj
 0002:000051a0       __sehtable$___acrt_uninitialize_locale 100121a0     libucrt:wsetlocale.obj
 0002:000051c0       __sehtable$___acrt_update_thread_locale_data 100121c0     libucrt:locale_refcounting.obj
 0002:000051e0       __sehtable$___acrt_lowio_ensure_fh_exists 100121e0     libucrt:osfinfo.obj
 0002:00005200       __sehtable$_common_flush_all 10012200     libucrt:fflush.obj
 0002:00005228       __sehtable$__fcloseall     10012228     libucrt:closeall.obj
 0002:00005248       __sehtable$??$?RV<lambda_61cee617f5178ae960314fd4d05640a0>@@AAV<lambda_6978c1fb23f02e42e1d9e99668cc68aa>@@V<lambda_9cd88cf8ad10232537feb2133f08c833>@@@?$__crt_seh_guarded_call@H@@QAEH$$QAV<lambda_61cee617f5178ae960314fd4d05640a0>@@AAV<lambda_6978c1fb23f02e42e1d9e99668cc68aa>@@$$QAV<lambda_9cd88cf8ad10232537feb2133f08c833>@@@Z 10012248     libucrt:commit.obj
 0002:00005268       __sehtable$__write         10012268     libucrt:write.obj
 0002:00005288       __sehtable$_fclose         10012288     libucrt:fclose.obj
 0002:000052a8       __sehtable$??$?RV<lambda_123407a5e2ac06da108355a851863b7a>@@AAV<lambda_2fe9b910cf3cbf4a0ab98a02ba45b3ec>@@V<lambda_ae55bdf541ad94d75914d381c370e64d>@@@?$__crt_seh_guarded_call@H@@QAEH$$QAV<lambda_123407a5e2ac06da108355a851863b7a>@@AAV<lambda_2fe9b910cf3cbf4a0ab98a02ba45b3ec>@@$$QAV<lambda_ae55bdf541ad94d75914d381c370e64d>@@@Z 100122a8     libucrt:close.obj
 0002:000052c8       __sehtable$__IsNonwritableInCurrentImage 100122c8     LIBCMT:pesect.obj
 0002:000052f0       .edata                     100122f0     pe.t32.exp
 0002:00005318       rgpv                       10012318     pe.t32.exp
 0002:0000532c       rgszName                   1001232c     pe.t32.exp
 0002:00005340       rgwOrd                     10012340     pe.t32.exp
 0002:0000534a       szName                     1001234a     pe.t32.exp
 0002:00005351       $N00001                    10012351     pe.t32.exp
 0002:0000535c       $N00002                    1001235c     pe.t32.exp
 0002:00005365       $N00003                    10012365     pe.t32.exp
 0002:0000536e       $N00004                    1001236e     pe.t32.exp
 0002:00005377       $N00005                    10012377     pe.t32.exp
 0002:00005622       .idata$6                   10012622     kernel32:KERNEL32.dll
 0002:0000563c       .idata$6                   1001263c     user32:USER32.dll
 0003:00000020       ?__vcrt_flsindex@@3KA      10013020     libvcruntime:per_thread_data.obj
 0003:00000044       ___acrt_flsindex           10013044     libucrt:per_thread_data.obj
 0003:00000048       _errno_no_memory           10013048     libucrt:errno.obj
 0003:0000004c       _doserrno_no_memory        1001304c     libucrt:errno.obj
 0003:00000050       ___rgctypeflag             10013050     libucrt:mbctype.obj
 0003:00000058       ___rgcode_page_info        10013058     libucrt:mbctype.obj
 0003:00000770       _GS_ExceptionRecord        10013770     LIBCMT:gs_report.obj
 0003:000007c0       _GS_ContextRecord          100137c0     LIBCMT:gs_report.obj
 0003:00000a8c       ?__proc_attached@@3HA      10013a8c     LIBCMT:dll_dllmain.obj
 0003:00000ab0       ?module_local_atexit_table@@3U_onexit_table_t@@A 10013ab0     LIBCMT:utility.obj
 0003:00000abc       ?module_local_at_quick_exit_table@@3U_onexit_table_t@@A 10013abc     LIBCMT:utility.obj
 0003:00000ac8       ?module_local_atexit_table_initialized@@3_NA 10013ac8     LIBCMT:utility.obj
 0003:00000ac9       ?is_initialized_as_dll@@3_NA 10013ac9     LIBCMT:utility.obj
 0003:00000adc       ?__vcrt_startup_thread_ptd@@3U__vcrt_ptd@@A 10013adc     libvcruntime:per_thread_data.obj
 0003:00000b2c       ?heap@@3V_HeapManager@@A   10013b2c     libvcruntime:undname.obj
 0003:00000b40       ___vcrt_lock_table         10013b40     libvcruntime:locks.obj
 0003:00000b58       ___vcrt_locks_initialized  10013b58     libvcruntime:locks.obj
 0003:00000b5c       ?module_handles@@3PAPAUHINSTANCE__@@A 10013b5c     libvcruntime:winapi_downlevel.obj
 0003:00000b68       ?encoded_function_pointers@@3PAPAXA 10013b68     libvcruntime:winapi_downlevel.obj
 0003:00000b80       _c_termination_complete    10013b80     libucrt:exit.obj
 0003:00000b84       _thread_local_exit_callback_func 10013b84     libucrt:exit.obj
 0003:00000b88       ?c_exit_complete@?5??common_exit@@YAXHW4_crt_exit_cleanup_mode@@W4_crt_exit_return_mode@@@Z@4_NA 10013b88     libucrt:exit.obj
 0003:00000b90       ?program_name@?5???$common_configure_argv@D@@YAHW4_crt_argv_mode@@@Z@4PADA 10013b90     libucrt:argv_parsing.obj
 0003:00000cc0       ___acrt_lock_table         10013cc0     libucrt:locks.obj
 0003:00000df8       ___acrt_locks_initialized  10013df8     libucrt:locks.obj
 0003:00000e00       _module_handles            10013e00     libucrt:winapi_thunks.obj
 0003:00000e50       _encoded_function_pointers 10013e50     libucrt:winapi_thunks.obj
 0003:00000ed0       ?state_cache@?1??__acrt_is_packaged_app@@9@4JA 10013ed0     libucrt:winapi_thunks.obj
 0003:00000ed4       ___acrt_invalid_parameter_handler 10013ed4     libucrt:invalid_parameter.obj
 0003:00000ef0       _fSystemSet                10013ef0     libucrt:mbctype.obj
 0003:00000ef4       ?initialized@?1??__acrt_initialize_multibyte@@9@4_NA 10013ef4     libucrt:mbctype.obj
 0003:0000111c       ___acrt_new_handler        1001411c     libucrt:new_handler.obj
 0003:00001120       _ctrlc_action              10014120     libucrt:signal.obj
 0003:00001124       _ctrlbreak_action          10014124     libucrt:signal.obj
 0003:00001128       _abort_action              10014128     libucrt:signal.obj
 0003:0000112c       _term_action               1001412c     libucrt:signal.obj
 0003:00001130       _user_matherr              10014130     libucrt:matherr.obj
 0003:00001140       ___acrt_global_new_mode    10014140     libucrt:new_mode.obj
 0003:00001158       ___acrt_app_type           10014158     libucrt:report_runtime_error.obj
 0003:00001160       __pmatherr_set             10014160     libucrt:libm_error.obj
 0004:000000a0       $R000000                   100150a0     pe.res
 0004:000003a8       $R000308                   100153a8     pe.res
