 ConEmuLn

 Timestamp is 59750a62 (Sun Jul 23 23:43:14 2017)

 Preferred load address is 10000000

 Start         Length     Name                   Class
 0001:00000000 0000e7d4H .text$mn                CODE
 0001:0000e7d4 00000000H .text$x                 CODE
 0002:00000000 00000184H .idata$5                DATA
 0002:00000184 00000004H .00cfg                  DATA
 0002:00000188 00000004H .CRT$XCA                DATA
 0002:0000018c 00000004H .CRT$XCZ                DATA
 0002:00000190 00000004H .CRT$XIA                DATA
 0002:00000194 0000000cH .CRT$XIC                DATA
 0002:000001a0 00000004H .CRT$XIZ                DATA
 0002:000001a4 00000004H .CRT$XPA                DATA
 0002:000001a8 00000008H .CRT$XPX                DATA
 0002:000001b0 00000004H .CRT$XPXA               DATA
 0002:000001b4 00000004H .CRT$XPZ                DATA
 0002:000001b8 00000004H .CRT$XTA                DATA
 0002:000001bc 00000004H .CRT$XTZ                DATA
 0002:000001c0 00000000H .gfids$x                DATA
 0002:000001c0 00000000H .gfids$y                DATA
 0002:000001c0 00005160H .rdata                  DATA
 0002:00005320 00000000H .rdata$r                DATA
 0002:00005320 0000000cH .rdata$sxdata           DATA
 0002:0000532c 000002d8H .rdata$zzzdbg           DATA
 0002:00005604 00000004H .rtc$IAA                DATA
 0002:00005608 00000004H .rtc$IZZ                DATA
 0002:0000560c 00000004H .rtc$TAA                DATA
 0002:00005610 00000008H .rtc$TZZ                DATA
 0002:00005618 00000398H .xdata$x                DATA
 0002:000059b0 0000018cH .edata                  DATA
 0002:00005b3c 00000064H .idata$2                DATA
 0002:00005ba0 00000014H .idata$3                DATA
 0002:00005bb4 00000184H .idata$4                DATA
 0002:00005d38 0000068cH .idata$6                DATA
 0003:00000000 000008a0H .data                   DATA
 0003:000008a0 00000000H .data$r                 DATA
 0003:000008a0 00001180H .bss                    DATA
 0004:00000000 000000a0H .rsrc$01                DATA
 0004:000000a0 00000498H .rsrc$02                DATA

  Address         Publics by Value              Rva+Base       Lib:Object

 0000:00000000       ___guard_fids_count        00000000     <absolute>
 0000:00000000       ___guard_longjmp_count     00000000     <absolute>
 0000:00000000       ___guard_longjmp_table     00000000     <absolute>
 0000:00000000       __except_list              00000000     <absolute>
 0000:00000000       ___guard_iat_table         00000000     <absolute>
 0000:00000000       ___guard_iat_count         00000000     <absolute>
 0000:00000000       ___guard_fids_table        00000000     <absolute>
 0000:00000000       ___dynamic_value_reloc_table 00000000     <absolute>
 0000:00000003       ___safe_se_handler_count   00000003     <absolute>
 0000:00000100       ___guard_flags             00000100     <absolute>
 0000:00000000       ___ImageBase               10000000     <linker-defined>
 0001:00000000       ?xf_set_tag@@YAXPAXPBDH_N@Z 10001000 f   Memory.obj
 0001:00000069       ?xf_calloc@@YAPAXIIPBDH@Z  10001069 f   Memory.obj
 0001:000000be       ?xf_free@@YAXPAXPBDH@Z     100010be f   Memory.obj
 0001:000000ec       ?StringCchCatW@@YGJPA_WIPB_W@Z 100010ec f i ConEmuLn.obj
 0001:00000482       _GetMinFarVersionW@0       10001482 f   ConEmuLn.obj
 0001:00000488       ?GetPluginInfoWcmn@@YGXPAX@Z 10001488 f   ConEmuLn.obj
 0001:000005f2       _DllMain@12                100015f2 f   ConEmuLn.obj
 0001:00000666       ?LoadFarVersion@@YAHXZ     10001666 f   ConEmuLn.obj
 0001:000006c5       _SetStartupInfoW@4         100016c5 f   ConEmuLn.obj
 0001:0000071e       ?PaintLines@@YAXPAUHDC__@@KHHHHH@Z 1000171e f   ConEmuLn.obj
 0001:00000800       ?PaintBack@@YAXPAUHDC__@@KUtagRECT@@@Z 10001800 f   ConEmuLn.obj
 0001:0000084c       ?PaintConEmuBackground@@YGHPAUPaintBackgroundArg@@@Z 1000184c f   ConEmuLn.obj
 0001:00000aac       ?OnConEmuLoaded@@YGXPAUConEmuLoadedArg@@@Z 10001aac f   ConEmuLn.obj
 0001:00000adb       ?SettingsLoad@@YAXXZ       10001adb f   ConEmuLn.obj
 0001:00000b2c       ?SettingsLoadReg@@YAXPB_W@Z 10001b2c f   ConEmuLn.obj
 0001:00000bf6       ?SettingsSave@@YAXXZ       10001bf6 f   ConEmuLn.obj
 0001:00000c45       ?SettingsSaveReg@@YAXPB_W@Z 10001c45 f   ConEmuLn.obj
 0001:00000cc4       ?StartPlugin@@YAXH@Z       10001cc4 f   ConEmuLn.obj
 0001:00000e2a       ?ExitPlugin@@YAXXZ         10001e2a f   ConEmuLn.obj
 0001:00000e6d       _ExitFARW@0                10001e6d f   ConEmuLn.obj
 0001:00000e92       ?ExitFARW3@@YGXPAX@Z       10001e92 f   ConEmuLn.obj
 0001:00000ec0       ?GetMsgW@@YAPB_WH@Z        10001ec0 f   ConEmuLn.obj
 0001:00000f21       ?ConfigureW3@@YGHPAX@Z     10001f21 f   ConEmuLn.obj
 0001:00000f21       _ConfigureW@4              10001f21 f   ConEmuLn.obj
 0001:00000f7a       ?OpenPluginWcmn@@YAPAXHH@Z 10001f7a f   ConEmuLn.obj
 0001:00000f9e       ?OpenW@@YGPAXPBX@Z         10001f9e f   ConEmuLn.obj
 0001:00000fc9       ?GetPluginInfoW1900@@YAXPAX@Z 10001fc9 f   ConEmuLn1900.obj
 0001:00001028       ?SetStartupInfoW1900@@YAXPAX@Z 10002028 f   ConEmuLn1900.obj
 0001:0000112c       ?ExitFARW1900@@YAXXZ       1000212c f   ConEmuLn1900.obj
 0001:000019f1       ?SettingsLoadW1900@@YAXXZ  100029f1 f   ConEmuLn1900.obj
 0001:00001af4       ?SettingsSaveW1900@@YAXXZ  10002af4 f   ConEmuLn1900.obj
 0001:00001bcf       _GetGlobalInfoW@4          10002bcf f   ConEmuLn2800.obj
 0001:00001c64       ?GetPluginInfoW2800@@YAXPAX@Z 10002c64 f   ConEmuLn2800.obj
 0001:00001cc3       ?SetStartupInfoW2800@@YAXPAX@Z 10002cc3 f   ConEmuLn2800.obj
 0001:00001dc7       ?ExitFARW2800@@YAXXZ       10002dc7 f   ConEmuLn2800.obj
 0001:000026ad       ?SettingsLoadW2800@@YAXXZ  100036ad f   ConEmuLn2800.obj
 0001:000027a2       ?SettingsSaveW2800@@YAXXZ  100037a2 f   ConEmuLn2800.obj
 0001:00002876       ?GetPluginInfoW995@@YAXPAX@Z 10003876 f   ConEmuLn995.obj
 0001:000028c7       ?SetStartupInfoW995@@YAXPAX@Z 100038c7 f   ConEmuLn995.obj
 0001:00002a1a       _OpenPluginW@8             10003a1a f   ConEmuLn995.obj
 0001:00002a30       ?ExitFARW995@@YAXXZ        10003a30 f   ConEmuLn995.obj
 0001:0000326e       _GetMinFarVersion@0        1000426e f   ConEmuLnA.obj
 0001:0000329a       _SetStartupInfo@4          1000429a f   ConEmuLnA.obj
 0001:0000341d       _GetPluginInfo@4           1000441d f   ConEmuLnA.obj
 0001:00003489       _ExitFAR@0                 10004489 f   ConEmuLnA.obj
 0001:00003d28       _Configure@4               10004d28 f   ConEmuLnA.obj
 0001:00003d3d       _OpenPlugin@8              10004d3d f   ConEmuLnA.obj
 0001:00003d53       @__security_check_cookie@4 10004d53 f   libcmt:_secchk_.obj
 0001:00003d64       ___raise_securityfailure   10004d64 f   libcmt:gs_report.obj
 0001:00003d8c       ___report_gsfailure        10004d8c f   libcmt:gs_report.obj
 0001:00004181       __DllMainCRTStartup@12     10005181 f   libcmt:dll_dllmain.obj
 0001:000041a4       ___security_init_cookie    100051a4 f   libcmt:gs_support.obj
 0001:00004240       ?__scrt_initialize_type_info@@YAXXZ 10005240 f   libcmt:tncleanup.obj
 0001:0000424c       ?__scrt_uninitialize_type_info@@YAXXZ 1000524c f   libcmt:tncleanup.obj
 0001:00004258       ___local_stdio_printf_options 10005258 f i libcmt:default_local_stdio_options.obj
 0001:0000425e       ___local_stdio_scanf_options 1000525e f i libcmt:default_local_stdio_options.obj
 0001:00004264       ___scrt_initialize_default_local_stdio_options 10005264 f   libcmt:default_local_stdio_options.obj
 0001:000042c5       ___scrt_acquire_startup_lock 100052c5 f   libcmt:utility.obj
 0001:000042fa       ___scrt_dllmain_after_initialize_c 100052fa f   libcmt:utility.obj
 0001:00004325       ___scrt_dllmain_before_initialize_c 10005325 f   libcmt:utility.obj
 0001:00004333       ___scrt_dllmain_crt_thread_attach 10005333 f   libcmt:utility.obj
 0001:00004352       ___scrt_dllmain_crt_thread_detach 10005352 f   libcmt:utility.obj
 0001:0000435f       ___scrt_dllmain_exception_filter 1000535f f   libcmt:utility.obj
 0001:00004392       ___scrt_dllmain_uninitialize_c 10005392 f   libcmt:utility.obj
 0001:000043b5       ___scrt_dllmain_uninitialize_critical 100053b5 f   libcmt:utility.obj
 0001:000043c2       ___scrt_initialize_crt     100053c2 f   libcmt:utility.obj
 0001:000043fb       ___scrt_initialize_onexit_tables 100053fb f   libcmt:utility.obj
 0001:000044a5       ___scrt_is_nonwritable_in_current_image 100054a5 f   libcmt:utility.obj
 0001:0000452f       ___scrt_release_startup_lock 1000552f f   libcmt:utility.obj
 0001:0000454c       ___scrt_uninitialize_crt   1000554c f   libcmt:utility.obj
 0001:00004574       ___scrt_get_dyn_tls_init_callback 10005574 f   libcmt:dyn_tls_init.obj
 0001:0000457a       ___scrt_fastfail           1000557a f   libcmt:utility_desktop.obj
 0001:00004695       __crt_debugger_hook        10005695 f   libcmt:utility_desktop.obj
 0001:0000469d       __RTC_Initialize           1000569d f   libcmt:_initsect_.obj
 0001:000046c8       __RTC_Terminate            100056c8 f   libcmt:_initsect_.obj
 0001:000046f3       @_guard_check_icall@4      100056f3 f i libcmt:checkcfg.obj
 0001:00004700       __SEH_prolog4              10005700 f   libcmt:_sehprolg4_.obj
 0001:00004746       __SEH_epilog4              10005746 f   libcmt:_sehprolg4_.obj
 0001:0000475b       ___isa_available_init      1000575b f   libcmt:_cpu_disp_.obj
 0001:000048fa       __get_startup_argv_mode    100058fa f   libcmt:argv_mode.obj
 0001:000048fe       ___scrt_is_ucrt_dll_in_use 100058fe f   libcmt:ucrt_detection.obj
 0001:0000490a       @_guard_check_icall_nop@4  1000590a f i libcmt:guard_support.obj
 0001:0000490c       _IsProcessorFeaturePresent@4 1000590c f   kernel32:KERNEL32.dll
 0001:00004912       ___DestructExceptionObject 10005912 f   libvcruntime:frame.obj
 0001:000049a6       ?_CallMemberFunction0@@YGXQAX0@Z 100059a6 f i libvcruntime:frame.obj
 0001:000049b0       _strrchr                   100059b0 f   libvcruntime:strrchr.obj
 0001:00004af0       _memmove                   10005af0 f   libvcruntime:memmove.obj
 0001:000050b0       __except_handler4          100060b0 f   libvcruntime:_chandler4_.obj
 0001:00005220       _strchr                    10006220 f   libvcruntime:strchr.obj
 0001:0000528e       ___from_strstr_to_strchr   1000628e     libvcruntime:strchr.obj
 0001:0000534b       ___std_type_info_destroy_list 1000634b f   libvcruntime:std_type_info.obj
 0001:0000536e       ___vcrt_initialize         1000636e f   libvcruntime:initialization.obj
 0001:00005397       ___vcrt_thread_attach      10006397 f   libvcruntime:initialization.obj
 0001:000053a2       ___vcrt_thread_detach      100063a2 f   libvcruntime:initialization.obj
 0001:000053ad       ___vcrt_uninitialize       100063ad f   libvcruntime:initialization.obj
 0001:000053cc       ___vcrt_uninitialize_critical 100063cc f   libvcruntime:initialization.obj
 0001:000053e0       _memset                    100063e0 f   libvcruntime:memset.obj
 0001:0000553a       ___vcrt_freefls@4          1000653a f   libvcruntime:per_thread_data.obj
 0001:00005556       ___vcrt_freeptd            10006556 f   libvcruntime:per_thread_data.obj
 0001:0000558c       ___vcrt_getptd_noexit      1000658c f   libvcruntime:per_thread_data.obj
 0001:0000561e       ___vcrt_initialize_ptd     1000661e f   libvcruntime:per_thread_data.obj
 0001:00005651       ___vcrt_uninitialize_ptd   10006651 f   libvcruntime:per_thread_data.obj
 0001:00005670       __CallSettingFrame@12      10006670 f   libvcruntime:lowhelpr.obj
 0001:00005697       __NLG_Return               10006697     libvcruntime:lowhelpr.obj
 0001:000056bc       ___except_validate_context_record 100066bc f   libvcruntime:jbcxrval.obj
 0001:000056ec       ___except_validate_jump_buffer 100066ec f   libvcruntime:jbcxrval.obj
 0001:00005720       __local_unwind4            10006720 f   libvcruntime:_exsup4_.obj
 0001:000057f6       __seh_longjmp_unwind4@4    100067f6 f   libvcruntime:_exsup4_.obj
 0001:0000581e       @_EH4_CallFilterFunc@8     1000681e f   libvcruntime:_exsup4_.obj
 0001:00005835       @_EH4_TransferToHandler@8  10006835 f   libvcruntime:_exsup4_.obj
 0001:0000584e       @_EH4_GlobalUnwind2@8      1000684e f   libvcruntime:_exsup4_.obj
 0001:00005867       @_EH4_LocalUnwind@16       10006867 f   libvcruntime:_exsup4_.obj
 0001:0000587e       ___vcrt_initialize_locks   1000687e f   libvcruntime:locks.obj
 0001:000058ba       ___vcrt_uninitialize_locks 100068ba f   libvcruntime:locks.obj
 0001:000058e9       ??$__crt_fast_encode_pointer@PAX@@YAPAXQAX@Z 100068e9 f i libvcruntime:winapi_downlevel.obj
 0001:00005a4c       ___vcrt_FlsAlloc           10006a4c f   libvcruntime:winapi_downlevel.obj
 0001:00005a86       ___vcrt_FlsFree            10006a86 f   libvcruntime:winapi_downlevel.obj
 0001:00005ac0       ___vcrt_FlsGetValue        10006ac0 f   libvcruntime:winapi_downlevel.obj
 0001:00005afa       ___vcrt_FlsSetValue        10006afa f   libvcruntime:winapi_downlevel.obj
 0001:00005b37       ___vcrt_InitializeCriticalSectionEx 10006b37 f   libvcruntime:winapi_downlevel.obj
 0001:00005b7d       ___vcrt_initialize_winapi_thunks 10006b7d f   libvcruntime:winapi_downlevel.obj
 0001:00005bb7       ___vcrt_uninitialize_winapi_thunks 10006bb7 f   libvcruntime:winapi_downlevel.obj
 0001:00005be9       ___vcrt_initialize_pure_virtual_call_handler 10006be9 f   libvcruntime:purevirt_data.obj
 0001:00005c10       __global_unwind2           10006c10 f   libvcruntime:_exsup_.obj
 0001:00005c75       __local_unwind2            10006c75 f   libvcruntime:_exsup_.obj
 0001:00005cf9       __abnormal_termination     10006cf9 f   libvcruntime:_exsup_.obj
 0001:00005d1c       __NLG_Notify1              10006d1c f   libvcruntime:_exsup_.obj
 0001:00005d25       __NLG_Notify               10006d25 f   libvcruntime:_exsup_.obj
 0001:00005d3c       __NLG_Dispatch2            10006d3c     libvcruntime:_exsup_.obj
 0001:00005d3c       __NLG_Dispatch             10006d3c     libvcruntime:_exsup_.obj
 0001:00005d44       __NLG_Call                 10006d44 f   libvcruntime:_exsup_.obj
 0001:00005d46       __NLG_Return2              10006d46     libvcruntime:_exsup_.obj
 0001:00005d47       _wcsncmp                   10006d47 f   libucrt:wcsncmp.obj
 0001:00005d81       ??$is_overflow_condition@K@__crt_strtox@@YA_NIK@Z 10006d81 f i libucrt:strtox.obj
 0001:00005db4       ??$make_c_string_character_source@_WPAPA_W@__crt_strtox@@YA?AV?$c_string_character_source@_W@0@QB_WQAPA_W@Z 10006db4 f i libucrt:strtox.obj
 0001:00005db4       ??$make_c_string_character_source@DPAPAD@__crt_strtox@@YA?AV?$c_string_character_source@D@0@QBDQAPAD@Z 10006db4 f i libucrt:strtox.obj
 0001:00005dcf       ??$parse_integer@KV?$c_string_character_source@D@__crt_strtox@@@__crt_strtox@@YAKQAU__crt_locale_pointers@@V?$c_string_character_source@D@0@H_N@Z 10006dcf f i libucrt:strtox.obj
 0001:00005ff7       ??$parse_integer@KV?$c_string_character_source@_W@__crt_strtox@@@__crt_strtox@@YAKQAU__crt_locale_pointers@@V?$c_string_character_source@_W@0@H_N@Z 10006ff7 f i libucrt:strtox.obj
 0001:000066dc       ??0_LocaleUpdate@@QAE@QAU__crt_locale_pointers@@@Z 100076dc f i libucrt:strtox.obj
 0001:0000675f       ?unget@?$c_string_character_source@D@__crt_strtox@@QAEXD@Z 1000775f f i libucrt:strtox.obj
 0001:00006787       ?unget@?$c_string_character_source@_W@__crt_strtox@@QAEX_W@Z 10007787 f i libucrt:strtox.obj
 0001:000067b3       ?validate@?$c_string_character_source@D@__crt_strtox@@QBE_NXZ 100077b3 f i libucrt:strtox.obj
 0001:000067b3       ?validate@?$c_string_character_source@_W@__crt_strtox@@QBE_NXZ 100077b3 f i libucrt:strtox.obj
 0001:000067ce       __chvalidchk_l             100077ce f i libucrt:strtox.obj
 0001:000067f8       __ischartype_l             100077f8 f i libucrt:strtox.obj
 0001:0000682b       _strtoul                   1000782b f   libucrt:strtox.obj
 0001:00006857       _wcstoul                   10007857 f   libucrt:strtox.obj
 0001:00006883       __initterm                 10007883 f   libucrt:initterm.obj
 0001:000068df       __initterm_e               100078df f   libucrt:initterm.obj
 0001:00006924       __seh_filter_dll           10007924 f   libucrt:exception_filter.obj
 0001:00006944       __seh_filter_exe           10007944 f   libucrt:exception_filter.obj
 0001:00006cd2       ___acrt_initialize_thread_local_exit_callback 10007cd2 f   libucrt:exit.obj
 0001:00006ce1       __cexit                    10007ce1 f   libucrt:exit.obj
 0001:00006cf0       __exit                     10007cf0 f   libucrt:exit.obj
 0001:00006d06       __is_c_termination_complete 10007d06 f   libucrt:exit.obj
 0001:00006fa5       ___acrt_allocate_buffer_for_argv 10007fa5 f   libucrt:argv_parsing.obj
 0001:00006ffa       __configure_narrow_argv    10007ffa f   libucrt:argv_parsing.obj
 0001:0000715e       ??$uninitialize@A6AXAAPAPA_W@Z@?$dual_state_global@PAPA_W@__crt_state_management@@QAEXA6AXAAPAPA_W@Z@Z 1000815e f i libucrt:environment_initialization.obj
 0001:0000715e       ??$uninitialize@A6AXAAPAPAD@Z@?$dual_state_global@PAPAD@__crt_state_management@@QAEXA6AXAAPAPAD@Z@Z 1000815e f i libucrt:environment_initialization.obj
 0001:000071d4       ___dcrt_uninitialize_environments_nolock 100081d4 f   libucrt:environment_initialization.obj
 0001:0000720b       __initialize_narrow_environment 1000820b f   libucrt:environment_initialization.obj
 0001:00007210       ??$?RV<lambda_995298e7d72eb4c2aab26c0585b3abe5>@@AAV<lambda_275893d493268fdec8709772e3fcec0e>@@V<lambda_293819299cbf9a7022e18b56a874bb5c>@@@?$__crt_seh_guarded_call@H@@QAEH$$QAV<lambda_995298e7d72eb4c2aab26c0585b3abe5>@@AAV<lambda_275893d493268fdec8709772e3fcec0e>@@$$QAV<lambda_293819299cbf9a7022e18b56a874bb5c>@@@Z 10008210 f i libucrt:onexit.obj
 0001:00007261       ??$__acrt_lock_and_call@V<lambda_275893d493268fdec8709772e3fcec0e>@@@@YAHW4__acrt_lock_id@@$$QAV<lambda_275893d493268fdec8709772e3fcec0e>@@@Z 10008261 f i libucrt:onexit.obj
 0001:000073a9       __execute_onexit_table     100083a9 f   libucrt:onexit.obj
 0001:000073c6       __initialize_onexit_table  100083c6 f   libucrt:onexit.obj
 0001:0000742f       ___acrt_uninitialize_command_line 1000842f f   libucrt:argv_data.obj
 0001:000074f7       ___acrt_initialize         100084f7 f   libucrt:initialization.obj
 0001:00007509       ___acrt_thread_attach      10008509 f   libucrt:initialization.obj
 0001:00007514       ___acrt_thread_detach      10008514 f   libucrt:initialization.obj
 0001:0000751c       ___acrt_uninitialize       1000851c f   libucrt:initialization.obj
 0001:0000752e       ___acrt_uninitialize_critical 1000852e f   libucrt:initialization.obj
 0001:00007540       _terminate                 10008540 f   libucrt:terminate.obj
 0001:0000757c       __free_base                1000857c f   libucrt:free_base.obj
 0001:000075b6       __malloc_base              100085b6 f   libucrt:malloc_base.obj
 0001:00007604       _strcpy_s                  10008604 f   libucrt:strcpy_s.obj
 0001:0000765e       _abort                     1000865e f   libucrt:abort.obj
 0001:000076a1       __calloc_base              100086a1 f   libucrt:calloc_base.obj
 0001:000076fe       ?initialize@?$dual_state_global@PAU__crt_locale_data@@@__crt_state_management@@QAEXQAU__crt_locale_data@@@Z 100086fe f i libucrt:initialization.obj
 0001:000076fe       ?initialize@?$dual_state_global@P6AHI@Z@__crt_state_management@@QAEXQ6AHI@Z@Z 100086fe f i libucrt:new_handler.obj
 0001:000076fe       ?initialize@?$dual_state_global@P6AXH@Z@__crt_state_management@@QAEXQ6AXH@Z@Z 100086fe f i libucrt:signal.obj
 0001:000076fe       ?initialize@?$dual_state_global@P6AHPAU_exception@@@Z@__crt_state_management@@QAEXQ6AHPAU_exception@@@Z@Z 100086fe f i libucrt:matherr.obj
 0001:000076fe       ?initialize@?$dual_state_global@PAPAD@__crt_state_management@@QAEXQAPAD@Z 100086fe f i libucrt:environment_initialization.obj
 0001:000076fe       ?initialize@?$dual_state_global@P6AXPB_W00II@Z@__crt_state_management@@QAEXQ6AXPB_W00II@Z@Z 100086fe f i libucrt:invalid_parameter.obj
 0001:0000772f       ___acrt_call_reportfault   1000872f f   libucrt:invalid_parameter.obj
 0001:0000786a       ___acrt_initialize_invalid_parameter_handler 1000886a f   libucrt:invalid_parameter.obj
 0001:0000787e       __invalid_parameter        1000887e f   libucrt:invalid_parameter.obj
 0001:000078f9       __invalid_parameter_noinfo 100088f9 f   libucrt:invalid_parameter.obj
 0001:00007909       __invoke_watson            10008909 f   libucrt:invalid_parameter.obj
 0001:0000793c       ___acrt_errno_from_os_error 1000893c f   libucrt:errno.obj
 0001:0000797f       ___acrt_errno_map_os_error 1000897f f   libucrt:errno.obj
 0001:000079a2       ___doserrno                100089a2 f   libucrt:errno.obj
 0001:000079b5       __errno                    100089b5 f   libucrt:errno.obj
 0001:000079c8       ___pctype_func             100089c8 f   libucrt:ctype.obj
 0001:000079ee       _iswctype                  100089ee f   libucrt:iswctype.obj
 0001:00007a4d       __isctype_l                10008a4d f   libucrt:isctype.obj
 0001:00007b1f       ??$?RV<lambda_3518db117f0e7cdb002338c5d3c47b6c>@@AAV<lambda_b2ea41f6bbb362cd97d94c6828d90b61>@@V<lambda_abdedf541bb04549bc734292b4a045d4>@@@?$__crt_seh_guarded_call@X@@QAEX$$QAV<lambda_3518db117f0e7cdb002338c5d3c47b6c>@@AAV<lambda_b2ea41f6bbb362cd97d94c6828d90b61>@@$$QAV<lambda_abdedf541bb04549bc734292b4a045d4>@@@Z 10008b1f f i libucrt:per_thread_data.obj
 0001:00007b6f       ??$?RV<lambda_51b6e8b1eb166f2a3faf91f424b38130>@@AAV<lambda_6250bd4b2a391816dd638c3bf72b0bcb>@@V<lambda_0b5a4a3e68152e1d9b943535f5f47bed>@@@?$__crt_seh_guarded_call@X@@QAEX$$QAV<lambda_51b6e8b1eb166f2a3faf91f424b38130>@@AAV<lambda_6250bd4b2a391816dd638c3bf72b0bcb>@@$$QAV<lambda_0b5a4a3e68152e1d9b943535f5f47bed>@@@Z 10008b6f f i libucrt:per_thread_data.obj
 0001:00007bd0       ??$?RV<lambda_5b71d36f03204c0beab531769a5b5694>@@AAV<lambda_be2b3da3f62db62e9dad5dc70221a656>@@V<lambda_8f9ce462984622f9bf76b59e2aaaf805>@@@?$__crt_seh_guarded_call@X@@QAEX$$QAV<lambda_5b71d36f03204c0beab531769a5b5694>@@AAV<lambda_be2b3da3f62db62e9dad5dc70221a656>@@$$QAV<lambda_8f9ce462984622f9bf76b59e2aaaf805>@@@Z 10008bd0 f i libucrt:per_thread_data.obj
 0001:00007c1b       ??$?RV<lambda_9df27f884b057bc3edfc946cb5b7cf47>@@AAV<lambda_e69574bed617af4e071282c136b37893>@@V<lambda_cc0d902bcbbeb830f749456577db4721>@@@?$__crt_seh_guarded_call@X@@QAEX$$QAV<lambda_9df27f884b057bc3edfc946cb5b7cf47>@@AAV<lambda_e69574bed617af4e071282c136b37893>@@$$QAV<lambda_cc0d902bcbbeb830f749456577db4721>@@@Z 10008c1b f i libucrt:per_thread_data.obj
 0001:00007c63       ??$__acrt_lock_and_call@V<lambda_6250bd4b2a391816dd638c3bf72b0bcb>@@@@YAXW4__acrt_lock_id@@$$QAV<lambda_6250bd4b2a391816dd638c3bf72b0bcb>@@@Z 10008c63 f i libucrt:per_thread_data.obj
 0001:00007c8b       ??$__acrt_lock_and_call@V<lambda_b2ea41f6bbb362cd97d94c6828d90b61>@@@@YAXW4__acrt_lock_id@@$$QAV<lambda_b2ea41f6bbb362cd97d94c6828d90b61>@@@Z 10008c8b f i libucrt:per_thread_data.obj
 0001:00007cb3       ??$__acrt_lock_and_call@V<lambda_be2b3da3f62db62e9dad5dc70221a656>@@@@YAXW4__acrt_lock_id@@$$QAV<lambda_be2b3da3f62db62e9dad5dc70221a656>@@@Z 10008cb3 f i libucrt:per_thread_data.obj
 0001:00007cdb       ??$__acrt_lock_and_call@V<lambda_e69574bed617af4e071282c136b37893>@@@@YAXW4__acrt_lock_id@@$$QAV<lambda_e69574bed617af4e071282c136b37893>@@@Z 10008cdb f i libucrt:per_thread_data.obj
 0001:00007e91       ___acrt_freeptd            10008e91 f   libucrt:per_thread_data.obj
 0001:00007ebd       ___acrt_getptd             10008ebd f   libucrt:per_thread_data.obj
 0001:00007f41       ___acrt_getptd_noexit      10008f41 f   libucrt:per_thread_data.obj
 0001:00007fc6       ___acrt_initialize_ptd     10008fc6 f   libucrt:per_thread_data.obj
 0001:00007ff2       ___acrt_uninitialize_ptd   10008ff2 f   libucrt:per_thread_data.obj
 0001:0000800c       ___acrt_update_locale_info 1000900c f   libucrt:locale_update.obj
 0001:00008039       ___acrt_update_multibyte_info 10009039 f   libucrt:locale_update.obj
 0001:00008066       ___acrt_set_locale_changed 10009066 f   libucrt:wsetlocale.obj
 0001:00008071       ___acrt_uninitialize_locale 10009071 f   libucrt:wsetlocale.obj
 0001:000080c3       ___acrt_initialize_locks   100090c3 f   libucrt:locks.obj
 0001:00008104       ___acrt_lock               10009104 f   libucrt:locks.obj
 0001:0000811b       ___acrt_uninitialize_locks 1000911b f   libucrt:locks.obj
 0001:0000814c       ___acrt_unlock             1000914c f   libucrt:locks.obj
 0001:0000827a       ___acrt_FlsAlloc@4         1000927a f   libucrt:winapi_thunks.obj
 0001:000082d0       ___acrt_FlsFree@4          100092d0 f   libucrt:winapi_thunks.obj
 0001:00008326       ___acrt_FlsGetValue@4      10009326 f   libucrt:winapi_thunks.obj
 0001:0000837c       ___acrt_FlsSetValue@8      1000937c f   libucrt:winapi_thunks.obj
 0001:000083d5       ___acrt_InitializeCriticalSectionEx@12 100093d5 f   libucrt:winapi_thunks.obj
 0001:00008437       ___acrt_LCMapStringEx@36   10009437 f   libucrt:winapi_thunks.obj
 0001:000084bf       ___acrt_LocaleNameToLCID@8 100094bf f   libucrt:winapi_thunks.obj
 0001:0000851b       ___acrt_initialize_winapi_thunks 1000951b f   libucrt:winapi_thunks.obj
 0001:00008541       ___acrt_is_packaged_app    10009541 f   libucrt:winapi_thunks.obj
 0001:000085c8       ___acrt_uninitialize_winapi_thunks 100095c8 f   libucrt:winapi_thunks.obj
 0001:000089c0       ??1?$argument_list@D@?A0xb0e4b824@@QAE@XZ 100099c0 f i libucrt:argv_wildcards.obj
 0001:000089e5       ?append@?$argument_list@D@?A0xb0e4b824@@QAEHQAD@Z 100099e5 f i libucrt:argv_wildcards.obj
 0001:00008a1a       ?expand_if_necessary@?$argument_list@D@?A0xb0e4b824@@AAEHXZ 10009a1a f i libucrt:argv_wildcards.obj
 0001:00008aa1       ___acrt_expand_narrow_argv_wildcards 10009aa1 f   libucrt:argv_wildcards.obj
 0001:00008aac       ??$?RV<lambda_978dc153c237d78434369da87b74ff60>@@AAV<lambda_ad1ced32f4ac17aa236e5ef05d6b3b7c>@@V<lambda_4a8533e2866a575feecb8298ce776b0d>@@@?$__crt_seh_guarded_call@X@@QAEX$$QAV<lambda_978dc153c237d78434369da87b74ff60>@@AAV<lambda_ad1ced32f4ac17aa236e5ef05d6b3b7c>@@$$QAV<lambda_4a8533e2866a575feecb8298ce776b0d>@@@Z 10009aac f i libucrt:mbctype.obj
 0001:00008aef       ??$__acrt_lock_and_call@V<lambda_ad1ced32f4ac17aa236e5ef05d6b3b7c>@@@@YAXW4__acrt_lock_id@@$$QAV<lambda_ad1ced32f4ac17aa236e5ef05d6b3b7c>@@@Z 10009aef f i libucrt:mbctype.obj
 0001:00008f86       ___acrt_initialize_multibyte 10009f86 f   libucrt:mbctype.obj
 0001:00008fa4       ___acrt_update_thread_multibyte_data 10009fa4 f   libucrt:mbctype.obj
 0001:00009046       __setmbcp_nolock           1000a046 f   libucrt:mbctype.obj
 0001:00009311       __ismbblead                1000a311 f   libucrt:ismbbyte.obj
 0001:00009329       ___acrt_initialize_command_line 1000a329 f   libucrt:argv_data.obj
 0001:00009379       ___dcrt_get_narrow_environment_from_os 1000a379 f   libucrt:get_environment_from_os.obj
 0001:000093fc       __recalloc                 1000a3fc f   libucrt:recalloc.obj
 0001:00009407       __recalloc_base            1000a407 f   libucrt:recalloc.obj
 0001:00009474       ___acrt_initialize_heap    1000a474 f   libucrt:heap_handle.obj
 0001:00009485       ___acrt_uninitialize_heap  1000a485 f   libucrt:heap_handle.obj
 0001:000095fb       ___acrt_initialize_lowio   1000a5fb f   libucrt:ioinit.obj
 0001:00009651       ___acrt_uninitialize_lowio 1000a651 f   libucrt:ioinit.obj
 0001:0000967d       ___acrt_execute_initializers 1000a67d f   libucrt:shared_initialization.obj
 0001:00009700       ___acrt_execute_uninitializers 1000a700 f   libucrt:shared_initialization.obj
 0001:0000974d       ___acrt_initialize_new_handler 1000a74d f   libucrt:new_handler.obj
 0001:00009761       __callnewh                 1000a761 f   libucrt:new_handler.obj
 0001:000097a5       __query_new_handler        1000a7a5 f   libucrt:new_handler.obj
 0001:000097f7       ??$?RV<lambda_a048d3beccc847880fc8490e18b82769>@@AAV<lambda_ec61778202f4f5fc7e7711acc23c3bca>@@V<lambda_f7496a158712204296dd6628a163878e>@@@?$__crt_seh_guarded_call@P6AXH@Z@@QAEP6AXH@Z$$QAV<lambda_a048d3beccc847880fc8490e18b82769>@@AAV<lambda_ec61778202f4f5fc7e7711acc23c3bca>@@$$QAV<lambda_f7496a158712204296dd6628a163878e>@@@Z 1000a7f7 f i libucrt:signal.obj
 0001:00009851       ??$__acrt_lock_and_call@V<lambda_ec61778202f4f5fc7e7711acc23c3bca>@@@@YAP6AXH@ZW4__acrt_lock_id@@$$QAV<lambda_ec61778202f4f5fc7e7711acc23c3bca>@@@Z 1000a851 f i libucrt:signal.obj
 0001:000098e3       ___acrt_get_sigabrt_handler 1000a8e3 f   libucrt:signal.obj
 0001:000098fa       ___acrt_initialize_signal_handlers 1000a8fa f   libucrt:signal.obj
 0001:00009935       ___fpecode                 1000a935 f   libucrt:signal.obj
 0001:0000993e       _raise                     1000a93e f   libucrt:signal.obj
 0001:00009b46       ___acrt_has_user_matherr   1000ab46 f   libucrt:matherr.obj
 0001:00009b5f       ___acrt_initialize_user_matherr 1000ab5f f   libucrt:matherr.obj
 0001:00009b73       ___acrt_invoke_user_matherr 1000ab73 f   libucrt:matherr.obj
 0001:00009bbc       __query_new_mode           1000abbc f   libucrt:new_mode.obj
 0001:00009bc2       __mbtowc_l                 1000abc2 f   libucrt:mbtowc.obj
 0001:00009cbc       _mbtowc                    1000acbc f   libucrt:mbtowc.obj
 0001:00009cd6       __fileno                   1000acd6 f   libucrt:fileno.obj
 0001:00009cfc       ___acrt_initialize_stdio   1000acfc f   libucrt:_file.obj
 0001:00009dc4       ___acrt_uninitialize_stdio 1000adc4 f   libucrt:_file.obj
 0001:00009e10       __lock_file                1000ae10 f   libucrt:_file.obj
 0001:00009e24       __unlock_file              1000ae24 f   libucrt:_file.obj
 0001:00009e38       __isleadbyte_l             1000ae38 f i libucrt:_wctype.obj
 0001:00009e71       ___acrt_GetStringTypeA     1000ae71 f   libucrt:getstringtypea.obj
 0001:00009f8e       __freea_crt                1000af8e f i libucrt:getstringtypea.obj
 0001:00009fae       ___acrt_add_locale_ref     1000afae f   libucrt:locale_refcounting.obj
 0001:0000a02b       ___acrt_free_locale        1000b02b f   libucrt:locale_refcounting.obj
 0001:0000a175       ___acrt_locale_add_lc_time_reference 1000b175 f   libucrt:locale_refcounting.obj
 0001:0000a19e       ___acrt_locale_free_lc_time_if_unreferenced 1000b19e f   libucrt:locale_refcounting.obj
 0001:0000a1ce       ___acrt_locale_release_lc_time_reference 1000b1ce f   libucrt:locale_refcounting.obj
 0001:0000a1f7       ___acrt_release_locale_ref 1000b1f7 f   libucrt:locale_refcounting.obj
 0001:0000a278       ___acrt_update_thread_locale_data 1000b278 f   libucrt:locale_refcounting.obj
 0001:0000a2ef       __updatetlocinfoEx_nolock  1000b2ef f   libucrt:locale_refcounting.obj
 0001:0000a33f       ___acrt_locale_free_monetary 1000b33f f   libucrt:initmon.obj
 0001:0000a43d       ___acrt_locale_free_numeric 1000b43d f   libucrt:initnum.obj
 0001:0000a4e2       ___acrt_locale_free_time   1000b4e2 f   libucrt:inittime.obj
 0001:0000a682       ___acrt_DownlevelLocaleNameToLCID 1000b682 f   libucrt:lcidtoname_downlevel.obj
 0001:0000a790       _qsort                     1000b790 f   libucrt:qsort.obj
 0001:0000abdb       _strncpy_s                 1000bbdb f   libucrt:strncpy_s.obj
 0001:0000abf0       _strpbrk                   1000bbf0 f   libucrt:strpbrk.obj
 0001:0000ac30       __mbsdec                   1000bc30 f   libucrt:mbsdec.obj
 0001:0000ac47       __mbsdec_l                 1000bc47 f   libucrt:mbsdec.obj
 0001:0000af00       ___acrt_LCMapStringA       1000bf00 f   libucrt:lcmapstringa.obj
 0001:0000af4b       __msize                    1000bf4b f   libucrt:msize.obj
 0001:0000af7e       __realloc_base             1000bf7e f   libucrt:realloc_base.obj
 0001:0000afe7       ___acrt_lowio_create_handle_array 1000bfe7 f   libucrt:osfinfo.obj
 0001:0000b061       ___acrt_lowio_destroy_handle_array 1000c061 f   libucrt:osfinfo.obj
 0001:0000b096       ___acrt_lowio_ensure_fh_exists 1000c096 f   libucrt:osfinfo.obj
 0001:0000b12e       ___acrt_lowio_lock_fh      1000c12e f   libucrt:osfinfo.obj
 0001:0000b151       ___acrt_lowio_unlock_fh    1000c151 f   libucrt:osfinfo.obj
 0001:0000b174       __free_osfhnd              1000c174 f   libucrt:osfinfo.obj
 0001:0000b205       __get_osfhandle            1000c205 f   libucrt:osfinfo.obj
 0001:0000b26f       __isatty                   1000c26f f   libucrt:isatty.obj
 0001:0000b2c5       ___acrt_stdio_flush_nolock 1000c2c5 f   libucrt:fflush.obj
 0001:0000b32b       __fflush_nolock            1000c32b f   libucrt:fflush.obj
 0001:0000b372       __flushall                 1000c372 f   libucrt:fflush.obj
 0001:0000b453       __fcloseall                1000c453 f   libucrt:closeall.obj
 0001:0000b4f3       ___acrt_stdio_free_buffer_nolock 1000c4f3 f   libucrt:_freebuf.obj
 0001:0000b531       ___strncnt                 1000c531 f   libucrt:strncnt.obj
 0001:0000b54d       __query_app_type           1000c54d f   libucrt:report_runtime_error.obj
 0001:0000b553       ??$?RV<lambda_61cee617f5178ae960314fd4d05640a0>@@AAV<lambda_6978c1fb23f02e42e1d9e99668cc68aa>@@V<lambda_9cd88cf8ad10232537feb2133f08c833>@@@?$__crt_seh_guarded_call@H@@QAEH$$QAV<lambda_61cee617f5178ae960314fd4d05640a0>@@AAV<lambda_6978c1fb23f02e42e1d9e99668cc68aa>@@$$QAV<lambda_9cd88cf8ad10232537feb2133f08c833>@@@Z 1000c553 f i libucrt:commit.obj
 0001:0000b5eb       ??$__acrt_lowio_lock_fh_and_call@V<lambda_6978c1fb23f02e42e1d9e99668cc68aa>@@@@YAHH$$QAV<lambda_6978c1fb23f02e42e1d9e99668cc68aa>@@@Z 1000c5eb f i libucrt:commit.obj
 0001:0000b613       __commit                   1000c613 f   libucrt:commit.obj
 0001:0000bc12       __write                    1000cc12 f   libucrt:write.obj
 0001:0000bcfd       __write_nolock             1000ccfd f   libucrt:write.obj
 0001:0000bf10       _log10                     1000cf10 f   libucrt:log10.obj
 0001:0000bf50       __CIlog10                  1000cf50 f   libucrt:log10.obj
 0001:0000bf8b       __CIlog10_default          1000cf8b f   libucrt:log10.obj
 0001:0000bf9f       __log10_default            1000cf9f     libucrt:log10.obj
 0001:0000c060       _ceil                      1000d060 f   libucrt:ceil_pentium4.obj
 0001:0000c0a0       __ceil_pentium4            1000d0a0 f   libucrt:ceil_pentium4.obj
 0001:0000c1fb       __lseeki64_nolock          1000d1fb f   libucrt:lseek.obj
 0001:0000c216       __fclose_nolock            1000d216 f   libucrt:fclose.obj
 0001:0000c28c       _fclose                    1000d28c f   libucrt:fclose.obj
 0001:0000c310       ___ascii_strnicmp          1000d310 f   libucrt:_strnicm.obj
 0001:0000c371       __putwch_nolock            1000d371 f   libucrt:putwch.obj
 0001:0000c3b6       ___acrt_initialize_sse2    1000d3b6 f   libucrt:mathfcns.obj
 0001:0000c3d0       __CIlog10_pentium4         1000d3d0 f   libucrt:log10_pentium4.obj
 0001:0000c3e8       __log10_pentium4           1000d3e8     libucrt:log10_pentium4.obj
 0001:0000c671       __fFEXP                    1000d671     libucrt:87tran.obj
 0001:0000c6c8       __rtinfpopse               1000d6c8     libucrt:87tran.obj
 0001:0000c6ca       __rtinfnpopse              1000d6ca     libucrt:87tran.obj
 0001:0000c6da       __fFLN                     1000d6da     libucrt:87tran.obj
 0001:0000c78f       __rtinfpop                 1000d78f     libucrt:87tran.obj
 0001:0000c791       __rtinfnpop                1000d791     libucrt:87tran.obj
 0001:0000c7ae       __ffexpm1                  1000d7ae     libucrt:87tran.obj
 0001:0000c860       __trandisp1                1000d860 f   libucrt:87disp.obj
 0001:0000c8c7       __trandisp2                1000d8c7 f   libucrt:87disp.obj
 0001:0000c953       __rttospopde               1000d953     libucrt:87disp.obj
 0001:0000c958       __rttospop                 1000d958     libucrt:87disp.obj
 0001:0000c95a       __rtnospop                 1000d95a     libucrt:87disp.obj
 0001:0000c95c       __rttosnpop                1000d95c     libucrt:87disp.obj
 0001:0000c95d       __rtnospopde               1000d95d     libucrt:87disp.obj
 0001:0000c964       __rtzeropop                1000d964     libucrt:87disp.obj
 0001:0000c966       __rtzeronpop               1000d966     libucrt:87disp.obj
 0001:0000c96b       __rtzerospop               1000d96b     libucrt:87disp.obj
 0001:0000c978       __rtonepop                 1000d978     libucrt:87disp.obj
 0001:0000c97a       __rtonenpop                1000d97a     libucrt:87disp.obj
 0001:0000c97f       __tosnan1                  1000d97f     libucrt:87disp.obj
 0001:0000c9aa       __nosnan2                  1000d9aa     libucrt:87disp.obj
 0001:0000c9ac       __tosnan2                  1000d9ac     libucrt:87disp.obj
 0001:0000c9d4       __nan2                     1000d9d4     libucrt:87disp.obj
 0001:0000ca13       __rtindfpop                1000da13     libucrt:87disp.obj
 0001:0000ca15       __rtindfnpop               1000da15     libucrt:87disp.obj
 0001:0000ca26       __rttosnpopde              1000da26     libucrt:87disp.obj
 0001:0000ca30       __rtatan2inf               1000da30     libucrt:87disp.obj
 0001:0000ca4d       __rtchsifneg               1000da4d     libucrt:87disp.obj
 0001:0000ca60       __twoToTOS                 1000da60 f   libucrt:common.obj
 0001:0000ca75       __load_CW                  1000da75 f   libucrt:common.obj
 0001:0000ca8c       __convertTOStoQNaN         1000da8c f   libucrt:common.obj
 0001:0000caa5       __fload_withFB             1000daa5 f   libucrt:common.obj
 0001:0000cae8       __checkTOS_withFB          1000dae8 f   libucrt:common.obj
 0001:0000cafe       __fast_exit                1000dafe f   libucrt:common.obj
 0001:0000cb0b       __math_exit                1000db0b f   libucrt:common.obj
 0001:0000cb35       __check_overflow_exit      1000db35 f   libucrt:common.obj
 0001:0000cb49       __check_range_exit         1000db49 f   libucrt:common.obj
 0001:0000cbf0       __startTwoArgErrorHandling 1000dbf0 f   libucrt:genexcep.obj
 0001:0000cc07       __startOneArgErrorHandling 1000dc07 f   libucrt:genexcep.obj
 0001:0000cc43       ___libm_error_support      1000dc43 f   libucrt:libm_error.obj
 0001:0000ce5b       __ceil_default             1000de5b f   libucrt:ceil.obj
 0001:0000cf14       ??$?RV<lambda_123407a5e2ac06da108355a851863b7a>@@AAV<lambda_2fe9b910cf3cbf4a0ab98a02ba45b3ec>@@V<lambda_ae55bdf541ad94d75914d381c370e64d>@@@?$__crt_seh_guarded_call@H@@QAEH$$QAV<lambda_123407a5e2ac06da108355a851863b7a>@@AAV<lambda_2fe9b910cf3cbf4a0ab98a02ba45b3ec>@@$$QAV<lambda_ae55bdf541ad94d75914d381c370e64d>@@@Z 1000df14 f i libucrt:close.obj
 0001:0000cf96       ??$__acrt_lowio_lock_fh_and_call@V<lambda_2fe9b910cf3cbf4a0ab98a02ba45b3ec>@@@@YAHH$$QAV<lambda_2fe9b910cf3cbf4a0ab98a02ba45b3ec>@@@Z 1000df96 f i libucrt:close.obj
 0001:0000cfc0       __close                    1000dfc0 f   libucrt:close.obj
 0001:0000d03f       __close_nolock             1000e03f f   libucrt:close.obj
 0001:0000d0db       ?__acrt_stdio_free_stream@@YAXV__crt_stdio_stream@@@Z 1000e0db f   libucrt:stream.obj
 0001:0000d116       ___dcrt_lowio_initialize_console_output 1000e116 f   libucrt:initcon.obj
 0001:0000d135       ___dcrt_terminate_console_output 1000e135 f   libucrt:initcon.obj
 0001:0000d14c       __clrfp                    1000e14c f   libucrt:fpctrl.obj
 0001:0000d15f       __ctrlfp                   1000e15f f   libucrt:fpctrl.obj
 0001:0000d18b       __set_statfp               1000e18b f   libucrt:fpctrl.obj
 0001:0000d1e6       __statfp                   1000e1e6 f   libucrt:fpctrl.obj
 0001:0000d1f8       __d_inttype                1000e1f8 f   libucrt:powhlp.obj
 0001:0000d262       __powhlp                   1000e262 f   libucrt:powhlp.obj
 0001:0000d38d       __87except                 1000e38d f   libucrt:87except.obj
 0001:0000d498       __frnd                     1000e498 f   libucrt:frnd.obj
 0001:0000d4ae       __errcode                  1000e4ae f   libucrt:fpexcept.obj
 0001:0000d4e2       __except1                  1000e4e2 f   libucrt:fpexcept.obj
 0001:0000d5b0       __handle_exc               1000e5b0 f   libucrt:fpexcept.obj
 0001:0000d790       __raise_exc                1000e790 f   libucrt:fpexcept.obj
 0001:0000d7b3       __raise_exc_ex             1000e7b3 f   libucrt:fpexcept.obj
 0001:0000daa4       __set_errno_from_matherr   1000eaa4 f   libucrt:fpexcept.obj
 0001:0000dad3       __umatherr                 1000ead3 f   libucrt:fpexcept.obj
 0001:0000db75       __decomp                   1000eb75 f   libucrt:util.obj
 0001:0000dc49       __set_exp                  1000ec49 f   libucrt:util.obj
 0001:0000dc78       __sptype                   1000ec78 f   libucrt:util.obj
 0001:0000dcd6       __fpclass                  1000ecd6 f   libucrt:ieeemisc.obj
 0001:0000dd80       __FindPESection            1000ed80 f   libcmt:pesect.obj
 0001:0000ddd0       __IsNonwritableInCurrentImage 1000edd0 f   libcmt:pesect.obj
 0001:0000de90       __ValidateImageBase        1000ee90 f   libcmt:pesect.obj
 0001:0000ded0       __aulldvrm                 1000eed0 f   libcmt:ulldvrm.obj
 0001:0000df70       __allmul                   1000ef70 f   libcmt:llmul.obj
 0001:0000dfb0       __SEH_prolog4_GS           1000efb0 f   libcmt:_sehprolg4gs_.obj
 0001:0000dff9       __SEH_epilog4_GS           1000eff9 f   libcmt:_sehprolg4gs_.obj
 0001:0000e010       __alldvrm                  1000f010 f   libcmt:lldvrm.obj
 0001:0000e0f0       __aullshr                  1000f0f0 f   libcmt:ullshr.obj
 0001:0000e110       __alloca_probe_16          1000f110 f   libcmt:alloca16.obj
 0001:0000e126       __alloca_probe_8           1000f126     libcmt:alloca16.obj
 0001:0000e140       __allshl                   1000f140 f   libcmt:llshl.obj
 0001:0000e160       __ftol2_sse                1000f160 f   libcmt:_ftol2_.obj
 0001:0000e169       __ftol2_pentium4           1000f169 f   libcmt:_ftol2_.obj
 0001:0000e17c       __ftol2_sse_excpt          1000f17c f   libcmt:_ftol2_.obj
 0001:0000e1a0       __ftol2                    1000f1a0 f   libcmt:_ftol2_.obj
 0001:0000e220       __chkstk                   1000f220 f   libcmt:chkstk.obj
 0001:0000e220       __alloca_probe             1000f220 f   libcmt:chkstk.obj
 0001:0000e24e       _RtlUnwind@16              1000f24e f   kernel32:KERNEL32.dll
 0001:0000e260       _memcpy                    1000f260 f   libvcruntime:memcpy.obj
 0002:00000000       __imp__RegCreateKeyExW@36  10010000     advapi32:ADVAPI32.dll
 0002:00000004       __imp__RegSetValueExW@24   10010004     advapi32:ADVAPI32.dll
 0002:00000008       __imp__RegOpenKeyExW@20    10010008     advapi32:ADVAPI32.dll
 0002:0000000c       __imp__RegQueryValueExW@24 1001000c     advapi32:ADVAPI32.dll
 0002:00000010       __imp__RegCloseKey@4       10010010     advapi32:ADVAPI32.dll
 0002:00000014       \177ADVAPI32_NULL_THUNK_DATA 10010014     advapi32:ADVAPI32.dll
 0002:00000018       __imp__LineTo@12           10010018     gdi32:GDI32.dll
 0002:0000001c       __imp__CreatePen@12        1001001c     gdi32:GDI32.dll
 0002:00000020       __imp__MoveToEx@16         10010020     gdi32:GDI32.dll
 0002:00000024       __imp__DeleteObject@4      10010024     gdi32:GDI32.dll
 0002:00000028       __imp__CreateSolidBrush@4  10010028     gdi32:GDI32.dll
 0002:0000002c       __imp__SelectObject@8      1001002c     gdi32:GDI32.dll
 0002:00000030       \177GDI32_NULL_THUNK_DATA  10010030     gdi32:GDI32.dll
 0002:00000034       __imp__lstrlenW@4          10010034     kernel32:KERNEL32.dll
 0002:00000038       __imp__lstrcpynW@12        10010038     kernel32:KERNEL32.dll
 0002:0000003c       __imp__SetLastError@4      1001003c     kernel32:KERNEL32.dll
 0002:00000040       __imp__GetLastError@0      10010040     kernel32:KERNEL32.dll
 0002:00000044       __imp__RaiseException@16   10010044     kernel32:KERNEL32.dll
 0002:00000048       __imp__IsDebuggerPresent@0 10010048     kernel32:KERNEL32.dll
 0002:0000004c       __imp__VirtualProtect@16   1001004c     kernel32:KERNEL32.dll
 0002:00000050       __imp__GetModuleFileNameW@12 10010050     kernel32:KERNEL32.dll
 0002:00000054       __imp__lstrcpyW@8          10010054     kernel32:KERNEL32.dll
 0002:00000058       __imp__lstrlenA@4          10010058     kernel32:KERNEL32.dll
 0002:0000005c       __imp__MultiByteToWideChar@24 1001005c     kernel32:KERNEL32.dll
 0002:00000060       __imp__GetTickCount@0      10010060     kernel32:KERNEL32.dll
 0002:00000064       __imp__UnhandledExceptionFilter@4 10010064     kernel32:KERNEL32.dll
 0002:00000068       __imp__SetUnhandledExceptionFilter@4 10010068     kernel32:KERNEL32.dll
 0002:0000006c       __imp__GetCurrentProcess@0 1001006c     kernel32:KERNEL32.dll
 0002:00000070       __imp__TerminateProcess@8  10010070     kernel32:KERNEL32.dll
 0002:00000074       __imp__IsProcessorFeaturePresent@4 10010074     kernel32:KERNEL32.dll
 0002:00000078       __imp__QueryPerformanceCounter@4 10010078     kernel32:KERNEL32.dll
 0002:0000007c       __imp__GetCurrentProcessId@0 1001007c     kernel32:KERNEL32.dll
 0002:00000080       __imp__GetSystemTimeAsFileTime@4 10010080     kernel32:KERNEL32.dll
 0002:00000084       __imp__InitializeSListHead@4 10010084     kernel32:KERNEL32.dll
 0002:00000088       __imp__GetStartupInfoW@4   10010088     kernel32:KERNEL32.dll
 0002:0000008c       __imp__GetModuleHandleW@4  1001008c     kernel32:KERNEL32.dll
 0002:00000090       __imp__CloseHandle@4       10010090     kernel32:KERNEL32.dll
 0002:00000094       __imp__SetFilePointerEx@20 10010094     kernel32:KERNEL32.dll
 0002:00000098       __imp__lstrcpynA@12        10010098     kernel32:KERNEL32.dll
 0002:0000009c       __imp__HeapDestroy@4       1001009c     kernel32:KERNEL32.dll
 0002:000000a0       __imp__HeapAlloc@12        100100a0     kernel32:KERNEL32.dll
 0002:000000a4       __imp__HeapReAlloc@16      100100a4     kernel32:KERNEL32.dll
 0002:000000a8       __imp__HeapSize@12         100100a8     kernel32:KERNEL32.dll
 0002:000000ac       __imp__HeapFree@12         100100ac     kernel32:KERNEL32.dll
 0002:000000b0       __imp__GetCurrentThreadId@0 100100b0     kernel32:KERNEL32.dll
 0002:000000b4       __imp__HeapCreate@12       100100b4     kernel32:KERNEL32.dll
 0002:000000b8       __imp__WriteConsoleW@20    100100b8     kernel32:KERNEL32.dll
 0002:000000bc       __imp__DecodePointer@4     100100bc     kernel32:KERNEL32.dll
 0002:000000c0       __imp__lstrcpyA@8          100100c0     kernel32:KERNEL32.dll
 0002:000000c4       __imp__RtlUnwind@16        100100c4     kernel32:KERNEL32.dll
 0002:000000c8       __imp__CreateFileW@28      100100c8     kernel32:KERNEL32.dll
 0002:000000cc       __imp__InterlockedFlushSList@4 100100cc     kernel32:KERNEL32.dll
 0002:000000d0       __imp__EnterCriticalSection@4 100100d0     kernel32:KERNEL32.dll
 0002:000000d4       __imp__LeaveCriticalSection@4 100100d4     kernel32:KERNEL32.dll
 0002:000000d8       __imp__DeleteCriticalSection@4 100100d8     kernel32:KERNEL32.dll
 0002:000000dc       __imp__InitializeCriticalSectionAndSpinCount@8 100100dc     kernel32:KERNEL32.dll
 0002:000000e0       __imp__TlsAlloc@0          100100e0     kernel32:KERNEL32.dll
 0002:000000e4       __imp__TlsGetValue@4       100100e4     kernel32:KERNEL32.dll
 0002:000000e8       __imp__TlsSetValue@8       100100e8     kernel32:KERNEL32.dll
 0002:000000ec       __imp__TlsFree@4           100100ec     kernel32:KERNEL32.dll
 0002:000000f0       __imp__FreeLibrary@4       100100f0     kernel32:KERNEL32.dll
 0002:000000f4       __imp__GetProcAddress@8    100100f4     kernel32:KERNEL32.dll
 0002:000000f8       __imp__LoadLibraryExW@12   100100f8     kernel32:KERNEL32.dll
 0002:000000fc       __imp__ExitProcess@4       100100fc     kernel32:KERNEL32.dll
 0002:00000100       __imp__GetModuleHandleExW@12 10010100     kernel32:KERNEL32.dll
 0002:00000104       __imp__GetModuleFileNameA@12 10010104     kernel32:KERNEL32.dll
 0002:00000108       __imp__WideCharToMultiByte@32 10010108     kernel32:KERNEL32.dll
 0002:0000010c       __imp__GetStringTypeW@16   1001010c     kernel32:KERNEL32.dll
 0002:00000110       __imp__GetACP@0            10010110     kernel32:KERNEL32.dll
 0002:00000114       __imp__LCMapStringW@24     10010114     kernel32:KERNEL32.dll
 0002:00000118       __imp__FindClose@4         10010118     kernel32:KERNEL32.dll
 0002:0000011c       __imp__FindFirstFileExA@24 1001011c     kernel32:KERNEL32.dll
 0002:00000120       __imp__FindNextFileA@8     10010120     kernel32:KERNEL32.dll
 0002:00000124       __imp__IsValidCodePage@4   10010124     kernel32:KERNEL32.dll
 0002:00000128       __imp__GetOEMCP@0          10010128     kernel32:KERNEL32.dll
 0002:0000012c       __imp__GetCPInfo@8         1001012c     kernel32:KERNEL32.dll
 0002:00000130       __imp__GetCommandLineA@0   10010130     kernel32:KERNEL32.dll
 0002:00000134       __imp__GetCommandLineW@0   10010134     kernel32:KERNEL32.dll
 0002:00000138       __imp__GetEnvironmentStringsW@0 10010138     kernel32:KERNEL32.dll
 0002:0000013c       __imp__FreeEnvironmentStringsW@4 1001013c     kernel32:KERNEL32.dll
 0002:00000140       __imp__GetProcessHeap@0    10010140     kernel32:KERNEL32.dll
 0002:00000144       __imp__GetStdHandle@4      10010144     kernel32:KERNEL32.dll
 0002:00000148       __imp__GetFileType@4       10010148     kernel32:KERNEL32.dll
 0002:0000014c       __imp__SetStdHandle@8      1001014c     kernel32:KERNEL32.dll
 0002:00000150       __imp__WriteFile@20        10010150     kernel32:KERNEL32.dll
 0002:00000154       __imp__FlushFileBuffers@4  10010154     kernel32:KERNEL32.dll
 0002:00000158       __imp__GetConsoleCP@0      10010158     kernel32:KERNEL32.dll
 0002:0000015c       __imp__GetConsoleMode@8    1001015c     kernel32:KERNEL32.dll
 0002:00000160       \177KERNEL32_NULL_THUNK_DATA 10010160     kernel32:KERNEL32.dll
 0002:00000164       __imp__FillRect@12         10010164     user32:USER32.dll
 0002:00000168       __imp__wsprintfW           10010168     user32:USER32.dll
 0002:0000016c       __imp__wsprintfA           1001016c     user32:USER32.dll
 0002:00000170       \177USER32_NULL_THUNK_DATA 10010170     user32:USER32.dll
 0002:00000174       __imp__GetFileVersionInfoW@16 10010174     version:VERSION.dll
 0002:00000178       __imp__VerQueryValueW@16   10010178     version:VERSION.dll
 0002:0000017c       __imp__GetFileVersionInfoSizeW@8 1001017c     version:VERSION.dll
 0002:00000180       \177VERSION_NULL_THUNK_DATA 10010180     version:VERSION.dll
 0002:00000184       ___guard_check_icall_fptr  10010184     libcmt:guard_support.obj
 0002:00000188       ___xc_a                    10010188     libcmt:initializers.obj
 0002:0000018c       ___xc_z                    1001018c     libcmt:initializers.obj
 0002:00000190       ___xi_a                    10010190     libcmt:initializers.obj
 0002:00000194       ___acrt_multibyte_initializer 10010194     libucrt:multibyte_initializer.obj
 0002:00000198       ___acrt_stdio_initializer  10010198     libucrt:stdio_initializer.obj
 0002:0000019c       ___acrt_tran_sse2_initializer 1001019c     libucrt:sse2_initializer.obj
 0002:000001a0       ___xi_z                    100101a0     libcmt:initializers.obj
 0002:000001a4       ___xp_a                    100101a4     libcmt:initializers.obj
 0002:000001a8       ___acrt_locale_terminator  100101a8     libucrt:locale_initializer.obj
 0002:000001ac       ___dcrt_console_output_terminator 100101ac     libucrt:console_output_initializer.obj
 0002:000001b0       ___acrt_stdio_terminator   100101b0     libucrt:stdio_initializer.obj
 0002:000001b4       ___xp_z                    100101b4     libcmt:initializers.obj
 0002:000001b8       ___xt_a                    100101b8     libcmt:initializers.obj
 0002:000001bc       ___xt_z                    100101bc     libcmt:initializers.obj
 0002:000001c8       __pRawDllMain              100101c8     libcmt:dll_dllmain.obj
 0002:000001c8       __pDefaultRawDllMain       100101c8     libcmt:dll_dllmain.obj
 0002:000001cc       __pDestructExceptionObject 100101cc     libvcruntime:frame.obj
 0002:00000364       ??_C@_08EHJDFFNH@__based?$CI?$AA@ 10010364     libvcruntime:undname.obj
 0002:00000370       ??_C@_07KOLFKCDI@__cdecl?$AA@ 10010370     libvcruntime:undname.obj
 0002:00000378       ??_C@_08GHMPAG@__pascal?$AA@ 10010378     libvcruntime:undname.obj
 0002:00000384       ??_C@_09IFJBGAPI@__stdcall?$AA@ 10010384     libvcruntime:undname.obj
 0002:00000390       ??_C@_0L@NPHFGOKO@__thiscall?$AA@ 10010390     libvcruntime:undname.obj
 0002:0000039c       ??_C@_0L@JMKHOMEK@__fastcall?$AA@ 1001039c     libvcruntime:undname.obj
 0002:000003a8       ??_C@_0N@BCKKPABJ@__vectorcall?$AA@ 100103a8     libvcruntime:undname.obj
 0002:000003b8       ??_C@_09HIJEGCPM@__clrcall?$AA@ 100103b8     libvcruntime:undname.obj
 0002:000003c4       ??_C@_06GHPCKEAG@__eabi?$AA@ 100103c4     libvcruntime:undname.obj
 0002:000003cc       ??_C@_07JOMMBBKO@__ptr64?$AA@ 100103cc     libvcruntime:undname.obj
 0002:000003d4       ??_C@_0L@PILCLIHE@__restrict?$AA@ 100103d4     libvcruntime:undname.obj
 0002:000003e0       ??_C@_0M@GFIIJFMG@__unaligned?$AA@ 100103e0     libvcruntime:undname.obj
 0002:000003ec       ??_C@_09DHDLOLLB@restrict?$CI?$AA@ 100103ec     libvcruntime:undname.obj
 0002:000003f6       ??_C@_00CNPNBAHC@?$AA@     100103f6     libvcruntime:undname.obj
 0002:000003f8       ??_C@_04NIHEBCM@?5new?$AA@ 100103f8     libvcruntime:undname.obj
 0002:00000400       ??_C@_07FPCDHGMM@?5delete?$AA@ 10010400     libvcruntime:undname.obj
 0002:00000408       ??_C@_01NEMOKFLO@?$DN?$AA@ 10010408     libvcruntime:undname.obj
 0002:0000040c       ??_C@_02GPIOPFAK@?$DO?$DO?$AA@ 1001040c     libvcruntime:undname.obj
 0002:00000410       ??_C@_02FODMEDOG@?$DM?$DM?$AA@ 10010410     libvcruntime:undname.obj
 0002:00000414       ??_C@_01DCLJPIOD@?$CB?$AA@ 10010414     libvcruntime:undname.obj
 0002:00000418       ??_C@_02EGOFBIJA@?$DN?$DN?$AA@ 10010418     libvcruntime:undname.obj
 0002:0000041c       ??_C@_02FDNJECIE@?$CB?$DN?$AA@ 1001041c     libvcruntime:undname.obj
 0002:00000420       ??_C@_02GPECMEKF@?$FL?$FN?$AA@ 10010420     libvcruntime:undname.obj
 0002:00000424       ??_C@_08LHJFAFGD@operator?$AA@ 10010424     libvcruntime:undname.obj
 0002:00000430       ??_C@_02HBOOOICD@?9?$DO?$AA@ 10010430     libvcruntime:undname.obj
 0002:00000434       ??_C@_01NBENCBCI@?$CK?$AA@ 10010434     libvcruntime:undname.obj
 0002:00000438       ??_C@_02ECNGHCIF@?$CL?$CL?$AA@ 10010438     libvcruntime:undname.obj
 0002:0000043c       ??_C@_02BAABKJLB@?9?9?$AA@ 1001043c     libvcruntime:undname.obj
 0002:00000440       ??_C@_01JOAMLHOP@?9?$AA@   10010440     libvcruntime:undname.obj
 0002:00000444       ??_C@_01MIFGBAGJ@?$CL?$AA@ 10010444     libvcruntime:undname.obj
 0002:00000448       ??_C@_01HNPIGOCE@?$CG?$AA@ 10010448     libvcruntime:undname.obj
 0002:0000044c       ??_C@_03MNHNFDLC@?9?$DO?$CK?$AA@ 1001044c     libvcruntime:undname.obj
 0002:00000450       ??_C@_01KMDKNFGN@?1?$AA@   10010450     libvcruntime:undname.obj
 0002:00000454       ??_C@_01FGNFDNOH@?$CF?$AA@ 10010454     libvcruntime:undname.obj
 0002:00000458       ??_C@_01MNNFJEPP@?$DM?$AA@ 10010458     libvcruntime:undname.obj
 0002:0000045c       ??_C@_02EHCHHCKH@?$DM?$DN?$AA@ 1001045c     libvcruntime:undname.obj
 0002:00000460       ??_C@_01PPODPGHN@?$DO?$AA@ 10010460     libvcruntime:undname.obj
 0002:00000464       ??_C@_02EEKDKGMJ@?$DO?$DN?$AA@ 10010464     libvcruntime:undname.obj
 0002:00000468       ??_C@_01IHBHIGKO@?0?$AA@   10010468     libvcruntime:undname.obj
 0002:0000046c       ??_C@_02HCKGKOFO@?$CI?$CJ?$AA@ 1001046c     libvcruntime:undname.obj
 0002:00000470       ??_C@_01PJKLJHI@?$HO?$AA@  10010470     libvcruntime:undname.obj
 0002:00000474       ??_C@_01JKBOJNNK@?$FO?$AA@ 10010474     libvcruntime:undname.obj
 0002:00000478       ??_C@_01DNKMNLPK@?$HM?$AA@ 10010478     libvcruntime:undname.obj
 0002:0000047c       ??_C@_02PPKAJPJL@?$CG?$CG?$AA@ 1001047c     libvcruntime:undname.obj
 0002:00000480       ??_C@_02NONPIBCD@?$HM?$HM?$AA@ 10010480     libvcruntime:undname.obj
 0002:00000484       ??_C@_02FPIMKNGF@?$CK?$DN?$AA@ 10010484     libvcruntime:undname.obj
 0002:00000488       ??_C@_02FOEOMHFC@?$CL?$DN?$AA@ 10010488     libvcruntime:undname.obj
 0002:0000048c       ??_C@_02FKMDLLOA@?9?$DN?$AA@ 1001048c     libvcruntime:undname.obj
 0002:00000490       ??_C@_02FJEHGPIO@?1?$DN?$AA@ 10010490     libvcruntime:undname.obj
 0002:00000494       ??_C@_02FENAOKFI@?$CF?$DN?$AA@ 10010494     libvcruntime:undname.obj
 0002:00000498       ??_C@_03IKFCCPFF@?$DO?$DO?$DN?$AA@ 10010498     libvcruntime:undname.obj
 0002:0000049c       ??_C@_03CDNPDDLA@?$DM?$DM?$DN?$AA@ 1001049c     libvcruntime:undname.obj
 0002:000004a0       ??_C@_02FGJGFEAB@?$CG?$DN?$AA@ 100104a0     libvcruntime:undname.obj
 0002:000004a4       ??_C@_02DHLNPPGH@?$HM?$DN?$AA@ 100104a4     libvcruntime:undname.obj
 0002:000004a8       ??_C@_02MHEGNOJ@?$FO?$DN?$AA@ 100104a8     libvcruntime:undname.obj
 0002:000004ac       ??_C@_09IFPLHPGF@?$GAvftable?8?$AA@ 100104ac     libvcruntime:undname.obj
 0002:000004b8       ??_C@_09BLBHBJP@?$GAvbtable?8?$AA@ 100104b8     libvcruntime:undname.obj
 0002:000004c4       ??_C@_07FEEIOKP@?$GAvcall?8?$AA@ 100104c4     libvcruntime:undname.obj
 0002:000004cc       ??_C@_08LLFFHHDJ@?$GAtypeof?8?$AA@ 100104cc     libvcruntime:undname.obj
 0002:000004d8       ??_C@_0BF@KDPPACIK@?$GAlocal?5static?5guard?8?$AA@ 100104d8     libvcruntime:undname.obj
 0002:000004f0       ??_C@_08OBABFOLI@?$GAstring?8?$AA@ 100104f0     libvcruntime:undname.obj
 0002:000004fc       ??_C@_0BD@JDLKDPAB@?$GAvbase?5destructor?8?$AA@ 100104fc     libvcruntime:undname.obj
 0002:00000510       ??_C@_0BN@DEGPLNFK@?$GAvector?5deleting?5destructor?8?$AA@ 10010510     libvcruntime:undname.obj
 0002:00000530       ??_C@_0BO@OBMKPJIG@?$GAdefault?5constructor?5closure?8?$AA@ 10010530     libvcruntime:undname.obj
 0002:00000550       ??_C@_0BN@IMDCHIKM@?$GAscalar?5deleting?5destructor?8?$AA@ 10010550     libvcruntime:undname.obj
 0002:00000570       ??_C@_0BO@PFGOCPJJ@?$GAvector?5constructor?5iterator?8?$AA@ 10010570     libvcruntime:undname.obj
 0002:00000590       ??_C@_0BN@LFPFMEDL@?$GAvector?5destructor?5iterator?8?$AA@ 10010590     libvcruntime:undname.obj
 0002:000005b0       ??_C@_0CE@IKBNEHA@?$GAvector?5vbase?5constructor?5iterat@ 100105b0     libvcruntime:undname.obj
 0002:000005d4       ??_C@_0BL@NILFHHPC@?$GAvirtual?5displacement?5map?8?$AA@ 100105d4     libvcruntime:undname.obj
 0002:000005f0       ??_C@_0CB@JONCMFFK@?$GAeh?5vector?5constructor?5iterator?8@ 100105f0     libvcruntime:undname.obj
 0002:00000614       ??_C@_0CA@GCEOPDGL@?$GAeh?5vector?5destructor?5iterator?8?$AA@ 10010614     libvcruntime:undname.obj
 0002:00000634       ??_C@_0CH@OOJPLCPH@?$GAeh?5vector?5vbase?5constructor?5ite@ 10010634     libvcruntime:undname.obj
 0002:0000065c       ??_C@_0BL@LLKPOHJI@?$GAcopy?5constructor?5closure?8?$AA@ 1001065c     libvcruntime:undname.obj
 0002:00000678       ??_C@_0BA@KBCDOMBN@?$GAudt?5returning?8?$AA@ 10010678     libvcruntime:undname.obj
 0002:00000688       ??_C@_03KLGMFNMG@?$GAEH?$AA@ 10010688     libvcruntime:undname.obj
 0002:0000068c       ??_C@_05KHLCHHI@?$GARTTI?$AA@ 1001068c     libvcruntime:undname.obj
 0002:00000694       ??_C@_0BA@KKLDJDLB@?$GAlocal?5vftable?8?$AA@ 10010694     libvcruntime:undname.obj
 0002:000006a4       ??_C@_0CE@IIHCMGGL@?$GAlocal?5vftable?5constructor?5closu@ 100106a4     libvcruntime:undname.obj
 0002:000006c8       ??_C@_06FHBGPFGH@?5new?$FL?$FN?$AA@ 100106c8     libvcruntime:undname.obj
 0002:000006d0       ??_C@_09LBNFPBCA@?5delete?$FL?$FN?$AA@ 100106d0     libvcruntime:undname.obj
 0002:000006dc       ??_C@_0P@HJKNJFNN@?$GAomni?5callsig?8?$AA@ 100106dc     libvcruntime:undname.obj
 0002:000006ec       ??_C@_0BL@CNOONJFP@?$GAplacement?5delete?5closure?8?$AA@ 100106ec     libvcruntime:undname.obj
 0002:00000708       ??_C@_0BN@CKNJLHMB@?$GAplacement?5delete?$FL?$FN?5closure?8?$AA@ 10010708     libvcruntime:undname.obj
 0002:00000728       ??_C@_0CG@CFDHKGGD@?$GAmanaged?5vector?5constructor?5iter@ 10010728     libvcruntime:undname.obj
 0002:00000750       ??_C@_0CF@IMGKMJNO@?$GAmanaged?5vector?5destructor?5itera@ 10010750     libvcruntime:undname.obj
 0002:00000778       ??_C@_0CG@HLDDJMAG@?$GAeh?5vector?5copy?5constructor?5iter@ 10010778     libvcruntime:undname.obj
 0002:000007a0       ??_C@_0CM@FCBBDIGB@?$GAeh?5vector?5vbase?5copy?5constructo@ 100107a0     libvcruntime:undname.obj
 0002:000007cc       ??_C@_0BL@CLIPGLGB@?$GAdynamic?5initializer?5for?5?8?$AA@ 100107cc     libvcruntime:undname.obj
 0002:000007e8       ??_C@_0CB@PDBIFEP@?$GAdynamic?5atexit?5destructor?5for?5?8@ 100107e8     libvcruntime:undname.obj
 0002:0000080c       ??_C@_0CD@CGAJBKEJ@?$GAvector?5copy?5constructor?5iterato@ 1001080c     libvcruntime:undname.obj
 0002:00000830       ??_C@_0CJ@GJELGAMM@?$GAvector?5vbase?5copy?5constructor?5i@ 10010830     libvcruntime:undname.obj
 0002:0000085c       ??_C@_0CL@FGIJHLCE@?$GAmanaged?5vector?5copy?5constructor@ 1001085c     libvcruntime:undname.obj
 0002:00000888       ??_C@_0BM@PMGGMLDN@?$GAlocal?5static?5thread?5guard?8?$AA@ 10010888     libvcruntime:undname.obj
 0002:000008a4       ??_C@_0N@BDNMDMOL@operator?5?$CC?$CC?5?$AA@ 100108a4     libvcruntime:undname.obj
 0002:000008b4       ??_C@_0BC@GGEBGALA@operator?5co_await?$AA@ 100108b4     libvcruntime:undname.obj
 0002:000008c8       ??_C@_0BC@DAFEJGAK@?5Type?5Descriptor?8?$AA@ 100108c8     libvcruntime:undname.obj
 0002:000008dc       ??_C@_0BM@LDKODKLH@?5Base?5Class?5Descriptor?5at?5?$CI?$AA@ 100108dc     libvcruntime:undname.obj
 0002:000008f8       ??_C@_0BD@LGICGFMM@?5Base?5Class?5Array?8?$AA@ 100108f8     libvcruntime:undname.obj
 0002:0000090c       ??_C@_0BN@MECKDCOJ@?5Class?5Hierarchy?5Descriptor?8?$AA@ 1001090c     libvcruntime:undname.obj
 0002:0000092c       ??_C@_0BK@CFCOFLF@?5Complete?5Object?5Locator?8?$AA@ 1001092c     libvcruntime:undname.obj
 0002:00000954       ??_C@_1DM@KHCHBNEB@?$AAa?$AAp?$AAi?$AA?9?$AAm?$AAs?$AA?9?$AAw?$AAi?$AAn?$AA?9?$AAc?$AAo?$AAr?$AAe?$AA?9?$AAf?$AAi?$AAb?$AAe?$AAr?$AAs?$AA?9?$AAl?$AA1?$AA?9?$AA1?$AA?9?$AA1?$AA?$AA@ 10010954     libvcruntime:winapi_downlevel.obj
 0002:00000990       ??_C@_1DK@LPPGFMPP@?$AAa?$AAp?$AAi?$AA?9?$AAm?$AAs?$AA?9?$AAw?$AAi?$AAn?$AA?9?$AAc?$AAo?$AAr?$AAe?$AA?9?$AAs?$AAy?$AAn?$AAc?$AAh?$AA?9?$AAl?$AA1?$AA?9?$AA2?$AA?9?$AA0?$AA?$AA@ 10010990     libvcruntime:winapi_downlevel.obj
 0002:000009cc       ??_C@_1BC@GDMECMAK@?$AAk?$AAe?$AAr?$AAn?$AAe?$AAl?$AA3?$AA2?$AA?$AA@ 100109cc     libvcruntime:winapi_downlevel.obj
 0002:000009e0       ??_C@_1BA@PFFKHIOG@?$AAa?$AAp?$AAi?$AA?9?$AAm?$AAs?$AA?9?$AA?$AA@ 100109e0     libvcruntime:winapi_downlevel.obj
 0002:000009f0       ??_C@_1BA@IAIFMGEF@?$AAe?$AAx?$AAt?$AA?9?$AAm?$AAs?$AA?9?$AA?$AA@ 100109f0     libvcruntime:winapi_downlevel.obj
 0002:00000a08       ??_C@_08KNHFBNJ@FlsAlloc?$AA@ 10010a08     libvcruntime:winapi_downlevel.obj
 0002:00000a1c       ??_C@_07PEJMOBNF@FlsFree?$AA@ 10010a1c     libvcruntime:winapi_downlevel.obj
 0002:00000a2c       ??_C@_0M@GDNOONDI@FlsGetValue?$AA@ 10010a2c     libvcruntime:winapi_downlevel.obj
 0002:00000a40       ??_C@_0M@JCPCPOEF@FlsSetValue?$AA@ 10010a40     libvcruntime:winapi_downlevel.obj
 0002:00000a54       ??_C@_0BM@HCFOFFN@InitializeCriticalSectionEx?$AA@ 10010a54     libvcruntime:winapi_downlevel.obj
 0002:00000a70       ___acrt_exception_action_table 10010a70     libucrt:exception_filter.obj
 0002:00000b00       ___acrt_signal_action_table_count 10010b00     libucrt:exception_filter.obj
 0002:00000b04       ___acrt_signal_action_first_fpe_index 10010b04     libucrt:exception_filter.obj
 0002:00000b08       ___acrt_signal_action_fpe_count 10010b08     libucrt:exception_filter.obj
 0002:00000b0c       ??_C@_1BI@BGOHAHKC@?$AAm?$AAs?$AAc?$AAo?$AAr?$AAe?$AAe?$AA?4?$AAd?$AAl?$AAl?$AA?$AA@ 10010b0c     libucrt:exit.obj
 0002:00000b24       ??_C@_0P@MIGLKIOC@CorExitProcess?$AA@ 10010b24     libucrt:exit.obj
 0002:00000d18       __wctype                   10010d18     libucrt:ctype.obj
 0002:00000f20       ___newctype                10010f20     libucrt:ctype.obj
 0002:00001220       ___newclmap                10011220     libucrt:ctype.obj
 0002:000013a0       ___newcumap                100113a0     libucrt:ctype.obj
 0002:00001520       ??_C@_03KOEHGMDN@Sun?$AA@  10011520     libucrt:nlsdata.obj
 0002:00001524       ??_C@_03PDAGKDH@Mon?$AA@   10011524     libucrt:nlsdata.obj
 0002:00001528       ??_C@_03NAGEINEP@Tue?$AA@  10011528     libucrt:nlsdata.obj
 0002:0000152c       ??_C@_03MHOMLAJA@Wed?$AA@  1001152c     libucrt:nlsdata.obj
 0002:00001530       ??_C@_03IOFIKPDN@Thu?$AA@  10011530     libucrt:nlsdata.obj
 0002:00001534       ??_C@_03IDIOELNC@Fri?$AA@  10011534     libucrt:nlsdata.obj
 0002:00001538       ??_C@_03FEFJNEK@Sat?$AA@   10011538     libucrt:nlsdata.obj
 0002:0000153c       ??_C@_06OOPIFAJ@Sunday?$AA@ 1001153c     libucrt:nlsdata.obj
 0002:00001544       ??_C@_06JLEDEDGH@Monday?$AA@ 10011544     libucrt:nlsdata.obj
 0002:0000154c       ??_C@_07BAAGCFCM@Tuesday?$AA@ 1001154c     libucrt:nlsdata.obj
 0002:00001554       ??_C@_09DLIGFAKA@Wednesday?$AA@ 10011554     libucrt:nlsdata.obj
 0002:00001560       ??_C@_08HACCIKIA@Thursday?$AA@ 10011560     libucrt:nlsdata.obj
 0002:0000156c       ??_C@_06JECMNKMI@Friday?$AA@ 1001156c     libucrt:nlsdata.obj
 0002:00001574       ??_C@_08INBOOONO@Saturday?$AA@ 10011574     libucrt:nlsdata.obj
 0002:00001580       ??_C@_03JIHJHPIE@Jan?$AA@  10011580     libucrt:nlsdata.obj
 0002:00001584       ??_C@_03HJBDCHOM@Feb?$AA@  10011584     libucrt:nlsdata.obj
 0002:00001588       ??_C@_03ODNJBKGA@Mar?$AA@  10011588     libucrt:nlsdata.obj
 0002:0000158c       ??_C@_03LEOLGMJP@Apr?$AA@  1001158c     libucrt:nlsdata.obj
 0002:00001590       ??_C@_03CNMDKL@May?$AA@    10011590     libucrt:nlsdata.obj
 0002:00001594       ??_C@_03IDFGHECI@Jun?$AA@  10011594     libucrt:nlsdata.obj
 0002:00001598       ??_C@_03LBGABGKK@Jul?$AA@  10011598     libucrt:nlsdata.obj
 0002:0000159c       ??_C@_03IFJFEIGA@Aug?$AA@  1001159c     libucrt:nlsdata.obj
 0002:000015a0       ??_C@_03GGCAPAJC@Sep?$AA@  100115a0     libucrt:nlsdata.obj
 0002:000015a4       ??_C@_03BMAOKBAD@Oct?$AA@  100115a4     libucrt:nlsdata.obj
 0002:000015a8       ??_C@_03JPJOFNIA@Nov?$AA@  100115a8     libucrt:nlsdata.obj
 0002:000015ac       ??_C@_03MKABNOCG@Dec?$AA@  100115ac     libucrt:nlsdata.obj
 0002:000015b0       ??_C@_07CGJPFGJA@January?$AA@ 100115b0     libucrt:nlsdata.obj
 0002:000015b8       ??_C@_08GNJGEPFN@February?$AA@ 100115b8     libucrt:nlsdata.obj
 0002:000015c4       ??_C@_05HPCKOFNC@March?$AA@ 100115c4     libucrt:nlsdata.obj
 0002:000015cc       ??_C@_05DMJDNLEJ@April?$AA@ 100115cc     libucrt:nlsdata.obj
 0002:000015d4       ??_C@_04CNLMGBGM@June?$AA@ 100115d4     libucrt:nlsdata.obj
 0002:000015dc       ??_C@_04MIEPOIFP@July?$AA@ 100115dc     libucrt:nlsdata.obj
 0002:000015e4       ??_C@_06LBBHFDDG@August?$AA@ 100115e4     libucrt:nlsdata.obj
 0002:000015ec       ??_C@_09BHHEALKD@September?$AA@ 100115ec     libucrt:nlsdata.obj
 0002:000015f8       ??_C@_07JJNFCEND@October?$AA@ 100115f8     libucrt:nlsdata.obj
 0002:00001600       ??_C@_08HCHEGEOA@November?$AA@ 10011600     libucrt:nlsdata.obj
 0002:0000160c       ??_C@_08EDHMEBNP@December?$AA@ 1001160c     libucrt:nlsdata.obj
 0002:00001618       ??_C@_02DEDBPAFC@AM?$AA@   10011618     libucrt:nlsdata.obj
 0002:0000161c       ??_C@_02CJNFDJBF@PM?$AA@   1001161c     libucrt:nlsdata.obj
 0002:00001620       ??_C@_08BPBNCDIB@MM?1dd?1yy?$AA@ 10011620     libucrt:nlsdata.obj
 0002:0000162c       ??_C@_0BE@CKGJFCPC@dddd?0?5MMMM?5dd?0?5yyyy?$AA@ 1001162c     libucrt:nlsdata.obj
 0002:00001640       ??_C@_08JCCMCCIL@HH?3mm?3ss?$AA@ 10011640     libucrt:nlsdata.obj
 0002:0000164c       ??_C@_17MBGCMIPB@?$AAS?$AAu?$AAn?$AA?$AA@ 1001164c     libucrt:nlsdata.obj
 0002:00001654       ??_C@_17KBOMKBF@?$AAM?$AAo?$AAn?$AA?$AA@ 10011654     libucrt:nlsdata.obj
 0002:0000165c       ??_C@_17BMKGEGOJ@?$AAT?$AAu?$AAe?$AA?$AA@ 1001165c     libucrt:nlsdata.obj
 0002:00001664       ??_C@_17CJEDCEPE@?$AAW?$AAe?$AAd?$AA?$AA@ 10011664     libucrt:nlsdata.obj
 0002:0000166c       ??_C@_17PDPHAADD@?$AAT?$AAh?$AAu?$AA?$AA@ 1001166c     libucrt:nlsdata.obj
 0002:00001674       ??_C@_17HFOLPPLP@?$AAF?$AAr?$AAi?$AA?$AA@ 10011674     libucrt:nlsdata.obj
 0002:0000167c       ??_C@_17GGIBDPIH@?$AAS?$AAa?$AAt?$AA?$AA@ 1001167c     libucrt:nlsdata.obj
 0002:00001684       ??_C@_1O@IHNHDHPB@?$AAS?$AAu?$AAn?$AAd?$AAa?$AAy?$AA?$AA@ 10011684     libucrt:nlsdata.obj
 0002:00001694       ??_C@_1O@MMNBFLIA@?$AAM?$AAo?$AAn?$AAd?$AAa?$AAy?$AA?$AA@ 10011694     libucrt:nlsdata.obj
 0002:000016a4       ??_C@_1BA@ENFBFFEK@?$AAT?$AAu?$AAe?$AAs?$AAd?$AAa?$AAy?$AA?$AA@ 100116a4     libucrt:nlsdata.obj
 0002:000016b4       ??_C@_1BE@EBOGMDOH@?$AAW?$AAe?$AAd?$AAn?$AAe?$AAs?$AAd?$AAa?$AAy?$AA?$AA@ 100116b4     libucrt:nlsdata.obj
 0002:000016c8       ??_C@_1BC@HHMNLIHE@?$AAT?$AAh?$AAu?$AAr?$AAs?$AAd?$AAa?$AAy?$AA?$AA@ 100116c8     libucrt:nlsdata.obj
 0002:000016dc       ??_C@_1O@PDICJHAG@?$AAF?$AAr?$AAi?$AAd?$AAa?$AAy?$AA?$AA@ 100116dc     libucrt:nlsdata.obj
 0002:000016ec       ??_C@_1BC@ENMNNPAJ@?$AAS?$AAa?$AAt?$AAu?$AAr?$AAd?$AAa?$AAy?$AA?$AA@ 100116ec     libucrt:nlsdata.obj
 0002:00001700       ??_C@_17DKNBKCHM@?$AAJ?$AAa?$AAn?$AA?$AA@ 10011700     libucrt:nlsdata.obj
 0002:00001708       ??_C@_17LMDJEKJN@?$AAF?$AAe?$AAb?$AA?$AA@ 10011708     libucrt:nlsdata.obj
 0002:00001710       ??_C@_17CKNLEDEC@?$AAM?$AAa?$AAr?$AA?$AA@ 10011710     libucrt:nlsdata.obj
 0002:00001718       ??_C@_17LFPOIHDD@?$AAA?$AAp?$AAr?$AA?$AA@ 10011718     libucrt:nlsdata.obj
 0002:00001720       ??_C@_17PNNKMEED@?$AAM?$AAa?$AAy?$AA?$AA@ 10011720     libucrt:nlsdata.obj
 0002:00001728       ??_C@_17KCJGOCPB@?$AAJ?$AAu?$AAn?$AA?$AA@ 10011728     libucrt:nlsdata.obj
 0002:00001730       ??_C@_17IJPCKHK@?$AAJ?$AAu?$AAl?$AA?$AA@ 10011730     libucrt:nlsdata.obj
 0002:00001738       ??_C@_17ICPELBCN@?$AAA?$AAu?$AAg?$AA?$AA@ 10011738     libucrt:nlsdata.obj
 0002:00001740       ??_C@_17HCHCOKMG@?$AAS?$AAe?$AAp?$AA?$AA@ 10011740     libucrt:nlsdata.obj
 0002:00001748       ??_C@_17FNLKOI@?$AAO?$AAc?$AAt?$AA?$AA@ 10011748     libucrt:nlsdata.obj
 0002:00001750       ??_C@_17BBDMLCIG@?$AAN?$AAo?$AAv?$AA?$AA@ 10011750     libucrt:nlsdata.obj
 0002:00001758       ??_C@_17EGKACKIF@?$AAD?$AAe?$AAc?$AA?$AA@ 10011758     libucrt:nlsdata.obj
 0002:00001760       ??_C@_1BA@EFMEIEBA@?$AAJ?$AAa?$AAn?$AAu?$AAa?$AAr?$AAy?$AA?$AA@ 10011760     libucrt:nlsdata.obj
 0002:00001770       ??_C@_1BC@JGDDFFAM@?$AAF?$AAe?$AAb?$AAr?$AAu?$AAa?$AAr?$AAy?$AA?$AA@ 10011770     libucrt:nlsdata.obj
 0002:00001784       ??_C@_1M@IKEENEDF@?$AAM?$AAa?$AAr?$AAc?$AAh?$AA?$AA@ 10011784     libucrt:nlsdata.obj
 0002:00001790       ??_C@_1M@GJNLMHFD@?$AAA?$AAp?$AAr?$AAi?$AAl?$AA?$AA@ 10011790     libucrt:nlsdata.obj
 0002:0000179c       ??_C@_19EPFLPGAP@?$AAJ?$AAu?$AAn?$AAe?$AA?$AA@ 1001179c     libucrt:nlsdata.obj
 0002:000017a8       ??_C@_19BIFMLPCD@?$AAJ?$AAu?$AAl?$AAy?$AA?$AA@ 100117a8     libucrt:nlsdata.obj
 0002:000017b4       ??_C@_1O@PAHLKOAC@?$AAA?$AAu?$AAg?$AAu?$AAs?$AAt?$AA?$AA@ 100117b4     libucrt:nlsdata.obj
 0002:000017c4       ??_C@_1BE@DKAAMBJL@?$AAS?$AAe?$AAp?$AAt?$AAe?$AAm?$AAb?$AAe?$AAr?$AA?$AA@ 100117c4     libucrt:nlsdata.obj
 0002:000017d8       ??_C@_1BA@EPANDLNG@?$AAO?$AAc?$AAt?$AAo?$AAb?$AAe?$AAr?$AA?$AA@ 100117d8     libucrt:nlsdata.obj
 0002:000017e8       ??_C@_1BC@BGLIFPF@?$AAN?$AAo?$AAv?$AAe?$AAm?$AAb?$AAe?$AAr?$AA?$AA@ 100117e8     libucrt:nlsdata.obj
 0002:000017fc       ??_C@_1BC@FEMKIFH@?$AAD?$AAe?$AAc?$AAe?$AAm?$AAb?$AAe?$AAr?$AA?$AA@ 100117fc     libucrt:nlsdata.obj
 0002:00001810       ??_C@_15ODEHAHHF@?$AAA?$AAM?$AA?$AA@ 10011810     libucrt:nlsdata.obj
 0002:00001818       ??_C@_15CLMNNGEL@?$AAP?$AAM?$AA?$AA@ 10011818     libucrt:nlsdata.obj
 0002:00001820       ??_C@_1BC@IEBCMHCM@?$AAM?$AAM?$AA?1?$AAd?$AAd?$AA?1?$AAy?$AAy?$AA?$AA@ 10011820     libucrt:nlsdata.obj
 0002:00001834       ??_C@_1CI@KNAKOEBC@?$AAd?$AAd?$AAd?$AAd?$AA?0?$AA?5?$AAM?$AAM?$AAM?$AAM?$AA?5?$AAd?$AAd?$AA?0?$AA?5?$AAy?$AAy?$AAy?$AAy?$AA?$AA@ 10011834     libucrt:nlsdata.obj
 0002:0000185c       ??_C@_1BC@GDGBMEMK@?$AAH?$AAH?$AA?3?$AAm?$AAm?$AA?3?$AAs?$AAs?$AA?$AA@ 1001185c     libucrt:nlsdata.obj
 0002:00001870       ??_C@_1M@BMHNFIME@?$AAe?$AAn?$AA?9?$AAU?$AAS?$AA?$AA@ 10011870     libucrt:nlsdata.obj
 0002:00001880       ___lc_time_c               10011880     libucrt:nlsdata.obj
 0002:00001a38       ??_C@_1EG@CNNIPFIM@?$AAa?$AAp?$AAi?$AA?9?$AAm?$AAs?$AA?9?$AAw?$AAi?$AAn?$AA?9?$AAa?$AAp?$AAp?$AAm?$AAo?$AAd?$AAe?$AAl?$AA?9?$AAr?$AAu?$AAn?$AAt?$AAi?$AAm?$AAe?$AA?9?$AAl?$AA1?$AA?9?$AA1@ 10011a38     libucrt:winapi_thunks.obj
 0002:00001a80       ??_C@_1EA@JGEFHKEI@?$AAa?$AAp?$AAi?$AA?9?$AAm?$AAs?$AA?9?$AAw?$AAi?$AAn?$AA?9?$AAc?$AAo?$AAr?$AAe?$AA?9?$AAd?$AAa?$AAt?$AAe?$AAt?$AAi?$AAm?$AAe?$AA?9?$AAl?$AA1?$AA?9?$AA1?$AA?9?$AA1?$AA?$AA@ 10011a80     libucrt:winapi_thunks.obj
 0002:00001ac0       ??_C@_1DI@GCIAAENM@?$AAa?$AAp?$AAi?$AA?9?$AAm?$AAs?$AA?9?$AAw?$AAi?$AAn?$AA?9?$AAc?$AAo?$AAr?$AAe?$AA?9?$AAf?$AAi?$AAl?$AAe?$AA?9?$AAl?$AA2?$AA?9?$AA1?$AA?9?$AA1?$AA?$AA@ 10011ac0     libucrt:winapi_thunks.obj
 0002:00001af8       ??_C@_1EI@MPIAOHOC@?$AAa?$AAp?$AAi?$AA?9?$AAm?$AAs?$AA?9?$AAw?$AAi?$AAn?$AA?9?$AAc?$AAo?$AAr?$AAe?$AA?9?$AAl?$AAo?$AAc?$AAa?$AAl?$AAi?$AAz?$AAa?$AAt?$AAi?$AAo?$AAn?$AA?9?$AAl?$AA1?$AA?9@ 10011af8     libucrt:winapi_thunks.obj
 0002:00001b40       ??_C@_1FK@FPHCKFIE@?$AAa?$AAp?$AAi?$AA?9?$AAm?$AAs?$AA?9?$AAw?$AAi?$AAn?$AA?9?$AAc?$AAo?$AAr?$AAe?$AA?9?$AAl?$AAo?$AAc?$AAa?$AAl?$AAi?$AAz?$AAa?$AAt?$AAi?$AAo?$AAn?$AA?9?$AAo?$AAb?$AAs@ 10011b40     libucrt:winapi_thunks.obj
 0002:00001ba0       ??_C@_1EM@DILCGIIO@?$AAa?$AAp?$AAi?$AA?9?$AAm?$AAs?$AA?9?$AAw?$AAi?$AAn?$AA?9?$AAc?$AAo?$AAr?$AAe?$AA?9?$AAp?$AAr?$AAo?$AAc?$AAe?$AAs?$AAs?$AAt?$AAh?$AAr?$AAe?$AAa?$AAd?$AAs?$AA?9?$AAl@ 10011ba0     libucrt:winapi_thunks.obj
 0002:00001bec       ??_C@_1DM@LNCGDDPN@?$AAa?$AAp?$AAi?$AA?9?$AAm?$AAs?$AA?9?$AAw?$AAi?$AAn?$AA?9?$AAc?$AAo?$AAr?$AAe?$AA?9?$AAs?$AAt?$AAr?$AAi?$AAn?$AAg?$AA?9?$AAl?$AA1?$AA?9?$AA1?$AA?9?$AA0?$AA?$AA@ 10011bec     libucrt:winapi_thunks.obj
 0002:00001c28       ??_C@_1DO@FPAPJEMD@?$AAa?$AAp?$AAi?$AA?9?$AAm?$AAs?$AA?9?$AAw?$AAi?$AAn?$AA?9?$AAc?$AAo?$AAr?$AAe?$AA?9?$AAs?$AAy?$AAs?$AAi?$AAn?$AAf?$AAo?$AA?9?$AAl?$AA1?$AA?9?$AA2?$AA?9?$AA1?$AA?$AA@ 10011c28     libucrt:winapi_thunks.obj
 0002:00001c68       ??_C@_1DK@NDHNAHIO@?$AAa?$AAp?$AAi?$AA?9?$AAm?$AAs?$AA?9?$AAw?$AAi?$AAn?$AA?9?$AAc?$AAo?$AAr?$AAe?$AA?9?$AAw?$AAi?$AAn?$AAr?$AAt?$AA?9?$AAl?$AA1?$AA?9?$AA1?$AA?9?$AA0?$AA?$AA@ 10011c68     libucrt:winapi_thunks.obj
 0002:00001ca4       ??_C@_1DM@KGHDGBCM@?$AAa?$AAp?$AAi?$AA?9?$AAm?$AAs?$AA?9?$AAw?$AAi?$AAn?$AA?9?$AAc?$AAo?$AAr?$AAe?$AA?9?$AAx?$AAs?$AAt?$AAa?$AAt?$AAe?$AA?9?$AAl?$AA2?$AA?9?$AA1?$AA?9?$AA0?$AA?$AA@ 10011ca4     libucrt:winapi_thunks.obj
 0002:00001ce0       ??_C@_1EO@IJIOEFOH@?$AAa?$AAp?$AAi?$AA?9?$AAm?$AAs?$AA?9?$AAw?$AAi?$AAn?$AA?9?$AAr?$AAt?$AAc?$AAo?$AAr?$AAe?$AA?9?$AAn?$AAt?$AAu?$AAs?$AAe?$AAr?$AA?9?$AAw?$AAi?$AAn?$AAd?$AAo?$AAw?$AA?9@ 10011ce0     libucrt:winapi_thunks.obj
 0002:00001d30       ??_C@_1FG@HHGEKANL@?$AAa?$AAp?$AAi?$AA?9?$AAm?$AAs?$AA?9?$AAw?$AAi?$AAn?$AA?9?$AAs?$AAe?$AAc?$AAu?$AAr?$AAi?$AAt?$AAy?$AA?9?$AAs?$AAy?$AAs?$AAt?$AAe?$AAm?$AAf?$AAu?$AAn?$AAc?$AAt?$AAi@ 10011d30     libucrt:winapi_thunks.obj
 0002:00001d88       ??_C@_1FG@NCKKOLKO@?$AAe?$AAx?$AAt?$AA?9?$AAm?$AAs?$AA?9?$AAw?$AAi?$AAn?$AA?9?$AAk?$AAe?$AAr?$AAn?$AAe?$AAl?$AA3?$AA2?$AA?9?$AAp?$AAa?$AAc?$AAk?$AAa?$AAg?$AAe?$AA?9?$AAc?$AAu?$AAr?$AAr@ 10011d88     libucrt:winapi_thunks.obj
 0002:00001de0       ??_C@_1EG@DBIOJECG@?$AAe?$AAx?$AAt?$AA?9?$AAm?$AAs?$AA?9?$AAw?$AAi?$AAn?$AA?9?$AAn?$AAt?$AAu?$AAs?$AAe?$AAr?$AA?9?$AAd?$AAi?$AAa?$AAl?$AAo?$AAg?$AAb?$AAo?$AAx?$AA?9?$AAl?$AA1?$AA?9?$AA1@ 10011de0     libucrt:winapi_thunks.obj
 0002:00001e28       ??_C@_1EO@FIHMJCLF@?$AAe?$AAx?$AAt?$AA?9?$AAm?$AAs?$AA?9?$AAw?$AAi?$AAn?$AA?9?$AAn?$AAt?$AAu?$AAs?$AAe?$AAr?$AA?9?$AAw?$AAi?$AAn?$AAd?$AAo?$AAw?$AAs?$AAt?$AAa?$AAt?$AAi?$AAo?$AAn?$AA?9@ 10011e28     libucrt:winapi_thunks.obj
 0002:00001e78       ??_C@_1BC@DNHGCMLG@?$AAa?$AAd?$AAv?$AAa?$AAp?$AAi?$AA3?$AA2?$AA?$AA@ 10011e78     libucrt:winapi_thunks.obj
 0002:00001e8c       ??_C@_1O@BCCLBEOE@?$AAu?$AAs?$AAe?$AAr?$AA3?$AA2?$AA?$AA@ 10011e8c     libucrt:winapi_thunks.obj
 0002:00001ec4       ??_C@_0BE@JOGNEJCI@GetCurrentPackageId?$AA@ 10011ec4     libucrt:winapi_thunks.obj
 0002:00001ee8       ??_C@_0O@KKBNKAPF@LCMapStringEx?$AA@ 10011ee8     libucrt:winapi_thunks.obj
 0002:00001f00       ??_C@_0BB@HBDEELFH@LocaleNameToLCID?$AA@ 10011f00     libucrt:winapi_thunks.obj
 0002:00001f24       ??_C@_1M@HPNHIDJI@?$AAj?$AAa?$AA?9?$AAJ?$AAP?$AA?$AA@ 10011f24     libucrt:mbctype.obj
 0002:00001f30       ??_C@_1M@BIBDDEMK@?$AAz?$AAh?$AA?9?$AAC?$AAN?$AA?$AA@ 10011f30     libucrt:mbctype.obj
 0002:00001f3c       ??_C@_1M@JLOOOEGK@?$AAk?$AAo?$AA?9?$AAK?$AAR?$AA?$AA@ 10011f3c     libucrt:mbctype.obj
 0002:00001f48       ??_C@_1M@CLNBBOPM@?$AAz?$AAh?$AA?9?$AAT?$AAW?$AA?$AA@ 10011f48     libucrt:mbctype.obj
 0002:00001f54       ??_C@_15PJPFLCCM@?$AAu?$AAk?$AA?$AA@ 10011f54     libucrt:get_qualified_locale.obj
 0002:00002680       ??_C@_15EMKDOKLE@?$AAa?$AAr?$AA?$AA@ 10012680     libucrt:lcidtoname_downlevel.obj
 0002:00002688       ??_C@_15KNPADPLH@?$AAb?$AAg?$AA?$AA@ 10012688     libucrt:lcidtoname_downlevel.obj
 0002:00002690       ??_C@_15EDMHLDMO@?$AAc?$AAa?$AA?$AA@ 10012690     libucrt:lcidtoname_downlevel.obj
 0002:00002698       ??_C@_1O@BPEAJADD@?$AAz?$AAh?$AA?9?$AAC?$AAH?$AAS?$AA?$AA@ 10012698     libucrt:lcidtoname_downlevel.obj
 0002:000026a8       ??_C@_15LJNHCMNK@?$AAc?$AAs?$AA?$AA@ 100126a8     libucrt:lcidtoname_downlevel.obj
 0002:000026b0       ??_C@_15FOMCIDHG@?$AAd?$AAa?$AA?$AA@ 100126b0     libucrt:lcidtoname_downlevel.obj
 0002:000026b8       ??_C@_15NBKABECB@?$AAd?$AAe?$AA?$AA@ 100126b8     libucrt:lcidtoname_downlevel.obj
 0002:000026c0       ??_C@_15GHPEIIAO@?$AAe?$AAl?$AA?$AA@ 100126c0     libucrt:lcidtoname_downlevel.obj
 0002:000026c8       ??_C@_15MNPNEAIF@?$AAe?$AAn?$AA?$AA@ 100126c8     libucrt:lcidtoname_downlevel.obj
 0002:000026d0       ??_C@_15GPIOMPMH@?$AAe?$AAs?$AA?$AA@ 100126d0     libucrt:lcidtoname_downlevel.obj
 0002:000026d8       ??_C@_15NGLOAKJC@?$AAf?$AAi?$AA?$AA@ 100126d8     libucrt:lcidtoname_downlevel.obj
 0002:000026e0       ??_C@_15FBKGNKAM@?$AAf?$AAr?$AA?$AA@ 100126e0     libucrt:lcidtoname_downlevel.obj
 0002:000026e8       ??_C@_15KGGCNEFK@?$AAh?$AAe?$AA?$AA@ 100126e8     libucrt:lcidtoname_downlevel.obj
 0002:000026f0       ??_C@_15PGHLIDMF@?$AAh?$AAu?$AA?$AA@ 100126f0     libucrt:lcidtoname_downlevel.obj
 0002:000026f8       ??_C@_15BIEMAPLM@?$AAi?$AAs?$AA?$AA@ 100126f8     libucrt:lcidtoname_downlevel.obj
 0002:00002700       ??_C@_15IFJLDHAF@?$AAi?$AAt?$AA?$AA@ 10012700     libucrt:lcidtoname_downlevel.obj
 0002:00002708       ??_C@_15GEMIOCAG@?$AAj?$AAa?$AA?$AA@ 10012708     libucrt:lcidtoname_downlevel.obj
 0002:00002710       ??_C@_15EPELEGJA@?$AAk?$AAo?$AA?$AA@ 10012710     libucrt:lcidtoname_downlevel.obj
 0002:00002718       ??_C@_15NDDHIMN@?$AAn?$AAl?$AA?$AA@ 10012718     libucrt:lcidtoname_downlevel.obj
 0002:00002720       ??_C@_15BPIGNHCD@?$AAn?$AAo?$AA?$AA@ 10012720     libucrt:lcidtoname_downlevel.obj
 0002:00002728       ??_C@_15DEOPBLCG@?$AAp?$AAl?$AA?$AA@ 10012728     libucrt:lcidtoname_downlevel.obj
 0002:00002730       ??_C@_15KBECGEFG@?$AAp?$AAt?$AA?$AA@ 10012730     libucrt:lcidtoname_downlevel.obj
 0002:00002738       ??_C@_15GLJCBFMD@?$AAr?$AAo?$AA?$AA@ 10012738     libucrt:lcidtoname_downlevel.obj
 0002:00002740       ??_C@_15FEDGKCDI@?$AAr?$AAu?$AA?$AA@ 10012740     libucrt:lcidtoname_downlevel.obj
 0002:00002748       ??_C@_15GLKMLLHM@?$AAh?$AAr?$AA?$AA@ 10012748     libucrt:lcidtoname_downlevel.obj
 0002:00002750       ??_C@_15CPKMFBDB@?$AAs?$AAk?$AA?$AA@ 10012750     libucrt:lcidtoname_downlevel.obj
[...]
 0001:0000b9f7       ?write_text_utf16le_nolock@@YA?AUwrite_result@?A0x47fa6670@@HQBDI@Z 1000c9f7 f   libucrt:write.obj
 0001:0000bae5       ?write_text_utf8_nolock@@YA?AUwrite_result@?A0x47fa6670@@HQBDI@Z 1000cae5 f   libucrt:write.obj
 0001:0000bf10       $$000000                   1000cf10     libucrt:log10.obj
 0001:0000c060       $$000000                   1000d060     libucrt:ceil_pentium4.obj
 0001:0000c17d       ??$common_lseek_nolock@_J@@YA_JH_JH@Z 1000d17d f   libucrt:lseek.obj
 0001:0000c310       $$000000                   1000d310     libucrt:_strnicm.obj
 0001:0000c3d0       $$000000                   1000d3d0     libucrt:log10_pentium4.obj
 0001:0000c660       $$000000                   1000d660     libucrt:87tran.obj
 0001:0000c860       $$000000                   1000d860     libucrt:87disp.obj
 0001:0000ca60       $$000000                   1000da60     libucrt:common.obj
 0001:0000cbf0       $$000000                   1000dbf0     libucrt:genexcep.obj
 0001:0000ded0       $$000000                   1000eed0     libcmt:ulldvrm.obj
 0001:0000df70       $$000000                   1000ef70     libcmt:llmul.obj
 0001:0000dfb0       $$000000                   1000efb0     libcmt:_sehprolg4gs_.obj
 0001:0000e010       $$000000                   1000f010     libcmt:lldvrm.obj
 0001:0000e0f0       $$000000                   1000f0f0     libcmt:ullshr.obj
 0001:0000e110       $$000000                   1000f110     libcmt:alloca16.obj
 0001:0000e140       $$000000                   1000f140     libcmt:llshl.obj
 0001:0000e160       $$000000                   1000f160     libcmt:_ftol2_.obj
 0001:0000e220       $$000000                   1000f220     libcmt:chkstk.obj
 0001:0000e260       $$000000                   1000f260     libvcruntime:memcpy.obj
 0001:0000e4c4       TrailingUpVec              1000f4c4     libvcruntime:memcpy.obj
 0001:0000e570       TrailingDownVec            1000f570     libvcruntime:memcpy.obj
 0002:000001c0       _GS_ExceptionPointers      100101c0     libcmt:gs_report.obj
 0002:000001d0       ?tokenTable@@3QBQBDB       100101d0     libvcruntime:undname.obj
 0002:00000208       ?nameTable@@3QBQBDB        10010208     libvcruntime:undname.obj
 0002:00000350       ?rttiTable@@3QBQBDB        10010350     libvcruntime:undname.obj
 0002:00000948       ?module_names@?A0x58e6d967@@3QBQB_WB 10010948     libvcruntime:winapi_downlevel.obj
 0002:00000a00       ?candidate_modules@?1??try_get_FlsAlloc@@YAP6GKP6GXPAX@Z@ZXZ@4QBW4module_id@?A0x58e6d967@@B 10010a00     libvcruntime:winapi_downlevel.obj
 0002:00000a14       ?candidate_modules@?1??try_get_FlsFree@@YAP6GHK@ZXZ@4QBW4module_id@?A0x58e6d967@@B 10010a14     libvcruntime:winapi_downlevel.obj
 0002:00000a24       ?candidate_modules@?1??try_get_FlsGetValue@@YAP6GPAXK@ZXZ@4QBW4module_id@?A0x58e6d967@@B 10010a24     libvcruntime:winapi_downlevel.obj
 0002:00000a38       ?candidate_modules@?1??try_get_FlsSetValue@@YAP6GHKPAX@ZXZ@4QBW4module_id@?A0x58e6d967@@B 10010a38     libvcruntime:winapi_downlevel.obj
 0002:00000a4c       ?candidate_modules@?1??try_get_InitializeCriticalSectionEx@@YAP6GHPAU_RTL_CRITICAL_SECTION@@KK@ZXZ@4QBW4module_id@?A0x58e6d967@@B 10010a4c     libvcruntime:winapi_downlevel.obj
 0002:00000b38       ___acrt_initializers       10010b38     libucrt:initialization.obj
 0002:00000bb0       _errtable                  10010bb0     libucrt:errno.obj
 0002:000019e8       _module_names              100119e8     libucrt:winapi_thunks.obj
 0002:00001e9c       ?candidate_modules@?1??try_get_FlsAlloc@@YAP6GKP6GXPAX@Z@ZXZ@4QBW4module_id@?A0x352e5c4b@@B 10011e9c     libucrt:winapi_thunks.obj
 0002:00001ea4       ?candidate_modules@?1??try_get_FlsFree@@YAP6GHK@ZXZ@4QBW4module_id@?A0x352e5c4b@@B 10011ea4     libucrt:winapi_thunks.obj
 0002:00001eac       ?candidate_modules@?1??try_get_FlsGetValue@@YAP6GPAXK@ZXZ@4QBW4module_id@?A0x352e5c4b@@B 10011eac     libucrt:winapi_thunks.obj
 0002:00001eb4       ?candidate_modules@?1??try_get_FlsSetValue@@YAP6GHKPAX@ZXZ@4QBW4module_id@?A0x352e5c4b@@B 10011eb4     libucrt:winapi_thunks.obj
 0002:00001ebc       ?candidate_modules@?1??try_get_GetCurrentPackageId@@YAP6GJPAIPAE@ZXZ@4QBW4module_id@?A0x352e5c4b@@B 10011ebc     libucrt:winapi_thunks.obj
 0002:00001ed8       ?candidate_modules@?1??try_get_InitializeCriticalSectionEx@@YAP6GHPAU_RTL_CRITICAL_SECTION@@KK@ZXZ@4QBW4module_id@?A0x352e5c4b@@B 10011ed8     libucrt:winapi_thunks.obj
 0002:00001ee0       ?candidate_modules@?1??try_get_LCMapStringEx@@YAP6GHPB_WK0HPA_WHPAU_nlsversioninfo@@PAXJ@ZXZ@4QBW4module_id@?A0x352e5c4b@@B 10011ee0     libucrt:winapi_thunks.obj
 0002:00001ef8       ?candidate_modules@?1??try_get_LocaleNameToLCID@@YAP6GKPB_WK@ZXZ@4QBW4module_id@?A0x352e5c4b@@B 10011ef8     libucrt:winapi_thunks.obj
 0002:00001f14       __mb_locale_names          10011f14     libucrt:mbctype.obj
 0002:00001f60       _LcidToLocaleNameTable     10011f60     libucrt:lcidtoname_downlevel.obj
 0002:00003080       _LocaleNameToIndexTable    10013080     libucrt:lcidtoname_downlevel.obj
 0002:00003fd0       LOG_name                   10013fd0     libucrt:log10.obj
 0002:00003fe0       _One                       10013fe0     libucrt:ceil_pentium4.obj
 0002:00003ff0       _Bns                       10013ff0     libucrt:ceil_pentium4.obj
 0002:00004000       _Zero                      10014000     libucrt:ceil_pentium4.obj
 0002:00004010       _S                         10014010     libucrt:ceil_pentium4.obj
 0002:00004020       _NegZero                   10014020     libucrt:ceil_pentium4.obj
 0002:00004030       emask                      10014030     libucrt:log10_pentium4.obj
 0002:00004040       CC                         10014040     libucrt:log10_pentium4.obj
 0002:00004050       Magic                      10014050     libucrt:log10_pentium4.obj
 0002:00004060       hi_mask                    10014060     libucrt:log10_pentium4.obj
 0002:00004070       LOG10_2                    10014070     libucrt:log10_pentium4.obj
 0002:00004080       place_L                    10014080     libucrt:log10_pentium4.obj
 0002:000040a0       One                        100140a0     libucrt:log10_pentium4.obj
 0002:000040b0       Zero                       100140b0     libucrt:log10_pentium4.obj
 0002:000040c0       Two52                      100140c0     libucrt:log10_pentium4.obj
 0002:000040d0       Infs                       100140d0     libucrt:log10_pentium4.obj
 0002:000040e0       NaN                        100140e0     libucrt:log10_pentium4.obj
 0002:000040f0       coeff                      100140f0     libucrt:log10_pentium4.obj
 0002:0000414e       _log2max                   1001414e     libucrt:87tran.obj
 0002:00004158       _smallarg                  10014158     libucrt:87tran.obj
 0002:00004162       _half                      10014162     libucrt:87tran.obj
 0002:000041ae       One                        100141ae     libucrt:87disp.obj
 0002:000041b6       Three                      100141b6     libucrt:87disp.obj
 0002:000041be       XAMtoTagTab                100141be     libucrt:87disp.obj
 0002:000041d0       One                        100141d0     libucrt:common.obj
 0002:000041e4       DblMax                     100141e4     libucrt:common.obj
 0002:000041ec       DblMin                     100141ec     libucrt:common.obj
 0002:000041f4       IeeeAdjO                   100141f4     libucrt:common.obj
 0002:000041fc       IeeeAdjU                   100141fc     libucrt:common.obj
 0002:00004204       _infinity                  10014204     libucrt:common.obj
 0002:0000420c       _zero                      1001420c     libucrt:common.obj
 0002:00004258       _over                      10014258     libucrt:fpctrl.obj
 0002:00004264       _under                     10014264     libucrt:fpctrl.obj
 0002:00004b28       ?_names@?1??_get_fname@@9@9 10014b28     libucrt:fpexcept.obj
 0002:00005618       __sehtable$?dllmain_crt_process_attach@@YAHQAUHINSTANCE__@@QAX@Z 10015618     libcmt:dll_dllmain.obj
 0002:00005638       __sehtable$?dllmain_crt_process_detach@@YAH_N@Z 10015638     libcmt:dll_dllmain.obj
 0002:00005658       __sehtable$?dllmain_dispatch@@YAHQAUHINSTANCE__@@KQAX@Z 10015658     libcmt:dll_dllmain.obj
 0002:00005678       __sehtable$___scrt_is_nonwritable_in_current_image 10015678     libcmt:utility.obj
 0002:00005698       __sehtable$___DestructExceptionObject 10015698     libvcruntime:frame.obj
 0002:000056b8       __sehtable$?common_exit@@YAXHW4_crt_exit_cleanup_mode@@W4_crt_exit_return_mode@@@Z 100156b8     libucrt:exit.obj
 0002:000056e0       __sehtable$??$?RV<lambda_995298e7d72eb4c2aab26c0585b3abe5>@@AAV<lambda_275893d493268fdec8709772e3fcec0e>@@V<lambda_293819299cbf9a7022e18b56a874bb5c>@@@?$__crt_seh_guarded_call@H@@QAEH$$QAV<lambda_995298e7d72eb4c2aab26c0585b3abe5>@@AAV<lambda_275893d493268fdec8709772e3fcec0e>@@$$QAV<lambda_293819299cbf9a7022e18b56a874bb5c>@@@Z 100156e0     libucrt:onexit.obj
 0002:00005700       __sehtable$_terminate      10015700     libucrt:terminate.obj
 0002:00005720       __sehtable$??$?RV<lambda_9df27f884b057bc3edfc946cb5b7cf47>@@AAV<lambda_e69574bed617af4e071282c136b37893>@@V<lambda_cc0d902bcbbeb830f749456577db4721>@@@?$__crt_seh_guarded_call@X@@QAEX$$QAV<lambda_9df27f884b057bc3edfc946cb5b7cf47>@@AAV<lambda_e69574bed617af4e071282c136b37893>@@$$QAV<lambda_cc0d902bcbbeb830f749456577db4721>@@@Z 10015720     libucrt:per_thread_data.obj
 0002:00005740       __sehtable$??$?RV<lambda_3518db117f0e7cdb002338c5d3c47b6c>@@AAV<lambda_b2ea41f6bbb362cd97d94c6828d90b61>@@V<lambda_abdedf541bb04549bc734292b4a045d4>@@@?$__crt_seh_guarded_call@X@@QAEX$$QAV<lambda_3518db117f0e7cdb002338c5d3c47b6c>@@AAV<lambda_b2ea41f6bbb362cd97d94c6828d90b61>@@$$QAV<lambda_abdedf541bb04549bc734292b4a045d4>@@@Z 10015740     libucrt:per_thread_data.obj
 0002:00005760       __sehtable$??$?RV<lambda_51b6e8b1eb166f2a3faf91f424b38130>@@AAV<lambda_6250bd4b2a391816dd638c3bf72b0bcb>@@V<lambda_0b5a4a3e68152e1d9b943535f5f47bed>@@@?$__crt_seh_guarded_call@X@@QAEX$$QAV<lambda_51b6e8b1eb166f2a3faf91f424b38130>@@AAV<lambda_6250bd4b2a391816dd638c3bf72b0bcb>@@$$QAV<lambda_0b5a4a3e68152e1d9b943535f5f47bed>@@@Z 10015760     libucrt:per_thread_data.obj
 0002:00005780       __sehtable$??$?RV<lambda_5b71d36f03204c0beab531769a5b5694>@@AAV<lambda_be2b3da3f62db62e9dad5dc70221a656>@@V<lambda_8f9ce462984622f9bf76b59e2aaaf805>@@@?$__crt_seh_guarded_call@X@@QAEX$$QAV<lambda_5b71d36f03204c0beab531769a5b5694>@@AAV<lambda_be2b3da3f62db62e9dad5dc70221a656>@@$$QAV<lambda_8f9ce462984622f9bf76b59e2aaaf805>@@@Z 10015780     libucrt:per_thread_data.obj
 0002:000057a0       __sehtable$___acrt_uninitialize_locale 100157a0     libucrt:wsetlocale.obj
 0002:000057c0       __sehtable$___acrt_update_thread_multibyte_data 100157c0     libucrt:mbctype.obj
 0002:000057e0       __sehtable$??$?RV<lambda_978dc153c237d78434369da87b74ff60>@@AAV<lambda_ad1ced32f4ac17aa236e5ef05d6b3b7c>@@V<lambda_4a8533e2866a575feecb8298ce776b0d>@@@?$__crt_seh_guarded_call@X@@QAEX$$QAV<lambda_978dc153c237d78434369da87b74ff60>@@AAV<lambda_ad1ced32f4ac17aa236e5ef05d6b3b7c>@@$$QAV<lambda_4a8533e2866a575feecb8298ce776b0d>@@@Z 100157e0     libucrt:mbctype.obj
 0002:00005800       __sehtable$___acrt_initialize_lowio 10015800     libucrt:ioinit.obj
 0002:00005820       __sehtable$__query_new_handler 10015820     libucrt:new_handler.obj
 0002:00005840       __sehtable$_raise          10015840     libucrt:signal.obj
 0002:00005860       __sehtable$??$?RV<lambda_a048d3beccc847880fc8490e18b82769>@@AAV<lambda_ec61778202f4f5fc7e7711acc23c3bca>@@V<lambda_f7496a158712204296dd6628a163878e>@@@?$__crt_seh_guarded_call@P6AXH@Z@@QAEP6AXH@Z$$QAV<lambda_a048d3beccc847880fc8490e18b82769>@@AAV<lambda_ec61778202f4f5fc7e7711acc23c3bca>@@$$QAV<lambda_f7496a158712204296dd6628a163878e>@@@Z 10015860     libucrt:signal.obj
 0002:00005880       __sehtable$___acrt_update_thread_locale_data 10015880     libucrt:locale_refcounting.obj
 0002:000058a0       __sehtable$___acrt_lowio_ensure_fh_exists 100158a0     libucrt:osfinfo.obj
 0002:000058c0       __sehtable$_common_flush_all 100158c0     libucrt:fflush.obj
 0002:000058e8       __sehtable$__fcloseall     100158e8     libucrt:closeall.obj
 0002:00005908       __sehtable$??$?RV<lambda_61cee617f5178ae960314fd4d05640a0>@@AAV<lambda_6978c1fb23f02e42e1d9e99668cc68aa>@@V<lambda_9cd88cf8ad10232537feb2133f08c833>@@@?$__crt_seh_guarded_call@H@@QAEH$$QAV<lambda_61cee617f5178ae960314fd4d05640a0>@@AAV<lambda_6978c1fb23f02e42e1d9e99668cc68aa>@@$$QAV<lambda_9cd88cf8ad10232537feb2133f08c833>@@@Z 10015908     libucrt:commit.obj
 0002:00005928       __sehtable$__write         10015928     libucrt:write.obj
 0002:00005948       __sehtable$_fclose         10015948     libucrt:fclose.obj
 0002:00005968       __sehtable$??$?RV<lambda_123407a5e2ac06da108355a851863b7a>@@AAV<lambda_2fe9b910cf3cbf4a0ab98a02ba45b3ec>@@V<lambda_ae55bdf541ad94d75914d381c370e64d>@@@?$__crt_seh_guarded_call@H@@QAEH$$QAV<lambda_123407a5e2ac06da108355a851863b7a>@@AAV<lambda_2fe9b910cf3cbf4a0ab98a02ba45b3ec>@@$$QAV<lambda_ae55bdf541ad94d75914d381c370e64d>@@@Z 10015968     libucrt:close.obj
 0002:00005988       __sehtable$__IsNonwritableInCurrentImage 10015988     libcmt:pesect.obj
 0002:000059b0       .edata                     100159b0     ConEmuLn.exp
 0002:000059d8       rgpv                       100159d8     ConEmuLn.exp
 0002:00005a14       rgszName                   10015a14     ConEmuLn.exp
 0002:00005a50       rgwOrd                     10015a50     ConEmuLn.exp
 0002:00005a6e       szName                     10015a6e     ConEmuLn.exp
 0002:00005a7b       $N00001                    10015a7b     ConEmuLn.exp
 0002:00005a8a       $N00002                    10015a8a     ConEmuLn.exp
 0002:00005a99       $N00003                    10015a99     ConEmuLn.exp
 0002:00005a9f       $N00004                    10015a9f     ConEmuLn.exp
 0002:00005aa9       $N00005                    10015aa9     ConEmuLn.exp
 0002:00005ab4       $N00006                    10015ab4     ConEmuLn.exp
 0002:00005abc       $N00007                    10015abc     ConEmuLn.exp
 0002:00005ac5       $N00008                    10015ac5     ConEmuLn.exp
 0002:00005ad4       $N00009                    10015ad4     ConEmuLn.exp
 0002:00005ae5       $N00010                    10015ae5     ConEmuLn.exp
 0002:00005af7       $N00011                    10015af7     ConEmuLn.exp
 0002:00005b05       $N00012                    10015b05     ConEmuLn.exp
 0002:00005b10       $N00013                    10015b10     ConEmuLn.exp
 0002:00005b1c       $N00014                    10015b1c     ConEmuLn.exp
 0002:00005b2b       $N00015                    10015b2b     ConEmuLn.exp
 0002:00005d7a       .idata$6                   10015d7a     version:VERSION.dll
 0002:00005fca       .idata$6                   10015fca     kernel32:KERNEL32.dll
 0002:00005ffc       .idata$6                   10015ffc     user32:USER32.dll
 0002:0000605e       .idata$6                   1001605e     gdi32:GDI32.dll
 0002:000060be       .idata$6                   100160be     advapi32:ADVAPI32.dll
 0003:00000020       ?__vcrt_flsindex@@3KA      10017020     libvcruntime:per_thread_data.obj
 0003:00000044       _errno_no_memory           10017044     libucrt:errno.obj
 0003:00000048       _doserrno_no_memory        10017048     libucrt:errno.obj
 0003:00000050       ___acrt_flsindex           10017050     libucrt:per_thread_data.obj
 0003:0000011c       ___rgctypeflag             1001711c     libucrt:mbctype.obj
 0003:00000120       ___rgcode_page_info        10017120     libucrt:mbctype.obj
 0003:000008a0       _GS_ExceptionRecord        100178a0     libcmt:gs_report.obj
 0003:000008f0       _GS_ContextRecord          100178f0     libcmt:gs_report.obj
 0003:00000bbc       ?__proc_attached@@3HA      10017bbc     libcmt:dll_dllmain.obj
 0003:00000be0       ?module_local_atexit_table@@3U_onexit_table_t@@A 10017be0     libcmt:utility.obj
 0003:00000bec       ?module_local_at_quick_exit_table@@3U_onexit_table_t@@A 10017bec     libcmt:utility.obj
 0003:00000bf8       ?module_local_atexit_table_initialized@@3_NA 10017bf8     libcmt:utility.obj
 0003:00000bf9       ?is_initialized_as_dll@@3_NA 10017bf9     libcmt:utility.obj
 0003:00000c0c       ?__vcrt_startup_thread_ptd@@3U__vcrt_ptd@@A 10017c0c     libvcruntime:per_thread_data.obj
 0003:00000c5c       ?heap@@3V_HeapManager@@A   10017c5c     libvcruntime:undname.obj
 0003:00000c70       ___vcrt_lock_table         10017c70     libvcruntime:locks.obj
 0003:00000c88       ___vcrt_locks_initialized  10017c88     libvcruntime:locks.obj
 0003:00000c8c       ?module_handles@@3PAPAUHINSTANCE__@@A 10017c8c     libvcruntime:winapi_downlevel.obj
 0003:00000c98       ?encoded_function_pointers@@3PAPAXA 10017c98     libvcruntime:winapi_downlevel.obj
 0003:00000cb0       _c_termination_complete    10017cb0     libucrt:exit.obj
 0003:00000cb4       _thread_local_exit_callback_func 10017cb4     libucrt:exit.obj
 0003:00000cb8       ?c_exit_complete@?5??common_exit@@YAXHW4_crt_exit_cleanup_mode@@W4_crt_exit_return_mode@@@Z@4_NA 10017cb8     libucrt:exit.obj
 0003:00000cc0       ?program_name@?5???$common_configure_argv@D@@YAHW4_crt_argv_mode@@@Z@4PADA 10017cc0     libucrt:argv_parsing.obj
 0003:00000df0       ___acrt_invalid_parameter_handler 10017df0     libucrt:invalid_parameter.obj
 0003:00000e00       ___acrt_lock_table         10017e00     libucrt:locks.obj
 0003:00000f38       ___acrt_locks_initialized  10017f38     libucrt:locks.obj
 0003:00000f40       _module_handles            10017f40     libucrt:winapi_thunks.obj
 0003:00000f90       _encoded_function_pointers 10017f90     libucrt:winapi_thunks.obj
 0003:00001010       ?state_cache@?1??__acrt_is_packaged_app@@9@4JA 10018010     libucrt:winapi_thunks.obj
 0003:0000102c       _fSystemSet                1001802c     libucrt:mbctype.obj
 0003:00001030       ?initialized@?1??__acrt_initialize_multibyte@@9@4_NA 10018030     libucrt:mbctype.obj
 0003:00001254       ___acrt_new_handler        10018254     libucrt:new_handler.obj
 0003:00001258       _ctrlc_action              10018258     libucrt:signal.obj
 0003:0000125c       _ctrlbreak_action          1001825c     libucrt:signal.obj
 0003:00001260       _abort_action              10018260     libucrt:signal.obj
 0003:00001264       _term_action               10018264     libucrt:signal.obj
 0003:00001268       _user_matherr              10018268     libucrt:matherr.obj
 0003:00001274       ___acrt_global_new_mode    10018274     libucrt:new_mode.obj
 0003:00001288       ___acrt_app_type           10018288     libucrt:report_runtime_error.obj
 0003:00001290       __pmatherr_set             10018290     libucrt:libm_error.obj
 0003:000012b4       ?gfRegisterBackground@@3P6GHPAURegisterBackgroundArg@@@ZA 100182b4     ConEmuLn.obj
 0003:000012e4       ?gszRootKeyW995@@3PA_WA    100182e4     ConEmuLn995.obj
 0003:000012f0       ?gszRootKeyA@@3PA_WA       100182f0     ConEmuLnA.obj
 0003:000012f4       ?bWasRegistered@?1??StartPlugin@@YAXH@Z@4_NA 100182f4     ConEmuLn.obj
 0003:000012f8       ?szMenu@?1??GetPluginInfoW1900@@YAXPAX@Z@4PAPA_WA 100182f8     ConEmuLn1900.obj
 0003:00001300       ?szMenu1@?1??GetPluginInfoW1900@@YAXPAX@Z@4PA_WA 10018300     ConEmuLn1900.obj
 0003:00001500       ?szMenu1@?1??GetPluginInfoW2800@@YAXPAX@Z@4PA_WA 10018500     ConEmuLn2800.obj
 0003:00001700       ?szMenu@?1??GetPluginInfoW2800@@YAXPAX@Z@4PAPA_WA 10018700     ConEmuLn2800.obj
 0003:00001708       ?szMenu1@?1??GetPluginInfoW995@@YAXPAX@Z@4PA_WA 10018708     ConEmuLn995.obj
 0003:00001908       ?szMenu@?1??GetPluginInfoW995@@YAXPAX@Z@4PAPA_WA 10018908     ConEmuLn995.obj
 0003:0000190c       ?szMenu@?1??GetPluginInfo@@9@4@4PAPADA 1001890c     ConEmuLnA.obj
 0003:00001910       ?szMenu1@?1??GetPluginInfo@@9@4@4PADA 10018910     ConEmuLnA.obj
 0004:000000a0       $R000000                   100190a0     ConEmuLn.res
 0004:000003b8       $R000318                   100193b8     ConEmuLn.res
