 ConEmu.x64

 Timestamp is 59750a15 (Sun Jul 23 23:41:57 2017)

 Preferred load address is 0000000180000000

 Start         Length     Name                   Class
 0001:00000000 00000010H .text$di                CODE
 0001:00000010 00025a90H .text$mn                CODE
 0001:00025aa0 00000020H .text$mn$00             CODE
 0001:00025ac0 00000490H .text$x                 CODE
 0001:00025f50 0000003dH .text$yd                CODE
 0002:00000000 00000660H .idata$5                DATA
 0002:00000660 00000010H .00cfg                  DATA
 0002:00000670 00000008H .CRT$XCA                DATA
 0002:00000678 00000008H .CRT$XCU                DATA
 0002:00000680 00000008H .CRT$XCZ                DATA
 0002:00000688 00000008H .CRT$XIA                DATA
 0002:00000690 00000020H .CRT$XIC                DATA
 0002:000006b0 00000008H .CRT$XIZ                DATA
 0002:000006b8 00000008H .CRT$XLA                DATA
 0002:000006c0 00000008H .CRT$XLZ                DATA
 0002:000006c8 00000008H .CRT$XPA                DATA
 0002:000006d0 00000010H .CRT$XPX                DATA
 0002:000006e0 00000008H .CRT$XPXA               DATA
 0002:000006e8 00000008H .CRT$XPZ                DATA
 0002:000006f0 00000008H .CRT$XTA                DATA
 0002:000006f8 00000008H .CRT$XTZ                DATA
 0002:00000700 00000000H .gfids$x                DATA
 0002:00000700 00000000H .gfids$y                DATA
 0002:00000700 0000af20H .rdata                  DATA
 0002:0000b620 00000028H .rdata$T                DATA
 0002:0000b648 000004dcH .rdata$r                DATA
 0002:0000bb24 000003d4H .rdata$zzzdbg           DATA
 0002:0000bef8 00000008H .rtc$IAA                DATA
 0002:0000bf00 00000008H .rtc$IZZ                DATA
 0002:0000bf08 00000008H .rtc$TAA                DATA
 0002:0000bf10 00000008H .rtc$TZZ                DATA
 0002:0000bf18 00001f68H .xdata                  DATA
 0002:0000de80 00000090H .xdata$x                DATA
 0002:0000df10 000002e4H .edata                  DATA
 0002:0000e1f4 00000064H .idata$2                DATA
 0002:0000e258 00000018H .idata$3                DATA
 0002:0000e270 00000660H .idata$4                DATA
 0002:0000e8d0 00000e88H .idata$6                DATA
 0003:00000000 00000b40H .data                   DATA
 0003:00000b40 000001e0H .data$r                 DATA
 0003:00000d20 0000b2e4H .bss                    DATA
 0004:00000000 00001f44H .pdata                  DATA
 0005:00000000 00000004H .tls                    DATA
 0005:00000004 00000004H .tls$                   DATA
 0005:00000008 00000001H .tls$ZZZ                DATA
 0006:00000000 000000a0H .rsrc$01                DATA
 0006:000000a0 00000488H .rsrc$02                DATA

  Address         Publics by Value              Rva+Base               Lib:Object

 0000:00000000       __dynamic_value_reloc_table 0000000000000000     <absolute>
 0000:00000000       __guard_iat_count          0000000000000000     <absolute>
 0000:00000000       __guard_iat_table          0000000000000000     <absolute>
 0000:00000000       __guard_longjmp_table      0000000000000000     <absolute>
 0000:00000000       __guard_longjmp_count      0000000000000000     <absolute>
 0000:00000000       __guard_fids_count         0000000000000000     <absolute>
 0000:00000000       ___safe_se_handler_table   0000000000000000     <absolute>
 0000:00000000       ___safe_se_handler_count   0000000000000000     <absolute>
 0000:00000000       __guard_fids_table         0000000000000000     <absolute>
 0000:00000100       __guard_flags              0000000000000100     <absolute>
 0000:00000000       __ImageBase                0000000180000000     <linker-defined>
 0001:00000010       ?StringCchCopyNW@@YAJPEA_W_KPEB_W1@Z 0000000180001010 f i CEStr.obj
 0001:0000008c       ??1CEStr@@QEAA@XZ          000000018000108c f   CEStr.obj
 0001:000000d8       ?GetBuffer@CEStr@@QEAAPEA_W_J@Z 00000001800010d8 f   CEStr.obj
 0001:00000230       ?AttachInt@CEStr@@AEAAPEB_WAEAPEA_W@Z 0000000180001230 f   CEStr.obj
 0001:000002b0       ?Set@CEStr@@QEAAPEB_WPEB_W_J@Z 00000001800012b0 f   CEStr.obj
 0001:00000390       ??1MWow64Disable@@QEAA@XZ  0000000180001390 f i CmdLine.obj
 0001:000003bc       ?IsFilePath@@YA_NPEB_W_N@Z 00000001800013bc f   CmdLine.obj
 0001:00000510       ?PointToName@@YAPEB_WPEB_W@Z 0000000180001510 f   CmdLine.obj
 0001:00000564       ?PointToExt@@YAPEB_WPEB_W@Z 0000000180001564 f   CmdLine.obj
 0001:00000590       ?SetEnvStrings@CESERVER_REQ_NEWCMD@@QEAAXPEB_WK@Z 0000000180001590 f   Common.obj
 0001:000006dc       ?StringCchCopyW@@YAJPEA_W_KPEB_W@Z 00000001800016dc f i ConEmuCheck.obj
 0001:0000074c       ?ExecuteOpenPipe@@YAPEAXPEB_WAEAY0CAI@_W0KKHPEAXH@Z 000000018000174c f   ConEmuCheck.obj
 0001:0000094c       ?ExecutePrepareCmd@@YAXPEAUCESERVER_REQ@@K_K@Z 000000018000194c f   ConEmuCheck.obj
 0001:00000984       ?ExecutePrepareCmd@@YAXPEAUCESERVER_REQ_HDR@@K_K@Z 0000000180001984 f   ConEmuCheck.obj
 0001:000009f4       ?ExecuteNewCmd@@YAPEAUCESERVER_REQ@@K_K@Z 00000001800019f4 f   ConEmuCheck.obj
 0001:00000a60       ?ExecuteNewCmd@@YA_NAEAPEAUCESERVER_REQ@@AEAKK_K@Z 0000000180001a60 f   ConEmuCheck.obj
 0001:00000b00       ?LoadSrvMapping@@YAHPEAUHWND__@@AEAUCESERVER_CONSOLE_MAPPING_HDR@@@Z 0000000180001b00 f   ConEmuCheck.obj
 0001:00000c38       ?ExecuteGuiCmd@@YAPEAUCESERVER_REQ@@PEAUHWND__@@PEAU1@0H@Z 0000000180001c38 f   ConEmuCheck.obj
 0001:00000cd4       ?ExecuteSrvCmd@@YAPEAUCESERVER_REQ@@KPEAU1@PEAUHWND__@@HKH@Z 0000000180001cd4 f   ConEmuCheck.obj
 0001:00000d6c       ?ExecuteCmd@@YAPEAUCESERVER_REQ@@PEB_WPEAU1@KPEAUHWND__@@HKH@Z 0000000180001d6c f   ConEmuCheck.obj
 0001:00000f24       ?isConsoleClass@@YA_NPEB_W@Z 0000000180001f24 f   ConEmuCheck.obj
 0001:00000f70       ?isConsoleWindow@@YA_NPEAUHWND__@@@Z 0000000180001f70 f   ConEmuCheck.obj
 0001:00001064       ?myGetConsoleWindow@@YAPEAUHWND__@@XZ 0000000180002064 f   ConEmuCheck.obj
 0001:000010f0       ?GetConEmuHWND@@YAPEAUHWND__@@H@Z 00000001800020f0 f   ConEmuCheck.obj
 0001:00001240       ??1?$MFileMapping@UCESERVER_CONSOLE_MAPPING_HDR@@@@QEAA@XZ 0000000180002240 f i ConEmuCheck.obj
 0001:00001240       ??1?$MFileMapping@UConEmuGuiMapping@@@@QEAA@XZ 0000000180002240 f i ConEmuCheck.obj
 0001:00001240       ??1?$MFileMapping@UPanelViewSetMapping@@@@QEAA@XZ 0000000180002240 f i PluginBackground.obj
 0001:00001294       ?Open@?$MFileMapping@UConEmuGuiMapping@@@@QEAAPEAUConEmuGuiMapping@@HH@Z 0000000180002294 f i ConEmuCheck.obj
 0001:000013d0       ?Open@?$MFileMapping@UCESERVER_CONSOLE_MAPPING_HDR@@@@QEAAPEAUCESERVER_CONSOLE_MAPPING_HDR@@HH@Z 00000001800023d0 f i ConEmuCheck.obj
 0001:0000150c       ?InitName@?$MFileMapping@UCESERVER_CONSOLE_MAPPING_HDR@@@@QEAAPEB_WPEB_WKK@Z 000000018000250c f i ConEmuCheck.obj
 0001:0000158c       ?StringCchCatW@@YAJPEA_W_KPEB_W@Z 000000018000258c f i ConEmuCheckEx.obj
 0001:0000165c       ?IsConEmuExeExist@@YAHPEB_WAEAY0BAF@_W@Z 000000018000265c f   ConEmuCheckEx.obj
 0001:00001704       ?FindConEmuBaseDir@@YAHAEAY0BAF@_W0PEAUHINSTANCE__@@@Z 0000000180002704 f   ConEmuCheckEx.obj
 0001:00001c60       ?EvaluateDefaultFontWidth@@YAHHPEB_W@Z 0000000180002c60 f   EmergencyShow.obj
 0001:00001d68       ?SetUserFriendlyFont@@YAXPEAUHWND__@@HH@Z 0000000180002d68 f   EmergencyShow.obj
 0001:0000214c       ?CorrectConsolePos@@YAXPEAUHWND__@@@Z 000000018000314c f   EmergencyShow.obj
 0001:00002278       ?EmergencyShow@@YAXPEAUHWND__@@HH@Z 0000000180003278 f   EmergencyShow.obj
 0001:000023b0       ?Init@HkFunc@@QEAA_NPEB_WPEAUHINSTANCE__@@@Z 00000001800033b0 f   HkFunc.obj
 0001:00002448       ?xf_set_tag@@YAXPEAXPEBDH_N@Z 0000000180003448 f   Memory.obj
 0001:000024f0       ?xf_malloc@@YAPEAX_KPEBDH@Z 00000001800034f0 f   Memory.obj
 0001:00002578       ?xf_calloc@@YAPEAX_K0PEBDH@Z 0000000180003578 f   Memory.obj
 0001:00002608       ?xf_free@@YAXPEAXPEBDH@Z   0000000180003608 f   Memory.obj
 0001:00002644       ??2@YAPEAX_K@Z             0000000180003644 f   Memory.obj
 0001:00002678       ??3@YAXPEAX@Z              0000000180003678 f   Memory.obj
 0001:00002680       ?FindMonitorsWorkspace@@YAHPEAUHMONITOR__@@PEAUHDC__@@PEAUtagRECT@@_J@Z 0000000180003680 f   Monitors.obj
 0001:000026bc       ??_E?$MToolHelp@UtagPROCESSENTRY32W@@$1?Process32FirstW@@YAHPEAXPEAU1@@Z$1?Process32NextW@@YAH01@Z@@UEAAPEAXI@Z 00000001800036bc f i * CIL library *:* CIL module *
 0001:000026bc       ??_GMToolHelpProcess@@UEAAPEAXI@Z 00000001800036bc f i MProcess.obj
 0001:000026bc       ??_G?$MToolHelp@UtagPROCESSENTRY32W@@$1?Process32FirstW@@YAHPEAXPEAU1@@Z$1?Process32NextW@@YAH01@Z@@UEAAPEAXI@Z 00000001800036bc f i MProcess.obj
 0001:000026bc       ??_EMToolHelpProcess@@UEAAPEAXI@Z 00000001800036bc f i * CIL library *:* CIL module *
 0001:000026f0       ?Find@?$MToolHelp@UtagPROCESSENTRY32W@@$1?Process32FirstW@@YAHPEAXPEAU1@@Z$1?Process32NextW@@YAH01@Z@@QEAA_NP6A_NPEAUtagPROCESSENTRY32W@@_J@Z10@Z 00000001800036f0 f i MProcess.obj
 0001:00002994       ??1?$MToolHelp@UtagPROCESSENTRY32W@@$1?Process32FirstW@@YAHPEAXPEAU1@@Z$1?Process32NextW@@YAH01@Z@@UEAA@XZ 0000000180003994 f i MProcess.obj
 0001:00002a2c       __acrt_uninitialize_command_line 0000000180003a2c f i libucrt:argv_data.obj
 0001:00002a2c       ?Filter@?$MToolHelp@UtagPROCESSENTRY32W@@$1?Process32FirstW@@YAHPEAXPEAU1@@Z$1?Process32NextW@@YAH01@Z@@MEAA_NPEAUtagPROCESSENTRY32W@@@Z 0000000180003a2c f i MProcess.obj
 0001:00002a30       ??0MSection@@QEAA@XZ       0000000180003a30 f   MSection.obj
 0001:00002ae4       ?AddRef@MSection@@IEAAXK@Z 0000000180003ae4 f   MSection.obj
 0001:00002b7c       ?MyEnterCriticalSection@MSection@@IEAA_NK@Z 0000000180003b7c f   MSection.obj
 0001:00002d20       ?Lock@MSection@@IEAAHHK@Z  0000000180003d20 f   MSection.obj
 0001:00002e80       ?Unlock@MSection@@IEAAXH@Z 0000000180003e80 f   MSection.obj
 0001:00002f48       ??1MSectionThread@@QEAA@XZ 0000000180003f48 f   MSection.obj
 0001:00002f84       ??1MSectionLock@@QEAA@XZ   0000000180003f84 f   MSection.obj
 0001:00002fbc       ?Lock@MSectionLock@@QEAAHPEAVMSection@@HK@Z 0000000180003fbc f   MSection.obj
 0001:00003008       ?LoadAdvApi@MNullDesc@@IEAAHXZ 0000000180004008 f i MSecurity.obj
 0001:000031c0       ?LocalSecurity@@YAPEAU_SECURITY_ATTRIBUTES@@XZ 00000001800041c0 f   MSecurity.obj
 0001:0000339c       ??1MSetter@@QEAA@XZ        000000018000439c f   MSetter.obj
 0001:000033e0       ?lstrdup@@YAPEA_WPEB_W_K@Z 00000001800043e0 f   MStrDup.obj
 0001:00003458       ?lstrmerge@@YAPEA_WPEB_W00000000@Z 0000000180004458 f   MStrDup.obj
 0001:00003568       ?msprintf@@YAPEB_WPEA_W_KPEB_WZZ 0000000180004568 f   MStrSafe.obj
 0001:000039b0       ?lstrcmpni@@YAHPEB_W0H@Z   00000001800049b0 f   MStrSafe.obj
 0001:00003a24       ?SetConEmuEnvHWND@@YAXPEB_WPEAUHWND__@@@Z 0000000180004a24 f   SetEnvVar.obj
 0001:00003a7c       ?SetConEmuEnvVar@@YAXPEAUHWND__@@@Z 0000000180004a7c f   SetEnvVar.obj
 0001:00003ae0       ??1CEnvStrings@@QEAA@XZ    0000000180004ae0 f   SetEnvVar.obj
 0001:00003b04       ?SetConsoleInfo@@YAHPEAUHWND__@@PEAU_CONSOLE_INFO@@@Z 0000000180004b04 f   WConsole.obj
 0001:00003d64       ?apiGetCurrentConsoleFontEx@@YAHPEAXHPEAUMY_CONSOLE_FONT_INFOEX@@@Z 0000000180004d64 f   WConsole.obj
 0001:00003dd4       ?apiGetConsoleFontSize@@YAHPEAXAEAH1AEAY0CA@_W@Z 0000000180004dd4 f   WConsole.obj
 0001:00003e88       ?apiSetConsoleFontSize@@YAHPEAXHHPEB_W@Z 0000000180004e88 f   WConsole.obj
 0001:00003fd0       ?SetConsoleFontSizeTo@@YAXPEAUHWND__@@HHPEB_WGG@Z 0000000180004fd0 f   WConsole.obj
 0001:000043fc       ?CheckCallbackPtr@@YA_NPEAUHINSTANCE__@@_KPEAP6A_JXZHHH@Z 00000001800053fc f   WModuleCheck.obj
 0001:000044d8       ?FileExists@@YA_NPEB_WPEAK@Z 00000001800054d8 f   WObjects.obj
 0001:00004620       ?IsWinVerOrHigher@@YA_NG@Z 0000000180005620 f   WObjects.obj
 0001:000046ac       ?IsWin6@@YA_NXZ            00000001800056ac f   WObjects.obj
 0001:000046dc       ?ExpandEnvStr@@YAPEA_WPEB_W@Z 00000001800056dc f   WObjects.obj
 0001:00004790       ?GetEnvVar@@YAPEA_WPEB_W@Z 0000000180005790 f   WObjects.obj
 0001:00004854       ?apiThreadHelper@@YAKPEAX@Z 0000000180005854 f   WThreads.obj
 0001:00004a60       ?apiCreateThread@@YAPEAXP6AKPEAX@Z0PEAKPEBDH@Z 0000000180005a60 f   WThreads.obj
 0001:00004bc0       ?apiTerminateThreadEx@@YAHPEAXKPEBDH@Z 0000000180005bc0 f   WThreads.obj
 0001:00004ca0       ?SetThreadName@@YAXKPEAD@Z 0000000180005ca0 f   WThreads.obj
 0001:00004cd8       ?UpdateComspec@@YAXPEAUConEmuComspec@@_N@Z 0000000180005cd8 f   WUser.obj
 0001:00004f7c       ?SetEnvVarExpanded@@YAXPEB_W0@Z 0000000180005f7c f   WUser.obj
 0001:00005058       ?StartupHooks@@YA_NPEAUHINSTANCE__@@@Z 0000000180006058 f   ConEmuInjects.obj
 0001:000054c4       ?ShutdownHooks@@YAXXZ      00000001800064c4 f   ConEmuInjects.obj
 0001:000056c4       DllMain                    00000001800066c4 f   ConEmuPlugin.obj
 0001:000056e8       ?GetPluginInfo@@YAXPEAX@Z  00000001800066e8 f   ConEmuPlugin.obj
 0001:0000573c       ?GetPluginInfoW@@YAXPEAX@Z 000000018000673c f   ConEmuPlugin.obj
 0001:0000575c       ?IsConsoleActive@@YAHXZ    000000018000675c f   ConEmuPlugin.obj
 0001:000057b4       ?GetFarHWND2@@YAPEAUHWND__@@H@Z 00000001800067b4 f   ConEmuPlugin.obj
 0001:00005858       ?GetFarHWND@@YAPEAUHWND__@@XZ 0000000180006858 f   ConEmuPlugin.obj
 0001:00005860       ?IsTerminalMode@@YAHXZ     0000000180006860 f   ConEmuPlugin.obj
 0001:00005868       ?GetFarVersion@@YAXPEAUFarVersion@@@Z 0000000180006868 f   ConEmuPlugin.obj
 0001:00005884       ?RegisterPanelView@@YAHPEAUPanelViewInit@@@Z 0000000180006884 f   ConEmuPlugin.obj
 0001:00005a90       ?RegisterBackground@@YAHPEAURegisterBackgroundArg@@@Z 0000000180006a90 f   ConEmuPlugin.obj
 0001:00005b10       ?SyncExecute@@YAHPEAUHINSTANCE__@@P6AX_J@Z1@Z 0000000180006b10 f   ConEmuPlugin.obj
 0001:00005b5c       ?ActivateConsole@@YAHXZ    0000000180006b5c f   ConEmuPlugin.obj
 0001:00005be8       ?SetStartupInfo@@YAXPEAX@Z 0000000180006be8 f   ConEmuPlugin.obj
 0001:00005c4c       SetStartupInfoW            0000000180006c4c f   ConEmuPlugin.obj
 0001:00005c7c       ?GetMinFarVersion@@YAHXZ   0000000180006c7c f   ConEmuPlugin.obj
 0001:00005cb0       GetMinFarVersionW          0000000180006cb0 f   ConEmuPlugin.obj
 0001:00005cb8       ProcessSynchroEventW       0000000180006cb8 f   ConEmuPlugin.obj
 0001:00005cd4       ?ProcessSynchroEventW3@@YA_JPEAX@Z 0000000180006cd4 f   ConEmuPlugin.obj
 0001:00005cfc       ?ProcessEditorEvent@@YAHHPEAX@Z 0000000180006cfc f   ConEmuPlugin.obj
 0001:00005cfc       ProcessEditorEventW        0000000180006cfc f   ConEmuPlugin.obj
 0001:00005d1c       ?ProcessEditorEventW3@@YA_JPEAX@Z 0000000180006d1c f   ConEmuPlugin.obj
 0001:00005d44       ?ProcessViewerEvent@@YAHHPEAX@Z 0000000180006d44 f   ConEmuPlugin.obj
 0001:00005d44       ProcessViewerEventW        0000000180006d44 f   ConEmuPlugin.obj
 0001:00005d64       ?ProcessViewerEventW3@@YA_JPEAX@Z 0000000180006d64 f   ConEmuPlugin.obj
 0001:00005d8c       ?ProcessEditorInput@@YAHPEBU_INPUT_RECORD@@@Z 0000000180006d8c f   ConEmuPlugin.obj
 0001:00005dcc       ProcessEditorInputW        0000000180006dcc f   ConEmuPlugin.obj
 0001:00005df0       ?OpenPlugin@@YAPEAXH_J@Z   0000000180006df0 f   ConEmuPlugin.obj
 0001:00005e20       OpenPluginW                0000000180006e20 f   ConEmuPlugin.obj
 0001:00005e60       ?OpenW@@YAPEAXPEBX@Z       0000000180006e60 f   ConEmuPlugin.obj
 0001:00005e84       ?ExitFAR@@YAXXZ            0000000180006e84 f   ConEmuPlugin.obj
 0001:00005e84       ?ExitFARW3@@YAXPEAX@Z      0000000180006e84 f   ConEmuPlugin.obj
 0001:00005e84       ExitFARW                   0000000180006e84 f   ConEmuPlugin.obj
 0001:00005eb8       ?SetupExportsFar3@@YAXXZ   0000000180006eb8 f   ConEmuPlugin.obj
 0001:00006024       ?Color2BgIndex@Far3Color@@SAXKHAEAGPEBK@Z 0000000180007024 f i ConEmuPlugin1900.obj
 0001:00006120       ?FarColor_3_2@@YAEAEBUFarColor@@@Z 0000000180007120 f i ConEmuPlugin1900.obj
 0001:0000626c       ??_GCPluginW1900@@UEAAPEAXI@Z 000000018000726c f i ConEmuPlugin1900.obj
 0001:0000626c       ??_ECPluginBase@@UEAAPEAXI@Z 000000018000726c f i * CIL library *:* CIL module *
 0001:0000626c       ??_GCPluginW995@@UEAAPEAXI@Z 000000018000726c f i ConEmuPlugin995.obj
 0001:0000626c       ??_GCPluginBase@@UEAAPEAXI@Z 000000018000726c f i ConEmuPluginBase.obj
 0001:0000626c       ??_ECPluginW995@@UEAAPEAXI@Z 000000018000726c f i * CIL library *:* CIL module *
 0001:0000626c       ??_ECPluginW1900@@UEAAPEAXI@Z 000000018000726c f i * CIL library *:* CIL module *
 0001:0000626c       ??_ECPluginW2800@@UEAAPEAXI@Z 000000018000726c f i * CIL library *:* CIL module *
 0001:0000626c       ??_GCPluginW2800@@UEAAPEAXI@Z 000000018000726c f i ConEmuPlugin2800.obj
 0001:00006298       ??0CPluginW1900@@QEAA@XZ   0000000180007298 f   ConEmuPlugin1900.obj
 0001:0000643c       ?ProcessEditorEventPtr@CPluginW1900@@UEAAHPEAX@Z 000000018000743c f   ConEmuPlugin1900.obj
 0001:0000643c       ?ProcessEditorEventPtr@CPluginW2800@@UEAAHPEAX@Z 000000018000743c f   ConEmuPlugin2800.obj
 0001:00006448       ?ProcessViewerEventPtr@CPluginW2800@@UEAAHPEAX@Z 0000000180007448 f   ConEmuPlugin2800.obj
 0001:00006448       ?ProcessViewerEventPtr@CPluginW1900@@UEAAHPEAX@Z 0000000180007448 f   ConEmuPlugin1900.obj
 0001:00006454       ?ProcessSynchroEventPtr@CPluginW1900@@UEAAHPEAX@Z 0000000180007454 f   ConEmuPlugin1900.obj
 0001:00006454       ?ProcessSynchroEventPtr@CPluginW2800@@UEAAHPEAX@Z 0000000180007454 f   ConEmuPlugin2800.obj
 0001:00006474       ?GetPanelDir@CPluginW1900@@UEAAPEA_WKPEA_WH@Z 0000000180007474 f   ConEmuPlugin1900.obj
 0001:000065dc       ?GetPanelInfo@CPluginW1900@@UEAA_NKPEAUCEPanelInfo@@@Z 00000001800075dc f   ConEmuPlugin1900.obj
 0001:00006870       ?GetPanelItemInfo@CPluginW1900@@UEAA_NAEBUCEPanelInfo@@_N_JAEAU_WIN32_FIND_DATAW@@PEAPEA_W@Z 0000000180007870 f   ConEmuPlugin1900.obj
 0001:00006a30       ?PanelControlApi@CPluginW1900@@UEAA_JPEAXH_J0@Z 0000000180007a30 f   ConEmuPlugin1900.obj
 0001:00006a68       ?GetPluginInfoPtr@CPluginW1900@@UEAAXPEAX@Z 0000000180007a68 f   ConEmuPlugin1900.obj
 0001:00006ac4       ?SetStartupInfoPtr@CPluginW1900@@UEAAXPEAX@Z 0000000180007ac4 f   ConEmuPlugin1900.obj
 0001:00006c2c       ?GetEditorModifiedState@CPluginW1900@@UEAAKXZ 0000000180007c2c f   ConEmuPlugin1900.obj
 0001:00006c88       ?ProcessEditorInputPtr@CPluginW1900@@UEAAHPEBX@Z 0000000180007c88 f   ConEmuPlugin1900.obj
 0001:00006cbc       ?GetWindowCount@CPluginW1900@@UEAAHXZ 0000000180007cbc f   ConEmuPlugin1900.obj
 0001:00006cec       ?UpdateConEmuTabsApi@CPluginW1900@@UEAA_NH@Z 0000000180007cec f   ConEmuPlugin1900.obj
 0001:0000718c       ?ExitFar@CPluginW1900@@UEAAXXZ 000000018000818c f   ConEmuPlugin1900.obj
 0001:000071d0       ?ShowMessage@CPluginW1900@@UEAAHPEB_WH_N@Z 00000001800081d0 f   ConEmuPlugin1900.obj
 0001:00007238       ?GetMsg@CPluginW1900@@UEAAPEB_WHPEA_W_K@Z 0000000180008238 f   ConEmuPlugin1900.obj
 0001:000072a8       ?SetWindow@CPluginW1900@@UEAAXH@Z 00000001800082a8 f   ConEmuPlugin1900.obj
 0001:00007300       ?PostMacroApi@CPluginW1900@@UEAAXPEB_WPEAU_INPUT_RECORD@@_N@Z 0000000180008300 f   ConEmuPlugin1900.obj
 0001:000078c0       ?ShowPluginMenu@CPluginW1900@@UEAAHPEAUConEmuPluginMenuItem@@HH@Z 00000001800088c0 f   ConEmuPlugin1900.obj
 0001:00007a1c       ?OpenEditor@CPluginW1900@@UEAA_NPEB_W_N11HH@Z 0000000180008a1c f   ConEmuPlugin1900.obj
 0001:00007b30       ?ExecuteSynchroApi@CPluginW1900@@UEAA_NXZ 0000000180008b30 f   ConEmuPlugin1900.obj
 0001:00007b64       ?StopWaitEndSynchro@CPluginW2800@@UEAAXXZ 0000000180008b64 f   ConEmuPlugin2800.obj
 0001:00007b64       _guard_check_icall_nop     0000000180008b64 f   LIBCMT:guard_support.obj
 0001:00007b64       ?WaitEndSynchro@CPluginW1900@@UEAAXXZ 0000000180008b64 f   ConEmuPlugin1900.obj
 0001:00007b64       ?WaitEndSynchro@CPluginW2800@@UEAAXXZ 0000000180008b64 f   ConEmuPlugin2800.obj
 0001:00007b64       ?StopWaitEndSynchro@CPluginW1900@@UEAAXXZ 0000000180008b64 f   ConEmuPlugin1900.obj
 0001:00007b64       ?StopWaitEndSynchro@CPluginAnsi@@UEAAXXZ 0000000180008b64 f   ConEmuPluginA.obj
 0001:00007b64       ?WaitEndSynchro@CPluginAnsi@@UEAAXXZ 0000000180008b64 f   ConEmuPluginA.obj
 0001:00007b68       ?IsMacroActive@CPluginW1900@@UEAA_NXZ 0000000180008b68 f   ConEmuPlugin1900.obj
 0001:00007ba8       ?GetMacroArea@CPluginW1900@@UEAAHXZ 0000000180008ba8 f   ConEmuPlugin1900.obj
 0001:00007bc8       ?RedrawAll@CPluginW1900@@UEAAXXZ 0000000180008bc8 f   ConEmuPlugin1900.obj
 0001:00007c00       ?InputBox@CPluginW1900@@UEAA_NPEB_W000AEAPEA_W@Z 0000000180008c00 f   ConEmuPlugin1900.obj
 0001:00007cb0       ?ShowUserScreen@CPluginW1900@@UEAAX_N@Z 0000000180008cb0 f   ConEmuPlugin1900.obj
 0001:00007cdc       ?LoadFarColors@CPluginW1900@@UEAAXAEAY0BAA@E@Z 0000000180008cdc f   ConEmuPlugin1900.obj
 0001:00007eb4       ?LoadFarSettings@CPluginW1900@@UEAAXPEAUCEFarInterfaceSettings@@PEAUCEFarPanelSettings@@@Z 0000000180008eb4 f   ConEmuPlugin1900.obj
 0001:00008000       ?GetFarRect@CPluginW1900@@UEAA_NAEAU_SMALL_RECT@@@Z 0000000180009000 f   ConEmuPlugin1900.obj
 0001:00008058       ?CheckPanelExist@CPluginW1900@@UEAA_NXZ 0000000180009058 f   ConEmuPlugin1900.obj
 0001:00008094       ?GetActiveWindowType@CPluginW1900@@UEAAHXZ 0000000180009094 f   ConEmuPlugin1900.obj
 0001:00008148       ?GetWindowTypeName@CPluginW2800@@UEAAPEB_WH@Z 0000000180009148 f   ConEmuPlugin2800.obj
 0001:00008148       ?GetWindowTypeName@CPluginW1900@@UEAAPEB_WH@Z 0000000180009148 f   ConEmuPlugin1900.obj
 0001:00008148       ?GetWindowTypeName@CPluginW995@@UEAAPEB_WH@Z 0000000180009148 f   ConEmuPlugin995.obj
 0001:00008148       ?GetWindowTypeName@CPluginAnsi@@UEAAPEB_WH@Z 0000000180009148 f   ConEmuPluginA.obj
 0001:0000866c       ?GuiMacroDlg@CPluginW1900@@UEAAXXZ 000000018000966c f   ConEmuPlugin1900.obj
 0001:00008674       ?Open@CPluginW1900@@UEAAPEAXPEBX@Z 0000000180009674 f   ConEmuPlugin1900.obj
 0001:0000874c       GetGlobalInfoW             000000018000974c f   ConEmuPlugin2800.obj
 0001:000087e4       ??0CPluginW2800@@QEAA@XZ   00000001800097e4 f   ConEmuPlugin2800.obj
 0001:00008988       ?GetPanelDir@CPluginW2800@@UEAAPEA_WKPEA_WH@Z 0000000180009988 f   ConEmuPlugin2800.obj
 0001:00008af0       ?GetPanelInfo@CPluginW2800@@UEAA_NKPEAUCEPanelInfo@@@Z 0000000180009af0 f   ConEmuPlugin2800.obj
 0001:00008d88       ?GetPanelItemInfo@CPluginW2800@@UEAA_NAEBUCEPanelInfo@@_N_JAEAU_WIN32_FIND_DATAW@@PEAPEA_W@Z 0000000180009d88 f   ConEmuPlugin2800.obj
 0001:00008f68       ?PanelControlApi@CPluginW2800@@UEAA_JPEAXH_J0@Z 0000000180009f68 f   ConEmuPlugin2800.obj
 0001:00008fa0       ?GetPluginInfoPtr@CPluginW2800@@UEAAXPEAX@Z 0000000180009fa0 f   ConEmuPlugin2800.obj
 0001:00008ffc       ?SetStartupInfoPtr@CPluginW2800@@UEAAXPEAX@Z 0000000180009ffc f   ConEmuPlugin2800.obj
 0001:00009164       ?GetEditorModifiedState@CPluginW2800@@UEAAKXZ 000000018000a164 f   ConEmuPlugin2800.obj
 0001:000091c4       ?ProcessEditorInputPtr@CPluginW2800@@UEAAHPEBX@Z 000000018000a1c4 f   ConEmuPlugin2800.obj
 0001:000091f8       ?GetWindowCount@CPluginW2800@@UEAAHXZ 000000018000a1f8 f   ConEmuPlugin2800.obj
 0001:000093d0       ?UpdateConEmuTabsApi@CPluginW2800@@UEAA_NH@Z 000000018000a3d0 f   ConEmuPlugin2800.obj
 0001:00009ac8       ?ExitFar@CPluginW2800@@UEAAXXZ 000000018000aac8 f   ConEmuPlugin2800.obj
 0001:00009b0c       ?ShowMessage@CPluginW2800@@UEAAHPEB_WH_N@Z 000000018000ab0c f   ConEmuPlugin2800.obj
 0001:00009b74       ?GetMsg@CPluginW2800@@UEAAPEB_WHPEA_W_K@Z 000000018000ab74 f   ConEmuPlugin2800.obj
 0001:00009be4       ?SetWindow@CPluginW2800@@UEAAXH@Z 000000018000abe4 f   ConEmuPlugin2800.obj
 0001:00009d00       ?PostMacroApi@CPluginW2800@@UEAAXPEB_WPEAU_INPUT_RECORD@@_N@Z 000000018000ad00 f   ConEmuPlugin2800.obj
 0001:0000a0a0       ?ShowPluginMenu@CPluginW2800@@UEAAHPEAUConEmuPluginMenuItem@@HH@Z 000000018000b0a0 f   ConEmuPlugin2800.obj
 0001:0000a200       ?OpenEditor@CPluginW2800@@UEAA_NPEB_W_N11HH@Z 000000018000b200 f   ConEmuPlugin2800.obj
 0001:0000a324       ?ExecuteSynchroApi@CPluginW2800@@UEAA_NXZ 000000018000b324 f   ConEmuPlugin2800.obj
 0001:0000a358       ?IsMacroActive@CPluginW2800@@UEAA_NXZ 000000018000b358 f   ConEmuPlugin2800.obj
 0001:0000a398       ?GetMacroArea@CPluginW2800@@UEAAHXZ 000000018000b398 f   ConEmuPlugin2800.obj
 0001:0000a3b8       ?RedrawAll@CPluginW2800@@UEAAXXZ 000000018000b3b8 f   ConEmuPlugin2800.obj
 0001:0000a3f0       ?InputBox@CPluginW2800@@UEAA_NPEB_W000AEAPEA_W@Z 000000018000b3f0 f   ConEmuPlugin2800.obj
 0001:0000a4a0       ?ShowUserScreen@CPluginW2800@@UEAAX_N@Z 000000018000b4a0 f   ConEmuPlugin2800.obj
 0001:0000a4cc       ?LoadFarColors@CPluginW2800@@UEAAXAEAY0BAA@E@Z 000000018000b4cc f   ConEmuPlugin2800.obj
 0001:0000a6ac       ?LoadFarSettings@CPluginW2800@@UEAAXPEAUCEFarInterfaceSettings@@PEAUCEFarPanelSettings@@@Z 000000018000b6ac f   ConEmuPlugin2800.obj
 0001:0000a7f8       ?GetFarRect@CPluginW2800@@UEAA_NAEAU_SMALL_RECT@@@Z 000000018000b7f8 f   ConEmuPlugin2800.obj
 0001:0000a850       ?CheckPanelExist@CPluginW2800@@UEAA_NXZ 000000018000b850 f   ConEmuPlugin2800.obj
 0001:0000a88c       ?GetActiveWindowType@CPluginW2800@@UEAAHXZ 000000018000b88c f   ConEmuPlugin2800.obj
 0001:0000ae84       ?GuiMacroDlg@CPluginW2800@@UEAAXXZ 000000018000be84 f   ConEmuPlugin2800.obj
 0001:0000ae98       ?Open@CPluginW2800@@UEAAPEAXPEBX@Z 000000018000be98 f   ConEmuPlugin2800.obj
 0001:0000afe4       ?insert@?$MArray@UWindowInfo@@@@QEAAX_JAEBUWindowInfo@@@Z 000000018000bfe4 f i ConEmuPlugin2800.obj
 0001:0000b090       ??1?$MArray@UWindowInfo@@@@QEAA@XZ 000000018000c090 f i ConEmuPlugin2800.obj
 0001:0000b0bc       ?addsize@?$MArray@UWindowInfo@@@@QEAAX_J@Z 000000018000c0bc f i ConEmuPlugin2800.obj
 0001:0000b160       ?Open@CPluginAnsi@@UEAAPEAXPEBX@Z 000000018000c160 f i ConEmuPluginA.obj
 0001:0000b160       ?Open@CPluginW995@@UEAAPEAXPEBX@Z 000000018000c160 f i ConEmuPlugin995.obj
 0001:0000b168       ?ProcessEditorInputPtr@CPluginAnsi@@UEAAHPEBX@Z 000000018000c168 f i ConEmuPluginA.obj
 0001:0000b168       ?ProcessEditorEventPtr@CPluginAnsi@@UEAAHPEAX@Z 000000018000c168 f i ConEmuPluginA.obj
 0001:0000b168       ?ProcessSynchroEventPtr@CPluginAnsi@@UEAAHPEAX@Z 000000018000c168 f i ConEmuPluginA.obj
 0001:0000b168       ?ProcessEditorEventPtr@CPluginW995@@UEAAHPEAX@Z 000000018000c168 f i ConEmuPlugin995.obj
 0001:0000b168       ?ProcessViewerEventPtr@CPluginAnsi@@UEAAHPEAX@Z 000000018000c168 f i ConEmuPluginA.obj
 0001:0000b168       ?ProcessSynchroEventPtr@CPluginW995@@UEAAHPEAX@Z 000000018000c168 f i ConEmuPlugin995.obj
 0001:0000b168       ?ProcessViewerEventPtr@CPluginW995@@UEAAHPEAX@Z 000000018000c168 f i ConEmuPlugin995.obj
 0001:0000b16c       ??0CPluginW995@@QEAA@XZ    000000018000c16c f   ConEmuPlugin995.obj
 0001:0000b2fc       ?GetPanelDir@CPluginW995@@UEAAPEA_WKPEA_WH@Z 000000018000c2fc f   ConEmuPlugin995.obj
 0001:0000b434       ?GetPanelInfo@CPluginW995@@UEAA_NKPEAUCEPanelInfo@@@Z 000000018000c434 f   ConEmuPlugin995.obj
 0001:0000b680       ?GetPanelItemInfo@CPluginW995@@UEAA_NAEBUCEPanelInfo@@_N_JAEAU_WIN32_FIND_DATAW@@PEAPEA_W@Z 000000018000c680 f   ConEmuPlugin995.obj
 0001:0000b82c       ?PanelControlApi@CPluginW995@@UEAA_JPEAXH_J0@Z 000000018000c82c f   ConEmuPlugin995.obj
 0001:0000b870       ?GetPluginInfoPtr@CPluginW995@@UEAAXPEAX@Z 000000018000c870 f   ConEmuPlugin995.obj
 0001:0000b8d8       ?SetStartupInfoPtr@CPluginW995@@UEAAXPEAX@Z 000000018000c8d8 f   ConEmuPlugin995.obj
 0001:0000ba24       ?GetEditorModifiedState@CPluginW995@@UEAAKXZ 000000018000ca24 f   ConEmuPlugin995.obj
 0001:0000ba7c       ?ProcessEditorInputPtr@CPluginW995@@UEAAHPEBX@Z 000000018000ca7c f   ConEmuPlugin995.obj
 0001:0000bab0       ?GetWindowCount@CPluginW995@@UEAAHXZ 000000018000cab0 f   ConEmuPlugin995.obj
 0001:0000badc       ?UpdateConEmuTabsApi@CPluginW995@@UEAA_NH@Z 000000018000cadc f   ConEmuPlugin995.obj
 0001:0000bd3c       ?ExitFar@CPluginW995@@UEAAXXZ 000000018000cd3c f   ConEmuPlugin995.obj
 0001:0000bd84       ?ShowMessage@CPluginW995@@UEAAHPEB_WH_N@Z 000000018000cd84 f   ConEmuPlugin995.obj
 0001:0000bde4       ?GetMsg@CPluginW995@@UEAAPEB_WHPEA_W_K@Z 000000018000cde4 f   ConEmuPlugin995.obj
 0001:0000be50       ?SetWindow@CPluginW995@@UEAAXH@Z 000000018000ce50 f   ConEmuPlugin995.obj
 0001:0000be9c       ?PostMacroApi@CPluginW995@@UEAAXPEB_WPEAU_INPUT_RECORD@@_N@Z 000000018000ce9c f   ConEmuPlugin995.obj
 0001:0000bf48       ?ShowPluginMenu@CPluginW995@@UEAAHPEAUConEmuPluginMenuItem@@HH@Z 000000018000cf48 f   ConEmuPlugin995.obj
 0001:0000c090       ?OpenEditor@CPluginW995@@UEAA_NPEB_W_N11HH@Z 000000018000d090 f   ConEmuPlugin995.obj
 0001:0000c198       ?ExecuteSynchroApi@CPluginW995@@UEAA_NXZ 000000018000d198 f   ConEmuPlugin995.obj
 0001:0000c1c8       ?WaitEndSynchro@CPluginW995@@UEAAXXZ 000000018000d1c8 f   ConEmuPlugin995.obj
 0001:0000c358       ?StopWaitEndSynchro@CPluginW995@@UEAAXXZ 000000018000d358 f   ConEmuPlugin995.obj
 0001:0000c388       ?IsMacroActive@CPluginW995@@UEAA_NXZ 000000018000d388 f   ConEmuPlugin995.obj
 0001:0000c3f8       ?GetMacroArea@CPluginW995@@UEAAHXZ 000000018000d3f8 f   ConEmuPlugin995.obj
 0001:0000c450       ?RedrawAll@CPluginW995@@UEAAXXZ 000000018000d450 f   ConEmuPlugin995.obj
 0001:0000c480       ?InputBox@CPluginW995@@UEAA_NPEB_W000AEAPEA_W@Z 000000018000d480 f   ConEmuPlugin995.obj
 0001:0000c52c       ?ShowUserScreen@CPluginW995@@UEAAX_N@Z 000000018000d52c f   ConEmuPlugin995.obj
 0001:0000c558       ?LoadFarColors@CPluginW995@@UEAAXAEAY0BAA@E@Z 000000018000d558 f   ConEmuPlugin995.obj
 0001:0000c614       ?LoadFarSettings@CPluginW995@@UEAAXPEAUCEFarInterfaceSettings@@PEAUCEFarPanelSettings@@@Z 000000018000d614 f   ConEmuPlugin995.obj
 0001:0000c670       ?GetFarRect@CPluginW995@@UEAA_NAEAU_SMALL_RECT@@@Z 000000018000d670 f   ConEmuPlugin995.obj
 0001:0000c6c0       ?CheckPanelExist@CPluginW995@@UEAA_NXZ 000000018000d6c0 f   ConEmuPlugin995.obj
 0001:0000c6fc       ?GetActiveWindowType@CPluginW995@@UEAAHXZ 000000018000d6fc f   ConEmuPlugin995.obj
 0001:0000cc60       ?GuiMacroDlg@CPluginW995@@UEAAXXZ 000000018000dc60 f   ConEmuPlugin995.obj
 0001:0000cc68       ?GetFarRect@CPluginAnsi@@UEAA_NAEAU_SMALL_RECT@@@Z 000000018000dc68 f i ConEmuPluginA.obj
 0001:0000cc68       ?ExecuteSynchroApi@CPluginAnsi@@UEAA_NXZ 000000018000dc68 f i ConEmuPluginA.obj
 0001:0000cc6c       ??_GCPluginAnsi@@UEAAPEAXI@Z 000000018000dc6c f i ConEmuPluginA.obj
 0001:0000cc6c       ??_ECPluginAnsi@@UEAAPEAXI@Z 000000018000dc6c f i * CIL library *:* CIL module *
 0001:0000cc98       ??0CPluginAnsi@@QEAA@XZ    000000018000dc98 f   ConEmuPluginA.obj
 0001:0000cdf8       ?GetPanelDir@CPluginAnsi@@UEAAPEA_WKPEA_WH@Z 000000018000ddf8 f   ConEmuPluginA.obj
 0001:0000cef0       ?GetPanelInfo@CPluginAnsi@@UEAA_NKPEAUCEPanelInfo@@@Z 000000018000def0 f   ConEmuPluginA.obj
 0001:0000d148       ?GetPanelItemInfo@CPluginAnsi@@UEAA_NAEBUCEPanelInfo@@_N_JAEAU_WIN32_FIND_DATAW@@PEAPEA_W@Z 000000018000e148 f   ConEmuPluginA.obj
 0001:0000d26c       ?PanelControlApi@CPluginAnsi@@UEAA_JPEAXH_J0@Z 000000018000e26c f   ConEmuPluginA.obj
 0001:0000d2a8       ?SetStartupInfoPtr@CPluginAnsi@@UEAAXPEAX@Z 000000018000e2a8 f   ConEmuPluginA.obj
 0001:0000d40c       ?GetPluginInfoPtr@CPluginAnsi@@UEAAXPEAX@Z 000000018000e40c f   ConEmuPluginA.obj
 0001:0000d498       ?GetEditorModifiedState@CPluginAnsi@@UEAAKXZ 000000018000e498 f   ConEmuPluginA.obj
 0001:0000d4f0       ?GetWindowCount@CPluginAnsi@@UEAAHXZ 000000018000e4f0 f   ConEmuPluginA.obj
 0001:0000d51c       ?UpdateConEmuTabsApi@CPluginAnsi@@UEAA_NH@Z 000000018000e51c f   ConEmuPluginA.obj
 0001:0000d7c0       ?ExitFar@CPluginAnsi@@UEAAXXZ 000000018000e7c0 f   ConEmuPluginA.obj
 0001:0000d804       ?SetWindow@CPluginAnsi@@UEAAXH@Z 000000018000e804 f   ConEmuPluginA.obj
 0001:0000d858       ?PostMacroApi@CPluginAnsi@@UEAAXPEB_WPEAU_INPUT_RECORD@@_N@Z 000000018000e858 f   ConEmuPluginA.obj
 0001:0000d96c       ?ShowPluginMenu@CPluginAnsi@@UEAAHPEAUConEmuPluginMenuItem@@HH@Z 000000018000e96c f   ConEmuPluginA.obj
 0001:0000db14       ?OpenEditor@CPluginAnsi@@UEAA_NPEB_W_N11HH@Z 000000018000eb14 f   ConEmuPluginA.obj
 0001:0000dc50       ?ShowMessage@CPluginAnsi@@UEAAHPEB_WH_N@Z 000000018000ec50 f   ConEmuPluginA.obj
 0001:0000dd3c       ?GetMsg@CPluginAnsi@@UEAAPEB_WHPEA_W_K@Z 000000018000ed3c f   ConEmuPluginA.obj
 0001:0000dde4       ?IsMacroActive@CPluginAnsi@@UEAA_NXZ 000000018000ede4 f   ConEmuPluginA.obj
 0001:0000de58       _get_startup_argv_mode     000000018000ee58 f   LIBCMT:argv_mode.obj
 0001:0000de58       ?GetMacroArea@CPluginAnsi@@UEAAHXZ 000000018000ee58 f   ConEmuPluginA.obj
 0001:0000de60       ?RedrawAll@CPluginAnsi@@UEAAXXZ 000000018000ee60 f   ConEmuPluginA.obj
 0001:0000de94       ?InputBox@CPluginAnsi@@UEAA_NPEB_W000AEAPEA_W@Z 000000018000ee94 f   ConEmuPluginA.obj
 0001:0000dff8       ?ShowUserScreen@CPluginAnsi@@UEAAX_N@Z 000000018000eff8 f   ConEmuPluginA.obj
 0001:0000e024       ?LoadFarColors@CPluginAnsi@@UEAAXAEAY0BAA@E@Z 000000018000f024 f   ConEmuPluginA.obj
 0001:0000e0e4       ?LoadFarSettings@CPluginAnsi@@UEAAXPEAUCEFarInterfaceSettings@@PEAUCEFarPanelSettings@@@Z 000000018000f0e4 f   ConEmuPluginA.obj
 0001:0000e144       ?CheckPanelExist@CPluginAnsi@@UEAA_NXZ 000000018000f144 f   ConEmuPluginA.obj
 0001:0000e180       ?GetActiveWindowType@CPluginAnsi@@UEAAHXZ 000000018000f180 f   ConEmuPluginA.obj
 0001:0000e79c       ?GuiMacroDlg@CPluginAnsi@@UEAAXXZ 000000018000f79c f   ConEmuPluginA.obj
 0001:0000ead8       ?Plugin@@YAPEAVCPluginBase@@XZ 000000018000fad8 f   ConEmuPluginBase.obj
 0001:0000eb8c       ??0CPluginBase@@QEAA@XZ    000000018000fb8c f   ConEmuPluginBase.obj
 0001:0000ecb4       ?DllMain_ProcessAttach@CPluginBase@@KAXPEAUHINSTANCE__@@@Z 000000018000fcb4 f   ConEmuPluginBase.obj
 0001:0000ef84       ?DllMain_ProcessDetach@CPluginBase@@KAXXZ 000000018000ff84 f   ConEmuPluginBase.obj
 0001:0000f080       ??_GMSection@@QEAAPEAXI@Z  0000000180010080 f i ConEmuPluginBase.obj
 0001:0000f134       ??_GCPluginBackground@@QEAAPEAXI@Z 0000000180010134 f i ConEmuPluginBase.obj
 0001:0000f290       ?DllCheckUnique@CPluginBase@@KA_N_N@Z 0000000180010290 f   ConEmuPluginBase.obj
 0001:0000f4dc       ?LoadFarVersion@CPluginBase@@SA_NXZ 00000001800104dc f   ConEmuPluginBase.obj
 0001:0000f574       ?ShowMessageBox@CPluginBase@@KAHPEB_WI@Z 0000000180010574 f   ConEmuPluginBase.obj
 0001:0000f65c       ?ShowMessageGui@CPluginBase@@QEAAHHH@Z 000000018001065c f   ConEmuPluginBase.obj
 0001:0000f6d8       ?BackgroundMacroError@CPluginBase@@SAKPEAX@Z 00000001800106d8 f   ConEmuPluginBase.obj
 0001:0000f700       ?PostMacro@CPluginBase@@QEAAXPEB_WPEAU_INPUT_RECORD@@_N@Z 0000000180010700 f   ConEmuPluginBase.obj
 0001:0000f738       ?CheckBufferEnabled@CPluginBase@@QEAA_NXZ 0000000180010738 f   ConEmuPluginBase.obj
 0001:0000f79c       ?PanelControl@CPluginBase@@QEAA_JPEAXH_J0@Z 000000018001079c f   ConEmuPluginBase.obj
 0001:0000f82c       ?GetPanelInfo@CPluginBase@@QEAA_NKPEAUBkPanelInfo@@@Z 000000018001082c f   ConEmuPluginBase.obj
 0001:0000f8d0       ?StorePanelDirs@CPluginBase@@QEAA_NPEB_W0@Z 00000001800108d0 f   ConEmuPluginBase.obj
 0001:0000fa44       ?UpdatePanelDirs@CPluginBase@@QEAAXXZ 0000000180010a44 f   ConEmuPluginBase.obj
 0001:0000fc08       ?RunExternalProgram@CPluginBase@@QEAA_NPEA_W@Z 0000000180010c08 f   ConEmuPluginBase.obj
 0001:0000fddc       ?ShowPluginMenu@CPluginBase@@QEAAXW4PluginCallCommands@@@Z 0000000180010ddc f   ConEmuPluginBase.obj
 0001:00010100       ?ShowTabsList@CPluginBase@@QEAAXXZ 0000000180011100 f   ConEmuPluginBase.obj
 0001:00010388       ?ShowPanelsList@CPluginBase@@QEAAXXZ 0000000180011388 f   ConEmuPluginBase.obj
 0001:0001050c       ?EditViewConsoleOutput@CPluginBase@@QEAAX_N@Z 000000018001150c f   ConEmuPluginBase.obj
 0001:000105d8       ?ProcessSynchroEvent@CPluginBase@@QEAAHHPEAX@Z 00000001800115d8 f   ConEmuPluginBase.obj
 0001:0001065c       ?ProcessEditorViewerEvent@CPluginBase@@QEAAHHH@Z 000000018001165c f   ConEmuPluginBase.obj
 0001:00010710       ?ShowConsoleInfo@CPluginBase@@QEAAXXZ 0000000180011710 f   ConEmuPluginBase.obj
 0001:00010918       ?RunExternalProgramW@CPluginBase@@SA_NPEA_W0_N@Z 0000000180011918 f   ConEmuPluginBase.obj
 0001:00010c7c       ?StartDebugger@CPluginBase@@QEAA_NXZ 0000000180011c7c f   ConEmuPluginBase.obj
 0001:00010f10       ?Attach2Gui@CPluginBase@@QEAA_N_N@Z 0000000180011f10 f   ConEmuPluginBase.obj
 0001:00011324       ?FindServerCmd@CPluginBase@@QEAA_NKAEAK_N@Z 0000000180012324 f   ConEmuPluginBase.obj
 0001:000113f8       ?ShowMessage@CPluginBase@@QEAAHHH@Z 00000001800123f8 f   ConEmuPluginBase.obj
 0001:0001147c       ?OutDataAlloc@CPluginBase@@SA_NK@Z 000000018001247c f   ConEmuPluginBase.obj
 0001:000114ec       ?OutDataRealloc@CPluginBase@@SA_NK@Z 00000001800124ec f   ConEmuPluginBase.obj
 0001:000115c8       ?OutDataWrite@CPluginBase@@SA_NPEAXK@Z 00000001800125c8 f   ConEmuPluginBase.obj
 0001:0001166c       ?CreateTabs@CPluginBase@@SA_NH@Z 000000018001266c f   ConEmuPluginBase.obj
 0001:0001173c       ?AddTab@CPluginBase@@QEAA_NAEAHH_N1HPEB_W2HHHH@Z 000000018001273c f   ConEmuPluginBase.obj
 0001:00011a2c       ?SendTabs@CPluginBase@@SAXH_N@Z 0000000180012a2c f   ConEmuPluginBase.obj
 0001:00011c10       ?CloseTabs@CPluginBase@@SAXXZ 0000000180012c10 f   ConEmuPluginBase.obj
 0001:00011ca8       ?UpdateConEmuTabs@CPluginBase@@QEAA_N_N@Z 0000000180012ca8 f   ConEmuPluginBase.obj
 0001:00011f04       ?ShowProtocolWarning@CPluginBase@@KAXXZ 0000000180012f04 f   ConEmuPluginBase.obj
 0001:00012088       ?CheckResources@CPluginBase@@QEAAX_N@Z 0000000180013088 f   ConEmuPluginBase.obj
 0001:00012264       ?InitResources@CPluginBase@@QEAAXXZ 0000000180013264 f   ConEmuPluginBase.obj
 0001:00012494       ?CloseMapHeader@CPluginBase@@SAXXZ 0000000180013494 f   ConEmuPluginBase.obj
 0001:000124f4       ?OpenMapHeader@CPluginBase@@SAHXZ 00000001800134f4 f   ConEmuPluginBase.obj
 0001:00012620       ?InitRootRegKey@CPluginBase@@IEAAXXZ 0000000180013620 f   ConEmuPluginBase.obj
 0001:00012704       ?SetRootRegKey@CPluginBase@@IEAAXPEA_W@Z 0000000180013704 f   ConEmuPluginBase.obj
 0001:000127ac       ?LoadPanelTabsFromRegistry@CPluginBase@@IEAAXXZ 00000001800137ac f   ConEmuPluginBase.obj
 0001:000128c4       ?InitHWND@CPluginBase@@SAXXZ 00000001800138c4 f   ConEmuPluginBase.obj
 0001:00012b60       ?CheckConEmuDetached@CPluginBase@@SAXXZ 0000000180013b60 f   ConEmuPluginBase.obj
 0001:00012c88       ?EmergencyShow@CPluginBase@@KAXXZ 0000000180013c88 f   ConEmuPluginBase.obj
 0001:00012cd8       ?MonitorThreadProcW@CPluginBase@@SAKPEAX@Z 0000000180013cd8 f   ConEmuPluginBase.obj
 0001:000131d0       ?OpenPluginCommon@CPluginBase@@QEAAPEAXH_J_N@Z 00000001800141d0 f   ConEmuPluginBase.obj
 0001:000134d4       ?OnMainThreadActivated@CPluginBase@@QEAAXXZ 00000001800144d4 f   ConEmuPluginBase.obj
 0001:000136b4       ?ProcessSetWindowCommand@CPluginBase@@QEAAXXZ 00000001800146b4 f   ConEmuPluginBase.obj
 0001:000137dc       ?CommonPluginStartup@CPluginBase@@QEAAXXZ 00000001800147dc f   ConEmuPluginBase.obj
 0001:000138e4       ?StopThread@CPluginBase@@QEAAX_N@Z 00000001800148e4 f   ConEmuPluginBase.obj
 0001:00013d2c       ?ExecuteSynchro@CPluginBase@@QEAAXXZ 0000000180014d2c f   ConEmuPluginBase.obj
 0001:00013db0       ?WaitPluginActivation@CPluginBase@@SAKKPEAPEAXHK@Z 0000000180014db0 f   ConEmuPluginBase.obj
 0001:00013eb4       ?ActivatePlugin@CPluginBase@@QEAA_NKPEAXK@Z 0000000180014eb4 f   ConEmuPluginBase.obj
 0001:0001404c       ?cmd_OpenEditorLine@CPluginBase@@QEAA_NPEAUCESERVER_REQ_FAREDITOR@@@Z 000000018001504c f   ConEmuPluginBase.obj
 0001:000141c0       ?cmd_LeftClickSync@CPluginBase@@QEAAXPEAX@Z 00000001800151c0 f   ConEmuPluginBase.obj
 0001:0001429c       ?cmd_EMenu@CPluginBase@@QEAAXPEAX@Z 000000018001529c f   ConEmuPluginBase.obj
 0001:0001438c       ?ProcessCommand@CPluginBase@@QEAA_NKHPEAXPEAPEAUCESERVER_REQ@@_N@Z 000000018001538c f   ConEmuPluginBase.obj
 0001:00014a14       ?FarSetConsoleSize@CPluginBase@@SA_NFF@Z 0000000180015a14 f   ConEmuPluginBase.obj
 0001:00014b10       ?ReloadFarInfoApi@CPluginBase@@IEAA_NXZ 0000000180015b10 f   ConEmuPluginBase.obj
 0001:00014cd8       ?ReloadFarInfo@CPluginBase@@QEAA_N_N@Z 0000000180015cd8 f   ConEmuPluginBase.obj
 0001:00014f98       ?OnConsolePeekReadInput@CPluginBase@@SAX_N@Z 0000000180015f98 f   ConEmuPluginBase.obj
 0001:0001518c       ?UngetDummyMouseEvent@CPluginBase@@SA_N_NPEAUHookCallbackArg@@@Z 000000018001618c f   ConEmuPluginBase.obj
 0001:00015304       ?FillLoadedParm@CPluginBase@@SAXPEAUConEmuLoadedArg@@PEAUHINSTANCE__@@H@Z 0000000180016304 f   ConEmuPluginBase.obj
 0001:000153d8       ?OnPanelViewCallbacks@CPluginBase@@SA_NPEAUHookCallbackArg@@P6AHPEAXPEAU_INPUT_RECORD@@KPEAKPEAH@Z5@Z 00000001800163d8 f   ConEmuPluginBase.obj
 0001:000154b0       ?OnShellExecuteExW_Except@CPluginBase@@SAXPEAUHookCallbackArg@@@Z 00000001800164b0 f   ConEmuPluginBase.obj
 0001:000154ec       ?OnGetNumberOfConsoleInputEventsPost@CPluginBase@@SAXPEAUHookCallbackArg@@@Z 00000001800164ec f   ConEmuPluginBase.obj
 0001:0001553c       ?OnConsolePeekInput@CPluginBase@@SAHPEAUHookCallbackArg@@@Z 000000018001653c f   ConEmuPluginBase.obj
 0001:000155a4       ?OnConsolePeekInputPost@CPluginBase@@SAXPEAUHookCallbackArg@@@Z 00000001800165a4 f   ConEmuPluginBase.obj
 0001:000155d0       ?OnConsoleReadInput@CPluginBase@@SAHPEAUHookCallbackArg@@@Z 00000001800165d0 f   ConEmuPluginBase.obj
 0001:00015650       ?OnConsoleReadInputPost@CPluginBase@@SAXPEAUHookCallbackArg@@@Z 0000000180016650 f   ConEmuPluginBase.obj
 0001:000157fc       ?OnWriteConsoleOutput@CPluginBase@@SAHPEAUHookCallbackArg@@@Z 00000001800167fc f   ConEmuPluginBase.obj
 0001:000158d0       ?OnConsoleDetaching@CPluginBase@@SAHPEAUHookCallbackArg@@@Z 00000001800168d0 f   ConEmuPluginBase.obj
 0001:00015a18       ?OnConsoleWasAttached@CPluginBase@@SAXPEAUHookCallbackArg@@@Z 0000000180016a18 f   ConEmuPluginBase.obj
 0001:00015a7c       ?OnCurDirChanged@CPluginBase@@SAXXZ 0000000180016a7c f   ConEmuPluginBase.obj
 0001:00015ae0       ?OnLibraryLoaded@CPluginBase@@SAXPEAUHINSTANCE__@@@Z 0000000180016ae0 f   ConEmuPluginBase.obj
 0001:00015b5c       ?ToUnicode@CPluginBase@@SAPEA_WPEBD@Z 0000000180016b5c f   ConEmuPluginBase.obj
 0001:00015bdc       ?ToOem@CPluginBase@@SAXPEB_WPEAD_J@Z 0000000180016bdc f   ConEmuPluginBase.obj
 0001:00015c1c       ?ProcessDragFrom@CPluginBase@@QEAAXXZ 0000000180016c1c f   ConEmuPluginBase.obj
 0001:000160e0       ?ProcessDragTo@CPluginBase@@QEAAXXZ 00000001800170e0 f   ConEmuPluginBase.obj
 0001:00016400       ?PrintText@CPluginBase@@QEAA_NPEB_W@Z 0000000180017400 f   ConEmuPluginBase.obj
 0001:00016538       ??0CPluginBackground@@QEAA@XZ 0000000180017538 f   PluginBackground.obj
 0001:00016758       ?RegisterSubplugin@CPluginBackground@@QEAAHPEAURegisterBackgroundArg@@@Z 0000000180017758 f   PluginBackground.obj
 0001:00016a68       ?OnMainThreadActivated@CPluginBackground@@QEAAXHH@Z 0000000180017a68 f   PluginBackground.obj
 0001:00016b38       ?IsParmChanged@CPluginBackground@@IEAA_NPEAUPaintBackgroundArg@@0@Z 0000000180017b38 f   PluginBackground.obj
 0001:00016db0       ?CheckPanelFolders@CPluginBackground@@IEAAXH@Z 0000000180017db0 f   PluginBackground.obj
 0001:00016fec       ?SetDcPanelRect@CPluginBackground@@IEAAXPEAUtagRECT@@PEAUBkPanelInfo@@PEAUPaintBackgroundArg@@@Z 0000000180017fec f   PluginBackground.obj
 0001:000170c4       ?UpdateBackground@CPluginBackground@@IEAAXXZ 00000001800180c4 f   PluginBackground.obj
 0001:00017950       ?LoadThSet@CPluginBackground@@IEAAHH@Z 0000000180018950 f   PluginBackground.obj
 0001:00017c68       ?Open@?$MFileMapping@UPanelViewSetMapping@@@@QEAAPEAUPanelViewSetMapping@@HH@Z 0000000180018c68 f i PluginBackground.obj
 0001:00017da4       ?PlugServerStart@@YA_NXZ   0000000180018da4 f   PluginSrv.obj
 0001:00017e70       ?cmd_FarSetChanged@@YAXPEAUFAR_REQ_FARSETCHANGED@@@Z 0000000180018e70 f   PluginSrv.obj
 0001:00017ec8       ?PlugServerCommand@@YAHPEAXPEAUCESERVER_REQ@@AEAPEAU1@AEAK3_J@Z 0000000180018ec8 f   PluginSrv.obj
 0001:00018430       ?PlugServerFree@@YAXPEAUCESERVER_REQ@@_J@Z 0000000180019430 f   PluginSrv.obj
 0001:00018444       ?StopPipeServer@?$PipeServer@UCESERVER_REQ@@@@QEAAX_NAEA_N@Z 0000000180019444 f i PluginSrv.obj
 0001:000187f0       ?StartPipeServer@?$PipeServer@UCESERVER_REQ@@@@QEAA_N_NPEB_W_JPEAU_SECURITY_ATTRIBUTES@@P6AHPEAXPEAUCESERVER_REQ@@AEAPEAU3@AEAK72@ZP6AX52@ZP6AH42@ZP6AH42@ZP6AH42@Z@Z 00000001800197f0 f i PluginSrv.obj
 0001:00018954       ?StartPipeInstance@?$PipeServer@UCESERVER_REQ@@@@IEAA_NPEAUPipeInst@1@@Z 0000000180019954 f i PluginSrv.obj
 0001:00018ae8       ?DumpError@?$PipeServer@UCESERVER_REQ@@@@IEAAXPEAUPipeInst@1@PEB_WH@Z 0000000180019ae8 f i PluginSrv.obj
 0001:00018c10       ?_PipeServerThread@?$PipeServer@UCESERVER_REQ@@@@KAKPEAX@Z 0000000180019c10 f i PluginSrv.obj
 0001:00018c6c       ?PipeServerThread@?$PipeServer@UCESERVER_REQ@@@@IEAAKPEAUPipeInst@1@@Z 0000000180019c6c f i PluginSrv.obj
 0001:00018f34       ?WriteDummyAnswer@?$PipeServer@UCESERVER_REQ@@@@IEAAHPEAUPipeInst@1@@Z 0000000180019f34 f i PluginSrv.obj
 0001:00018fc0       ?WaitForClient@?$PipeServer@UCESERVER_REQ@@@@IEAA_NPEAUPipeInst@1@AEAH1@Z 0000000180019fc0 f i PluginSrv.obj
 0001:000192d8       ?PipeServerWrite@?$PipeServer@UCESERVER_REQ@@@@IEAAHPEAUPipeInst@1@PEBXKPEAKH@Z 000000018001a2d8 f i PluginSrv.obj
 0001:000193c8       ?PipeServerRead@?$PipeServer@UCESERVER_REQ@@@@IEAAHPEAUPipeInst@1@@Z 000000018001a3c8 f i PluginSrv.obj
 0001:00019688       ?WaitOverlapped@?$PipeServer@UCESERVER_REQ@@@@IEAAHPEAUPipeInst@1@PEAK@Z 000000018001a688 f i PluginSrv.obj
 0001:00019870       __security_check_cookie    000000018001a870 f   LIBCMT:_amdsecgs_.obj
 0001:00019894       __raise_securityfailure    000000018001a894 f   LIBCMT:gs_report.obj
 0001:000198c8       __report_gsfailure         000000018001a8c8 f   LIBCMT:gs_report.obj
 0001:0001999c       __report_rangecheckfailure 000000018001a99c f   LIBCMT:gs_report.obj
 0001:000199b0       __report_securityfailure   000000018001a9b0 f   LIBCMT:gs_report.obj
 0001:00019b30       ??3@YAXPEAX_K@Z            000000018001ab30 f   LIBCMT:delete_scalar_size.obj
 0001:00019b38       ??_Gtype_info@@UEAAPEAXI@Z 000000018001ab38 f i LIBCMT:std_type_info_static.obj
 0001:00019b38       ??_Etype_info@@UEAAPEAXI@Z 000000018001ab38 f i LIBCMT:std_type_info_static.obj
 0001:00019b64       __scrt_acquire_startup_lock 000000018001ab64 f   LIBCMT:utility.obj
 0001:00019ba0       __scrt_dllmain_after_initialize_c 000000018001aba0 f   LIBCMT:utility.obj
 0001:00019bd4       __scrt_dllmain_before_initialize_c 000000018001abd4 f   LIBCMT:utility.obj
 0001:00019bec       __scrt_dllmain_crt_thread_attach 000000018001abec f   LIBCMT:utility.obj
 0001:00019c14       __scrt_dllmain_crt_thread_detach 000000018001ac14 f   LIBCMT:utility.obj
 0001:00019c2c       __scrt_dllmain_exception_filter 000000018001ac2c f   LIBCMT:utility.obj
 0001:00019c90       __scrt_dllmain_uninitialize_c 000000018001ac90 f   LIBCMT:utility.obj
 0001:00019cc0       __scrt_dllmain_uninitialize_critical 000000018001acc0 f   LIBCMT:utility.obj
 0001:00019cd4       __scrt_initialize_crt      000000018001acd4 f   LIBCMT:utility.obj
 0001:00019d20       __scrt_initialize_onexit_tables 000000018001ad20 f   LIBCMT:utility.obj
 0001:00019e00       __scrt_is_nonwritable_in_current_image 000000018001ae00 f   LIBCMT:utility.obj
 0001:00019e9c       __scrt_release_startup_lock 000000018001ae9c f   LIBCMT:utility.obj
 0001:00019ec0       __scrt_uninitialize_crt    000000018001aec0 f   LIBCMT:utility.obj
 0001:00019eec       _onexit                    000000018001aeec f   LIBCMT:utility.obj
 0001:00019f3c       atexit                     000000018001af3c f   LIBCMT:utility.obj
 0001:0001a0c8       _Init_thread_footer        000000018001b0c8 f   LIBCMT:thread_safe_statics.obj
 0001:0001a128       _Init_thread_header        000000018001b128 f   LIBCMT:thread_safe_statics.obj
 0001:0001a190       _Init_thread_notify        000000018001b190 f   LIBCMT:thread_safe_statics.obj
 0001:0001a1ec       _Init_thread_wait          000000018001b1ec f   LIBCMT:thread_safe_statics.obj
 0001:0001a5c0       _DllMainCRTStartup         000000018001b5c0 f   LIBCMT:dll_dllmain.obj
 0001:0001a600       __isa_available_init       000000018001b600 f   LIBCMT:_cpu_disp_.obj
 0001:0001a7bc       __scrt_is_ucrt_dll_in_use  000000018001b7bc f   LIBCMT:ucrt_detection.obj
 0001:0001a7c8       __crt_debugger_hook        000000018001b7c8 f   LIBCMT:utility_desktop.obj
 0001:0001a7d0       __scrt_fastfail            000000018001b7d0 f   LIBCMT:utility_desktop.obj
 0001:0001a918       _guard_check_icall         000000018001b918 f i LIBCMT:checkcfg.obj
 0001:0001a920       __security_init_cookie     000000018001b920 f   LIBCMT:gs_support.obj
 0001:0001a9cc       ?__scrt_initialize_type_info@@YAXXZ 000000018001b9cc f   LIBCMT:tncleanup.obj
 0001:0001a9dc       ?__scrt_uninitialize_type_info@@YAXXZ 000000018001b9dc f   LIBCMT:tncleanup.obj
 0001:0001a9e8       __local_stdio_printf_options 000000018001b9e8 f i LIBCMT:default_local_stdio_options.obj
 0001:0001a9f0       __local_stdio_scanf_options 000000018001b9f0 f i LIBCMT:default_local_stdio_options.obj
 0001:0001a9f8       __scrt_initialize_default_local_stdio_options 000000018001b9f8 f   LIBCMT:default_local_stdio_options.obj
 0001:0001aa14       __scrt_get_dyn_tls_init_callback 000000018001ba14 f   LIBCMT:dyn_tls_init.obj
 0001:0001aa1c       _RTC_Initialize            000000018001ba1c f   LIBCMT:_initsect_.obj
 0001:0001aa68       _RTC_Terminate             000000018001ba68 f   LIBCMT:_initsect_.obj
 0001:0001aac0       ?_ExecutionInCatch@@YAHPEAU_xDISPATCHER_CONTEXT@@PEBU_s_FuncInfo@@@Z 000000018001bac0 f   libvcruntime:trnsctrl.obj
 0001:0001ab34       ?_GetEstablisherFrame@@YAPEA_KPEA_KPEAU_xDISPATCHER_CONTEXT@@PEBU_s_FuncInfo@@0@Z 000000018001bb34 f   libvcruntime:trnsctrl.obj
 0001:0001ac00       ?_GetRangeOfTrysToCheck@@YAPEBU_s_TryBlockMapEntry@@PEA_KPEBU_s_FuncInfo@@HHPEAI2PEAU_xDISPATCHER_CONTEXT@@@Z 000000018001bc00 f   libvcruntime:trnsctrl.obj
 0001:0001ad2c       ?__FrameUnwindToEmptyState@@YAXPEA_KPEAU_xDISPATCHER_CONTEXT@@PEBU_s_FuncInfo@@@Z 000000018001bd2c f   libvcruntime:trnsctrl.obj
 0001:0001adc0       ?__SehTransFilter@@YAHPEAU_EXCEPTION_POINTERS@@PEAUEHExceptionRecord@@PEA_KPEAU_CONTEXT@@PEAU_xDISPATCHER_CONTEXT@@PEBU_s_FuncInfo@@PEAH@Z 000000018001bdc0 f   libvcruntime:trnsctrl.obj
 0001:0001ae58       _CallSETranslator          000000018001be58 f   libvcruntime:trnsctrl.obj
 0001:0001aeb0       _CreateFrameInfo           000000018001beb0 f   libvcruntime:trnsctrl.obj
 0001:0001aeec       _FindAndUnlinkFrame        000000018001beec f   libvcruntime:trnsctrl.obj
 0001:0001af44       _GetImageBase              000000018001bf44 f   libvcruntime:trnsctrl.obj
 0001:0001af58       _GetThrowImageBase         000000018001bf58 f   libvcruntime:trnsctrl.obj
 0001:0001af6c       _IsExceptionObjectToBeDestroyed 000000018001bf6c f   libvcruntime:trnsctrl.obj
 0001:0001af9c       _SetImageBase              000000018001bf9c f   libvcruntime:trnsctrl.obj
 0001:0001afb4       _SetThrowImageBase         000000018001bfb4 f   libvcruntime:trnsctrl.obj
 0001:0001afcc       _UnwindNestedFrames        000000018001bfcc f   libvcruntime:trnsctrl.obj
 0001:0001b0f0       __CxxFrameHandler3         000000018001c0f0 f   libvcruntime:trnsctrl.obj
 0001:0001b180       memmove                    000000018001c180 f   libvcruntime:memcpy.obj
 0001:0001b180       memcpy                     000000018001c180 f   libvcruntime:memcpy.obj
 0001:0001b5b8       __DestructExceptionObject  000000018001c5b8 f   libvcruntime:frame.obj
 0001:0001b640       ??0bad_exception@std@@QEAA@AEBV01@@Z 000000018001c640 f i libvcruntime:frame.obj
 0001:0001b680       ??0bad_exception@std@@QEAA@XZ 000000018001c680 f i libvcruntime:frame.obj
 0001:0001b6a0       ??0exception@std@@QEAA@AEBV01@@Z 000000018001c6a0 f i libvcruntime:frame.obj
 0001:0001b6d8       ??1bad_exception@std@@UEAA@XZ 000000018001c6d8 f i libvcruntime:frame.obj
 0001:0001b6ec       ??_Gbad_exception@std@@UEAAPEAXI@Z 000000018001c6ec f i libvcruntime:frame.obj
 0001:0001b6ec       ??_Ebad_exception@std@@UEAAPEAXI@Z 000000018001c6ec f i libvcruntime:frame.obj
 0001:0001b6ec       ??_Eexception@std@@UEAAPEAXI@Z 000000018001c6ec f i libvcruntime:frame.obj
 0001:0001b6ec       ??_Gexception@std@@UEAAPEAXI@Z 000000018001c6ec f i libvcruntime:frame.obj
 0001:0001c08c       ?_CallMemberFunction0@@YAXPEAXP6AX0@Z@Z 000000018001d08c f i libvcruntime:frame.obj
 0001:0001c090       ?_CallMemberFunction1@@YAXPEAXP6AX0@Z0@Z 000000018001d090 f i libvcruntime:frame.obj
 0001:0001c09c       ?_CallMemberFunction2@@YAXPEAXP6AX0@Z0H@Z 000000018001d09c f i libvcruntime:frame.obj
 0001:0001c0ac       ?what@exception@std@@UEBAPEBDXZ 000000018001d0ac f i libvcruntime:frame.obj
 0001:0001c0c0       __AdjustPointer            000000018001d0c0 f   libvcruntime:frame.obj
 0001:0001c0e4       __BuildCatchObject         000000018001d0e4 f   libvcruntime:frame.obj
 0001:0001c1a8       __BuildCatchObjectHelper   000000018001d1a8 f   libvcruntime:frame.obj
 0001:0001c388       __CxxCallCatchBlock        000000018001d388 f   libvcruntime:frame.obj
 0001:0001c574       __FrameUnwindFilter        000000018001d574 f   libvcruntime:frame.obj
 0001:0001c5c0       __FrameUnwindToState       000000018001d5c0 f   libvcruntime:frame.obj
 0001:0001c754       __InternalCxxFrameHandler  000000018001d754 f   libvcruntime:frame.obj
 0001:0001c9ac       __TypeMatch                000000018001d9ac f   libvcruntime:frame.obj
 0001:0001caec       __std_terminate            000000018001daec f   libvcruntime:frame.obj
 0001:0001caf8       wcschr                     000000018001daf8 f   libvcruntime:wcschr.obj
 0001:0001cb8c       wcsstr                     000000018001db8c f   libvcruntime:wcsstr.obj
 0001:0001cd8c       wcsrchr                    000000018001dd8c f   libvcruntime:wcsrchr.obj
 0001:0001ce3c       strrchr                    000000018001de3c f   libvcruntime:strrchr.obj
 0001:0001cf7c       __C_specific_handler       000000018001df7c f   libvcruntime:_chandler_.obj
 0001:0001d178       strchr                     000000018001e178 f   libvcruntime:strchr.obj
 0001:0001d204       _purecall                  000000018001e204 f   libvcruntime:purevirt.obj
 0001:0001d23c       __vcrt_initialize          000000018001e23c f   libvcruntime:initialization.obj
 0001:0001d270       __vcrt_thread_attach       000000018001e270 f   libvcruntime:initialization.obj
 0001:0001d284       __vcrt_thread_detach       000000018001e284 f   libvcruntime:initialization.obj
 0001:0001d298       __vcrt_uninitialize        000000018001e298 f   libvcruntime:initialization.obj
 0001:0001d2b8       __vcrt_uninitialize_critical 000000018001e2b8 f   libvcruntime:initialization.obj
 0001:0001d4a0       __vcrt_FlsAlloc            000000018001e4a0 f   libvcruntime:winapi_downlevel.obj
 0001:0001d4f4       __vcrt_FlsFree             000000018001e4f4 f   libvcruntime:winapi_downlevel.obj
 0001:0001d548       __vcrt_FlsGetValue         000000018001e548 f   libvcruntime:winapi_downlevel.obj
 0001:0001d59c       __vcrt_FlsSetValue         000000018001e59c f   libvcruntime:winapi_downlevel.obj
 0001:0001d604       __vcrt_InitializeCriticalSectionEx 000000018001e604 f   libvcruntime:winapi_downlevel.obj
 0001:0001d67c       __vcrt_initialize_winapi_thunks 000000018001e67c f   libvcruntime:winapi_downlevel.obj
 0001:0001d6c0       __vcrt_uninitialize_winapi_thunks 000000018001e6c0 f   libvcruntime:winapi_downlevel.obj
 0001:0001d710       memset                     000000018001e710 f   libvcruntime:memset.obj
 0001:0001d8b0       __std_type_info_compare    000000018001e8b0 f   libvcruntime:std_type_info.obj
 0001:0001d8d8       __std_type_info_destroy_list 000000018001e8d8 f   libvcruntime:std_type_info.obj
 0001:0001d904       __vcrt_freefls             000000018001e904 f   libvcruntime:per_thread_data.obj
 0001:0001d924       __vcrt_freeptd             000000018001e924 f   libvcruntime:per_thread_data.obj
 0001:0001d974       __vcrt_getptd              000000018001e974 f   libvcruntime:per_thread_data.obj
 0001:0001d990       __vcrt_getptd_noexit       000000018001e990 f   libvcruntime:per_thread_data.obj
 0001:0001da48       __vcrt_initialize_ptd      000000018001ea48 f   libvcruntime:per_thread_data.obj
 0001:0001da88       __vcrt_uninitialize_ptd    000000018001ea88 f   libvcruntime:per_thread_data.obj
 0001:0001daac       ?__GetCurrentState@@YAHPEA_KPEAU_xDISPATCHER_CONTEXT@@PEBU_s_FuncInfo@@@Z 000000018001eaac f   libvcruntime:ehstate.obj
 0001:0001dad4       ?__GetUnwindTryBlock@@YAHPEA_KPEAU_xDISPATCHER_CONTEXT@@PEBU_s_FuncInfo@@@Z 000000018001ead4 f   libvcruntime:ehstate.obj
 0001:0001db00       ?__SetState@@YAXPEA_KPEAU_xDISPATCHER_CONTEXT@@PEBU_s_FuncInfo@@H@Z 000000018001eb00 f   libvcruntime:ehstate.obj
 0001:0001db0c       ?__SetUnwindTryBlock@@YAXPEA_KPEAU_xDISPATCHER_CONTEXT@@PEBU_s_FuncInfo@@H@Z 000000018001eb0c f   libvcruntime:ehstate.obj
 0001:0001db48       ?__StateFromControlPc@@YAHPEBU_s_FuncInfo@@PEAU_xDISPATCHER_CONTEXT@@@Z 000000018001eb48 f   libvcruntime:ehstate.obj
 0001:0001db50       ?__StateFromIp@@YAHPEBU_s_FuncInfo@@PEAU_xDISPATCHER_CONTEXT@@_J@Z 000000018001eb50 f   libvcruntime:ehstate.obj
 0001:0001dbd0       _CallSettingFrame          000000018001ebd0 f   libvcruntime:handlers.obj
 0001:0001dc10       __std_exception_copy       000000018001ec10 f   libvcruntime:std_exception.obj
 0001:0001dca0       __std_exception_destroy    000000018001eca0 f   libvcruntime:std_exception.obj
 0001:0001dcc8       __except_validate_context_record 000000018001ecc8 f   libvcruntime:jbcxrval.obj
 0001:0001dd00       _CxxThrowException         000000018001ed00 f   libvcruntime:throw.obj
 0001:0001ddf0       _local_unwind              000000018001edf0 f   libvcruntime:_jmpuwind_.obj
 0001:0001de20       _NLG_Notify                000000018001ee20 f   libvcruntime:_jmpuwind_.obj
 0001:0001de40       __NLG_Dispatch2            000000018001ee40 f   libvcruntime:_jmpuwind_.obj
 0001:0001de50       __NLG_Return2              000000018001ee50 f   libvcruntime:_jmpuwind_.obj
 0001:0001de54       __vcrt_initialize_pure_virtual_call_handler 000000018001ee54 f   libvcruntime:purevirt_data.obj
 0001:0001de78       __vcrt_initialize_locks    000000018001ee78 f   libvcruntime:locks.obj
 0001:0001dec0       __vcrt_uninitialize_locks  000000018001eec0 f   libvcruntime:locks.obj
 0001:0001def8       wcsncmp                    000000018001eef8 f   libucrt:wcsncmp.obj
 0001:0001df24       ??0_LocaleUpdate@@QEAA@QEAU__crt_locale_pointers@@@Z 000000018001ef24 f i libucrt:strtox.obj
 0001:0001dfb4       _seh_filter_dll            000000018001efb4 f   libucrt:exception_filter.obj
 0001:0001dfc8       _seh_filter_exe            000000018001efc8 f   libucrt:exception_filter.obj
 0001:0001e388       __acrt_initialize_thread_local_exit_callback 000000018001f388 f   libucrt:exit.obj
 0001:0001e390       _cexit                     000000018001f390 f   libucrt:exit.obj
 0001:0001e3a0       _exit                      000000018001f3a0 f   libucrt:exit.obj
 0001:0001e3ac       _is_c_termination_complete 000000018001f3ac f   libucrt:exit.obj
 0001:0001e570       __acrt_allocate_buffer_for_argv 000000018001f570 f   libucrt:argv_parsing.obj
 0001:0001e5d4       _configure_narrow_argv     000000018001f5d4 f   libucrt:argv_parsing.obj
 0001:0001e930       __dcrt_uninitialize_environments_nolock 000000018001f930 f   libucrt:environment_initialization.obj
 0001:0001e968       _initialize_narrow_environment 000000018001f968 f   libucrt:environment_initialization.obj
 0001:0001e970       ??$?RV<lambda_b8c45f8f788dd370798f47cfe8ac3a86>@@AEAV<lambda_4e60a939b0d047cfe11ddc22648dfba9>@@V<lambda_332c3edc96d0294ec56c57d38c1cdfd5>@@@?$__crt_seh_guarded_call@H@@QEAAH$$QEAV<lambda_b8c45f8f788dd370798f47cfe8ac3a86>@@AEAV<lambda_4e60a939b0d047cfe11ddc22648dfba9>@@$$QEAV<lambda_332c3edc96d0294ec56c57d38c1cdfd5>@@@Z 000000018001f970 f i libucrt:onexit.obj
 0001:0001e9ac       ??$?RV<lambda_e24bbb7b643b32fcea6fa61b31d4c984>@@AEAV<lambda_275893d493268fdec8709772e3fcec0e>@@V<lambda_9d71df4d7cf3f480f8d633942495c3b0>@@@?$__crt_seh_guarded_call@H@@QEAAH$$QEAV<lambda_e24bbb7b643b32fcea6fa61b31d4c984>@@AEAV<lambda_275893d493268fdec8709772e3fcec0e>@@$$QEAV<lambda_9d71df4d7cf3f480f8d633942495c3b0>@@@Z 000000018001f9ac f i libucrt:onexit.obj
 0001:0001ed28       _crt_atexit                000000018001fd28 f   libucrt:onexit.obj
 0001:0001ed38       _execute_onexit_table      000000018001fd38 f   libucrt:onexit.obj
 0001:0001ed74       _initialize_onexit_table   000000018001fd74 f   libucrt:onexit.obj
 0001:0001edb4       _register_onexit_function  000000018001fdb4 f   libucrt:onexit.obj
 0001:0001ef30       __acrt_initialize          000000018001ff30 f   libucrt:initialization.obj
 0001:0001ef44       __acrt_thread_attach       000000018001ff44 f   libucrt:initialization.obj
 0001:0001ef58       __acrt_thread_detach       000000018001ff58 f   libucrt:initialization.obj
 0001:0001ef68       __acrt_uninitialize        000000018001ff68 f   libucrt:initialization.obj
 0001:0001ef7c       __acrt_uninitialize_critical 000000018001ff7c f   libucrt:initialization.obj
 0001:0001ef8c       _initterm                  000000018001ff8c f   libucrt:initterm.obj
 0001:0001f004       _initterm_e                0000000180020004 f   libucrt:initterm.obj
 0001:0001f050       terminate                  0000000180020050 f   libucrt:terminate.obj
 0001:0001f078       abort                      0000000180020078 f   libucrt:abort.obj
 0001:0001f0d0       _free_base                 00000001800200d0 f   libucrt:free_base.obj
 0001:0001f110       _malloc_base               0000000180020110 f   libucrt:malloc_base.obj
 0001:0001f170       strcpy_s                   0000000180020170 f   libucrt:strcpy_s.obj
 0001:0001f1d0       _calloc_base               00000001800201d0 f   libucrt:calloc_base.obj
 0001:0001f248       free                       0000000180020248 f   libucrt:free.obj
 0001:0001f250       malloc                     0000000180020250 f   libucrt:malloc.obj
 0001:0001f258       __acrt_call_reportfault    0000000180020258 f   libucrt:invalid_parameter.obj
 0001:0001f3b4       __acrt_initialize_invalid_parameter_handler 00000001800203b4 f   libucrt:invalid_parameter.obj
 0001:0001f3bc       _invalid_parameter         00000001800203bc f   libucrt:invalid_parameter.obj
 0001:0001f464       _invalid_parameter_noinfo  0000000180020464 f   libucrt:invalid_parameter.obj
 0001:0001f484       _invoke_watson             0000000180020484 f   libucrt:invalid_parameter.obj
 0001:0001f4cc       __acrt_errno_from_os_error 00000001800204cc f   libucrt:errno.obj
 0001:0001f514       __acrt_errno_map_os_error  0000000180020514 f   libucrt:errno.obj
 0001:0001f564       __doserrno                 0000000180020564 f   libucrt:errno.obj
 0001:0001f584       _errno                     0000000180020584 f   libucrt:errno.obj
 0001:0001f5a4       __pctype_func              00000001800205a4 f   libucrt:ctype.obj
 0001:0001f5d4       ??$?RV<lambda_46352004c1216016012b18bd6f87e700>@@AEAV<lambda_3bd07e1a1191394380780325891bf33f>@@V<lambda_334532d3f185bcaa59b5be82d7d22bff>@@@?$__crt_seh_guarded_call@X@@QEAAX$$QEAV<lambda_46352004c1216016012b18bd6f87e700>@@AEAV<lambda_3bd07e1a1191394380780325891bf33f>@@$$QEAV<lambda_334532d3f185bcaa59b5be82d7d22bff>@@@Z 00000001800205d4 f i libucrt:per_thread_data.obj
 0001:0001f634       ??$?RV<lambda_5e887d1dcbef67a5eb4283622ba103bf>@@AEAV<lambda_4466841279450cc726390878d4a41900>@@V<lambda_341c25c0346d94847f1f3c463c57e077>@@@?$__crt_seh_guarded_call@X@@QEAAX$$QEAV<lambda_5e887d1dcbef67a5eb4283622ba103bf>@@AEAV<lambda_4466841279450cc726390878d4a41900>@@$$QEAV<lambda_341c25c0346d94847f1f3c463c57e077>@@@Z 0000000180020634 f i libucrt:per_thread_data.obj
 0001:0001f67c       ??$?RV<lambda_72d1df2b273a38828b1ce30cbf4cdab5>@@AEAV<lambda_876a65b173b8412d3a47c70a915b0cf4>@@V<lambda_41932305e351933ebe8f8be3ed8bb5dc>@@@?$__crt_seh_guarded_call@X@@QEAAX$$QEAV<lambda_72d1df2b273a38828b1ce30cbf4cdab5>@@AEAV<lambda_876a65b173b8412d3a47c70a915b0cf4>@@$$QEAV<lambda_41932305e351933ebe8f8be3ed8bb5dc>@@@Z 000000018002067c f i libucrt:per_thread_data.obj
 0001:0001f6bc       ??$?RV<lambda_fb3a7dec4e47f37f22dae91bb15c9095>@@AEAV<lambda_698284760c8add0bfb0756c19673e34b>@@V<lambda_dfb8eca1e75fef3034a8fb18dd509707>@@@?$__crt_seh_guarded_call@X@@QEAAX$$QEAV<lambda_fb3a7dec4e47f37f22dae91bb15c9095>@@AEAV<lambda_698284760c8add0bfb0756c19673e34b>@@$$QEAV<lambda_dfb8eca1e75fef3034a8fb18dd509707>@@@Z 00000001800206bc f i libucrt:per_thread_data.obj
 0001:0001f94c       __acrt_freeptd             000000018002094c f   libucrt:per_thread_data.obj
 0001:0001f990       __acrt_getptd              0000000180020990 f   libucrt:per_thread_data.obj
 0001:0001fa24       __acrt_getptd_noexit       0000000180020a24 f   libucrt:per_thread_data.obj
 0001:0001fac4       __acrt_initialize_ptd      0000000180020ac4 f   libucrt:per_thread_data.obj
 0001:0001fb00       __acrt_uninitialize_ptd    0000000180020b00 f   libucrt:per_thread_data.obj
 0001:0001fb24       __acrt_update_locale_info  0000000180020b24 f   libucrt:locale_update.obj
 0001:0001fb58       __acrt_update_multibyte_info 0000000180020b58 f   libucrt:locale_update.obj
 0001:0001fb8c       __acrt_set_locale_changed  0000000180020b8c f   libucrt:wsetlocale.obj
 0001:0001fb98       __acrt_uninitialize_locale 0000000180020b98 f   libucrt:wsetlocale.obj
 0001:0001fbe0       __acrt_initialize_locks    0000000180020be0 f   libucrt:locks.obj
 0001:0001fc28       __acrt_lock                0000000180020c28 f   libucrt:locks.obj
 0001:0001fc44       __acrt_uninitialize_locks  0000000180020c44 f   libucrt:locks.obj
 0001:0001fc7c       __acrt_unlock              0000000180020c7c f   libucrt:locks.obj
 0001:0001fe38       __acrt_FlsAlloc            0000000180020e38 f   libucrt:winapi_thunks.obj
 0001:0001fe90       __acrt_FlsFree             0000000180020e90 f   libucrt:winapi_thunks.obj
 0001:0001fee8       __acrt_FlsGetValue         0000000180020ee8 f   libucrt:winapi_thunks.obj
 0001:0001ff40       __acrt_FlsSetValue         0000000180020f40 f   libucrt:winapi_thunks.obj
 0001:0001ffa8       __acrt_InitializeCriticalSectionEx 0000000180020fa8 f   libucrt:winapi_thunks.obj
 0001:00020020       __acrt_LCMapStringEx       0000000180021020 f   libucrt:winapi_thunks.obj
 0001:00020110       __acrt_LocaleNameToLCID    0000000180021110 f   libucrt:winapi_thunks.obj
 0001:00020178       __acrt_initialize_winapi_thunks 0000000180021178 f   libucrt:winapi_thunks.obj
 0001:000201b0       __acrt_is_packaged_app     00000001800211b0 f   libucrt:winapi_thunks.obj
 0001:00020238       __acrt_uninitialize_winapi_thunks 0000000180021238 f   libucrt:winapi_thunks.obj
 0001:00020758       ?expand_if_necessary@?$argument_list@D@?A0xca0879c4@@AEAAHXZ 0000000180021758 f i libucrt:argv_wildcards.obj
 0001:00020820       __acrt_expand_narrow_argv_wildcards 0000000180021820 f   libucrt:argv_wildcards.obj
 0001:00020828       ??$?RV<lambda_99476a1ad63dd22509b5d3e65b0ffc95>@@AEAV<lambda_ad1ced32f4ac17aa236e5ef05d6b3b7c>@@V<lambda_f7424dd8d45958661754dc4f2697e9c3>@@@?$__crt_seh_guarded_call@X@@QEAAX$$QEAV<lambda_99476a1ad63dd22509b5d3e65b0ffc95>@@AEAV<lambda_ad1ced32f4ac17aa236e5ef05d6b3b7c>@@$$QEAV<lambda_f7424dd8d45958661754dc4f2697e9c3>@@@Z 0000000180021828 f i libucrt:mbctype.obj
 0001:00020f24       __acrt_initialize_multibyte 0000000180021f24 f   libucrt:mbctype.obj
 0001:00020f4c       __acrt_update_thread_multibyte_data 0000000180021f4c f   libucrt:mbctype.obj
 0001:0002100c       _setmbcp_nolock            000000018002200c f   libucrt:mbctype.obj
 0001:0002132c       _ismbblead                 000000018002232c f   libucrt:ismbbyte.obj
 0001:00021340       __acrt_initialize_command_line 0000000180022340 f   libucrt:argv_data.obj
 0001:00021368       __dcrt_get_narrow_environment_from_os 0000000180022368 f   libucrt:get_environment_from_os.obj
 0001:0002146c       _recalloc                  000000018002246c f   libucrt:recalloc.obj
 0001:00021474       _recalloc_base             0000000180022474 f   libucrt:recalloc.obj
 0001:0002150c       __acrt_initialize_heap     000000018002250c f   libucrt:heap_handle.obj
 0001:00021528       __acrt_uninitialize_heap   0000000180022528 f   libucrt:heap_handle.obj
 0001:0002171c       __acrt_initialize_lowio    000000018002271c f   libucrt:ioinit.obj
 0001:00021758       __acrt_uninitialize_lowio  0000000180022758 f   libucrt:ioinit.obj
 0001:00021798       __acrt_execute_initializers 0000000180022798 f   libucrt:shared_initialization.obj
 0001:0002182c       __acrt_execute_uninitializers 000000018002282c f   libucrt:shared_initialization.obj
 0001:0002187c       __acrt_initialize_new_handler 000000018002287c f   libucrt:new_handler.obj
 0001:00021884       _callnewh                  0000000180022884 f   libucrt:new_handler.obj
 0001:000218c4       _query_new_handler         00000001800228c4 f   libucrt:new_handler.obj
 0001:000218f8       ??$?RV<lambda_c36588078e9f5dfd39652860aa6b3aaf>@@AEAV<lambda_ec61778202f4f5fc7e7711acc23c3bca>@@V<lambda_dc9d2797ccde5d239b4a0efae8ebd7db>@@@?$__crt_seh_guarded_call@P6AXH@Z@@QEAAP6AXH@Z$$QEAV<lambda_c36588078e9f5dfd39652860aa6b3aaf>@@AEAV<lambda_ec61778202f4f5fc7e7711acc23c3bca>@@$$QEAV<lambda_dc9d2797ccde5d239b4a0efae8ebd7db>@@@Z 00000001800228f8 f i libucrt:signal.obj
 0001:00021940       __acrt_get_sigabrt_handler 0000000180022940 f   libucrt:signal.obj
 0001:00021970       __acrt_initialize_signal_handlers 0000000180022970 f   libucrt:signal.obj
 0001:00021990       raise                      0000000180022990 f   libucrt:signal.obj
 0001:00021c2c       __acrt_has_user_matherr    0000000180022c2c f   libucrt:matherr.obj
 0001:00021c4c       __acrt_initialize_user_matherr 0000000180022c4c f   libucrt:matherr.obj
 0001:00021c54       __acrt_invoke_user_matherr 0000000180022c54 f   libucrt:matherr.obj
 0001:00021c9c       _query_new_mode            0000000180022c9c f   libucrt:new_mode.obj
 0001:00021ca4       _mbtowc_l                  0000000180022ca4 f   libucrt:mbtowc.obj
 0001:00021dec       mbtowc                     0000000180022dec f   libucrt:mbtowc.obj
 0001:00021df4       _fileno                    0000000180022df4 f   libucrt:fileno.obj
 0001:00021e1c       __acrt_initialize_stdio    0000000180022e1c f   libucrt:_file.obj
 0001:00021f3c       __acrt_uninitialize_stdio  0000000180022f3c f   libucrt:_file.obj
 0001:00021f98       _lock_file                 0000000180022f98 f   libucrt:_file.obj
 0001:00021fa4       _unlock_file               0000000180022fa4 f   libucrt:_file.obj
 0001:00021fb0       _isleadbyte_l              0000000180022fb0 f i libucrt:_wctype.obj
 0001:00021ff0       __acrt_GetStringTypeA      0000000180022ff0 f   libucrt:getstringtypea.obj
 0001:000221a4       __acrt_add_locale_ref      00000001800231a4 f   libucrt:locale_refcounting.obj
 0001:00022230       __acrt_free_locale         0000000180023230 f   libucrt:locale_refcounting.obj
 0001:000223a8       __acrt_locale_add_lc_time_reference 00000001800233a8 f   libucrt:locale_refcounting.obj
 0001:000223d0       __acrt_locale_free_lc_time_if_unreferenced 00000001800233d0 f   libucrt:locale_refcounting.obj
 0001:00022408       __acrt_locale_release_lc_time_reference 0000000180023408 f   libucrt:locale_refcounting.obj
 0001:00022430       __acrt_release_locale_ref  0000000180023430 f   libucrt:locale_refcounting.obj
 0001:000224d8       __acrt_update_thread_locale_data 00000001800234d8 f   libucrt:locale_refcounting.obj
 0001:00022548       _updatetlocinfoEx_nolock   0000000180023548 f   libucrt:locale_refcounting.obj
 0001:000225b0       __acrt_locale_free_monetary 00000001800235b0 f   libucrt:initmon.obj
 0001:000226bc       __acrt_locale_free_numeric 00000001800236bc f   libucrt:initnum.obj
 0001:00022780       __acrt_locale_free_time    0000000180023780 f   libucrt:inittime.obj
 0001:00022950       __acrt_DownlevelLocaleNameToLCID 0000000180023950 f   libucrt:lcidtoname_downlevel.obj
 0001:00022a60       qsort                      0000000180023a60 f   libucrt:qsort.obj
 0001:00022d94       strncpy_s                  0000000180023d94 f   libucrt:strncpy_s.obj
 0001:00022e68       strpbrk                    0000000180023e68 f   libucrt:strpbrk.obj
 0001:00022f08       _mbsdec                    0000000180023f08 f   libucrt:mbsdec.obj
 0001:00022f10       _mbsdec_l                  0000000180023f10 f   libucrt:mbsdec.obj
 0001:0002331c       __acrt_LCMapStringA        000000018002431c f   libucrt:lcmapstringa.obj
 0001:000233b4       _msize                     00000001800243b4 f   libucrt:msize.obj
 0001:000233f0       _realloc_base              00000001800243f0 f   libucrt:realloc_base.obj
 0001:00023474       __acrt_lowio_create_handle_array 0000000180024474 f   libucrt:osfinfo.obj
 0001:0002350c       __acrt_lowio_destroy_handle_array 000000018002450c f   libucrt:osfinfo.obj
 0001:0002355c       __acrt_lowio_ensure_fh_exists 000000018002455c f   libucrt:osfinfo.obj
 0001:00023614       __acrt_lowio_lock_fh       0000000180024614 f   libucrt:osfinfo.obj
 0001:00023638       __acrt_lowio_unlock_fh     0000000180024638 f   libucrt:osfinfo.obj
 0001:0002365c       _free_osfhnd               000000018002465c f   libucrt:osfinfo.obj
 0001:00023718       _get_osfhandle             0000000180024718 f   libucrt:osfinfo.obj
 0001:00023790       _isatty                    0000000180024790 f   libucrt:isatty.obj
 0001:000237f0       __acrt_stdio_flush_nolock  00000001800247f0 f   libucrt:fflush.obj
 0001:00023868       _fflush_nolock             0000000180024868 f   libucrt:fflush.obj
 0001:000238b4       _flushall                  00000001800248b4 f   libucrt:fflush.obj
 0001:000239a4       _fcloseall                 00000001800249a4 f   libucrt:closeall.obj
 0001:00023a58       __acrt_stdio_free_buffer_nolock 0000000180024a58 f   libucrt:_freebuf.obj
 0001:00023a98       __strncnt                  0000000180024a98 f   libucrt:strncnt.obj
 0001:00023ab0       _query_app_type            0000000180024ab0 f   libucrt:report_runtime_error.obj
 0001:00023ab8       ??$?RV<lambda_b521505b218e5242e90febf6bfebc422>@@AEAV<lambda_6978c1fb23f02e42e1d9e99668cc68aa>@@V<lambda_314360699dd331753a4119843814e9a7>@@@?$__crt_seh_guarded_call@H@@QEAAH$$QEAV<lambda_b521505b218e5242e90febf6bfebc422>@@AEAV<lambda_6978c1fb23f02e42e1d9e99668cc68aa>@@$$QEAV<lambda_314360699dd331753a4119843814e9a7>@@@Z 0000000180024ab8 f i libucrt:commit.obj
 0001:00023b44       _commit                    0000000180024b44 f   libucrt:commit.obj
 0001:00024178       _write                     0000000180025178 f   libucrt:write.obj
 0001:00024264       _write_nolock              0000000180025264 f   libucrt:write.obj
 0001:00024550       log10                      0000000180025550 f   libucrt:log10.obj
 0001:00024b98       _lseeki64_nolock           0000000180025b98 f   libucrt:lseek.obj
 0001:00024ba0       _fclose_nolock             0000000180025ba0 f   libucrt:fclose.obj
 0001:00024c24       fclose                     0000000180025c24 f   libucrt:fclose.obj
 0001:00024c90       _putwch_nolock             0000000180025c90 f   libucrt:putwch.obj
 0001:00024e10       _handle_error              0000000180025e10 f   libucrt:libm_error.obj
 0001:00024f40       __acrt_initialize_fma3     0000000180025f40 f   libucrt:fma3_available.obj
 0001:00024fb0       _log10_special             0000000180025fb0 f   libucrt:log_special.obj
 0001:00025068       ??$?RV<lambda_bfedae4ebbf01fab1bb6dcc6a9e276e0>@@AEAV<lambda_2fe9b910cf3cbf4a0ab98a02ba45b3ec>@@V<lambda_237c231691f317818eb88cc1d5d642d6>@@@?$__crt_seh_guarded_call@H@@QEAAH$$QEAV<lambda_bfedae4ebbf01fab1bb6dcc6a9e276e0>@@AEAV<lambda_2fe9b910cf3cbf4a0ab98a02ba45b3ec>@@$$QEAV<lambda_237c231691f317818eb88cc1d5d642d6>@@@Z 0000000180026068 f i libucrt:close.obj
 0001:000250dc       _close                     00000001800260dc f   libucrt:close.obj
 0001:00025180       _close_nolock              0000000180026180 f   libucrt:close.obj
 0001:0002523c       ?__acrt_stdio_free_stream@@YAXV__crt_stdio_stream@@@Z 000000018002623c f   libucrt:stream.obj
 0001:00025280       __dcrt_lowio_initialize_console_output 0000000180026280 f   libucrt:initcon.obj
 0001:000252bc       __dcrt_terminate_console_output 00000001800262bc f   libucrt:initcon.obj
 0001:000252f0       _get_fpsr                  00000001800262f0 f   libucrt:fpsr.obj
 0001:00025300       _set_fpsr                  0000000180026300 f   libucrt:fpsr.obj
 0001:0002530a       _fclrf                     000000018002630a f   libucrt:fpsr.obj
 0001:0002531e       _frnd                      000000018002631e f   libucrt:fpsr.obj
 0001:00025340       _raise_exc                 0000000180026340 f   libucrt:fpexcept.obj
 0001:00025368       _raise_exc_ex              0000000180026368 f   libucrt:fpexcept.obj
 0001:00025670       _set_errno_from_matherr    0000000180026670 f   libucrt:fpexcept.obj
 0001:000256a0       _clrfp                     00000001800266a0 f   libucrt:fpctrl.obj
 0001:000256c0       _ctrlfp                    00000001800266c0 f   libucrt:fpctrl.obj
 0001:0002573c       _set_statfp                000000018002673c f   libucrt:fpctrl.obj
 0001:0002575c       _statfp                    000000018002675c f   libucrt:fpctrl.obj
 0001:0002576e       IsProcessorFeaturePresent  000000018002676e f   kernel32:KERNEL32.dll
 0001:00025774       RtlUnwindEx                0000000180026774 f   kernel32:KERNEL32.dll
 0001:0002577c       __GSHandlerCheck           000000018002677c f   LIBCMT:_gshandler_.obj
 0001:0002579c       __GSHandlerCheckCommon     000000018002679c f   LIBCMT:_gshandler_.obj
 0001:00025800       _FindPESection             0000000180026800 f   LIBCMT:pesect.obj
 0001:00025850       _IsNonwritableInCurrentImage 0000000180026850 f   LIBCMT:pesect.obj
 0001:000258a0       _ValidateImageBase         00000001800268a0 f   LIBCMT:pesect.obj
 0001:000258e0       _alloca_probe              00000001800268e0 f   LIBCMT:_chkstk_.obj
 0001:000258e0       __chkstk                   00000001800268e0 f   LIBCMT:_chkstk_.obj
 0001:00025950       memcmp                     0000000180026950 f   libvcruntime:memcmp.obj
 0001:00025a18       __GSHandlerCheck_EH        0000000180026a18 f   LIBCMT:gshandlereh.obj
 0001:00025ab0       _guard_dispatch_icall_nop  0000000180026ab0 f   LIBCMT:_guard_dispatch_.obj
 0002:00000000       __imp_RegCreateKeyExW      0000000180027000     advapi32:ADVAPI32.dll
 0002:00000008       __imp_RegCloseKey          0000000180027008     advapi32:ADVAPI32.dll
 0002:00000010       __imp_RegOpenKeyExW        0000000180027010     advapi32:ADVAPI32.dll
 0002:00000018       __imp_RegQueryValueExW     0000000180027018     advapi32:ADVAPI32.dll
 0002:00000020       \177ADVAPI32_NULL_THUNK_DATA 0000000180027020     advapi32:ADVAPI32.dll
 0002:00000028       __imp_GdiFlush             0000000180027028     gdi32:GDI32.dll
 0002:00000030       __imp_CloseEnhMetaFile     0000000180027030     gdi32:GDI32.dll
 0002:00000038       __imp_CreateEnhMetaFileW   0000000180027038     gdi32:GDI32.dll
 0002:00000040       __imp_DeleteEnhMetaFile    0000000180027040     gdi32:GDI32.dll
 0002:00000048       __imp_GetDeviceCaps        0000000180027048     gdi32:GDI32.dll
 0002:00000050       __imp_GetEnhMetaFileBits   0000000180027050     gdi32:GDI32.dll
 0002:00000058       __imp_CreateSolidBrush     0000000180027058     gdi32:GDI32.dll
 0002:00000060       __imp_SelectObject         0000000180027060     gdi32:GDI32.dll
 0002:00000068       __imp_CreateCompatibleDC   0000000180027068     gdi32:GDI32.dll
 0002:00000070       __imp_GetTextMetricsW      0000000180027070     gdi32:GDI32.dll
 0002:00000078       __imp_DeleteDC             0000000180027078     gdi32:GDI32.dll
[...]
 0004:00001854       $pdata$__acrt_FlsGetValue  0000000180045854     libucrt:winapi_thunks.obj
 0004:00001860       $pdata$__acrt_FlsSetValue  0000000180045860     libucrt:winapi_thunks.obj
 0004:0000186c       $pdata$__acrt_InitializeCriticalSectionEx 000000018004586c     libucrt:winapi_thunks.obj
 0004:00001878       $pdata$__acrt_LCMapStringEx 0000000180045878     libucrt:winapi_thunks.obj
 0004:00001884       $pdata$__acrt_LocaleNameToLCID 0000000180045884     libucrt:winapi_thunks.obj
 0004:00001890       $pdata$__acrt_initialize_winapi_thunks 0000000180045890     libucrt:winapi_thunks.obj
 0004:0000189c       $pdata$__acrt_is_packaged_app 000000018004589c     libucrt:winapi_thunks.obj
 0004:000018a8       $pdata$__acrt_uninitialize_winapi_thunks 00000001800458a8     libucrt:winapi_thunks.obj
 0004:000018b4       $pdata$??$common_expand_argv_wildcards@D@@YAHQEAPEADQEAPEAPEAD@Z 00000001800458b4     libucrt:argv_wildcards.obj
 0004:000018c0       $pdata$??$copy_and_add_argument_to_buffer@D@@YAHQEBD0_KAEAV?$argument_list@D@?A0xca0879c4@@@Z 00000001800458c0     libucrt:argv_wildcards.obj
 0004:000018cc       $pdata$??$expand_argument_wildcards@D@@YAHQEAD0AEAV?$argument_list@D@?A0xca0879c4@@@Z 00000001800458cc     libucrt:argv_wildcards.obj
 0004:000018d8       $pdata$?expand_if_necessary@?$argument_list@D@?A0xca0879c4@@AEAAHXZ 00000001800458d8     libucrt:argv_wildcards.obj
 0004:000018e4       $pdata$??$?RV<lambda_99476a1ad63dd22509b5d3e65b0ffc95>@@AEAV<lambda_ad1ced32f4ac17aa236e5ef05d6b3b7c>@@V<lambda_f7424dd8d45958661754dc4f2697e9c3>@@@?$__crt_seh_guarded_call@X@@QEAAX$$QEAV<lambda_99476a1ad63dd22509b5d3e65b0ffc95>@@AEAV<lambda_ad1ced32f4ac17aa236e5ef05d6b3b7c>@@$$QEAV<lambda_f7424dd8d45958661754dc4f2697e9c3>@@@Z 00000001800458e4     libucrt:mbctype.obj
 0004:000018f0       $pdata$??R<lambda_ad1ced32f4ac17aa236e5ef05d6b3b7c>@@QEBAXXZ 00000001800458f0     libucrt:mbctype.obj
 0004:000018fc       $pdata$?getSystemCP@@YAHH@Z 00000001800458fc     libucrt:mbctype.obj
 0004:00001908       $pdata$?setSBCS@@YAXPEAU__crt_multibyte_data@@@Z 0000000180045908     libucrt:mbctype.obj
 0004:00001914       $pdata$?setSBUpLow@@YAXPEAU__crt_multibyte_data@@@Z 0000000180045914     libucrt:mbctype.obj
 0004:00001920       $pdata$?setmbcp_internal@@YAHH_N@Z 0000000180045920     libucrt:mbctype.obj
 0004:0000192c       $pdata$__acrt_initialize_multibyte 000000018004592c     libucrt:mbctype.obj
 0004:00001938       $pdata$__acrt_update_thread_multibyte_data 0000000180045938     libucrt:mbctype.obj
 0004:00001944       $pdata$_setmbcp_nolock     0000000180045944     libucrt:mbctype.obj
 0004:00001950       $pdata$?x_ismbbtype_l@@YAHPEAU__crt_locale_pointers@@IHH@Z 0000000180045950     libucrt:ismbbyte.obj
 0004:0000195c       $pdata$__acrt_initialize_command_line 000000018004595c     libucrt:argv_data.obj
 0004:00001968       $pdata$__dcrt_get_narrow_environment_from_os 0000000180045968     libucrt:get_environment_from_os.obj
 0004:00001974       $pdata$_recalloc_base      0000000180045974     libucrt:recalloc.obj
 0004:00001980       $pdata$__acrt_initialize_heap 0000000180045980     libucrt:heap_handle.obj
 0004:0000198c       $pdata$?initialize_inherited_file_handles_nolock@@YAXXZ 000000018004598c     libucrt:ioinit.obj
 0004:00001998       $pdata$?initialize_stdio_handles_nolock@@YAXXZ 0000000180045998     libucrt:ioinit.obj
 0004:000019a4       $pdata$__acrt_initialize_lowio 00000001800459a4     libucrt:ioinit.obj
 0004:000019b0       $pdata$__acrt_uninitialize_lowio 00000001800459b0     libucrt:ioinit.obj
 0004:000019bc       $pdata$__acrt_execute_initializers 00000001800459bc     libucrt:shared_initialization.obj
 0004:000019c8       $pdata$__acrt_execute_uninitializers 00000001800459c8     libucrt:shared_initialization.obj
 0004:000019d4       $pdata$_callnewh           00000001800459d4     libucrt:new_handler.obj
 0004:000019e0       $pdata$_query_new_handler  00000001800459e0     libucrt:new_handler.obj
 0004:000019ec       $pdata$??$?RV<lambda_c36588078e9f5dfd39652860aa6b3aaf>@@AEAV<lambda_ec61778202f4f5fc7e7711acc23c3bca>@@V<lambda_dc9d2797ccde5d239b4a0efae8ebd7db>@@@?$__crt_seh_guarded_call@P6AXH@Z@@QEAAP6AXH@Z$$QEAV<lambda_c36588078e9f5dfd39652860aa6b3aaf>@@AEAV<lambda_ec61778202f4f5fc7e7711acc23c3bca>@@$$QEAV<lambda_dc9d2797ccde5d239b4a0efae8ebd7db>@@@Z 00000001800459ec     libucrt:signal.obj
 0004:000019f8       $pdata$__acrt_get_sigabrt_handler 00000001800459f8     libucrt:signal.obj
 0004:00001a04       $pdata$raise               0000000180045a04     libucrt:signal.obj
 0004:00001a10       $pdata$__acrt_invoke_user_matherr 0000000180045a10     libucrt:matherr.obj
 0004:00001a1c       $pdata$_mbtowc_l           0000000180045a1c     libucrt:mbtowc.obj
 0004:00001a28       $pdata$_fileno             0000000180045a28     libucrt:fileno.obj
 0004:00001a34       $pdata$__acrt_initialize_stdio 0000000180045a34     libucrt:_file.obj
 0004:00001a40       $pdata$__acrt_uninitialize_stdio 0000000180045a40     libucrt:_file.obj
 0004:00001a4c       $pdata$_isleadbyte_l       0000000180045a4c     libucrt:_wctype.obj
 0004:00001a58       $pdata$__acrt_GetStringTypeA 0000000180045a58     libucrt:getstringtypea.obj
 0004:00001a64       $pdata$__acrt_free_locale  0000000180045a64     libucrt:locale_refcounting.obj
 0004:00001a70       $pdata$__acrt_locale_free_lc_time_if_unreferenced 0000000180045a70     libucrt:locale_refcounting.obj
 0004:00001a7c       $pdata$__acrt_release_locale_ref 0000000180045a7c     libucrt:locale_refcounting.obj
 0004:00001a88       $pdata$__acrt_update_thread_locale_data 0000000180045a88     libucrt:locale_refcounting.obj
 0004:00001a94       $pdata$_updatetlocinfoEx_nolock 0000000180045a94     libucrt:locale_refcounting.obj
 0004:00001aa0       $pdata$__acrt_locale_free_monetary 0000000180045aa0     libucrt:initmon.obj
 0004:00001aac       $pdata$__acrt_locale_free_numeric 0000000180045aac     libucrt:initnum.obj
 0004:00001ab8       $pdata$?free_crt_array_internal@@YAXQEAPEBX_K@Z 0000000180045ab8     libucrt:inittime.obj
 0004:00001ac4       $pdata$__acrt_locale_free_time 0000000180045ac4     libucrt:inittime.obj
 0004:00001ad0       $pdata$?GetTableIndexFromLocaleName@@YAHPEB_W@Z 0000000180045ad0     libucrt:lcidtoname_downlevel.obj
 0004:00001adc       $pdata$__acrt_DownlevelLocaleNameToLCID 0000000180045adc     libucrt:lcidtoname_downlevel.obj
 0004:00001ae8       $pdata$?shortsort@@YAXPEAD0_KP6AHPEBX2@Z@Z 0000000180045ae8     libucrt:qsort.obj
 0004:00001af4       $pdata$2$?shortsort@@YAXPEAD0_KP6AHPEBX2@Z@Z 0000000180045af4     libucrt:qsort.obj
 0004:00001b00       $pdata$3$?shortsort@@YAXPEAD0_KP6AHPEBX2@Z@Z 0000000180045b00     libucrt:qsort.obj
 0004:00001b0c       $pdata$qsort               0000000180045b0c     libucrt:qsort.obj
 0004:00001b18       $pdata$4$qsort             0000000180045b18     libucrt:qsort.obj
 0004:00001b24       $pdata$5$qsort             0000000180045b24     libucrt:qsort.obj
 0004:00001b30       $pdata$strncpy_s           0000000180045b30     libucrt:strncpy_s.obj
 0004:00001b3c       $pdata$strpbrk             0000000180045b3c     libucrt:strpbrk.obj
 0004:00001b48       $pdata$_mbsdec_l           0000000180045b48     libucrt:mbsdec.obj
 0004:00001b54       $pdata$?initialize_multibyte@@YAHXZ 0000000180045b54     libucrt:multibyte_initializer.obj
 0004:00001b60       $pdata$?__acrt_LCMapStringA_stat@@YAHPEAU__crt_locale_pointers@@PEB_WKPEBDHPEADHHH@Z 0000000180045b60     libucrt:lcmapstringa.obj
 0004:00001b6c       $pdata$__acrt_LCMapStringA 0000000180045b6c     libucrt:lcmapstringa.obj
 0004:00001b78       $pdata$_msize              0000000180045b78     libucrt:msize.obj
 0004:00001b84       $pdata$_realloc_base       0000000180045b84     libucrt:realloc_base.obj
 0004:00001b90       $pdata$__acrt_lowio_create_handle_array 0000000180045b90     libucrt:osfinfo.obj
 0004:00001b9c       $pdata$__acrt_lowio_destroy_handle_array 0000000180045b9c     libucrt:osfinfo.obj
 0004:00001ba8       $pdata$__acrt_lowio_ensure_fh_exists 0000000180045ba8     libucrt:osfinfo.obj
 0004:00001bb4       $pdata$_free_osfhnd        0000000180045bb4     libucrt:osfinfo.obj
 0004:00001bc0       $pdata$_get_osfhandle      0000000180045bc0     libucrt:osfinfo.obj
 0004:00001bcc       $pdata$_isatty             0000000180045bcc     libucrt:isatty.obj
 0004:00001bd8       $pdata$__acrt_stdio_flush_nolock 0000000180045bd8     libucrt:fflush.obj
 0004:00001be4       $pdata$_fflush_nolock      0000000180045be4     libucrt:fflush.obj
 0004:00001bf0       $pdata$common_flush_all    0000000180045bf0     libucrt:fflush.obj
 0004:00001bfc       $pdata$_fcloseall          0000000180045bfc     libucrt:closeall.obj
 0004:00001c08       $pdata$__acrt_stdio_free_buffer_nolock 0000000180045c08     libucrt:_freebuf.obj
 0004:00001c14       $pdata$??$?RV<lambda_b521505b218e5242e90febf6bfebc422>@@AEAV<lambda_6978c1fb23f02e42e1d9e99668cc68aa>@@V<lambda_314360699dd331753a4119843814e9a7>@@@?$__crt_seh_guarded_call@H@@QEAAH$$QEAV<lambda_b521505b218e5242e90febf6bfebc422>@@AEAV<lambda_6978c1fb23f02e42e1d9e99668cc68aa>@@$$QEAV<lambda_314360699dd331753a4119843814e9a7>@@@Z 0000000180045c14     libucrt:commit.obj
 0004:00001c20       $pdata$_commit             0000000180045c20     libucrt:commit.obj
 0004:00001c2c       $pdata$?write_double_translated_ansi_nolock@@YA?AUwrite_result@?A0x9c548279@@HQEBDI@Z 0000000180045c2c     libucrt:write.obj
 0004:00001c38       $pdata$?write_text_ansi_nolock@@YA?AUwrite_result@?A0x9c548279@@HQEBDI@Z 0000000180045c38     libucrt:write.obj
 0004:00001c44       $pdata$?write_text_utf16le_nolock@@YA?AUwrite_result@?A0x9c548279@@HQEBDI@Z 0000000180045c44     libucrt:write.obj
 0004:00001c50       $pdata$?write_text_utf8_nolock@@YA?AUwrite_result@?A0x9c548279@@HQEBDI@Z 0000000180045c50     libucrt:write.obj
 0004:00001c5c       $pdata$_write              0000000180045c5c     libucrt:write.obj
 0004:00001c68       $pdata$_write_nolock       0000000180045c68     libucrt:write.obj
 0004:00001c80       $pdata$??$common_lseek_nolock@_J@@YA_JH_JH@Z 0000000180045c80     libucrt:lseek.obj
 0004:00001c8c       $pdata$_fclose_nolock      0000000180045c8c     libucrt:fclose.obj
 0004:00001c98       $pdata$fclose              0000000180045c98     libucrt:fclose.obj
 0004:00001ca4       $pdata$_putwch_nolock      0000000180045ca4     libucrt:putwch.obj
 0004:00001cb0       $pdata$_call_matherr       0000000180045cb0     libucrt:libm_error.obj
 0004:00001cbc       $pdata$_exception_enabled  0000000180045cbc     libucrt:libm_error.obj
 0004:00001cc8       $pdata$_handle_error       0000000180045cc8     libucrt:libm_error.obj
 0004:00001cd4       $pdata$__acrt_initialize_fma3 0000000180045cd4     libucrt:fma3_available.obj
 0004:00001ce0       $pdata$_log10_special      0000000180045ce0     libucrt:log_special.obj
 0004:00001cec       $pdata$_log_special_common 0000000180045cec     libucrt:log_special.obj
 0004:00001cf8       $pdata$??$?RV<lambda_bfedae4ebbf01fab1bb6dcc6a9e276e0>@@AEAV<lambda_2fe9b910cf3cbf4a0ab98a02ba45b3ec>@@V<lambda_237c231691f317818eb88cc1d5d642d6>@@@?$__crt_seh_guarded_call@H@@QEAAH$$QEAV<lambda_bfedae4ebbf01fab1bb6dcc6a9e276e0>@@AEAV<lambda_2fe9b910cf3cbf4a0ab98a02ba45b3ec>@@$$QEAV<lambda_237c231691f317818eb88cc1d5d642d6>@@@Z 0000000180045cf8     libucrt:close.obj
 0004:00001d04       $pdata$_close              0000000180045d04     libucrt:close.obj
 0004:00001d10       $pdata$_close_nolock       0000000180045d10     libucrt:close.obj
 0004:00001d1c       $pdata$__dcrt_lowio_initialize_console_output 0000000180045d1c     libucrt:initcon.obj
 0004:00001d28       $pdata$__dcrt_terminate_console_output 0000000180045d28     libucrt:initcon.obj
 0004:00001d40       $pdata$_raise_exc          0000000180045d40     libucrt:fpexcept.obj
 0004:00001d4c       $pdata$_raise_exc_ex       0000000180045d4c     libucrt:fpexcept.obj
 0004:00001d58       $pdata$_set_errno_from_matherr 0000000180045d58     libucrt:fpexcept.obj
 0004:00001d64       $pdata$_clrfp              0000000180045d64     libucrt:fpctrl.obj
 0004:00001d70       $pdata$_ctrlfp             0000000180045d70     libucrt:fpctrl.obj
 0004:00001d7c       $pdata$_set_statfp         0000000180045d7c     libucrt:fpctrl.obj
 0004:00001d88       $pdata$_statfp             0000000180045d88     libucrt:fpctrl.obj
 0004:00001d94       $pdata$__GSHandlerCheck    0000000180045d94     LIBCMT:_gshandler_.obj
 0004:00001da0       $pdata$__GSHandlerCheckCommon 0000000180045da0     LIBCMT:_gshandler_.obj
 0004:00001dac       $pdata$_IsNonwritableInCurrentImage 0000000180045dac     LIBCMT:pesect.obj
 0004:00001dd0       $pdata$__GSHandlerCheck_EH 0000000180045dd0     LIBCMT:gshandlereh.obj
 0004:00001de8       $pdata$?dtor$0@?0??RegisterBackground@@YAHPEAURegisterBackgroundArg@@@Z@4HA 0000000180045de8     ConEmuPlugin.obj
 0004:00001df4       $pdata$__scrt_is_nonwritable_in_current_image$filt$0 0000000180045df4     LIBCMT:utility.obj
 0004:00001e00       $pdata$?fin$0@?0??dllmain_crt_process_attach@@YAHQEAUHINSTANCE__@@QEAX@Z@4HA 0000000180045e00     LIBCMT:dll_dllmain.obj
 0004:00001e0c       $pdata$?fin$0@?0??dllmain_crt_process_detach@@YAH_N@Z@4HA 0000000180045e0c     LIBCMT:dll_dllmain.obj
 0004:00001e18       $pdata$?filt$0@?0??dllmain_dispatch@@YAHQEAUHINSTANCE__@@KQEAX@Z@4HA 0000000180045e18     LIBCMT:dll_dllmain.obj
 0004:00001e24       $pdata$_CallSETranslator$filt$0 0000000180045e24     libvcruntime:trnsctrl.obj
 0004:00001e30       $pdata$__CxxCallCatchBlock$filt$0 0000000180045e30     libvcruntime:frame.obj
 0004:00001e3c       $pdata$__CxxCallCatchBlock$fin$1 0000000180045e3c     libvcruntime:frame.obj
 0004:00001e48       $pdata$__DestructExceptionObject$filt$0 0000000180045e48     libvcruntime:frame.obj
 0004:00001e54       $pdata$__FrameUnwindToState$filt$0 0000000180045e54     libvcruntime:frame.obj
 0004:00001e60       $pdata$__FrameUnwindToState$fin$1 0000000180045e60     libvcruntime:frame.obj
 0004:00001e6c       $pdata$?filt$0@?0??common_exit@@YAXHW4_crt_exit_cleanup_mode@@W4_crt_exit_return_mode@@@Z@4HA 0000000180045e6c     libucrt:exit.obj
 0004:00001e78       $pdata$?fin$1@?0??common_exit@@YAXHW4_crt_exit_cleanup_mode@@W4_crt_exit_return_mode@@@Z@4HA 0000000180045e78     libucrt:exit.obj
 0004:00001e84       $pdata$?fin$0@?0???$?RV<lambda_e24bbb7b643b32fcea6fa61b31d4c984>@@AEAV<lambda_275893d493268fdec8709772e3fcec0e>@@V<lambda_9d71df4d7cf3f480f8d633942495c3b0>@@@?$__crt_seh_guarded_call@H@@QEAAH$$QEAV<lambda_e24bbb7b643b32fcea6fa61b31d4c984>@@AEAV<lambda_275893d493268fdec8709772e3fcec0e>@@$$QEAV<lambda_9d71df4d7cf3f480f8d633942495c3b0>@@@Z@4HA 0000000180045e84     libucrt:onexit.obj
 0004:00001e90       $pdata$__acrt_uninitialize_locale$fin$0 0000000180045e90     libucrt:wsetlocale.obj
 0004:00001e90       $pdata$__acrt_update_thread_locale_data$fin$0 0000000180045e90     libucrt:locale_refcounting.obj
 0004:00001e9c       $pdata$?fin$0@?0???$?RV<lambda_fb3a7dec4e47f37f22dae91bb15c9095>@@AEAV<lambda_698284760c8add0bfb0756c19673e34b>@@V<lambda_dfb8eca1e75fef3034a8fb18dd509707>@@@?$__crt_seh_guarded_call@X@@QEAAX$$QEAV<lambda_fb3a7dec4e47f37f22dae91bb15c9095>@@AEAV<lambda_698284760c8add0bfb0756c19673e34b>@@$$QEAV<lambda_dfb8eca1e75fef3034a8fb18dd509707>@@@Z@4HA 0000000180045e9c     libucrt:per_thread_data.obj
 0004:00001e9c       $pdata$?fin$0@?0???$?RV<lambda_5e887d1dcbef67a5eb4283622ba103bf>@@AEAV<lambda_4466841279450cc726390878d4a41900>@@V<lambda_341c25c0346d94847f1f3c463c57e077>@@@?$__crt_seh_guarded_call@X@@QEAAX$$QEAV<lambda_5e887d1dcbef67a5eb4283622ba103bf>@@AEAV<lambda_4466841279450cc726390878d4a41900>@@$$QEAV<lambda_341c25c0346d94847f1f3c463c57e077>@@@Z@4HA 0000000180045e9c     libucrt:per_thread_data.obj
 0004:00001e9c       $pdata$?fin$0@?0???$?RV<lambda_46352004c1216016012b18bd6f87e700>@@AEAV<lambda_3bd07e1a1191394380780325891bf33f>@@V<lambda_334532d3f185bcaa59b5be82d7d22bff>@@@?$__crt_seh_guarded_call@X@@QEAAX$$QEAV<lambda_46352004c1216016012b18bd6f87e700>@@AEAV<lambda_3bd07e1a1191394380780325891bf33f>@@$$QEAV<lambda_334532d3f185bcaa59b5be82d7d22bff>@@@Z@4HA 0000000180045e9c     libucrt:per_thread_data.obj
 0004:00001e9c       $pdata$?fin$0@?0???$?RV<lambda_c36588078e9f5dfd39652860aa6b3aaf>@@AEAV<lambda_ec61778202f4f5fc7e7711acc23c3bca>@@V<lambda_dc9d2797ccde5d239b4a0efae8ebd7db>@@@?$__crt_seh_guarded_call@P6AXH@Z@@QEAAP6AXH@Z$$QEAV<lambda_c36588078e9f5dfd39652860aa6b3aaf>@@AEAV<lambda_ec61778202f4f5fc7e7711acc23c3bca>@@$$QEAV<lambda_dc9d2797ccde5d239b4a0efae8ebd7db>@@@Z@4HA 0000000180045e9c     libucrt:signal.obj
 0004:00001e9c       $pdata$?fin$0@?0???$?RV<lambda_b8c45f8f788dd370798f47cfe8ac3a86>@@AEAV<lambda_4e60a939b0d047cfe11ddc22648dfba9>@@V<lambda_332c3edc96d0294ec56c57d38c1cdfd5>@@@?$__crt_seh_guarded_call@H@@QEAAH$$QEAV<lambda_b8c45f8f788dd370798f47cfe8ac3a86>@@AEAV<lambda_4e60a939b0d047cfe11ddc22648dfba9>@@$$QEAV<lambda_332c3edc96d0294ec56c57d38c1cdfd5>@@@Z@4HA 0000000180045e9c     libucrt:onexit.obj
 0004:00001e9c       $pdata$?fin$0@?0???$?RV<lambda_72d1df2b273a38828b1ce30cbf4cdab5>@@AEAV<lambda_876a65b173b8412d3a47c70a915b0cf4>@@V<lambda_41932305e351933ebe8f8be3ed8bb5dc>@@@?$__crt_seh_guarded_call@X@@QEAAX$$QEAV<lambda_72d1df2b273a38828b1ce30cbf4cdab5>@@AEAV<lambda_876a65b173b8412d3a47c70a915b0cf4>@@$$QEAV<lambda_41932305e351933ebe8f8be3ed8bb5dc>@@@Z@4HA 0000000180045e9c     libucrt:per_thread_data.obj
 0004:00001e9c       $pdata$?fin$0@?0???$?RV<lambda_99476a1ad63dd22509b5d3e65b0ffc95>@@AEAV<lambda_ad1ced32f4ac17aa236e5ef05d6b3b7c>@@V<lambda_f7424dd8d45958661754dc4f2697e9c3>@@@?$__crt_seh_guarded_call@X@@QEAAX$$QEAV<lambda_99476a1ad63dd22509b5d3e65b0ffc95>@@AEAV<lambda_ad1ced32f4ac17aa236e5ef05d6b3b7c>@@$$QEAV<lambda_f7424dd8d45958661754dc4f2697e9c3>@@@Z@4HA 0000000180045e9c     libucrt:mbctype.obj
 0004:00001ea8       $pdata$__acrt_update_thread_multibyte_data$fin$0 0000000180045ea8     libucrt:mbctype.obj
 0004:00001eb4       $pdata$__acrt_initialize_lowio$fin$0 0000000180045eb4     libucrt:ioinit.obj
 0004:00001eb4       $pdata$__acrt_lowio_ensure_fh_exists$fin$0 0000000180045eb4     libucrt:osfinfo.obj
 0004:00001ec0       $pdata$_query_new_handler$fin$0 0000000180045ec0     libucrt:new_handler.obj
 0004:00001ecc       $pdata$raise$fin$0         0000000180045ecc     libucrt:signal.obj
 0004:00001ed8       $pdata$common_flush_all$fin$0 0000000180045ed8     libucrt:fflush.obj
 0004:00001ee4       $pdata$common_flush_all$fin$1 0000000180045ee4     libucrt:fflush.obj
 0004:00001ef0       $pdata$_fcloseall$fin$0    0000000180045ef0     libucrt:closeall.obj
 0004:00001efc       $pdata$_write$fin$0        0000000180045efc     libucrt:write.obj
 0004:00001f08       $pdata$fclose$fin$0        0000000180045f08     libucrt:fclose.obj
 0004:00001f14       $pdata$?fin$0@?0???$?RV<lambda_bfedae4ebbf01fab1bb6dcc6a9e276e0>@@AEAV<lambda_2fe9b910cf3cbf4a0ab98a02ba45b3ec>@@V<lambda_237c231691f317818eb88cc1d5d642d6>@@@?$__crt_seh_guarded_call@H@@QEAAH$$QEAV<lambda_bfedae4ebbf01fab1bb6dcc6a9e276e0>@@AEAV<lambda_2fe9b910cf3cbf4a0ab98a02ba45b3ec>@@$$QEAV<lambda_237c231691f317818eb88cc1d5d642d6>@@@Z@4HA 0000000180045f14     libucrt:close.obj
 0004:00001f14       $pdata$?fin$0@?0???$?RV<lambda_b521505b218e5242e90febf6bfebc422>@@AEAV<lambda_6978c1fb23f02e42e1d9e99668cc68aa>@@V<lambda_314360699dd331753a4119843814e9a7>@@@?$__crt_seh_guarded_call@H@@QEAAH$$QEAV<lambda_b521505b218e5242e90febf6bfebc422>@@AEAV<lambda_6978c1fb23f02e42e1d9e99668cc68aa>@@$$QEAV<lambda_314360699dd331753a4119843814e9a7>@@@Z@4HA 0000000180045f14     libucrt:commit.obj
 0004:00001f20       $pdata$_ctrlfp$filt$0      0000000180045f20     libucrt:fpctrl.obj
 0004:00001f2c       $pdata$_IsNonwritableInCurrentImage$filt$0 0000000180045f2c     LIBCMT:pesect.obj
 0004:00001f38       $pdata$??__FgsMapHelper@@YAXXZ 0000000180045f38     WConsole.obj
 0006:000000a0       $R000000                   00000001800470a0     ConEmu.res
 0006:000003a8       $R000308                   00000001800473a8     ConEmu.res
